
2026-08-04T19:40:58+02:00 job start kind=adaptation_extraction experiment_mode=catboost_ablation skip_complete=true tasks=24 datasets=Electricity,Traffic,Solar,exchange_rate models=chronos2 settings=168:24,336:48,504:168 distance_spaces=instance distance_metrics=euclidean neighbors=3

2026-08-04T19:40:58+02:00 extraction start configuration=1/24 dataset=Electricity model=chronos2 lags=168 horizon=24 retrieval=vanilla period=24 datastore_stride=24 adapt_stride=24 eval_stride=128 max_store_windows=30000 seed=1
2026-08-04 19:41:00,930 INFO [__main__] ========================================================================
2026-08-04 19:41:00,931 INFO [__main__] experiment start kind=extraction dataset=Electricity model=chronos2 lags=168 horizon=24 neighbors=0 distance=raw/euclidean
2026-08-04 19:41:01,304 INFO [__main__] extraction skipped dir=/home/h61084/codes/adapts/outputs/extractions/Electricity/168_24/chronos2/vanilla reason=complete
2026-08-04 19:41:01,304 INFO [__main__] ========================================================================
2026-08-04T19:41:01+02:00 extraction done configuration=1/24 dataset=Electricity model=chronos2 lags=168 horizon=24 retrieval=vanilla

2026-08-04T19:41:01+02:00 extraction start configuration=2/24 dataset=Electricity model=chronos2 lags=168 horizon=24 retrieval=instance_euclidean_3_online period=24 datastore_stride=24 adapt_stride=24 eval_stride=128 max_store_windows=30000 seed=1
2026-08-04 19:41:04,026 INFO [__main__] ========================================================================
2026-08-04 19:41:04,026 INFO [__main__] experiment start kind=extraction dataset=Electricity model=chronos2 lags=168 horizon=24 neighbors=3 distance=instance/euclidean
2026-08-04 19:41:04,382 INFO [__main__] extraction skipped dir=/home/h61084/codes/adapts/outputs/extractions/Electricity/168_24/chronos2/instance_euclidean_3_online/extracted reason=complete
2026-08-04 19:41:04,382 INFO [__main__] ========================================================================
2026-08-04T19:41:04+02:00 extraction done configuration=2/24 dataset=Electricity model=chronos2 lags=168 horizon=24 retrieval=instance_euclidean_3_online

2026-08-04T19:41:04+02:00 extraction start configuration=3/24 dataset=Electricity model=chronos2 lags=336 horizon=48 retrieval=vanilla period=24 datastore_stride=24 adapt_stride=24 eval_stride=128 max_store_windows=30000 seed=1
2026-08-04 19:41:07,117 INFO [__main__] ========================================================================
2026-08-04 19:41:07,117 INFO [__main__] experiment start kind=extraction dataset=Electricity model=chronos2 lags=336 horizon=48 neighbors=0 distance=raw/euclidean
2026-08-04 19:41:07,518 INFO [__main__] extraction skipped dir=/home/h61084/codes/adapts/outputs/extractions/Electricity/336_48/chronos2/vanilla reason=complete
2026-08-04 19:41:07,518 INFO [__main__] ========================================================================
2026-08-04T19:41:07+02:00 extraction done configuration=3/24 dataset=Electricity model=chronos2 lags=336 horizon=48 retrieval=vanilla

2026-08-04T19:41:07+02:00 extraction start configuration=4/24 dataset=Electricity model=chronos2 lags=336 horizon=48 retrieval=instance_euclidean_3_online period=24 datastore_stride=24 adapt_stride=24 eval_stride=128 max_store_windows=30000 seed=1
2026-08-04 19:41:10,228 INFO [__main__] ========================================================================
2026-08-04 19:41:10,228 INFO [__main__] experiment start kind=extraction dataset=Electricity model=chronos2 lags=336 horizon=48 neighbors=3 distance=instance/euclidean
2026-08-04 19:41:10,593 INFO [__main__] extraction skipped dir=/home/h61084/codes/adapts/outputs/extractions/Electricity/336_48/chronos2/instance_euclidean_3_online/extracted reason=complete
2026-08-04 19:41:10,593 INFO [__main__] ========================================================================
2026-08-04T19:41:10+02:00 extraction done configuration=4/24 dataset=Electricity model=chronos2 lags=336 horizon=48 retrieval=instance_euclidean_3_online

2026-08-04T19:41:10+02:00 extraction start configuration=5/24 dataset=Electricity model=chronos2 lags=504 horizon=168 retrieval=vanilla period=24 datastore_stride=24 adapt_stride=24 eval_stride=128 max_store_windows=30000 seed=1
2026-08-04 19:41:13,482 INFO [__main__] ========================================================================
2026-08-04 19:41:13,483 INFO [__main__] experiment start kind=extraction dataset=Electricity model=chronos2 lags=504 horizon=168 neighbors=0 distance=raw/euclidean
2026-08-04 19:41:13,837 INFO [__main__] extraction skipped dir=/home/h61084/codes/adapts/outputs/extractions/Electricity/504_168/chronos2/vanilla reason=complete
2026-08-04 19:41:13,837 INFO [__main__] ========================================================================
2026-08-04T19:41:14+02:00 extraction done configuration=5/24 dataset=Electricity model=chronos2 lags=504 horizon=168 retrieval=vanilla

2026-08-04T19:41:14+02:00 extraction start configuration=6/24 dataset=Electricity model=chronos2 lags=504 horizon=168 retrieval=instance_euclidean_3_online period=24 datastore_stride=24 adapt_stride=24 eval_stride=128 max_store_windows=30000 seed=1
2026-08-04 19:41:16,737 INFO [__main__] ========================================================================
2026-08-04 19:41:16,738 INFO [__main__] experiment start kind=extraction dataset=Electricity model=chronos2 lags=504 horizon=168 neighbors=3 distance=instance/euclidean
2026-08-04 19:41:17,104 INFO [__main__] extraction skipped dir=/home/h61084/codes/adapts/outputs/extractions/Electricity/504_168/chronos2/instance_euclidean_3_online/extracted reason=complete
2026-08-04 19:41:17,104 INFO [__main__] ========================================================================
2026-08-04T19:41:17+02:00 extraction done configuration=6/24 dataset=Electricity model=chronos2 lags=504 horizon=168 retrieval=instance_euclidean_3_online

2026-08-04T19:41:17+02:00 extraction start configuration=7/24 dataset=Traffic model=chronos2 lags=168 horizon=24 retrieval=vanilla period=24 datastore_stride=24 adapt_stride=24 eval_stride=128 max_store_windows=30000 seed=1
2026-08-04 19:41:19,845 INFO [__main__] ========================================================================
2026-08-04 19:41:19,845 INFO [__main__] experiment start kind=extraction dataset=Traffic model=chronos2 lags=168 horizon=24 neighbors=0 distance=raw/euclidean
2026-08-04 19:41:20,189 INFO [__main__] extraction skipped dir=/home/h61084/codes/adapts/outputs/extractions/Traffic/168_24/chronos2/vanilla reason=complete
2026-08-04 19:41:20,189 INFO [__main__] ========================================================================
2026-08-04T19:41:20+02:00 extraction done configuration=7/24 dataset=Traffic model=chronos2 lags=168 horizon=24 retrieval=vanilla

2026-08-04T19:41:20+02:00 extraction start configuration=8/24 dataset=Traffic model=chronos2 lags=168 horizon=24 retrieval=instance_euclidean_3_online period=24 datastore_stride=24 adapt_stride=24 eval_stride=128 max_store_windows=30000 seed=1
2026-08-04 19:41:22,859 INFO [__main__] ========================================================================
2026-08-04 19:41:22,859 INFO [__main__] experiment start kind=extraction dataset=Traffic model=chronos2 lags=168 horizon=24 neighbors=3 distance=instance/euclidean
2026-08-04 19:41:23,236 INFO [__main__] extraction skipped dir=/home/h61084/codes/adapts/outputs/extractions/Traffic/168_24/chronos2/instance_euclidean_3_online/extracted reason=complete
2026-08-04 19:41:23,236 INFO [__main__] ========================================================================
2026-08-04T19:41:23+02:00 extraction done configuration=8/24 dataset=Traffic model=chronos2 lags=168 horizon=24 retrieval=instance_euclidean_3_online

2026-08-04T19:41:23+02:00 extraction start configuration=9/24 dataset=Traffic model=chronos2 lags=336 horizon=48 retrieval=vanilla period=24 datastore_stride=24 adapt_stride=24 eval_stride=128 max_store_windows=30000 seed=1
2026-08-04 19:41:25,983 INFO [__main__] ========================================================================
2026-08-04 19:41:25,983 INFO [__main__] experiment start kind=extraction dataset=Traffic model=chronos2 lags=336 horizon=48 neighbors=0 distance=raw/euclidean
2026-08-04 19:41:26,344 INFO [__main__] extraction skipped dir=/home/h61084/codes/adapts/outputs/extractions/Traffic/336_48/chronos2/vanilla reason=complete
2026-08-04 19:41:26,344 INFO [__main__] ========================================================================
2026-08-04T19:41:26+02:00 extraction done configuration=9/24 dataset=Traffic model=chronos2 lags=336 horizon=48 retrieval=vanilla

2026-08-04T19:41:26+02:00 extraction start configuration=10/24 dataset=Traffic model=chronos2 lags=336 horizon=48 retrieval=instance_euclidean_3_online period=24 datastore_stride=24 adapt_stride=24 eval_stride=128 max_store_windows=30000 seed=1
2026-08-04 19:41:29,116 INFO [__main__] ========================================================================
2026-08-04 19:41:29,116 INFO [__main__] experiment start kind=extraction dataset=Traffic model=chronos2 lags=336 horizon=48 neighbors=3 distance=instance/euclidean
2026-08-04 19:41:29,513 INFO [__main__] extraction skipped dir=/home/h61084/codes/adapts/outputs/extractions/Traffic/336_48/chronos2/instance_euclidean_3_online/extracted reason=complete
2026-08-04 19:41:29,513 INFO [__main__] ========================================================================
2026-08-04T19:41:29+02:00 extraction done configuration=10/24 dataset=Traffic model=chronos2 lags=336 horizon=48 retrieval=instance_euclidean_3_online

2026-08-04T19:41:29+02:00 extraction start configuration=11/24 dataset=Traffic model=chronos2 lags=504 horizon=168 retrieval=vanilla period=24 datastore_stride=24 adapt_stride=24 eval_stride=128 max_store_windows=30000 seed=1
2026-08-04 19:41:32,230 INFO [__main__] ========================================================================
2026-08-04 19:41:32,230 INFO [__main__] experiment start kind=extraction dataset=Traffic model=chronos2 lags=504 horizon=168 neighbors=0 distance=raw/euclidean
2026-08-04 19:41:32,596 INFO [__main__] extraction skipped dir=/home/h61084/codes/adapts/outputs/extractions/Traffic/504_168/chronos2/vanilla reason=complete
2026-08-04 19:41:32,596 INFO [__main__] ========================================================================
2026-08-04T19:41:32+02:00 extraction done configuration=11/24 dataset=Traffic model=chronos2 lags=504 horizon=168 retrieval=vanilla

2026-08-04T19:41:32+02:00 extraction start configuration=12/24 dataset=Traffic model=chronos2 lags=504 horizon=168 retrieval=instance_euclidean_3_online period=24 datastore_stride=24 adapt_stride=24 eval_stride=128 max_store_windows=30000 seed=1
2026-08-04 19:41:35,414 INFO [__main__] ========================================================================
2026-08-04 19:41:35,414 INFO [__main__] experiment start kind=extraction dataset=Traffic model=chronos2 lags=504 horizon=168 neighbors=3 distance=instance/euclidean
2026-08-04 19:41:35,763 INFO [__main__] extraction skipped dir=/home/h61084/codes/adapts/outputs/extractions/Traffic/504_168/chronos2/instance_euclidean_3_online/extracted reason=complete
2026-08-04 19:41:35,763 INFO [__main__] ========================================================================
2026-08-04T19:41:36+02:00 extraction done configuration=12/24 dataset=Traffic model=chronos2 lags=504 horizon=168 retrieval=instance_euclidean_3_online

2026-08-04T19:41:36+02:00 extraction start configuration=13/24 dataset=Solar model=chronos2 lags=168 horizon=24 retrieval=vanilla period=24 datastore_stride=24 adapt_stride=24 eval_stride=128 max_store_windows=30000 seed=1
2026-08-04 19:41:38,554 INFO [__main__] ========================================================================
2026-08-04 19:41:38,554 INFO [__main__] experiment start kind=extraction dataset=Solar model=chronos2 lags=168 horizon=24 neighbors=0 distance=raw/euclidean
2026-08-04 19:41:38,902 INFO [__main__] extraction skipped dir=/home/h61084/codes/adapts/outputs/extractions/Solar/168_24/chronos2/vanilla reason=complete
2026-08-04 19:41:38,902 INFO [__main__] ========================================================================
2026-08-04T19:41:39+02:00 extraction done configuration=13/24 dataset=Solar model=chronos2 lags=168 horizon=24 retrieval=vanilla

2026-08-04T19:41:39+02:00 extraction start configuration=14/24 dataset=Solar model=chronos2 lags=168 horizon=24 retrieval=instance_euclidean_3_online period=24 datastore_stride=24 adapt_stride=24 eval_stride=128 max_store_windows=30000 seed=1
2026-08-04 19:41:41,623 INFO [__main__] ========================================================================
2026-08-04 19:41:41,623 INFO [__main__] experiment start kind=extraction dataset=Solar model=chronos2 lags=168 horizon=24 neighbors=3 distance=instance/euclidean
2026-08-04 19:41:41,972 INFO [__main__] extraction skipped dir=/home/h61084/codes/adapts/outputs/extractions/Solar/168_24/chronos2/instance_euclidean_3_online/extracted reason=complete
2026-08-04 19:41:41,972 INFO [__main__] ========================================================================
2026-08-04T19:41:42+02:00 extraction done configuration=14/24 dataset=Solar model=chronos2 lags=168 horizon=24 retrieval=instance_euclidean_3_online

2026-08-04T19:41:42+02:00 extraction start configuration=15/24 dataset=Solar model=chronos2 lags=336 horizon=48 retrieval=vanilla period=24 datastore_stride=24 adapt_stride=24 eval_stride=128 max_store_windows=30000 seed=1
2026-08-04 19:41:44,666 INFO [__main__] ========================================================================
2026-08-04 19:41:44,667 INFO [__main__] experiment start kind=extraction dataset=Solar model=chronos2 lags=336 horizon=48 neighbors=0 distance=raw/euclidean
2026-08-04 19:41:45,030 INFO [__main__] extraction skipped dir=/home/h61084/codes/adapts/outputs/extractions/Solar/336_48/chronos2/vanilla reason=complete
2026-08-04 19:41:45,030 INFO [__main__] ========================================================================
2026-08-04T19:41:45+02:00 extraction done configuration=15/24 dataset=Solar model=chronos2 lags=336 horizon=48 retrieval=vanilla

2026-08-04T19:41:45+02:00 extraction start configuration=16/24 dataset=Solar model=chronos2 lags=336 horizon=48 retrieval=instance_euclidean_3_online period=24 datastore_stride=24 adapt_stride=24 eval_stride=128 max_store_windows=30000 seed=1
2026-08-04 19:41:47,709 INFO [__main__] ========================================================================
2026-08-04 19:41:47,709 INFO [__main__] experiment start kind=extraction dataset=Solar model=chronos2 lags=336 horizon=48 neighbors=3 distance=instance/euclidean
2026-08-04 19:41:48,071 INFO [__main__] extraction skipped dir=/home/h61084/codes/adapts/outputs/extractions/Solar/336_48/chronos2/instance_euclidean_3_online/extracted reason=complete
2026-08-04 19:41:48,071 INFO [__main__] ========================================================================
2026-08-04T19:41:48+02:00 extraction done configuration=16/24 dataset=Solar model=chronos2 lags=336 horizon=48 retrieval=instance_euclidean_3_online

2026-08-04T19:41:48+02:00 extraction start configuration=17/24 dataset=Solar model=chronos2 lags=504 horizon=168 retrieval=vanilla period=24 datastore_stride=24 adapt_stride=24 eval_stride=128 max_store_windows=30000 seed=1
2026-08-04 19:41:50,704 INFO [__main__] ========================================================================
2026-08-04 19:41:50,704 INFO [__main__] experiment start kind=extraction dataset=Solar model=chronos2 lags=504 horizon=168 neighbors=0 distance=raw/euclidean
2026-08-04 19:41:51,065 INFO [__main__] extraction skipped dir=/home/h61084/codes/adapts/outputs/extractions/Solar/504_168/chronos2/vanilla reason=complete
2026-08-04 19:41:51,065 INFO [__main__] ========================================================================
2026-08-04T19:41:51+02:00 extraction done configuration=17/24 dataset=Solar model=chronos2 lags=504 horizon=168 retrieval=vanilla

2026-08-04T19:41:51+02:00 extraction start configuration=18/24 dataset=Solar model=chronos2 lags=504 horizon=168 retrieval=instance_euclidean_3_online period=24 datastore_stride=24 adapt_stride=24 eval_stride=128 max_store_windows=30000 seed=1
2026-08-04 19:41:53,804 INFO [__main__] ========================================================================
2026-08-04 19:41:53,804 INFO [__main__] experiment start kind=extraction dataset=Solar model=chronos2 lags=504 horizon=168 neighbors=3 distance=instance/euclidean
2026-08-04 19:41:54,157 INFO [__main__] extraction skipped dir=/home/h61084/codes/adapts/outputs/extractions/Solar/504_168/chronos2/instance_euclidean_3_online/extracted reason=complete
2026-08-04 19:41:54,157 INFO [__main__] ========================================================================
2026-08-04T19:41:54+02:00 extraction done configuration=18/24 dataset=Solar model=chronos2 lags=504 horizon=168 retrieval=instance_euclidean_3_online

2026-08-04T19:41:54+02:00 extraction start configuration=19/24 dataset=exchange_rate model=chronos2 lags=168 horizon=24 retrieval=vanilla period=24 datastore_stride=24 adapt_stride=24 eval_stride=128 max_store_windows=30000 seed=1
2026-08-04 19:41:56,873 INFO [__main__] ========================================================================
2026-08-04 19:41:56,873 INFO [__main__] experiment start kind=extraction dataset=exchange_rate model=chronos2 lags=168 horizon=24 neighbors=0 distance=raw/euclidean
2026-08-04 19:41:57,241 INFO [__main__] extraction skipped dir=/home/h61084/codes/adapts/outputs/extractions/exchange_rate/168_24/chronos2/vanilla reason=complete
2026-08-04 19:41:57,241 INFO [__main__] ========================================================================
2026-08-04T19:41:57+02:00 extraction done configuration=19/24 dataset=exchange_rate model=chronos2 lags=168 horizon=24 retrieval=vanilla

2026-08-04T19:41:57+02:00 extraction start configuration=20/24 dataset=exchange_rate model=chronos2 lags=168 horizon=24 retrieval=instance_euclidean_3_online period=24 datastore_stride=24 adapt_stride=24 eval_stride=128 max_store_windows=30000 seed=1
2026-08-04 19:41:59,883 INFO [__main__] ========================================================================
2026-08-04 19:41:59,883 INFO [__main__] experiment start kind=extraction dataset=exchange_rate model=chronos2 lags=168 horizon=24 neighbors=3 distance=instance/euclidean
2026-08-04 19:42:00,237 INFO [__main__] extraction skipped dir=/home/h61084/codes/adapts/outputs/extractions/exchange_rate/168_24/chronos2/instance_euclidean_3_online/extracted reason=complete
2026-08-04 19:42:00,237 INFO [__main__] ========================================================================
2026-08-04T19:42:00+02:00 extraction done configuration=20/24 dataset=exchange_rate model=chronos2 lags=168 horizon=24 retrieval=instance_euclidean_3_online

2026-08-04T19:42:00+02:00 extraction start configuration=21/24 dataset=exchange_rate model=chronos2 lags=336 horizon=48 retrieval=vanilla period=24 datastore_stride=24 adapt_stride=24 eval_stride=128 max_store_windows=30000 seed=1
2026-08-04 19:42:02,993 INFO [__main__] ========================================================================
2026-08-04 19:42:02,993 INFO [__main__] experiment start kind=extraction dataset=exchange_rate model=chronos2 lags=336 horizon=48 neighbors=0 distance=raw/euclidean
2026-08-04 19:42:03,389 INFO [__main__] extraction skipped dir=/home/h61084/codes/adapts/outputs/extractions/exchange_rate/336_48/chronos2/vanilla reason=complete
2026-08-04 19:42:03,389 INFO [__main__] ========================================================================
2026-08-04T19:42:03+02:00 extraction done configuration=21/24 dataset=exchange_rate model=chronos2 lags=336 horizon=48 retrieval=vanilla

2026-08-04T19:42:03+02:00 extraction start configuration=22/24 dataset=exchange_rate model=chronos2 lags=336 horizon=48 retrieval=instance_euclidean_3_online period=24 datastore_stride=24 adapt_stride=24 eval_stride=128 max_store_windows=30000 seed=1
2026-08-04 19:42:06,148 INFO [__main__] ========================================================================
2026-08-04 19:42:06,148 INFO [__main__] experiment start kind=extraction dataset=exchange_rate model=chronos2 lags=336 horizon=48 neighbors=3 distance=instance/euclidean
2026-08-04 19:42:06,500 INFO [__main__] extraction skipped dir=/home/h61084/codes/adapts/outputs/extractions/exchange_rate/336_48/chronos2/instance_euclidean_3_online/extracted reason=complete
2026-08-04 19:42:06,500 INFO [__main__] ========================================================================
2026-08-04T19:42:06+02:00 extraction done configuration=22/24 dataset=exchange_rate model=chronos2 lags=336 horizon=48 retrieval=instance_euclidean_3_online

2026-08-04T19:42:06+02:00 extraction start configuration=23/24 dataset=exchange_rate model=chronos2 lags=504 horizon=168 retrieval=vanilla period=24 datastore_stride=24 adapt_stride=24 eval_stride=128 max_store_windows=30000 seed=1
2026-08-04 19:42:09,258 INFO [__main__] ========================================================================
2026-08-04 19:42:09,258 INFO [__main__] experiment start kind=extraction dataset=exchange_rate model=chronos2 lags=504 horizon=168 neighbors=0 distance=raw/euclidean
2026-08-04 19:42:09,639 INFO [__main__] extraction skipped dir=/home/h61084/codes/adapts/outputs/extractions/exchange_rate/504_168/chronos2/vanilla reason=complete
2026-08-04 19:42:09,639 INFO [__main__] ========================================================================
2026-08-04T19:42:09+02:00 extraction done configuration=23/24 dataset=exchange_rate model=chronos2 lags=504 horizon=168 retrieval=vanilla

2026-08-04T19:42:10+02:00 extraction start configuration=24/24 dataset=exchange_rate model=chronos2 lags=504 horizon=168 retrieval=instance_euclidean_3_online period=24 datastore_stride=24 adapt_stride=24 eval_stride=128 max_store_windows=30000 seed=1
2026-08-04 19:42:12,351 INFO [__main__] ========================================================================
2026-08-04 19:42:12,351 INFO [__main__] experiment start kind=extraction dataset=exchange_rate model=chronos2 lags=504 horizon=168 neighbors=3 distance=instance/euclidean
2026-08-04 19:42:12,711 INFO [__main__] extraction skipped dir=/home/h61084/codes/adapts/outputs/extractions/exchange_rate/504_168/chronos2/instance_euclidean_3_online/extracted reason=complete
2026-08-04 19:42:12,711 INFO [__main__] ========================================================================
2026-08-04T19:42:13+02:00 extraction done configuration=24/24 dataset=exchange_rate model=chronos2 lags=504 horizon=168 retrieval=instance_euclidean_3_online

2026-08-04T19:42:13+02:00 job done kind=adaptation_extraction output=outputs/extractions

2026-08-04T19:42:13+02:00 job start kind=gates experiment_mode=catboost_ablation skip_complete=false tasks=12 datasets=Electricity,Traffic,Solar,exchange_rate models=chronos2 settings=168:24,336:48,504:168 distance_spaces=instance distance_metrics=euclidean neighbors=3 methods=avgy,bayes_avgy_shared,bayes_avgy_horizon,catboost_avgy_regressor_shared,catboost_avgy_regressor_shared_soft,catboost_avgy_regressor_horizon,catboost_avgy_classifier_shared,oracle_avgy_shared,oracle_avgy_horizon task_type=CPU thread_count=2 horizon_fits=serial allocated_cpus=16 results_root=outputs/adaptation_results/catboost_ablation
2026-08-04 19:42:15,199 INFO [__main__] extraction validation directory=outputs/extractions/Electricity/168_24/chronos2/instance_euclidean_3_online/extracted status=complete

2026-08-04T19:42:15+02:00 gates start configuration=1/12 dataset=Electricity model=chronos2 lags=168 horizon=24 retrieval=instance_euclidean_3_online family=gates iterations=300 learning_rate=0.03 depth=4 early_stopping_rounds=50 task_type=CPU thread_count=2 horizon_fits=serial validation_fraction=0.2 seed=1 max_t1_fit_samples=none max_t2_valid_samples=none max_adapt_refit_samples=none fit_sample_seed=1
2026-08-04 19:42:18,080 INFO [__main__] ========================================================================
2026-08-04 19:42:18,080 INFO [__main__] selected methods=('avgy', 'bayes_avgy_shared', 'bayes_avgy_horizon', 'catboost_avgy_regressor_shared', 'catboost_avgy_regressor_shared_soft', 'catboost_avgy_regressor_horizon', 'catboost_avgy_classifier_shared', 'oracle_avgy_shared', 'oracle_avgy_horizon')
2026-08-04 19:42:21,663 INFO [__main__] gate fitting start candidate=avgy
2026-08-04 19:43:05,306 INFO [__main__] gate fitting done candidate=avgy
2026-08-04 19:43:06,369 INFO [__main__] experiment done seconds=48.29
2026-08-04 19:43:06,369 INFO [__main__] ========================================================================
2026-08-04T19:43:06+02:00 gates done configuration=1/12 dataset=Electricity model=chronos2 lags=168 horizon=24 retrieval=instance_euclidean_3_online
2026-08-04 19:43:08,930 INFO [__main__] extraction validation directory=outputs/extractions/Electricity/336_48/chronos2/instance_euclidean_3_online/extracted status=complete

2026-08-04T19:43:09+02:00 gates start configuration=2/12 dataset=Electricity model=chronos2 lags=336 horizon=48 retrieval=instance_euclidean_3_online family=gates iterations=300 learning_rate=0.03 depth=4 early_stopping_rounds=50 task_type=CPU thread_count=2 horizon_fits=serial validation_fraction=0.2 seed=1 max_t1_fit_samples=none max_t2_valid_samples=none max_adapt_refit_samples=none fit_sample_seed=1
2026-08-04 19:43:11,687 INFO [__main__] ========================================================================
2026-08-04 19:43:11,687 INFO [__main__] selected methods=('avgy', 'bayes_avgy_shared', 'bayes_avgy_horizon', 'catboost_avgy_regressor_shared', 'catboost_avgy_regressor_shared_soft', 'catboost_avgy_regressor_horizon', 'catboost_avgy_classifier_shared', 'oracle_avgy_shared', 'oracle_avgy_horizon')
2026-08-04 19:43:16,093 INFO [__main__] gate fitting start candidate=avgy
2026-08-04 19:44:38,065 INFO [__main__] gate fitting done candidate=avgy
2026-08-04 19:44:39,144 INFO [__main__] experiment done seconds=87.45
2026-08-04 19:44:39,144 INFO [__main__] ========================================================================
2026-08-04T19:44:39+02:00 gates done configuration=2/12 dataset=Electricity model=chronos2 lags=336 horizon=48 retrieval=instance_euclidean_3_online
2026-08-04 19:44:42,176 INFO [__main__] extraction validation directory=outputs/extractions/Electricity/504_168/chronos2/instance_euclidean_3_online/extracted status=complete

2026-08-04T19:44:42+02:00 gates start configuration=3/12 dataset=Electricity model=chronos2 lags=504 horizon=168 retrieval=instance_euclidean_3_online family=gates iterations=300 learning_rate=0.03 depth=4 early_stopping_rounds=50 task_type=CPU thread_count=2 horizon_fits=serial validation_fraction=0.2 seed=1 max_t1_fit_samples=none max_t2_valid_samples=none max_adapt_refit_samples=none fit_sample_seed=1
2026-08-04 19:44:44,893 INFO [__main__] ========================================================================
2026-08-04 19:44:44,893 INFO [__main__] selected methods=('avgy', 'bayes_avgy_shared', 'bayes_avgy_horizon', 'catboost_avgy_regressor_shared', 'catboost_avgy_regressor_shared_soft', 'catboost_avgy_regressor_horizon', 'catboost_avgy_classifier_shared', 'oracle_avgy_shared', 'oracle_avgy_horizon')
2026-08-04 19:44:52,844 INFO [__main__] gate fitting start candidate=avgy
2026-08-04 19:49:35,167 INFO [__main__] gate fitting done candidate=avgy
2026-08-04 19:49:36,286 INFO [__main__] experiment done seconds=291.39
2026-08-04 19:49:36,287 INFO [__main__] ========================================================================
2026-08-04T19:49:36+02:00 gates done configuration=3/12 dataset=Electricity model=chronos2 lags=504 horizon=168 retrieval=instance_euclidean_3_online
2026-08-04 19:49:39,379 INFO [__main__] extraction validation directory=outputs/extractions/Traffic/168_24/chronos2/instance_euclidean_3_online/extracted status=complete

2026-08-04T19:49:39+02:00 gates start configuration=4/12 dataset=Traffic model=chronos2 lags=168 horizon=24 retrieval=instance_euclidean_3_online family=gates iterations=300 learning_rate=0.03 depth=4 early_stopping_rounds=50 task_type=CPU thread_count=2 horizon_fits=serial validation_fraction=0.2 seed=1 max_t1_fit_samples=none max_t2_valid_samples=none max_adapt_refit_samples=none fit_sample_seed=1
2026-08-04 19:49:42,049 INFO [__main__] ========================================================================
2026-08-04 19:49:42,049 INFO [__main__] selected methods=('avgy', 'bayes_avgy_shared', 'bayes_avgy_horizon', 'catboost_avgy_regressor_shared', 'catboost_avgy_regressor_shared_soft', 'catboost_avgy_regressor_horizon', 'catboost_avgy_classifier_shared', 'oracle_avgy_shared', 'oracle_avgy_horizon')
2026-08-04 19:49:46,730 INFO [__main__] gate fitting start candidate=avgy
2026-08-04 19:51:48,341 INFO [__main__] gate fitting done candidate=avgy
2026-08-04 19:51:49,407 INFO [__main__] experiment done seconds=127.35
2026-08-04 19:51:49,407 INFO [__main__] ========================================================================
2026-08-04T19:51:49+02:00 gates done configuration=4/12 dataset=Traffic model=chronos2 lags=168 horizon=24 retrieval=instance_euclidean_3_online
2026-08-04 19:51:52,471 INFO [__main__] extraction validation directory=outputs/extractions/Traffic/336_48/chronos2/instance_euclidean_3_online/extracted status=complete

2026-08-04T19:51:52+02:00 gates start configuration=5/12 dataset=Traffic model=chronos2 lags=336 horizon=48 retrieval=instance_euclidean_3_online family=gates iterations=300 learning_rate=0.03 depth=4 early_stopping_rounds=50 task_type=CPU thread_count=2 horizon_fits=serial validation_fraction=0.2 seed=1 max_t1_fit_samples=none max_t2_valid_samples=none max_adapt_refit_samples=none fit_sample_seed=1
2026-08-04 19:51:55,164 INFO [__main__] ========================================================================
2026-08-04 19:51:55,164 INFO [__main__] selected methods=('avgy', 'bayes_avgy_shared', 'bayes_avgy_horizon', 'catboost_avgy_regressor_shared', 'catboost_avgy_regressor_shared_soft', 'catboost_avgy_regressor_horizon', 'catboost_avgy_classifier_shared', 'oracle_avgy_shared', 'oracle_avgy_horizon')
2026-08-04 19:52:02,042 INFO [__main__] gate fitting start candidate=avgy
2026-08-04 19:56:14,295 INFO [__main__] gate fitting done candidate=avgy
2026-08-04 19:56:15,518 INFO [__main__] experiment done seconds=260.35
2026-08-04 19:56:15,519 INFO [__main__] ========================================================================
2026-08-04T19:56:16+02:00 gates done configuration=5/12 dataset=Traffic model=chronos2 lags=336 horizon=48 retrieval=instance_euclidean_3_online
2026-08-04 19:56:18,587 INFO [__main__] extraction validation directory=outputs/extractions/Traffic/504_168/chronos2/instance_euclidean_3_online/extracted status=complete

2026-08-04T19:56:18+02:00 gates start configuration=6/12 dataset=Traffic model=chronos2 lags=504 horizon=168 retrieval=instance_euclidean_3_online family=gates iterations=300 learning_rate=0.03 depth=4 early_stopping_rounds=50 task_type=CPU thread_count=2 horizon_fits=serial validation_fraction=0.2 seed=1 max_t1_fit_samples=none max_t2_valid_samples=none max_adapt_refit_samples=none fit_sample_seed=1
2026-08-04 19:56:21,353 INFO [__main__] ========================================================================
2026-08-04 19:56:21,353 INFO [__main__] selected methods=('avgy', 'bayes_avgy_shared', 'bayes_avgy_horizon', 'catboost_avgy_regressor_shared', 'catboost_avgy_regressor_shared_soft', 'catboost_avgy_regressor_horizon', 'catboost_avgy_classifier_shared', 'oracle_avgy_shared', 'oracle_avgy_horizon')
2026-08-04 19:56:34,762 INFO [__main__] gate fitting start candidate=avgy
2026-08-04 20:08:00,000 INFO [__main__] gate fitting done candidate=avgy
2026-08-04 20:08:01,127 INFO [__main__] experiment done seconds=699.77
2026-08-04 20:08:01,127 INFO [__main__] ========================================================================
2026-08-04T20:08:01+02:00 gates done configuration=6/12 dataset=Traffic model=chronos2 lags=504 horizon=168 retrieval=instance_euclidean_3_online
2026-08-04 20:08:04,361 INFO [__main__] extraction validation directory=outputs/extractions/Solar/168_24/chronos2/instance_euclidean_3_online/extracted status=complete

2026-08-04T20:08:04+02:00 gates start configuration=7/12 dataset=Solar model=chronos2 lags=168 horizon=24 retrieval=instance_euclidean_3_online family=gates iterations=300 learning_rate=0.03 depth=4 early_stopping_rounds=50 task_type=CPU thread_count=2 horizon_fits=serial validation_fraction=0.2 seed=1 max_t1_fit_samples=none max_t2_valid_samples=none max_adapt_refit_samples=none fit_sample_seed=1
2026-08-04 20:08:07,112 INFO [__main__] ========================================================================
2026-08-04 20:08:07,113 INFO [__main__] selected methods=('avgy', 'bayes_avgy_shared', 'bayes_avgy_horizon', 'catboost_avgy_regressor_shared', 'catboost_avgy_regressor_shared_soft', 'catboost_avgy_regressor_horizon', 'catboost_avgy_classifier_shared', 'oracle_avgy_shared', 'oracle_avgy_horizon')
2026-08-04 20:08:09,713 INFO [__main__] gate fitting start candidate=avgy
2026-08-04 20:08:39,305 INFO [__main__] gate fitting done candidate=avgy
2026-08-04 20:08:40,357 INFO [__main__] experiment done seconds=33.24
2026-08-04 20:08:40,357 INFO [__main__] ========================================================================
2026-08-04T20:08:40+02:00 gates done configuration=7/12 dataset=Solar model=chronos2 lags=168 horizon=24 retrieval=instance_euclidean_3_online
2026-08-04 20:08:43,109 INFO [__main__] extraction validation directory=outputs/extractions/Solar/336_48/chronos2/instance_euclidean_3_online/extracted status=complete

2026-08-04T20:08:43+02:00 gates start configuration=8/12 dataset=Solar model=chronos2 lags=336 horizon=48 retrieval=instance_euclidean_3_online family=gates iterations=300 learning_rate=0.03 depth=4 early_stopping_rounds=50 task_type=CPU thread_count=2 horizon_fits=serial validation_fraction=0.2 seed=1 max_t1_fit_samples=none max_t2_valid_samples=none max_adapt_refit_samples=none fit_sample_seed=1
2026-08-04 20:08:45,941 INFO [__main__] ========================================================================
2026-08-04 20:08:45,941 INFO [__main__] selected methods=('avgy', 'bayes_avgy_shared', 'bayes_avgy_horizon', 'catboost_avgy_regressor_shared', 'catboost_avgy_regressor_shared_soft', 'catboost_avgy_regressor_horizon', 'catboost_avgy_classifier_shared', 'oracle_avgy_shared', 'oracle_avgy_horizon')
2026-08-04 20:08:48,203 INFO [__main__] gate fitting start candidate=avgy
2026-08-04 20:09:40,975 INFO [__main__] gate fitting done candidate=avgy
2026-08-04 20:09:42,040 INFO [__main__] experiment done seconds=56.10
2026-08-04 20:09:42,040 INFO [__main__] ========================================================================
2026-08-04T20:09:42+02:00 gates done configuration=8/12 dataset=Solar model=chronos2 lags=336 horizon=48 retrieval=instance_euclidean_3_online
2026-08-04 20:09:44,889 INFO [__main__] extraction validation directory=outputs/extractions/Solar/504_168/chronos2/instance_euclidean_3_online/extracted status=complete

2026-08-04T20:09:45+02:00 gates start configuration=9/12 dataset=Solar model=chronos2 lags=504 horizon=168 retrieval=instance_euclidean_3_online family=gates iterations=300 learning_rate=0.03 depth=4 early_stopping_rounds=50 task_type=CPU thread_count=2 horizon_fits=serial validation_fraction=0.2 seed=1 max_t1_fit_samples=none max_t2_valid_samples=none max_adapt_refit_samples=none fit_sample_seed=1
2026-08-04 20:09:47,745 INFO [__main__] ========================================================================
2026-08-04 20:09:47,745 INFO [__main__] selected methods=('avgy', 'bayes_avgy_shared', 'bayes_avgy_horizon', 'catboost_avgy_regressor_shared', 'catboost_avgy_regressor_shared_soft', 'catboost_avgy_regressor_horizon', 'catboost_avgy_classifier_shared', 'oracle_avgy_shared', 'oracle_avgy_horizon')
2026-08-04 20:09:50,642 INFO [__main__] gate fitting start candidate=avgy
2026-08-04 20:12:41,026 INFO [__main__] gate fitting done candidate=avgy
2026-08-04 20:12:42,117 INFO [__main__] experiment done seconds=174.37
2026-08-04 20:12:42,117 INFO [__main__] ========================================================================
2026-08-04T20:12:42+02:00 gates done configuration=9/12 dataset=Solar model=chronos2 lags=504 horizon=168 retrieval=instance_euclidean_3_online
2026-08-04 20:12:45,224 INFO [__main__] extraction validation directory=outputs/extractions/exchange_rate/168_24/chronos2/instance_euclidean_3_online/extracted status=complete

2026-08-04T20:12:45+02:00 gates start configuration=10/12 dataset=exchange_rate model=chronos2 lags=168 horizon=24 retrieval=instance_euclidean_3_online family=gates iterations=300 learning_rate=0.03 depth=4 early_stopping_rounds=50 task_type=CPU thread_count=2 horizon_fits=serial validation_fraction=0.2 seed=1 max_t1_fit_samples=none max_t2_valid_samples=none max_adapt_refit_samples=none fit_sample_seed=1
2026-08-04 20:12:48,039 INFO [__main__] ========================================================================
2026-08-04 20:12:48,040 INFO [__main__] selected methods=('avgy', 'bayes_avgy_shared', 'bayes_avgy_horizon', 'catboost_avgy_regressor_shared', 'catboost_avgy_regressor_shared_soft', 'catboost_avgy_regressor_horizon', 'catboost_avgy_classifier_shared', 'oracle_avgy_shared', 'oracle_avgy_horizon')
2026-08-04 20:12:50,134 INFO [__main__] gate fitting start candidate=avgy
2026-08-04 20:13:00,369 INFO [__main__] gate fitting done candidate=avgy
2026-08-04 20:13:01,412 INFO [__main__] experiment done seconds=13.37
2026-08-04 20:13:01,412 INFO [__main__] ========================================================================
2026-08-04T20:13:01+02:00 gates done configuration=10/12 dataset=exchange_rate model=chronos2 lags=168 horizon=24 retrieval=instance_euclidean_3_online
2026-08-04 20:13:04,111 INFO [__main__] extraction validation directory=outputs/extractions/exchange_rate/336_48/chronos2/instance_euclidean_3_online/extracted status=complete

2026-08-04T20:13:04+02:00 gates start configuration=11/12 dataset=exchange_rate model=chronos2 lags=336 horizon=48 retrieval=instance_euclidean_3_online family=gates iterations=300 learning_rate=0.03 depth=4 early_stopping_rounds=50 task_type=CPU thread_count=2 horizon_fits=serial validation_fraction=0.2 seed=1 max_t1_fit_samples=none max_t2_valid_samples=none max_adapt_refit_samples=none fit_sample_seed=1
2026-08-04 20:13:07,052 INFO [__main__] ========================================================================
2026-08-04 20:13:07,052 INFO [__main__] selected methods=('avgy', 'bayes_avgy_shared', 'bayes_avgy_horizon', 'catboost_avgy_regressor_shared', 'catboost_avgy_regressor_shared_soft', 'catboost_avgy_regressor_horizon', 'catboost_avgy_classifier_shared', 'oracle_avgy_shared', 'oracle_avgy_horizon')
2026-08-04 20:13:08,844 INFO [__main__] gate fitting start candidate=avgy
2026-08-04 20:13:30,263 INFO [__main__] gate fitting done candidate=avgy
2026-08-04 20:13:31,310 INFO [__main__] experiment done seconds=24.25
2026-08-04 20:13:31,310 INFO [__main__] ========================================================================
2026-08-04T20:13:31+02:00 gates done configuration=11/12 dataset=exchange_rate model=chronos2 lags=336 horizon=48 retrieval=instance_euclidean_3_online
2026-08-04 20:13:34,042 INFO [__main__] extraction validation directory=outputs/extractions/exchange_rate/504_168/chronos2/instance_euclidean_3_online/extracted status=complete

2026-08-04T20:13:34+02:00 gates start configuration=12/12 dataset=exchange_rate model=chronos2 lags=504 horizon=168 retrieval=instance_euclidean_3_online family=gates iterations=300 learning_rate=0.03 depth=4 early_stopping_rounds=50 task_type=CPU thread_count=2 horizon_fits=serial validation_fraction=0.2 seed=1 max_t1_fit_samples=none max_t2_valid_samples=none max_adapt_refit_samples=none fit_sample_seed=1
2026-08-04 20:13:36,977 INFO [__main__] ========================================================================
2026-08-04 20:13:36,977 INFO [__main__] selected methods=('avgy', 'bayes_avgy_shared', 'bayes_avgy_horizon', 'catboost_avgy_regressor_shared', 'catboost_avgy_regressor_shared_soft', 'catboost_avgy_regressor_horizon', 'catboost_avgy_classifier_shared', 'oracle_avgy_shared', 'oracle_avgy_horizon')
2026-08-04 20:13:38,798 INFO [__main__] gate fitting start candidate=avgy
2026-08-04 20:14:52,142 INFO [__main__] gate fitting done candidate=avgy
2026-08-04 20:14:53,273 INFO [__main__] experiment done seconds=76.29
2026-08-04 20:14:53,273 INFO [__main__] ========================================================================
2026-08-04T20:14:53+02:00 gates done configuration=12/12 dataset=exchange_rate model=chronos2 lags=504 horizon=168 retrieval=instance_euclidean_3_online

2026-08-04T20:14:53+02:00 job done kind=gates output=outputs/adaptation_results/catboost_ablation

2026-08-04T20:14:53+02:00 job start kind=adaptation_extraction experiment_mode=catboost_ablation skip_complete=true tasks=24 datasets=Electricity,Traffic,Solar,exchange_rate models=chronos2 settings=168:24,336:48,504:168 distance_spaces=instance distance_metrics=euclidean neighbors=1

2026-08-04T20:14:53+02:00 extraction start configuration=1/24 dataset=Electricity model=chronos2 lags=168 horizon=24 retrieval=vanilla period=24 datastore_stride=24 adapt_stride=24 eval_stride=128 max_store_windows=30000 seed=1
2026-08-04 20:14:56,816 INFO [__main__] ========================================================================
2026-08-04 20:14:56,817 INFO [__main__] experiment start kind=extraction dataset=Electricity model=chronos2 lags=168 horizon=24 neighbors=0 distance=raw/euclidean
2026-08-04 20:14:57,173 INFO [__main__] extraction skipped dir=/home/h61084/codes/adapts/outputs/extractions/Electricity/168_24/chronos2/vanilla reason=complete
2026-08-04 20:14:57,173 INFO [__main__] ========================================================================
2026-08-04T20:14:57+02:00 extraction done configuration=1/24 dataset=Electricity model=chronos2 lags=168 horizon=24 retrieval=vanilla

2026-08-04T20:14:57+02:00 extraction start configuration=2/24 dataset=Electricity model=chronos2 lags=168 horizon=24 retrieval=instance_euclidean_1_online period=24 datastore_stride=24 adapt_stride=24 eval_stride=128 max_store_windows=30000 seed=1
2026-08-04 20:15:00,123 INFO [__main__] ========================================================================
2026-08-04 20:15:00,123 INFO [__main__] experiment start kind=extraction dataset=Electricity model=chronos2 lags=168 horizon=24 neighbors=1 distance=instance/euclidean
2026-08-04 20:15:00,491 INFO [__main__] extraction skipped dir=/home/h61084/codes/adapts/outputs/extractions/Electricity/168_24/chronos2/instance_euclidean_1_online/extracted reason=complete
2026-08-04 20:15:00,491 INFO [__main__] ========================================================================
2026-08-04T20:15:00+02:00 extraction done configuration=2/24 dataset=Electricity model=chronos2 lags=168 horizon=24 retrieval=instance_euclidean_1_online

2026-08-04T20:15:00+02:00 extraction start configuration=3/24 dataset=Electricity model=chronos2 lags=336 horizon=48 retrieval=vanilla period=24 datastore_stride=24 adapt_stride=24 eval_stride=128 max_store_windows=30000 seed=1
2026-08-04 20:15:03,381 INFO [__main__] ========================================================================
2026-08-04 20:15:03,381 INFO [__main__] experiment start kind=extraction dataset=Electricity model=chronos2 lags=336 horizon=48 neighbors=0 distance=raw/euclidean
2026-08-04 20:15:03,870 INFO [__main__] extraction skipped dir=/home/h61084/codes/adapts/outputs/extractions/Electricity/336_48/chronos2/vanilla reason=complete
2026-08-04 20:15:03,870 INFO [__main__] ========================================================================
2026-08-04T20:15:04+02:00 extraction done configuration=3/24 dataset=Electricity model=chronos2 lags=336 horizon=48 retrieval=vanilla

2026-08-04T20:15:04+02:00 extraction start configuration=4/24 dataset=Electricity model=chronos2 lags=336 horizon=48 retrieval=instance_euclidean_1_online period=24 datastore_stride=24 adapt_stride=24 eval_stride=128 max_store_windows=30000 seed=1
2026-08-04 20:15:06,855 INFO [__main__] ========================================================================
2026-08-04 20:15:06,855 INFO [__main__] experiment start kind=extraction dataset=Electricity model=chronos2 lags=336 horizon=48 neighbors=1 distance=instance/euclidean
2026-08-04 20:15:07,230 INFO [__main__] extraction skipped dir=/home/h61084/codes/adapts/outputs/extractions/Electricity/336_48/chronos2/instance_euclidean_1_online/extracted reason=complete
2026-08-04 20:15:07,230 INFO [__main__] ========================================================================
2026-08-04T20:15:07+02:00 extraction done configuration=4/24 dataset=Electricity model=chronos2 lags=336 horizon=48 retrieval=instance_euclidean_1_online

2026-08-04T20:15:07+02:00 extraction start configuration=5/24 dataset=Electricity model=chronos2 lags=504 horizon=168 retrieval=vanilla period=24 datastore_stride=24 adapt_stride=24 eval_stride=128 max_store_windows=30000 seed=1
2026-08-04 20:15:10,152 INFO [__main__] ========================================================================
2026-08-04 20:15:10,152 INFO [__main__] experiment start kind=extraction dataset=Electricity model=chronos2 lags=504 horizon=168 neighbors=0 distance=raw/euclidean
2026-08-04 20:15:10,517 INFO [__main__] extraction skipped dir=/home/h61084/codes/adapts/outputs/extractions/Electricity/504_168/chronos2/vanilla reason=complete
2026-08-04 20:15:10,517 INFO [__main__] ========================================================================
2026-08-04T20:15:10+02:00 extraction done configuration=5/24 dataset=Electricity model=chronos2 lags=504 horizon=168 retrieval=vanilla

2026-08-04T20:15:10+02:00 extraction start configuration=6/24 dataset=Electricity model=chronos2 lags=504 horizon=168 retrieval=instance_euclidean_1_online period=24 datastore_stride=24 adapt_stride=24 eval_stride=128 max_store_windows=30000 seed=1
2026-08-04 20:15:13,394 INFO [__main__] ========================================================================
2026-08-04 20:15:13,395 INFO [__main__] experiment start kind=extraction dataset=Electricity model=chronos2 lags=504 horizon=168 neighbors=1 distance=instance/euclidean
2026-08-04 20:15:13,790 INFO [__main__] extraction skipped dir=/home/h61084/codes/adapts/outputs/extractions/Electricity/504_168/chronos2/instance_euclidean_1_online/extracted reason=complete
2026-08-04 20:15:13,790 INFO [__main__] ========================================================================
2026-08-04T20:15:14+02:00 extraction done configuration=6/24 dataset=Electricity model=chronos2 lags=504 horizon=168 retrieval=instance_euclidean_1_online

2026-08-04T20:15:14+02:00 extraction start configuration=7/24 dataset=Traffic model=chronos2 lags=168 horizon=24 retrieval=vanilla period=24 datastore_stride=24 adapt_stride=24 eval_stride=128 max_store_windows=30000 seed=1
2026-08-04 20:15:16,680 INFO [__main__] ========================================================================
2026-08-04 20:15:16,680 INFO [__main__] experiment start kind=extraction dataset=Traffic model=chronos2 lags=168 horizon=24 neighbors=0 distance=raw/euclidean
2026-08-04 20:15:17,028 INFO [__main__] extraction skipped dir=/home/h61084/codes/adapts/outputs/extractions/Traffic/168_24/chronos2/vanilla reason=complete
2026-08-04 20:15:17,028 INFO [__main__] ========================================================================
2026-08-04T20:15:17+02:00 extraction done configuration=7/24 dataset=Traffic model=chronos2 lags=168 horizon=24 retrieval=vanilla

2026-08-04T20:15:17+02:00 extraction start configuration=8/24 dataset=Traffic model=chronos2 lags=168 horizon=24 retrieval=instance_euclidean_1_online period=24 datastore_stride=24 adapt_stride=24 eval_stride=128 max_store_windows=30000 seed=1
2026-08-04 20:15:19,960 INFO [__main__] ========================================================================
2026-08-04 20:15:19,960 INFO [__main__] experiment start kind=extraction dataset=Traffic model=chronos2 lags=168 horizon=24 neighbors=1 distance=instance/euclidean
2026-08-04 20:15:20,309 INFO [__main__] extraction skipped dir=/home/h61084/codes/adapts/outputs/extractions/Traffic/168_24/chronos2/instance_euclidean_1_online/extracted reason=complete
2026-08-04 20:15:20,309 INFO [__main__] ========================================================================
2026-08-04T20:15:20+02:00 extraction done configuration=8/24 dataset=Traffic model=chronos2 lags=168 horizon=24 retrieval=instance_euclidean_1_online

2026-08-04T20:15:20+02:00 extraction start configuration=9/24 dataset=Traffic model=chronos2 lags=336 horizon=48 retrieval=vanilla period=24 datastore_stride=24 adapt_stride=24 eval_stride=128 max_store_windows=30000 seed=1
2026-08-04 20:15:23,163 INFO [__main__] ========================================================================
2026-08-04 20:15:23,163 INFO [__main__] experiment start kind=extraction dataset=Traffic model=chronos2 lags=336 horizon=48 neighbors=0 distance=raw/euclidean
2026-08-04 20:15:23,518 INFO [__main__] extraction skipped dir=/home/h61084/codes/adapts/outputs/extractions/Traffic/336_48/chronos2/vanilla reason=complete
2026-08-04 20:15:23,518 INFO [__main__] ========================================================================
2026-08-04T20:15:23+02:00 extraction done configuration=9/24 dataset=Traffic model=chronos2 lags=336 horizon=48 retrieval=vanilla

2026-08-04T20:15:23+02:00 extraction start configuration=10/24 dataset=Traffic model=chronos2 lags=336 horizon=48 retrieval=instance_euclidean_1_online period=24 datastore_stride=24 adapt_stride=24 eval_stride=128 max_store_windows=30000 seed=1
2026-08-04 20:15:26,386 INFO [__main__] ========================================================================
2026-08-04 20:15:26,386 INFO [__main__] experiment start kind=extraction dataset=Traffic model=chronos2 lags=336 horizon=48 neighbors=1 distance=instance/euclidean
2026-08-04 20:15:26,750 INFO [__main__] extraction skipped dir=/home/h61084/codes/adapts/outputs/extractions/Traffic/336_48/chronos2/instance_euclidean_1_online/extracted reason=complete
2026-08-04 20:15:26,750 INFO [__main__] ========================================================================
2026-08-04T20:15:27+02:00 extraction done configuration=10/24 dataset=Traffic model=chronos2 lags=336 horizon=48 retrieval=instance_euclidean_1_online

2026-08-04T20:15:27+02:00 extraction start configuration=11/24 dataset=Traffic model=chronos2 lags=504 horizon=168 retrieval=vanilla period=24 datastore_stride=24 adapt_stride=24 eval_stride=128 max_store_windows=30000 seed=1
2026-08-04 20:15:29,640 INFO [__main__] ========================================================================
2026-08-04 20:15:29,640 INFO [__main__] experiment start kind=extraction dataset=Traffic model=chronos2 lags=504 horizon=168 neighbors=0 distance=raw/euclidean
2026-08-04 20:15:29,998 INFO [__main__] extraction skipped dir=/home/h61084/codes/adapts/outputs/extractions/Traffic/504_168/chronos2/vanilla reason=complete
2026-08-04 20:15:29,999 INFO [__main__] ========================================================================
2026-08-04T20:15:30+02:00 extraction done configuration=11/24 dataset=Traffic model=chronos2 lags=504 horizon=168 retrieval=vanilla

2026-08-04T20:15:30+02:00 extraction start configuration=12/24 dataset=Traffic model=chronos2 lags=504 horizon=168 retrieval=instance_euclidean_1_online period=24 datastore_stride=24 adapt_stride=24 eval_stride=128 max_store_windows=30000 seed=1
2026-08-04 20:15:32,966 INFO [__main__] ========================================================================
2026-08-04 20:15:32,966 INFO [__main__] experiment start kind=extraction dataset=Traffic model=chronos2 lags=504 horizon=168 neighbors=1 distance=instance/euclidean
2026-08-04 20:15:33,346 INFO [__main__] extraction skipped dir=/home/h61084/codes/adapts/outputs/extractions/Traffic/504_168/chronos2/instance_euclidean_1_online/extracted reason=complete
2026-08-04 20:15:33,346 INFO [__main__] ========================================================================
2026-08-04T20:15:33+02:00 extraction done configuration=12/24 dataset=Traffic model=chronos2 lags=504 horizon=168 retrieval=instance_euclidean_1_online

2026-08-04T20:15:33+02:00 extraction start configuration=13/24 dataset=Solar model=chronos2 lags=168 horizon=24 retrieval=vanilla period=24 datastore_stride=24 adapt_stride=24 eval_stride=128 max_store_windows=30000 seed=1
2026-08-04 20:15:36,176 INFO [__main__] ========================================================================
2026-08-04 20:15:36,176 INFO [__main__] experiment start kind=extraction dataset=Solar model=chronos2 lags=168 horizon=24 neighbors=0 distance=raw/euclidean
2026-08-04 20:15:36,545 INFO [__main__] extraction skipped dir=/home/h61084/codes/adapts/outputs/extractions/Solar/168_24/chronos2/vanilla reason=complete
2026-08-04 20:15:36,545 INFO [__main__] ========================================================================
2026-08-04T20:15:36+02:00 extraction done configuration=13/24 dataset=Solar model=chronos2 lags=168 horizon=24 retrieval=vanilla

2026-08-04T20:15:36+02:00 extraction start configuration=14/24 dataset=Solar model=chronos2 lags=168 horizon=24 retrieval=instance_euclidean_1_online period=24 datastore_stride=24 adapt_stride=24 eval_stride=128 max_store_windows=30000 seed=1
2026-08-04 20:15:39,449 INFO [__main__] ========================================================================
2026-08-04 20:15:39,449 INFO [__main__] experiment start kind=extraction dataset=Solar model=chronos2 lags=168 horizon=24 neighbors=1 distance=instance/euclidean
2026-08-04 20:15:39,842 INFO [__main__] extraction skipped dir=/home/h61084/codes/adapts/outputs/extractions/Solar/168_24/chronos2/instance_euclidean_1_online/extracted reason=complete
2026-08-04 20:15:39,842 INFO [__main__] ========================================================================
2026-08-04T20:15:40+02:00 extraction done configuration=14/24 dataset=Solar model=chronos2 lags=168 horizon=24 retrieval=instance_euclidean_1_online

2026-08-04T20:15:40+02:00 extraction start configuration=15/24 dataset=Solar model=chronos2 lags=336 horizon=48 retrieval=vanilla period=24 datastore_stride=24 adapt_stride=24 eval_stride=128 max_store_windows=30000 seed=1
2026-08-04 20:15:42,742 INFO [__main__] ========================================================================
2026-08-04 20:15:42,742 INFO [__main__] experiment start kind=extraction dataset=Solar model=chronos2 lags=336 horizon=48 neighbors=0 distance=raw/euclidean
2026-08-04 20:15:43,087 INFO [__main__] extraction skipped dir=/home/h61084/codes/adapts/outputs/extractions/Solar/336_48/chronos2/vanilla reason=complete
2026-08-04 20:15:43,087 INFO [__main__] ========================================================================
2026-08-04T20:15:43+02:00 extraction done configuration=15/24 dataset=Solar model=chronos2 lags=336 horizon=48 retrieval=vanilla

2026-08-04T20:15:43+02:00 extraction start configuration=16/24 dataset=Solar model=chronos2 lags=336 horizon=48 retrieval=instance_euclidean_1_online period=24 datastore_stride=24 adapt_stride=24 eval_stride=128 max_store_windows=30000 seed=1
2026-08-04 20:15:45,996 INFO [__main__] ========================================================================
2026-08-04 20:15:45,996 INFO [__main__] experiment start kind=extraction dataset=Solar model=chronos2 lags=336 horizon=48 neighbors=1 distance=instance/euclidean
2026-08-04 20:15:46,331 INFO [__main__] extraction skipped dir=/home/h61084/codes/adapts/outputs/extractions/Solar/336_48/chronos2/instance_euclidean_1_online/extracted reason=complete
2026-08-04 20:15:46,331 INFO [__main__] ========================================================================
2026-08-04T20:15:46+02:00 extraction done configuration=16/24 dataset=Solar model=chronos2 lags=336 horizon=48 retrieval=instance_euclidean_1_online

2026-08-04T20:15:46+02:00 extraction start configuration=17/24 dataset=Solar model=chronos2 lags=504 horizon=168 retrieval=vanilla period=24 datastore_stride=24 adapt_stride=24 eval_stride=128 max_store_windows=30000 seed=1
2026-08-04 20:15:49,251 INFO [__main__] ========================================================================
2026-08-04 20:15:49,251 INFO [__main__] experiment start kind=extraction dataset=Solar model=chronos2 lags=504 horizon=168 neighbors=0 distance=raw/euclidean
2026-08-04 20:15:49,600 INFO [__main__] extraction skipped dir=/home/h61084/codes/adapts/outputs/extractions/Solar/504_168/chronos2/vanilla reason=complete
2026-08-04 20:15:49,600 INFO [__main__] ========================================================================
2026-08-04T20:15:49+02:00 extraction done configuration=17/24 dataset=Solar model=chronos2 lags=504 horizon=168 retrieval=vanilla

2026-08-04T20:15:49+02:00 extraction start configuration=18/24 dataset=Solar model=chronos2 lags=504 horizon=168 retrieval=instance_euclidean_1_online period=24 datastore_stride=24 adapt_stride=24 eval_stride=128 max_store_windows=30000 seed=1
2026-08-04 20:15:52,494 INFO [__main__] ========================================================================
2026-08-04 20:15:52,494 INFO [__main__] experiment start kind=extraction dataset=Solar model=chronos2 lags=504 horizon=168 neighbors=1 distance=instance/euclidean
2026-08-04 20:15:52,852 INFO [__main__] extraction skipped dir=/home/h61084/codes/adapts/outputs/extractions/Solar/504_168/chronos2/instance_euclidean_1_online/extracted reason=complete
2026-08-04 20:15:52,852 INFO [__main__] ========================================================================
2026-08-04T20:15:53+02:00 extraction done configuration=18/24 dataset=Solar model=chronos2 lags=504 horizon=168 retrieval=instance_euclidean_1_online

2026-08-04T20:15:53+02:00 extraction start configuration=19/24 dataset=exchange_rate model=chronos2 lags=168 horizon=24 retrieval=vanilla period=24 datastore_stride=24 adapt_stride=24 eval_stride=128 max_store_windows=30000 seed=1
2026-08-04 20:15:56,089 INFO [__main__] ========================================================================
2026-08-04 20:15:56,090 INFO [__main__] experiment start kind=extraction dataset=exchange_rate model=chronos2 lags=168 horizon=24 neighbors=0 distance=raw/euclidean
2026-08-04 20:15:56,448 INFO [__main__] extraction skipped dir=/home/h61084/codes/adapts/outputs/extractions/exchange_rate/168_24/chronos2/vanilla reason=complete
2026-08-04 20:15:56,448 INFO [__main__] ========================================================================
2026-08-04T20:15:56+02:00 extraction done configuration=19/24 dataset=exchange_rate model=chronos2 lags=168 horizon=24 retrieval=vanilla

2026-08-04T20:15:56+02:00 extraction start configuration=20/24 dataset=exchange_rate model=chronos2 lags=168 horizon=24 retrieval=instance_euclidean_1_online period=24 datastore_stride=24 adapt_stride=24 eval_stride=128 max_store_windows=30000 seed=1
2026-08-04 20:15:59,459 INFO [__main__] ========================================================================
2026-08-04 20:15:59,459 INFO [__main__] experiment start kind=extraction dataset=exchange_rate model=chronos2 lags=168 horizon=24 neighbors=1 distance=instance/euclidean
2026-08-04 20:15:59,849 INFO [__main__] extraction skipped dir=/home/h61084/codes/adapts/outputs/extractions/exchange_rate/168_24/chronos2/instance_euclidean_1_online/extracted reason=complete
2026-08-04 20:15:59,849 INFO [__main__] ========================================================================
2026-08-04T20:16:00+02:00 extraction done configuration=20/24 dataset=exchange_rate model=chronos2 lags=168 horizon=24 retrieval=instance_euclidean_1_online

2026-08-04T20:16:00+02:00 extraction start configuration=21/24 dataset=exchange_rate model=chronos2 lags=336 horizon=48 retrieval=vanilla period=24 datastore_stride=24 adapt_stride=24 eval_stride=128 max_store_windows=30000 seed=1
2026-08-04 20:16:02,745 INFO [__main__] ========================================================================
2026-08-04 20:16:02,745 INFO [__main__] experiment start kind=extraction dataset=exchange_rate model=chronos2 lags=336 horizon=48 neighbors=0 distance=raw/euclidean
2026-08-04 20:16:03,094 INFO [__main__] extraction skipped dir=/home/h61084/codes/adapts/outputs/extractions/exchange_rate/336_48/chronos2/vanilla reason=complete
2026-08-04 20:16:03,094 INFO [__main__] ========================================================================
2026-08-04T20:16:03+02:00 extraction done configuration=21/24 dataset=exchange_rate model=chronos2 lags=336 horizon=48 retrieval=vanilla

2026-08-04T20:16:03+02:00 extraction start configuration=22/24 dataset=exchange_rate model=chronos2 lags=336 horizon=48 retrieval=instance_euclidean_1_online period=24 datastore_stride=24 adapt_stride=24 eval_stride=128 max_store_windows=30000 seed=1
2026-08-04 20:16:05,965 INFO [__main__] ========================================================================
2026-08-04 20:16:05,966 INFO [__main__] experiment start kind=extraction dataset=exchange_rate model=chronos2 lags=336 horizon=48 neighbors=1 distance=instance/euclidean
2026-08-04 20:16:06,314 INFO [__main__] extraction skipped dir=/home/h61084/codes/adapts/outputs/extractions/exchange_rate/336_48/chronos2/instance_euclidean_1_online/extracted reason=complete
2026-08-04 20:16:06,314 INFO [__main__] ========================================================================
2026-08-04T20:16:06+02:00 extraction done configuration=22/24 dataset=exchange_rate model=chronos2 lags=336 horizon=48 retrieval=instance_euclidean_1_online

2026-08-04T20:16:06+02:00 extraction start configuration=23/24 dataset=exchange_rate model=chronos2 lags=504 horizon=168 retrieval=vanilla period=24 datastore_stride=24 adapt_stride=24 eval_stride=128 max_store_windows=30000 seed=1
2026-08-04 20:16:09,245 INFO [__main__] ========================================================================
2026-08-04 20:16:09,245 INFO [__main__] experiment start kind=extraction dataset=exchange_rate model=chronos2 lags=504 horizon=168 neighbors=0 distance=raw/euclidean
2026-08-04 20:16:09,602 INFO [__main__] extraction skipped dir=/home/h61084/codes/adapts/outputs/extractions/exchange_rate/504_168/chronos2/vanilla reason=complete
2026-08-04 20:16:09,602 INFO [__main__] ========================================================================
2026-08-04T20:16:09+02:00 extraction done configuration=23/24 dataset=exchange_rate model=chronos2 lags=504 horizon=168 retrieval=vanilla

2026-08-04T20:16:09+02:00 extraction start configuration=24/24 dataset=exchange_rate model=chronos2 lags=504 horizon=168 retrieval=instance_euclidean_1_online period=24 datastore_stride=24 adapt_stride=24 eval_stride=128 max_store_windows=30000 seed=1
2026-08-04 20:16:12,581 INFO [__main__] ========================================================================
2026-08-04 20:16:12,581 INFO [__main__] experiment start kind=extraction dataset=exchange_rate model=chronos2 lags=504 horizon=168 neighbors=1 distance=instance/euclidean
2026-08-04 20:16:12,935 INFO [__main__] extraction skipped dir=/home/h61084/codes/adapts/outputs/extractions/exchange_rate/504_168/chronos2/instance_euclidean_1_online/extracted reason=complete
2026-08-04 20:16:12,935 INFO [__main__] ========================================================================
2026-08-04T20:16:13+02:00 extraction done configuration=24/24 dataset=exchange_rate model=chronos2 lags=504 horizon=168 retrieval=instance_euclidean_1_online

2026-08-04T20:16:13+02:00 job done kind=adaptation_extraction output=outputs/extractions

2026-08-04T20:16:13+02:00 job start kind=gates experiment_mode=catboost_ablation skip_complete=false tasks=12 datasets=Electricity,Traffic,Solar,exchange_rate models=chronos2 settings=168:24,336:48,504:168 distance_spaces=instance distance_metrics=euclidean neighbors=1 methods=cov_forecast,bayes_cov_shared,bayes_cov_horizon,catboost_cov_regressor_shared,catboost_cov_regressor_shared_soft,catboost_cov_regressor_horizon,catboost_cov_classifier_shared,oracle_cov_shared,oracle_cov_horizon task_type=CPU thread_count=2 horizon_fits=serial allocated_cpus=16 results_root=outputs/adaptation_results/catboost_ablation
2026-08-04 20:16:15,429 INFO [__main__] extraction validation directory=outputs/extractions/Electricity/168_24/chronos2/instance_euclidean_1_online/extracted status=complete

2026-08-04T20:16:15+02:00 gates start configuration=1/12 dataset=Electricity model=chronos2 lags=168 horizon=24 retrieval=instance_euclidean_1_online family=gates iterations=300 learning_rate=0.03 depth=4 early_stopping_rounds=50 task_type=CPU thread_count=2 horizon_fits=serial validation_fraction=0.2 seed=1 max_t1_fit_samples=none max_t2_valid_samples=none max_adapt_refit_samples=none fit_sample_seed=1
2026-08-04 20:16:18,300 INFO [__main__] ========================================================================
2026-08-04 20:16:18,300 INFO [__main__] selected methods=('cov_forecast', 'bayes_cov_shared', 'bayes_cov_horizon', 'catboost_cov_regressor_shared', 'catboost_cov_regressor_shared_soft', 'catboost_cov_regressor_horizon', 'catboost_cov_classifier_shared', 'oracle_cov_shared', 'oracle_cov_horizon')
2026-08-04 20:16:24,011 INFO [__main__] gate fitting start candidate=cov
2026-08-04 20:17:07,684 INFO [__main__] gate fitting done candidate=cov
2026-08-04 20:17:08,796 INFO [__main__] experiment done seconds=50.49
2026-08-04 20:17:08,796 INFO [__main__] ========================================================================
2026-08-04T20:17:09+02:00 gates done configuration=1/12 dataset=Electricity model=chronos2 lags=168 horizon=24 retrieval=instance_euclidean_1_online
2026-08-04 20:17:11,794 INFO [__main__] extraction validation directory=outputs/extractions/Electricity/336_48/chronos2/instance_euclidean_1_online/extracted status=complete

2026-08-04T20:17:12+02:00 gates start configuration=2/12 dataset=Electricity model=chronos2 lags=336 horizon=48 retrieval=instance_euclidean_1_online family=gates iterations=300 learning_rate=0.03 depth=4 early_stopping_rounds=50 task_type=CPU thread_count=2 horizon_fits=serial validation_fraction=0.2 seed=1 max_t1_fit_samples=none max_t2_valid_samples=none max_adapt_refit_samples=none fit_sample_seed=1
2026-08-04 20:17:14,631 INFO [__main__] ========================================================================
2026-08-04 20:17:14,631 INFO [__main__] selected methods=('cov_forecast', 'bayes_cov_shared', 'bayes_cov_horizon', 'catboost_cov_regressor_shared', 'catboost_cov_regressor_shared_soft', 'catboost_cov_regressor_horizon', 'catboost_cov_classifier_shared', 'oracle_cov_shared', 'oracle_cov_horizon')
2026-08-04 20:17:22,867 INFO [__main__] gate fitting start candidate=cov
2026-08-04 20:18:16,316 INFO [__main__] gate fitting done candidate=cov
2026-08-04 20:18:17,447 INFO [__main__] experiment done seconds=62.80
2026-08-04 20:18:17,447 INFO [__main__] ========================================================================
2026-08-04T20:18:18+02:00 gates done configuration=2/12 dataset=Electricity model=chronos2 lags=336 horizon=48 retrieval=instance_euclidean_1_online
2026-08-04 20:18:20,715 INFO [__main__] extraction validation directory=outputs/extractions/Electricity/504_168/chronos2/instance_euclidean_1_online/extracted status=complete

2026-08-04T20:18:21+02:00 gates start configuration=3/12 dataset=Electricity model=chronos2 lags=504 horizon=168 retrieval=instance_euclidean_1_online family=gates iterations=300 learning_rate=0.03 depth=4 early_stopping_rounds=50 task_type=CPU thread_count=2 horizon_fits=serial validation_fraction=0.2 seed=1 max_t1_fit_samples=none max_t2_valid_samples=none max_adapt_refit_samples=none fit_sample_seed=1
2026-08-04 20:18:23,635 INFO [__main__] ========================================================================
2026-08-04 20:18:23,635 INFO [__main__] selected methods=('cov_forecast', 'bayes_cov_shared', 'bayes_cov_horizon', 'catboost_cov_regressor_shared', 'catboost_cov_regressor_shared_soft', 'catboost_cov_regressor_horizon', 'catboost_cov_classifier_shared', 'oracle_cov_shared', 'oracle_cov_horizon')
2026-08-04 20:18:38,325 INFO [__main__] gate fitting start candidate=cov
2026-08-04 20:21:45,237 INFO [__main__] gate fitting done candidate=cov
2026-08-04 20:21:46,370 INFO [__main__] experiment done seconds=202.73
2026-08-04 20:21:46,371 INFO [__main__] ========================================================================
2026-08-04T20:21:46+02:00 gates done configuration=3/12 dataset=Electricity model=chronos2 lags=504 horizon=168 retrieval=instance_euclidean_1_online
2026-08-04 20:21:49,639 INFO [__main__] extraction validation directory=outputs/extractions/Traffic/168_24/chronos2/instance_euclidean_1_online/extracted status=complete

2026-08-04T20:21:49+02:00 gates start configuration=4/12 dataset=Traffic model=chronos2 lags=168 horizon=24 retrieval=instance_euclidean_1_online family=gates iterations=300 learning_rate=0.03 depth=4 early_stopping_rounds=50 task_type=CPU thread_count=2 horizon_fits=serial validation_fraction=0.2 seed=1 max_t1_fit_samples=none max_t2_valid_samples=none max_adapt_refit_samples=none fit_sample_seed=1
2026-08-04 20:21:52,493 INFO [__main__] ========================================================================
2026-08-04 20:21:52,493 INFO [__main__] selected methods=('cov_forecast', 'bayes_cov_shared', 'bayes_cov_horizon', 'catboost_cov_regressor_shared', 'catboost_cov_regressor_shared_soft', 'catboost_cov_regressor_horizon', 'catboost_cov_classifier_shared', 'oracle_cov_shared', 'oracle_cov_horizon')
2026-08-04 20:21:59,807 INFO [__main__] gate fitting start candidate=cov
2026-08-04 20:23:17,406 INFO [__main__] gate fitting done candidate=cov
2026-08-04 20:23:18,555 INFO [__main__] experiment done seconds=86.06
2026-08-04 20:23:18,555 INFO [__main__] ========================================================================
2026-08-04T20:23:19+02:00 gates done configuration=4/12 dataset=Traffic model=chronos2 lags=168 horizon=24 retrieval=instance_euclidean_1_online
2026-08-04 20:23:21,766 INFO [__main__] extraction validation directory=outputs/extractions/Traffic/336_48/chronos2/instance_euclidean_1_online/extracted status=complete

2026-08-04T20:23:22+02:00 gates start configuration=5/12 dataset=Traffic model=chronos2 lags=336 horizon=48 retrieval=instance_euclidean_1_online family=gates iterations=300 learning_rate=0.03 depth=4 early_stopping_rounds=50 task_type=CPU thread_count=2 horizon_fits=serial validation_fraction=0.2 seed=1 max_t1_fit_samples=none max_t2_valid_samples=none max_adapt_refit_samples=none fit_sample_seed=1
2026-08-04 20:23:24,561 INFO [__main__] ========================================================================
2026-08-04 20:23:24,561 INFO [__main__] selected methods=('cov_forecast', 'bayes_cov_shared', 'bayes_cov_horizon', 'catboost_cov_regressor_shared', 'catboost_cov_regressor_shared_soft', 'catboost_cov_regressor_horizon', 'catboost_cov_classifier_shared', 'oracle_cov_shared', 'oracle_cov_horizon')
2026-08-04 20:23:37,021 INFO [__main__] gate fitting start candidate=cov
2026-08-04 20:26:48,820 INFO [__main__] gate fitting done candidate=cov
2026-08-04 20:26:49,961 INFO [__main__] experiment done seconds=205.40
2026-08-04 20:26:49,961 INFO [__main__] ========================================================================
2026-08-04T20:26:50+02:00 gates done configuration=5/12 dataset=Traffic model=chronos2 lags=336 horizon=48 retrieval=instance_euclidean_1_online
2026-08-04 20:26:53,222 INFO [__main__] extraction validation directory=outputs/extractions/Traffic/504_168/chronos2/instance_euclidean_1_online/extracted status=complete

2026-08-04T20:26:53+02:00 gates start configuration=6/12 dataset=Traffic model=chronos2 lags=504 horizon=168 retrieval=instance_euclidean_1_online family=gates iterations=300 learning_rate=0.03 depth=4 early_stopping_rounds=50 task_type=CPU thread_count=2 horizon_fits=serial validation_fraction=0.2 seed=1 max_t1_fit_samples=none max_t2_valid_samples=none max_adapt_refit_samples=none fit_sample_seed=1
2026-08-04 20:26:56,162 INFO [__main__] ========================================================================
2026-08-04 20:26:56,162 INFO [__main__] selected methods=('cov_forecast', 'bayes_cov_shared', 'bayes_cov_horizon', 'catboost_cov_regressor_shared', 'catboost_cov_regressor_shared_soft', 'catboost_cov_regressor_horizon', 'catboost_cov_classifier_shared', 'oracle_cov_shared', 'oracle_cov_horizon')
2026-08-04 20:27:15,976 INFO [__main__] gate fitting start candidate=cov
2026-08-04 20:35:01,858 INFO [__main__] gate fitting done candidate=cov
2026-08-04 20:35:03,041 INFO [__main__] experiment done seconds=486.88
2026-08-04 20:35:03,041 INFO [__main__] ========================================================================
2026-08-04T20:35:03+02:00 gates done configuration=6/12 dataset=Traffic model=chronos2 lags=504 horizon=168 retrieval=instance_euclidean_1_online
2026-08-04 20:35:06,497 INFO [__main__] extraction validation directory=outputs/extractions/Solar/168_24/chronos2/instance_euclidean_1_online/extracted status=complete

2026-08-04T20:35:06+02:00 gates start configuration=7/12 dataset=Solar model=chronos2 lags=168 horizon=24 retrieval=instance_euclidean_1_online family=gates iterations=300 learning_rate=0.03 depth=4 early_stopping_rounds=50 task_type=CPU thread_count=2 horizon_fits=serial validation_fraction=0.2 seed=1 max_t1_fit_samples=none max_t2_valid_samples=none max_adapt_refit_samples=none fit_sample_seed=1
2026-08-04 20:35:09,561 INFO [__main__] ========================================================================
2026-08-04 20:35:09,562 INFO [__main__] selected methods=('cov_forecast', 'bayes_cov_shared', 'bayes_cov_horizon', 'catboost_cov_regressor_shared', 'catboost_cov_regressor_shared_soft', 'catboost_cov_regressor_horizon', 'catboost_cov_classifier_shared', 'oracle_cov_shared', 'oracle_cov_horizon')
2026-08-04 20:35:12,478 INFO [__main__] gate fitting start candidate=cov
2026-08-04 20:35:28,827 INFO [__main__] gate fitting done candidate=cov
2026-08-04 20:35:29,859 INFO [__main__] experiment done seconds=20.29
2026-08-04 20:35:29,859 INFO [__main__] ========================================================================
2026-08-04T20:35:30+02:00 gates done configuration=7/12 dataset=Solar model=chronos2 lags=168 horizon=24 retrieval=instance_euclidean_1_online
2026-08-04 20:35:32,564 INFO [__main__] extraction validation directory=outputs/extractions/Solar/336_48/chronos2/instance_euclidean_1_online/extracted status=complete

2026-08-04T20:35:32+02:00 gates start configuration=8/12 dataset=Solar model=chronos2 lags=336 horizon=48 retrieval=instance_euclidean_1_online family=gates iterations=300 learning_rate=0.03 depth=4 early_stopping_rounds=50 task_type=CPU thread_count=2 horizon_fits=serial validation_fraction=0.2 seed=1 max_t1_fit_samples=none max_t2_valid_samples=none max_adapt_refit_samples=none fit_sample_seed=1
2026-08-04 20:35:35,405 INFO [__main__] ========================================================================
2026-08-04 20:35:35,405 INFO [__main__] selected methods=('cov_forecast', 'bayes_cov_shared', 'bayes_cov_horizon', 'catboost_cov_regressor_shared', 'catboost_cov_regressor_shared_soft', 'catboost_cov_regressor_horizon', 'catboost_cov_classifier_shared', 'oracle_cov_shared', 'oracle_cov_horizon')
2026-08-04 20:35:38,449 INFO [__main__] gate fitting start candidate=cov
2026-08-04 20:36:11,621 INFO [__main__] gate fitting done candidate=cov
2026-08-04 20:36:12,665 INFO [__main__] experiment done seconds=37.26
2026-08-04 20:36:12,665 INFO [__main__] ========================================================================
2026-08-04T20:36:13+02:00 gates done configuration=8/12 dataset=Solar model=chronos2 lags=336 horizon=48 retrieval=instance_euclidean_1_online
2026-08-04 20:36:15,537 INFO [__main__] extraction validation directory=outputs/extractions/Solar/504_168/chronos2/instance_euclidean_1_online/extracted status=complete

2026-08-04T20:36:15+02:00 gates start configuration=9/12 dataset=Solar model=chronos2 lags=504 horizon=168 retrieval=instance_euclidean_1_online family=gates iterations=300 learning_rate=0.03 depth=4 early_stopping_rounds=50 task_type=CPU thread_count=2 horizon_fits=serial validation_fraction=0.2 seed=1 max_t1_fit_samples=none max_t2_valid_samples=none max_adapt_refit_samples=none fit_sample_seed=1
2026-08-04 20:36:18,308 INFO [__main__] ========================================================================
2026-08-04 20:36:18,309 INFO [__main__] selected methods=('cov_forecast', 'bayes_cov_shared', 'bayes_cov_horizon', 'catboost_cov_regressor_shared', 'catboost_cov_regressor_shared_soft', 'catboost_cov_regressor_horizon', 'catboost_cov_classifier_shared', 'oracle_cov_shared', 'oracle_cov_horizon')
2026-08-04 20:36:22,059 INFO [__main__] gate fitting start candidate=cov
2026-08-04 20:38:11,903 INFO [__main__] gate fitting done candidate=cov
2026-08-04 20:38:13,001 INFO [__main__] experiment done seconds=114.69
2026-08-04 20:38:13,002 INFO [__main__] ========================================================================
2026-08-04T20:38:13+02:00 gates done configuration=9/12 dataset=Solar model=chronos2 lags=504 horizon=168 retrieval=instance_euclidean_1_online
2026-08-04 20:38:16,135 INFO [__main__] extraction validation directory=outputs/extractions/exchange_rate/168_24/chronos2/instance_euclidean_1_online/extracted status=complete

2026-08-04T20:38:16+02:00 gates start configuration=10/12 dataset=exchange_rate model=chronos2 lags=168 horizon=24 retrieval=instance_euclidean_1_online family=gates iterations=300 learning_rate=0.03 depth=4 early_stopping_rounds=50 task_type=CPU thread_count=2 horizon_fits=serial validation_fraction=0.2 seed=1 max_t1_fit_samples=none max_t2_valid_samples=none max_adapt_refit_samples=none fit_sample_seed=1
2026-08-04 20:38:18,771 INFO [__main__] ========================================================================
2026-08-04 20:38:18,771 INFO [__main__] selected methods=('cov_forecast', 'bayes_cov_shared', 'bayes_cov_horizon', 'catboost_cov_regressor_shared', 'catboost_cov_regressor_shared_soft', 'catboost_cov_regressor_horizon', 'catboost_cov_classifier_shared', 'oracle_cov_shared', 'oracle_cov_horizon')
2026-08-04 20:38:20,985 INFO [__main__] gate fitting start candidate=cov
2026-08-04 20:38:27,755 INFO [__main__] gate fitting done candidate=cov
2026-08-04 20:38:28,790 INFO [__main__] experiment done seconds=10.02
2026-08-04 20:38:28,790 INFO [__main__] ========================================================================
2026-08-04T20:38:29+02:00 gates done configuration=10/12 dataset=exchange_rate model=chronos2 lags=168 horizon=24 retrieval=instance_euclidean_1_online
2026-08-04 20:38:31,430 INFO [__main__] extraction validation directory=outputs/extractions/exchange_rate/336_48/chronos2/instance_euclidean_1_online/extracted status=complete

2026-08-04T20:38:31+02:00 gates start configuration=11/12 dataset=exchange_rate model=chronos2 lags=336 horizon=48 retrieval=instance_euclidean_1_online family=gates iterations=300 learning_rate=0.03 depth=4 early_stopping_rounds=50 task_type=CPU thread_count=2 horizon_fits=serial validation_fraction=0.2 seed=1 max_t1_fit_samples=none max_t2_valid_samples=none max_adapt_refit_samples=none fit_sample_seed=1
2026-08-04 20:38:34,190 INFO [__main__] ========================================================================
2026-08-04 20:38:34,190 INFO [__main__] selected methods=('cov_forecast', 'bayes_cov_shared', 'bayes_cov_horizon', 'catboost_cov_regressor_shared', 'catboost_cov_regressor_shared_soft', 'catboost_cov_regressor_horizon', 'catboost_cov_classifier_shared', 'oracle_cov_shared', 'oracle_cov_horizon')
2026-08-04 20:38:36,033 INFO [__main__] gate fitting start candidate=cov
2026-08-04 20:38:46,567 INFO [__main__] gate fitting done candidate=cov
2026-08-04 20:38:47,586 INFO [__main__] experiment done seconds=13.39
2026-08-04 20:38:47,586 INFO [__main__] ========================================================================
2026-08-04T20:38:48+02:00 gates done configuration=11/12 dataset=exchange_rate model=chronos2 lags=336 horizon=48 retrieval=instance_euclidean_1_online
2026-08-04 20:38:50,131 INFO [__main__] extraction validation directory=outputs/extractions/exchange_rate/504_168/chronos2/instance_euclidean_1_online/extracted status=complete

2026-08-04T20:38:50+02:00 gates start configuration=12/12 dataset=exchange_rate model=chronos2 lags=504 horizon=168 retrieval=instance_euclidean_1_online family=gates iterations=300 learning_rate=0.03 depth=4 early_stopping_rounds=50 task_type=CPU thread_count=2 horizon_fits=serial validation_fraction=0.2 seed=1 max_t1_fit_samples=none max_t2_valid_samples=none max_adapt_refit_samples=none fit_sample_seed=1
2026-08-04 20:38:52,874 INFO [__main__] ========================================================================
2026-08-04 20:38:52,874 INFO [__main__] selected methods=('cov_forecast', 'bayes_cov_shared', 'bayes_cov_horizon', 'catboost_cov_regressor_shared', 'catboost_cov_regressor_shared_soft', 'catboost_cov_regressor_horizon', 'catboost_cov_classifier_shared', 'oracle_cov_shared', 'oracle_cov_horizon')
2026-08-04 20:38:54,598 INFO [__main__] gate fitting start candidate=cov
2026-08-04 20:39:23,503 INFO [__main__] gate fitting done candidate=cov
2026-08-04 20:39:24,556 INFO [__main__] experiment done seconds=31.68
2026-08-04 20:39:24,556 INFO [__main__] ========================================================================
2026-08-04T20:39:25+02:00 gates done configuration=12/12 dataset=exchange_rate model=chronos2 lags=504 horizon=168 retrieval=instance_euclidean_1_online

2026-08-04T20:39:25+02:00 job done kind=gates output=outputs/adaptation_results/catboost_ablation

2026-08-04T20:39:25+02:00 job start kind=adaptation_tables experiment_mode=catboost_ablation datasets=Electricity,Traffic,Solar,exchange_rate models=chronos2 settings=168_24,336_48,504_168 families=gates metric=nmse distance_metrics=euclidean methods=avgy,bayes_avgy_shared,bayes_avgy_horizon,catboost_avgy_regressor_shared,catboost_avgy_regressor_shared_soft,catboost_avgy_regressor_horizon,catboost_avgy_classifier_shared,oracle_avgy_shared,oracle_avgy_horizon,cov_forecast,bayes_cov_shared,bayes_cov_horizon,catboost_cov_regressor_shared,catboost_cov_regressor_shared_soft,catboost_cov_regressor_horizon,catboost_cov_classifier_shared,oracle_cov_shared,oracle_cov_horizon table_kinds=full,average results_root=outputs/adaptation_results/catboost_ablation

2026-08-04T20:39:25+02:00 table start model=chronos2 kind=full metric=nmse split=eval decimals=2 output=outputs/adaptation_results/catboost_ablation/tables/chronos2/full
LaTeX table written to /home/h61084/codes/adapts/outputs/adaptation_results/catboost_ablation/tables/chronos2/full/gates_results.tex
2026-08-04T20:39:37+02:00 table done model=chronos2 kind=full output=outputs/adaptation_results/catboost_ablation/tables/chronos2/full

2026-08-04T20:39:37+02:00 table start model=chronos2 kind=average metric=nmse split=eval decimals=2 output=outputs/adaptation_results/catboost_ablation/tables/chronos2/average
LaTeX table written to /home/h61084/codes/adapts/outputs/adaptation_results/catboost_ablation/tables/chronos2/average/gates_results.tex
LaTeX table written to /home/h61084/codes/adapts/outputs/adaptation_results/catboost_ablation/tables/chronos2/average/positive_windows_results.tex
2026-08-04T20:39:43+02:00 table done model=chronos2 kind=average output=outputs/adaptation_results/catboost_ablation/tables/chronos2/average

2026-08-04T20:39:43+02:00 job done kind=adaptation_tables output=outputs/adaptation_results/catboost_ablation/tables
