
2026-08-04T19:21:24+02:00 job start kind=adaptation_extraction experiment_mode=convex_baselines_ablation skip_complete=true tasks=24 datasets=Electricity,Traffic,Solar,exchange_rate models=chronos2 settings=168:24,336:48,504:168 distance_spaces=instance distance_metrics=euclidean neighbors=3

2026-08-04T19:21:24+02:00 extraction start configuration=1/24 dataset=Electricity model=chronos2 lags=168 horizon=24 retrieval=vanilla period=24 datastore_stride=24 adapt_stride=24 eval_stride=128 max_store_windows=30000 seed=1
2026-08-04 19:21:27,600 INFO [__main__] ========================================================================
2026-08-04 19:21:27,600 INFO [__main__] experiment start kind=extraction dataset=Electricity model=chronos2 lags=168 horizon=24 neighbors=0 distance=raw/euclidean
2026-08-04 19:21:27,963 INFO [__main__] extraction skipped dir=/home/h61084/codes/adapts/outputs/extractions/Electricity/168_24/chronos2/vanilla reason=complete
2026-08-04 19:21:27,963 INFO [__main__] ========================================================================
2026-08-04T19:21:28+02:00 extraction done configuration=1/24 dataset=Electricity model=chronos2 lags=168 horizon=24 retrieval=vanilla

2026-08-04T19:21:28+02:00 extraction start configuration=2/24 dataset=Electricity model=chronos2 lags=168 horizon=24 retrieval=instance_euclidean_3_online period=24 datastore_stride=24 adapt_stride=24 eval_stride=128 max_store_windows=30000 seed=1
2026-08-04 19:21:30,735 INFO [__main__] ========================================================================
2026-08-04 19:21:30,735 INFO [__main__] experiment start kind=extraction dataset=Electricity model=chronos2 lags=168 horizon=24 neighbors=3 distance=instance/euclidean
2026-08-04 19:21:31,084 INFO [__main__] extraction skipped dir=/home/h61084/codes/adapts/outputs/extractions/Electricity/168_24/chronos2/instance_euclidean_3_online/extracted reason=complete
2026-08-04 19:21:31,084 INFO [__main__] ========================================================================
2026-08-04T19:21:31+02:00 extraction done configuration=2/24 dataset=Electricity model=chronos2 lags=168 horizon=24 retrieval=instance_euclidean_3_online

2026-08-04T19:21:31+02:00 extraction start configuration=3/24 dataset=Electricity model=chronos2 lags=336 horizon=48 retrieval=vanilla period=24 datastore_stride=24 adapt_stride=24 eval_stride=128 max_store_windows=30000 seed=1
2026-08-04 19:21:33,888 INFO [__main__] ========================================================================
2026-08-04 19:21:33,888 INFO [__main__] experiment start kind=extraction dataset=Electricity model=chronos2 lags=336 horizon=48 neighbors=0 distance=raw/euclidean
2026-08-04 19:21:34,225 INFO [__main__] extraction skipped dir=/home/h61084/codes/adapts/outputs/extractions/Electricity/336_48/chronos2/vanilla reason=complete
2026-08-04 19:21:34,225 INFO [__main__] ========================================================================
2026-08-04T19:21:34+02:00 extraction done configuration=3/24 dataset=Electricity model=chronos2 lags=336 horizon=48 retrieval=vanilla

2026-08-04T19:21:34+02:00 extraction start configuration=4/24 dataset=Electricity model=chronos2 lags=336 horizon=48 retrieval=instance_euclidean_3_online period=24 datastore_stride=24 adapt_stride=24 eval_stride=128 max_store_windows=30000 seed=1
2026-08-04 19:21:36,927 INFO [__main__] ========================================================================
2026-08-04 19:21:36,927 INFO [__main__] experiment start kind=extraction dataset=Electricity model=chronos2 lags=336 horizon=48 neighbors=3 distance=instance/euclidean
2026-08-04 19:21:37,295 INFO [__main__] extraction skipped dir=/home/h61084/codes/adapts/outputs/extractions/Electricity/336_48/chronos2/instance_euclidean_3_online/extracted reason=complete
2026-08-04 19:21:37,295 INFO [__main__] ========================================================================
2026-08-04T19:21:37+02:00 extraction done configuration=4/24 dataset=Electricity model=chronos2 lags=336 horizon=48 retrieval=instance_euclidean_3_online

2026-08-04T19:21:37+02:00 extraction start configuration=5/24 dataset=Electricity model=chronos2 lags=504 horizon=168 retrieval=vanilla period=24 datastore_stride=24 adapt_stride=24 eval_stride=128 max_store_windows=30000 seed=1
2026-08-04 19:21:40,111 INFO [__main__] ========================================================================
2026-08-04 19:21:40,111 INFO [__main__] experiment start kind=extraction dataset=Electricity model=chronos2 lags=504 horizon=168 neighbors=0 distance=raw/euclidean
2026-08-04 19:21:40,494 INFO [__main__] extraction skipped dir=/home/h61084/codes/adapts/outputs/extractions/Electricity/504_168/chronos2/vanilla reason=complete
2026-08-04 19:21:40,494 INFO [__main__] ========================================================================
2026-08-04T19:21:40+02:00 extraction done configuration=5/24 dataset=Electricity model=chronos2 lags=504 horizon=168 retrieval=vanilla

2026-08-04T19:21:40+02:00 extraction start configuration=6/24 dataset=Electricity model=chronos2 lags=504 horizon=168 retrieval=instance_euclidean_3_online period=24 datastore_stride=24 adapt_stride=24 eval_stride=128 max_store_windows=30000 seed=1
2026-08-04 19:21:43,259 INFO [__main__] ========================================================================
2026-08-04 19:21:43,259 INFO [__main__] experiment start kind=extraction dataset=Electricity model=chronos2 lags=504 horizon=168 neighbors=3 distance=instance/euclidean
2026-08-04 19:21:43,609 INFO [__main__] extraction skipped dir=/home/h61084/codes/adapts/outputs/extractions/Electricity/504_168/chronos2/instance_euclidean_3_online/extracted reason=complete
2026-08-04 19:21:43,609 INFO [__main__] ========================================================================
2026-08-04T19:21:43+02:00 extraction done configuration=6/24 dataset=Electricity model=chronos2 lags=504 horizon=168 retrieval=instance_euclidean_3_online

2026-08-04T19:21:43+02:00 extraction start configuration=7/24 dataset=Traffic model=chronos2 lags=168 horizon=24 retrieval=vanilla period=24 datastore_stride=24 adapt_stride=24 eval_stride=128 max_store_windows=30000 seed=1
2026-08-04 19:21:46,371 INFO [__main__] ========================================================================
2026-08-04 19:21:46,371 INFO [__main__] experiment start kind=extraction dataset=Traffic model=chronos2 lags=168 horizon=24 neighbors=0 distance=raw/euclidean
2026-08-04 19:21:46,722 INFO [__main__] extraction skipped dir=/home/h61084/codes/adapts/outputs/extractions/Traffic/168_24/chronos2/vanilla reason=complete
2026-08-04 19:21:46,722 INFO [__main__] ========================================================================
2026-08-04T19:21:47+02:00 extraction done configuration=7/24 dataset=Traffic model=chronos2 lags=168 horizon=24 retrieval=vanilla

2026-08-04T19:21:47+02:00 extraction start configuration=8/24 dataset=Traffic model=chronos2 lags=168 horizon=24 retrieval=instance_euclidean_3_online period=24 datastore_stride=24 adapt_stride=24 eval_stride=128 max_store_windows=30000 seed=1
2026-08-04 19:21:49,466 INFO [__main__] ========================================================================
2026-08-04 19:21:49,466 INFO [__main__] experiment start kind=extraction dataset=Traffic model=chronos2 lags=168 horizon=24 neighbors=3 distance=instance/euclidean
2026-08-04 19:21:49,824 INFO [__main__] extraction skipped dir=/home/h61084/codes/adapts/outputs/extractions/Traffic/168_24/chronos2/instance_euclidean_3_online/extracted reason=complete
2026-08-04 19:21:49,824 INFO [__main__] ========================================================================
2026-08-04T19:21:50+02:00 extraction done configuration=8/24 dataset=Traffic model=chronos2 lags=168 horizon=24 retrieval=instance_euclidean_3_online

2026-08-04T19:21:50+02:00 extraction start configuration=9/24 dataset=Traffic model=chronos2 lags=336 horizon=48 retrieval=vanilla period=24 datastore_stride=24 adapt_stride=24 eval_stride=128 max_store_windows=30000 seed=1
2026-08-04 19:21:52,547 INFO [__main__] ========================================================================
2026-08-04 19:21:52,547 INFO [__main__] experiment start kind=extraction dataset=Traffic model=chronos2 lags=336 horizon=48 neighbors=0 distance=raw/euclidean
2026-08-04 19:21:52,907 INFO [__main__] extraction skipped dir=/home/h61084/codes/adapts/outputs/extractions/Traffic/336_48/chronos2/vanilla reason=complete
2026-08-04 19:21:52,907 INFO [__main__] ========================================================================
2026-08-04T19:21:53+02:00 extraction done configuration=9/24 dataset=Traffic model=chronos2 lags=336 horizon=48 retrieval=vanilla

2026-08-04T19:21:53+02:00 extraction start configuration=10/24 dataset=Traffic model=chronos2 lags=336 horizon=48 retrieval=instance_euclidean_3_online period=24 datastore_stride=24 adapt_stride=24 eval_stride=128 max_store_windows=30000 seed=1
2026-08-04 19:21:55,711 INFO [__main__] ========================================================================
2026-08-04 19:21:55,712 INFO [__main__] experiment start kind=extraction dataset=Traffic model=chronos2 lags=336 horizon=48 neighbors=3 distance=instance/euclidean
2026-08-04 19:21:56,063 INFO [__main__] extraction skipped dir=/home/h61084/codes/adapts/outputs/extractions/Traffic/336_48/chronos2/instance_euclidean_3_online/extracted reason=complete
2026-08-04 19:21:56,063 INFO [__main__] ========================================================================
2026-08-04T19:21:56+02:00 extraction done configuration=10/24 dataset=Traffic model=chronos2 lags=336 horizon=48 retrieval=instance_euclidean_3_online

2026-08-04T19:21:56+02:00 extraction start configuration=11/24 dataset=Traffic model=chronos2 lags=504 horizon=168 retrieval=vanilla period=24 datastore_stride=24 adapt_stride=24 eval_stride=128 max_store_windows=30000 seed=1
2026-08-04 19:21:58,782 INFO [__main__] ========================================================================
2026-08-04 19:21:58,782 INFO [__main__] experiment start kind=extraction dataset=Traffic model=chronos2 lags=504 horizon=168 neighbors=0 distance=raw/euclidean
2026-08-04 19:21:59,128 INFO [__main__] extraction skipped dir=/home/h61084/codes/adapts/outputs/extractions/Traffic/504_168/chronos2/vanilla reason=complete
2026-08-04 19:21:59,128 INFO [__main__] ========================================================================
2026-08-04T19:21:59+02:00 extraction done configuration=11/24 dataset=Traffic model=chronos2 lags=504 horizon=168 retrieval=vanilla

2026-08-04T19:21:59+02:00 extraction start configuration=12/24 dataset=Traffic model=chronos2 lags=504 horizon=168 retrieval=instance_euclidean_3_online period=24 datastore_stride=24 adapt_stride=24 eval_stride=128 max_store_windows=30000 seed=1
2026-08-04 19:22:01,924 INFO [__main__] ========================================================================
2026-08-04 19:22:01,924 INFO [__main__] experiment start kind=extraction dataset=Traffic model=chronos2 lags=504 horizon=168 neighbors=3 distance=instance/euclidean
2026-08-04 19:22:02,266 INFO [__main__] extraction skipped dir=/home/h61084/codes/adapts/outputs/extractions/Traffic/504_168/chronos2/instance_euclidean_3_online/extracted reason=complete
2026-08-04 19:22:02,266 INFO [__main__] ========================================================================
2026-08-04T19:22:02+02:00 extraction done configuration=12/24 dataset=Traffic model=chronos2 lags=504 horizon=168 retrieval=instance_euclidean_3_online

2026-08-04T19:22:02+02:00 extraction start configuration=13/24 dataset=Solar model=chronos2 lags=168 horizon=24 retrieval=vanilla period=24 datastore_stride=24 adapt_stride=24 eval_stride=128 max_store_windows=30000 seed=1
2026-08-04 19:22:05,028 INFO [__main__] ========================================================================
2026-08-04 19:22:05,028 INFO [__main__] experiment start kind=extraction dataset=Solar model=chronos2 lags=168 horizon=24 neighbors=0 distance=raw/euclidean
2026-08-04 19:22:05,407 INFO [__main__] extraction skipped dir=/home/h61084/codes/adapts/outputs/extractions/Solar/168_24/chronos2/vanilla reason=complete
2026-08-04 19:22:05,407 INFO [__main__] ========================================================================
2026-08-04T19:22:05+02:00 extraction done configuration=13/24 dataset=Solar model=chronos2 lags=168 horizon=24 retrieval=vanilla

2026-08-04T19:22:05+02:00 extraction start configuration=14/24 dataset=Solar model=chronos2 lags=168 horizon=24 retrieval=instance_euclidean_3_online period=24 datastore_stride=24 adapt_stride=24 eval_stride=128 max_store_windows=30000 seed=1
2026-08-04 19:22:08,176 INFO [__main__] ========================================================================
2026-08-04 19:22:08,177 INFO [__main__] experiment start kind=extraction dataset=Solar model=chronos2 lags=168 horizon=24 neighbors=3 distance=instance/euclidean
2026-08-04 19:22:08,558 INFO [__main__] extraction skipped dir=/home/h61084/codes/adapts/outputs/extractions/Solar/168_24/chronos2/instance_euclidean_3_online/extracted reason=complete
2026-08-04 19:22:08,558 INFO [__main__] ========================================================================
2026-08-04T19:22:08+02:00 extraction done configuration=14/24 dataset=Solar model=chronos2 lags=168 horizon=24 retrieval=instance_euclidean_3_online

2026-08-04T19:22:08+02:00 extraction start configuration=15/24 dataset=Solar model=chronos2 lags=336 horizon=48 retrieval=vanilla period=24 datastore_stride=24 adapt_stride=24 eval_stride=128 max_store_windows=30000 seed=1
2026-08-04 19:22:11,314 INFO [__main__] ========================================================================
2026-08-04 19:22:11,314 INFO [__main__] experiment start kind=extraction dataset=Solar model=chronos2 lags=336 horizon=48 neighbors=0 distance=raw/euclidean
2026-08-04 19:22:11,664 INFO [__main__] extraction skipped dir=/home/h61084/codes/adapts/outputs/extractions/Solar/336_48/chronos2/vanilla reason=complete
2026-08-04 19:22:11,664 INFO [__main__] ========================================================================
2026-08-04T19:22:12+02:00 extraction done configuration=15/24 dataset=Solar model=chronos2 lags=336 horizon=48 retrieval=vanilla

2026-08-04T19:22:12+02:00 extraction start configuration=16/24 dataset=Solar model=chronos2 lags=336 horizon=48 retrieval=instance_euclidean_3_online period=24 datastore_stride=24 adapt_stride=24 eval_stride=128 max_store_windows=30000 seed=1
2026-08-04 19:22:14,461 INFO [__main__] ========================================================================
2026-08-04 19:22:14,462 INFO [__main__] experiment start kind=extraction dataset=Solar model=chronos2 lags=336 horizon=48 neighbors=3 distance=instance/euclidean
2026-08-04 19:22:14,840 INFO [__main__] extraction skipped dir=/home/h61084/codes/adapts/outputs/extractions/Solar/336_48/chronos2/instance_euclidean_3_online/extracted reason=complete
2026-08-04 19:22:14,841 INFO [__main__] ========================================================================
2026-08-04T19:22:15+02:00 extraction done configuration=16/24 dataset=Solar model=chronos2 lags=336 horizon=48 retrieval=instance_euclidean_3_online

2026-08-04T19:22:15+02:00 extraction start configuration=17/24 dataset=Solar model=chronos2 lags=504 horizon=168 retrieval=vanilla period=24 datastore_stride=24 adapt_stride=24 eval_stride=128 max_store_windows=30000 seed=1
2026-08-04 19:22:17,681 INFO [__main__] ========================================================================
2026-08-04 19:22:17,682 INFO [__main__] experiment start kind=extraction dataset=Solar model=chronos2 lags=504 horizon=168 neighbors=0 distance=raw/euclidean
2026-08-04 19:22:18,033 INFO [__main__] extraction skipped dir=/home/h61084/codes/adapts/outputs/extractions/Solar/504_168/chronos2/vanilla reason=complete
2026-08-04 19:22:18,033 INFO [__main__] ========================================================================
2026-08-04T19:22:18+02:00 extraction done configuration=17/24 dataset=Solar model=chronos2 lags=504 horizon=168 retrieval=vanilla

2026-08-04T19:22:18+02:00 extraction start configuration=18/24 dataset=Solar model=chronos2 lags=504 horizon=168 retrieval=instance_euclidean_3_online period=24 datastore_stride=24 adapt_stride=24 eval_stride=128 max_store_windows=30000 seed=1
2026-08-04 19:22:20,773 INFO [__main__] ========================================================================
2026-08-04 19:22:20,773 INFO [__main__] experiment start kind=extraction dataset=Solar model=chronos2 lags=504 horizon=168 neighbors=3 distance=instance/euclidean
2026-08-04 19:22:21,129 INFO [__main__] extraction skipped dir=/home/h61084/codes/adapts/outputs/extractions/Solar/504_168/chronos2/instance_euclidean_3_online/extracted reason=complete
2026-08-04 19:22:21,129 INFO [__main__] ========================================================================
2026-08-04T19:22:21+02:00 extraction done configuration=18/24 dataset=Solar model=chronos2 lags=504 horizon=168 retrieval=instance_euclidean_3_online

2026-08-04T19:22:21+02:00 extraction start configuration=19/24 dataset=exchange_rate model=chronos2 lags=168 horizon=24 retrieval=vanilla period=24 datastore_stride=24 adapt_stride=24 eval_stride=128 max_store_windows=30000 seed=1
2026-08-04 19:22:23,882 INFO [__main__] ========================================================================
2026-08-04 19:22:23,882 INFO [__main__] experiment start kind=extraction dataset=exchange_rate model=chronos2 lags=168 horizon=24 neighbors=0 distance=raw/euclidean
2026-08-04 19:22:24,218 INFO [__main__] extraction skipped dir=/home/h61084/codes/adapts/outputs/extractions/exchange_rate/168_24/chronos2/vanilla reason=complete
2026-08-04 19:22:24,218 INFO [__main__] ========================================================================
2026-08-04T19:22:24+02:00 extraction done configuration=19/24 dataset=exchange_rate model=chronos2 lags=168 horizon=24 retrieval=vanilla

2026-08-04T19:22:24+02:00 extraction start configuration=20/24 dataset=exchange_rate model=chronos2 lags=168 horizon=24 retrieval=instance_euclidean_3_online period=24 datastore_stride=24 adapt_stride=24 eval_stride=128 max_store_windows=30000 seed=1
2026-08-04 19:22:27,226 INFO [__main__] ========================================================================
2026-08-04 19:22:27,226 INFO [__main__] experiment start kind=extraction dataset=exchange_rate model=chronos2 lags=168 horizon=24 neighbors=3 distance=instance/euclidean
2026-08-04 19:22:27,571 INFO [__main__] extraction skipped dir=/home/h61084/codes/adapts/outputs/extractions/exchange_rate/168_24/chronos2/instance_euclidean_3_online/extracted reason=complete
2026-08-04 19:22:27,571 INFO [__main__] ========================================================================
2026-08-04T19:22:27+02:00 extraction done configuration=20/24 dataset=exchange_rate model=chronos2 lags=168 horizon=24 retrieval=instance_euclidean_3_online

2026-08-04T19:22:27+02:00 extraction start configuration=21/24 dataset=exchange_rate model=chronos2 lags=336 horizon=48 retrieval=vanilla period=24 datastore_stride=24 adapt_stride=24 eval_stride=128 max_store_windows=30000 seed=1
2026-08-04 19:22:30,364 INFO [__main__] ========================================================================
2026-08-04 19:22:30,364 INFO [__main__] experiment start kind=extraction dataset=exchange_rate model=chronos2 lags=336 horizon=48 neighbors=0 distance=raw/euclidean
2026-08-04 19:22:30,715 INFO [__main__] extraction skipped dir=/home/h61084/codes/adapts/outputs/extractions/exchange_rate/336_48/chronos2/vanilla reason=complete
2026-08-04 19:22:30,715 INFO [__main__] ========================================================================
2026-08-04T19:22:31+02:00 extraction done configuration=21/24 dataset=exchange_rate model=chronos2 lags=336 horizon=48 retrieval=vanilla

2026-08-04T19:22:31+02:00 extraction start configuration=22/24 dataset=exchange_rate model=chronos2 lags=336 horizon=48 retrieval=instance_euclidean_3_online period=24 datastore_stride=24 adapt_stride=24 eval_stride=128 max_store_windows=30000 seed=1
2026-08-04 19:22:33,447 INFO [__main__] ========================================================================
2026-08-04 19:22:33,447 INFO [__main__] experiment start kind=extraction dataset=exchange_rate model=chronos2 lags=336 horizon=48 neighbors=3 distance=instance/euclidean
2026-08-04 19:22:33,801 INFO [__main__] extraction skipped dir=/home/h61084/codes/adapts/outputs/extractions/exchange_rate/336_48/chronos2/instance_euclidean_3_online/extracted reason=complete
2026-08-04 19:22:33,801 INFO [__main__] ========================================================================
2026-08-04T19:22:34+02:00 extraction done configuration=22/24 dataset=exchange_rate model=chronos2 lags=336 horizon=48 retrieval=instance_euclidean_3_online

2026-08-04T19:22:34+02:00 extraction start configuration=23/24 dataset=exchange_rate model=chronos2 lags=504 horizon=168 retrieval=vanilla period=24 datastore_stride=24 adapt_stride=24 eval_stride=128 max_store_windows=30000 seed=1
2026-08-04 19:22:36,519 INFO [__main__] ========================================================================
2026-08-04 19:22:36,519 INFO [__main__] experiment start kind=extraction dataset=exchange_rate model=chronos2 lags=504 horizon=168 neighbors=0 distance=raw/euclidean
2026-08-04 19:22:36,897 INFO [__main__] extraction skipped dir=/home/h61084/codes/adapts/outputs/extractions/exchange_rate/504_168/chronos2/vanilla reason=complete
2026-08-04 19:22:36,897 INFO [__main__] ========================================================================
2026-08-04T19:22:37+02:00 extraction done configuration=23/24 dataset=exchange_rate model=chronos2 lags=504 horizon=168 retrieval=vanilla

2026-08-04T19:22:37+02:00 extraction start configuration=24/24 dataset=exchange_rate model=chronos2 lags=504 horizon=168 retrieval=instance_euclidean_3_online period=24 datastore_stride=24 adapt_stride=24 eval_stride=128 max_store_windows=30000 seed=1
2026-08-04 19:22:39,647 INFO [__main__] ========================================================================
2026-08-04 19:22:39,647 INFO [__main__] experiment start kind=extraction dataset=exchange_rate model=chronos2 lags=504 horizon=168 neighbors=3 distance=instance/euclidean
2026-08-04 19:22:40,010 INFO [__main__] extraction skipped dir=/home/h61084/codes/adapts/outputs/extractions/exchange_rate/504_168/chronos2/instance_euclidean_3_online/extracted reason=complete
2026-08-04 19:22:40,010 INFO [__main__] ========================================================================
2026-08-04T19:22:40+02:00 extraction done configuration=24/24 dataset=exchange_rate model=chronos2 lags=504 horizon=168 retrieval=instance_euclidean_3_online

2026-08-04T19:22:40+02:00 job done kind=adaptation_extraction output=outputs/extractions

2026-08-04T19:22:40+02:00 job start kind=baselines experiment_mode=convex_baselines_ablation skip_complete=false tasks=12 datasets=Electricity,Traffic,Solar,exchange_rate models=chronos2 settings=168:24,336:48,504:168 distance_spaces=instance distance_metrics=euclidean neighbors=3 methods=full_ridge_shared,full_convex_shared,y_ridge_shared,y_convex_shared,cov_y_ridge_shared,cov_y_convex_shared,residual_ridge_shared,residual_convex_shared results_root=outputs/adaptation_results/convex_baselines_ablation
2026-08-04 19:22:42,656 INFO [__main__] extraction validation directory=outputs/extractions/Electricity/168_24/chronos2/instance_euclidean_3_online/extracted status=complete

2026-08-04T19:22:43+02:00 baselines start configuration=1/12 dataset=Electricity model=chronos2 lags=168 horizon=24 retrieval=instance_euclidean_3_online family=baselines l2_grid=0,1e-6,1e-5,1e-4,1e-3,1e-2,1e-1,1,10 validation_fraction=0.2 fit_baselines_on_eval=false seed=1 max_t1_fit_samples=none max_t2_valid_samples=none max_adapt_refit_samples=none max_eval_fit_samples=none fit_sample_seed=1
2026-08-04 19:22:45,490 INFO [__main__] ========================================================================
2026-08-04 19:22:45,490 INFO [__main__] selected methods=('full_ridge_shared', 'full_convex_shared', 'y_ridge_shared', 'y_convex_shared', 'cov_y_ridge_shared', 'cov_y_convex_shared', 'residual_ridge_shared', 'residual_convex_shared')
2026-08-04 19:22:52,978 INFO [__main__] baseline selection start l2_grid=(0.0, 1e-06, 1e-05, 0.0001, 0.001, 0.01, 0.1, 1.0, 10.0)
2026-08-04 19:22:57,222 INFO [__main__] baseline selection done
2026-08-04 19:22:57,295 INFO [__main__] experiment done seconds=11.80
2026-08-04 19:22:57,295 INFO [__main__] ========================================================================
2026-08-04T19:22:57+02:00 baselines done configuration=1/12 dataset=Electricity model=chronos2 lags=168 horizon=24 retrieval=instance_euclidean_3_online
2026-08-04 19:22:59,707 INFO [__main__] extraction validation directory=outputs/extractions/Electricity/336_48/chronos2/instance_euclidean_3_online/extracted status=complete

2026-08-04T19:23:00+02:00 baselines start configuration=2/12 dataset=Electricity model=chronos2 lags=336 horizon=48 retrieval=instance_euclidean_3_online family=baselines l2_grid=0,1e-6,1e-5,1e-4,1e-3,1e-2,1e-1,1,10 validation_fraction=0.2 fit_baselines_on_eval=false seed=1 max_t1_fit_samples=none max_t2_valid_samples=none max_adapt_refit_samples=none max_eval_fit_samples=none fit_sample_seed=1
2026-08-04 19:23:02,431 INFO [__main__] ========================================================================
2026-08-04 19:23:02,431 INFO [__main__] selected methods=('full_ridge_shared', 'full_convex_shared', 'y_ridge_shared', 'y_convex_shared', 'cov_y_ridge_shared', 'cov_y_convex_shared', 'residual_ridge_shared', 'residual_convex_shared')
2026-08-04 19:23:14,142 INFO [__main__] baseline selection start l2_grid=(0.0, 1e-06, 1e-05, 0.0001, 0.001, 0.01, 0.1, 1.0, 10.0)
2026-08-04 19:23:21,718 INFO [__main__] baseline selection done
2026-08-04 19:23:21,790 INFO [__main__] experiment done seconds=19.36
2026-08-04 19:23:21,790 INFO [__main__] ========================================================================
2026-08-04T19:23:22+02:00 baselines done configuration=2/12 dataset=Electricity model=chronos2 lags=336 horizon=48 retrieval=instance_euclidean_3_online
2026-08-04 19:23:24,216 INFO [__main__] extraction validation directory=outputs/extractions/Electricity/504_168/chronos2/instance_euclidean_3_online/extracted status=complete

2026-08-04T19:23:24+02:00 baselines start configuration=3/12 dataset=Electricity model=chronos2 lags=504 horizon=168 retrieval=instance_euclidean_3_online family=baselines l2_grid=0,1e-6,1e-5,1e-4,1e-3,1e-2,1e-1,1,10 validation_fraction=0.2 fit_baselines_on_eval=false seed=1 max_t1_fit_samples=none max_t2_valid_samples=none max_adapt_refit_samples=none max_eval_fit_samples=none fit_sample_seed=1
2026-08-04 19:23:26,957 INFO [__main__] ========================================================================
2026-08-04 19:23:26,957 INFO [__main__] selected methods=('full_ridge_shared', 'full_convex_shared', 'y_ridge_shared', 'y_convex_shared', 'cov_y_ridge_shared', 'cov_y_convex_shared', 'residual_ridge_shared', 'residual_convex_shared')
2026-08-04 19:23:49,540 INFO [__main__] baseline selection start l2_grid=(0.0, 1e-06, 1e-05, 0.0001, 0.001, 0.01, 0.1, 1.0, 10.0)
2026-08-04 19:24:14,762 INFO [__main__] baseline selection done
2026-08-04 19:24:14,847 INFO [__main__] experiment done seconds=47.88
2026-08-04 19:24:14,847 INFO [__main__] ========================================================================
2026-08-04T19:24:15+02:00 baselines done configuration=3/12 dataset=Electricity model=chronos2 lags=504 horizon=168 retrieval=instance_euclidean_3_online
2026-08-04 19:24:17,647 INFO [__main__] extraction validation directory=outputs/extractions/Traffic/168_24/chronos2/instance_euclidean_3_online/extracted status=complete

2026-08-04T19:24:17+02:00 baselines start configuration=4/12 dataset=Traffic model=chronos2 lags=168 horizon=24 retrieval=instance_euclidean_3_online family=baselines l2_grid=0,1e-6,1e-5,1e-4,1e-3,1e-2,1e-1,1,10 validation_fraction=0.2 fit_baselines_on_eval=false seed=1 max_t1_fit_samples=none max_t2_valid_samples=none max_adapt_refit_samples=none max_eval_fit_samples=none fit_sample_seed=1
2026-08-04 19:24:20,367 INFO [__main__] ========================================================================
2026-08-04 19:24:20,367 INFO [__main__] selected methods=('full_ridge_shared', 'full_convex_shared', 'y_ridge_shared', 'y_convex_shared', 'cov_y_ridge_shared', 'cov_y_convex_shared', 'residual_ridge_shared', 'residual_convex_shared')
2026-08-04 19:24:29,761 INFO [__main__] baseline selection start l2_grid=(0.0, 1e-06, 1e-05, 0.0001, 0.001, 0.01, 0.1, 1.0, 10.0)
2026-08-04 19:24:36,223 INFO [__main__] baseline selection done
2026-08-04 19:24:36,296 INFO [__main__] experiment done seconds=15.93
2026-08-04 19:24:36,296 INFO [__main__] ========================================================================
2026-08-04T19:24:36+02:00 baselines done configuration=4/12 dataset=Traffic model=chronos2 lags=168 horizon=24 retrieval=instance_euclidean_3_online
2026-08-04 19:24:38,703 INFO [__main__] extraction validation directory=outputs/extractions/Traffic/336_48/chronos2/instance_euclidean_3_online/extracted status=complete

2026-08-04T19:24:39+02:00 baselines start configuration=5/12 dataset=Traffic model=chronos2 lags=336 horizon=48 retrieval=instance_euclidean_3_online family=baselines l2_grid=0,1e-6,1e-5,1e-4,1e-3,1e-2,1e-1,1,10 validation_fraction=0.2 fit_baselines_on_eval=false seed=1 max_t1_fit_samples=none max_t2_valid_samples=none max_adapt_refit_samples=none max_eval_fit_samples=none fit_sample_seed=1
2026-08-04 19:24:41,403 INFO [__main__] ========================================================================
2026-08-04 19:24:41,403 INFO [__main__] selected methods=('full_ridge_shared', 'full_convex_shared', 'y_ridge_shared', 'y_convex_shared', 'cov_y_ridge_shared', 'cov_y_convex_shared', 'residual_ridge_shared', 'residual_convex_shared')
2026-08-04 19:24:57,745 INFO [__main__] baseline selection start l2_grid=(0.0, 1e-06, 1e-05, 0.0001, 0.001, 0.01, 0.1, 1.0, 10.0)
2026-08-04 19:25:09,700 INFO [__main__] baseline selection done
2026-08-04 19:25:09,759 INFO [__main__] experiment done seconds=28.35
2026-08-04 19:25:09,759 INFO [__main__] ========================================================================
2026-08-04T19:25:10+02:00 baselines done configuration=5/12 dataset=Traffic model=chronos2 lags=336 horizon=48 retrieval=instance_euclidean_3_online
2026-08-04 19:25:12,232 INFO [__main__] extraction validation directory=outputs/extractions/Traffic/504_168/chronos2/instance_euclidean_3_online/extracted status=complete

2026-08-04T19:25:12+02:00 baselines start configuration=6/12 dataset=Traffic model=chronos2 lags=504 horizon=168 retrieval=instance_euclidean_3_online family=baselines l2_grid=0,1e-6,1e-5,1e-4,1e-3,1e-2,1e-1,1,10 validation_fraction=0.2 fit_baselines_on_eval=false seed=1 max_t1_fit_samples=none max_t2_valid_samples=none max_adapt_refit_samples=none max_eval_fit_samples=none fit_sample_seed=1
2026-08-04 19:25:14,934 INFO [__main__] ========================================================================
2026-08-04 19:25:14,935 INFO [__main__] selected methods=('full_ridge_shared', 'full_convex_shared', 'y_ridge_shared', 'y_convex_shared', 'cov_y_ridge_shared', 'cov_y_convex_shared', 'residual_ridge_shared', 'residual_convex_shared')
2026-08-04 19:25:49,468 INFO [__main__] baseline selection start l2_grid=(0.0, 1e-06, 1e-05, 0.0001, 0.001, 0.01, 0.1, 1.0, 10.0)
2026-08-04 19:26:30,881 INFO [__main__] baseline selection done
2026-08-04 19:26:30,941 INFO [__main__] experiment done seconds=76.00
2026-08-04 19:26:30,941 INFO [__main__] ========================================================================
2026-08-04T19:26:31+02:00 baselines done configuration=6/12 dataset=Traffic model=chronos2 lags=504 horizon=168 retrieval=instance_euclidean_3_online
2026-08-04 19:26:33,956 INFO [__main__] extraction validation directory=outputs/extractions/Solar/168_24/chronos2/instance_euclidean_3_online/extracted status=complete

2026-08-04T19:26:34+02:00 baselines start configuration=7/12 dataset=Solar model=chronos2 lags=168 horizon=24 retrieval=instance_euclidean_3_online family=baselines l2_grid=0,1e-6,1e-5,1e-4,1e-3,1e-2,1e-1,1,10 validation_fraction=0.2 fit_baselines_on_eval=false seed=1 max_t1_fit_samples=none max_t2_valid_samples=none max_adapt_refit_samples=none max_eval_fit_samples=none fit_sample_seed=1
2026-08-04 19:26:36,705 INFO [__main__] ========================================================================
2026-08-04 19:26:36,705 INFO [__main__] selected methods=('full_ridge_shared', 'full_convex_shared', 'y_ridge_shared', 'y_convex_shared', 'cov_y_ridge_shared', 'cov_y_convex_shared', 'residual_ridge_shared', 'residual_convex_shared')
2026-08-04 19:26:39,496 INFO [__main__] baseline selection start l2_grid=(0.0, 1e-06, 1e-05, 0.0001, 0.001, 0.01, 0.1, 1.0, 10.0)
2026-08-04 19:26:40,417 INFO [__main__] baseline selection done
2026-08-04 19:26:40,470 INFO [__main__] experiment done seconds=3.76
2026-08-04 19:26:40,470 INFO [__main__] ========================================================================
2026-08-04T19:26:40+02:00 baselines done configuration=7/12 dataset=Solar model=chronos2 lags=168 horizon=24 retrieval=instance_euclidean_3_online
2026-08-04 19:26:42,848 INFO [__main__] extraction validation directory=outputs/extractions/Solar/336_48/chronos2/instance_euclidean_3_online/extracted status=complete

2026-08-04T19:26:43+02:00 baselines start configuration=8/12 dataset=Solar model=chronos2 lags=336 horizon=48 retrieval=instance_euclidean_3_online family=baselines l2_grid=0,1e-6,1e-5,1e-4,1e-3,1e-2,1e-1,1,10 validation_fraction=0.2 fit_baselines_on_eval=false seed=1 max_t1_fit_samples=none max_t2_valid_samples=none max_adapt_refit_samples=none max_eval_fit_samples=none fit_sample_seed=1
2026-08-04 19:26:45,567 INFO [__main__] ========================================================================
2026-08-04 19:26:45,567 INFO [__main__] selected methods=('full_ridge_shared', 'full_convex_shared', 'y_ridge_shared', 'y_convex_shared', 'cov_y_ridge_shared', 'cov_y_convex_shared', 'residual_ridge_shared', 'residual_convex_shared')
2026-08-04 19:26:49,043 INFO [__main__] baseline selection start l2_grid=(0.0, 1e-06, 1e-05, 0.0001, 0.001, 0.01, 0.1, 1.0, 10.0)
2026-08-04 19:26:50,622 INFO [__main__] baseline selection done
2026-08-04 19:26:50,685 INFO [__main__] experiment done seconds=5.11
2026-08-04 19:26:50,685 INFO [__main__] ========================================================================
2026-08-04T19:26:51+02:00 baselines done configuration=8/12 dataset=Solar model=chronos2 lags=336 horizon=48 retrieval=instance_euclidean_3_online
2026-08-04 19:26:53,067 INFO [__main__] extraction validation directory=outputs/extractions/Solar/504_168/chronos2/instance_euclidean_3_online/extracted status=complete

2026-08-04T19:26:53+02:00 baselines start configuration=9/12 dataset=Solar model=chronos2 lags=504 horizon=168 retrieval=instance_euclidean_3_online family=baselines l2_grid=0,1e-6,1e-5,1e-4,1e-3,1e-2,1e-1,1,10 validation_fraction=0.2 fit_baselines_on_eval=false seed=1 max_t1_fit_samples=none max_t2_valid_samples=none max_adapt_refit_samples=none max_eval_fit_samples=none fit_sample_seed=1
2026-08-04 19:26:55,716 INFO [__main__] ========================================================================
2026-08-04 19:26:55,716 INFO [__main__] selected methods=('full_ridge_shared', 'full_convex_shared', 'y_ridge_shared', 'y_convex_shared', 'cov_y_ridge_shared', 'cov_y_convex_shared', 'residual_ridge_shared', 'residual_convex_shared')
2026-08-04 19:26:59,540 INFO [__main__] baseline selection start l2_grid=(0.0, 1e-06, 1e-05, 0.0001, 0.001, 0.01, 0.1, 1.0, 10.0)
2026-08-04 19:27:03,728 INFO [__main__] baseline selection done
2026-08-04 19:27:03,786 INFO [__main__] experiment done seconds=8.07
2026-08-04 19:27:03,786 INFO [__main__] ========================================================================
2026-08-04T19:27:04+02:00 baselines done configuration=9/12 dataset=Solar model=chronos2 lags=504 horizon=168 retrieval=instance_euclidean_3_online
2026-08-04 19:27:06,167 INFO [__main__] extraction validation directory=outputs/extractions/exchange_rate/168_24/chronos2/instance_euclidean_3_online/extracted status=complete

2026-08-04T19:27:06+02:00 baselines start configuration=10/12 dataset=exchange_rate model=chronos2 lags=168 horizon=24 retrieval=instance_euclidean_3_online family=baselines l2_grid=0,1e-6,1e-5,1e-4,1e-3,1e-2,1e-1,1,10 validation_fraction=0.2 fit_baselines_on_eval=false seed=1 max_t1_fit_samples=none max_t2_valid_samples=none max_adapt_refit_samples=none max_eval_fit_samples=none fit_sample_seed=1
2026-08-04 19:27:08,886 INFO [__main__] ========================================================================
2026-08-04 19:27:08,886 INFO [__main__] selected methods=('full_ridge_shared', 'full_convex_shared', 'y_ridge_shared', 'y_convex_shared', 'cov_y_ridge_shared', 'cov_y_convex_shared', 'residual_ridge_shared', 'residual_convex_shared')
2026-08-04 19:27:10,837 INFO [__main__] baseline selection start l2_grid=(0.0, 1e-06, 1e-05, 0.0001, 0.001, 0.01, 0.1, 1.0, 10.0)
2026-08-04 19:27:11,082 INFO [__main__] baseline selection done
2026-08-04 19:27:11,143 INFO [__main__] experiment done seconds=2.25
2026-08-04 19:27:11,143 INFO [__main__] ========================================================================
2026-08-04T19:27:11+02:00 baselines done configuration=10/12 dataset=exchange_rate model=chronos2 lags=168 horizon=24 retrieval=instance_euclidean_3_online
2026-08-04 19:27:13,558 INFO [__main__] extraction validation directory=outputs/extractions/exchange_rate/336_48/chronos2/instance_euclidean_3_online/extracted status=complete

2026-08-04T19:27:13+02:00 baselines start configuration=11/12 dataset=exchange_rate model=chronos2 lags=336 horizon=48 retrieval=instance_euclidean_3_online family=baselines l2_grid=0,1e-6,1e-5,1e-4,1e-3,1e-2,1e-1,1,10 validation_fraction=0.2 fit_baselines_on_eval=false seed=1 max_t1_fit_samples=none max_t2_valid_samples=none max_adapt_refit_samples=none max_eval_fit_samples=none fit_sample_seed=1
2026-08-04 19:27:16,252 INFO [__main__] ========================================================================
2026-08-04 19:27:16,252 INFO [__main__] selected methods=('full_ridge_shared', 'full_convex_shared', 'y_ridge_shared', 'y_convex_shared', 'cov_y_ridge_shared', 'cov_y_convex_shared', 'residual_ridge_shared', 'residual_convex_shared')
2026-08-04 19:27:18,146 INFO [__main__] baseline selection start l2_grid=(0.0, 1e-06, 1e-05, 0.0001, 0.001, 0.01, 0.1, 1.0, 10.0)
2026-08-04 19:27:18,477 INFO [__main__] baseline selection done
2026-08-04 19:27:18,535 INFO [__main__] experiment done seconds=2.28
2026-08-04 19:27:18,535 INFO [__main__] ========================================================================
2026-08-04T19:27:18+02:00 baselines done configuration=11/12 dataset=exchange_rate model=chronos2 lags=336 horizon=48 retrieval=instance_euclidean_3_online
2026-08-04 19:27:20,935 INFO [__main__] extraction validation directory=outputs/extractions/exchange_rate/504_168/chronos2/instance_euclidean_3_online/extracted status=complete

2026-08-04T19:27:21+02:00 baselines start configuration=12/12 dataset=exchange_rate model=chronos2 lags=504 horizon=168 retrieval=instance_euclidean_3_online family=baselines l2_grid=0,1e-6,1e-5,1e-4,1e-3,1e-2,1e-1,1,10 validation_fraction=0.2 fit_baselines_on_eval=false seed=1 max_t1_fit_samples=none max_t2_valid_samples=none max_adapt_refit_samples=none max_eval_fit_samples=none fit_sample_seed=1
2026-08-04 19:27:23,679 INFO [__main__] ========================================================================
2026-08-04 19:27:23,680 INFO [__main__] selected methods=('full_ridge_shared', 'full_convex_shared', 'y_ridge_shared', 'y_convex_shared', 'cov_y_ridge_shared', 'cov_y_convex_shared', 'residual_ridge_shared', 'residual_convex_shared')
2026-08-04 19:27:25,725 INFO [__main__] baseline selection start l2_grid=(0.0, 1e-06, 1e-05, 0.0001, 0.001, 0.01, 0.1, 1.0, 10.0)
2026-08-04 19:27:26,152 INFO [__main__] baseline selection done
2026-08-04 19:27:26,212 INFO [__main__] experiment done seconds=2.53
2026-08-04 19:27:26,212 INFO [__main__] ========================================================================
2026-08-04T19:27:26+02:00 baselines done configuration=12/12 dataset=exchange_rate model=chronos2 lags=504 horizon=168 retrieval=instance_euclidean_3_online

2026-08-04T19:27:26+02:00 job done kind=baselines output=outputs/adaptation_results/convex_baselines_ablation

2026-08-04T19:27:26+02:00 job start kind=adaptation_extraction experiment_mode=convex_baselines_ablation skip_complete=true tasks=24 datasets=Electricity,Traffic,Solar,exchange_rate models=chronos2 settings=168:24,336:48,504:168 distance_spaces=raw distance_metrics=euclidean neighbors=3

2026-08-04T19:27:26+02:00 extraction start configuration=1/24 dataset=Electricity model=chronos2 lags=168 horizon=24 retrieval=vanilla period=24 datastore_stride=24 adapt_stride=24 eval_stride=128 max_store_windows=30000 seed=1
2026-08-04 19:27:29,049 INFO [__main__] ========================================================================
2026-08-04 19:27:29,050 INFO [__main__] experiment start kind=extraction dataset=Electricity model=chronos2 lags=168 horizon=24 neighbors=0 distance=raw/euclidean
2026-08-04 19:27:29,421 INFO [__main__] extraction skipped dir=/home/h61084/codes/adapts/outputs/extractions/Electricity/168_24/chronos2/vanilla reason=complete
2026-08-04 19:27:29,421 INFO [__main__] ========================================================================
2026-08-04T19:27:29+02:00 extraction done configuration=1/24 dataset=Electricity model=chronos2 lags=168 horizon=24 retrieval=vanilla

2026-08-04T19:27:29+02:00 extraction start configuration=2/24 dataset=Electricity model=chronos2 lags=168 horizon=24 retrieval=raw_euclidean_3_online period=24 datastore_stride=24 adapt_stride=24 eval_stride=128 max_store_windows=30000 seed=1
2026-08-04 19:27:32,221 INFO [__main__] ========================================================================
2026-08-04 19:27:32,221 INFO [__main__] experiment start kind=extraction dataset=Electricity model=chronos2 lags=168 horizon=24 neighbors=3 distance=raw/euclidean
2026-08-04 19:27:32,581 INFO [__main__] extraction skipped dir=/home/h61084/codes/adapts/outputs/extractions/Electricity/168_24/chronos2/raw_euclidean_3_online/extracted reason=complete
2026-08-04 19:27:32,581 INFO [__main__] ========================================================================
2026-08-04T19:27:32+02:00 extraction done configuration=2/24 dataset=Electricity model=chronos2 lags=168 horizon=24 retrieval=raw_euclidean_3_online

2026-08-04T19:27:32+02:00 extraction start configuration=3/24 dataset=Electricity model=chronos2 lags=336 horizon=48 retrieval=vanilla period=24 datastore_stride=24 adapt_stride=24 eval_stride=128 max_store_windows=30000 seed=1
2026-08-04 19:27:35,554 INFO [__main__] ========================================================================
2026-08-04 19:27:35,554 INFO [__main__] experiment start kind=extraction dataset=Electricity model=chronos2 lags=336 horizon=48 neighbors=0 distance=raw/euclidean
2026-08-04 19:27:35,916 INFO [__main__] extraction skipped dir=/home/h61084/codes/adapts/outputs/extractions/Electricity/336_48/chronos2/vanilla reason=complete
2026-08-04 19:27:35,916 INFO [__main__] ========================================================================
2026-08-04T19:27:36+02:00 extraction done configuration=3/24 dataset=Electricity model=chronos2 lags=336 horizon=48 retrieval=vanilla

2026-08-04T19:27:36+02:00 extraction start configuration=4/24 dataset=Electricity model=chronos2 lags=336 horizon=48 retrieval=raw_euclidean_3_online period=24 datastore_stride=24 adapt_stride=24 eval_stride=128 max_store_windows=30000 seed=1
2026-08-04 19:27:38,601 INFO [__main__] ========================================================================
2026-08-04 19:27:38,601 INFO [__main__] experiment start kind=extraction dataset=Electricity model=chronos2 lags=336 horizon=48 neighbors=3 distance=raw/euclidean
2026-08-04 19:27:38,993 INFO [__main__] extraction skipped dir=/home/h61084/codes/adapts/outputs/extractions/Electricity/336_48/chronos2/raw_euclidean_3_online/extracted reason=complete
2026-08-04 19:27:38,993 INFO [__main__] ========================================================================
2026-08-04T19:27:39+02:00 extraction done configuration=4/24 dataset=Electricity model=chronos2 lags=336 horizon=48 retrieval=raw_euclidean_3_online

2026-08-04T19:27:39+02:00 extraction start configuration=5/24 dataset=Electricity model=chronos2 lags=504 horizon=168 retrieval=vanilla period=24 datastore_stride=24 adapt_stride=24 eval_stride=128 max_store_windows=30000 seed=1
2026-08-04 19:27:41,763 INFO [__main__] ========================================================================
2026-08-04 19:27:41,763 INFO [__main__] experiment start kind=extraction dataset=Electricity model=chronos2 lags=504 horizon=168 neighbors=0 distance=raw/euclidean
2026-08-04 19:27:42,108 INFO [__main__] extraction skipped dir=/home/h61084/codes/adapts/outputs/extractions/Electricity/504_168/chronos2/vanilla reason=complete
2026-08-04 19:27:42,108 INFO [__main__] ========================================================================
2026-08-04T19:27:42+02:00 extraction done configuration=5/24 dataset=Electricity model=chronos2 lags=504 horizon=168 retrieval=vanilla

2026-08-04T19:27:42+02:00 extraction start configuration=6/24 dataset=Electricity model=chronos2 lags=504 horizon=168 retrieval=raw_euclidean_3_online period=24 datastore_stride=24 adapt_stride=24 eval_stride=128 max_store_windows=30000 seed=1
2026-08-04 19:27:44,794 INFO [__main__] ========================================================================
2026-08-04 19:27:44,794 INFO [__main__] experiment start kind=extraction dataset=Electricity model=chronos2 lags=504 horizon=168 neighbors=3 distance=raw/euclidean
2026-08-04 19:27:45,146 INFO [__main__] extraction skipped dir=/home/h61084/codes/adapts/outputs/extractions/Electricity/504_168/chronos2/raw_euclidean_3_online/extracted reason=complete
2026-08-04 19:27:45,146 INFO [__main__] ========================================================================
2026-08-04T19:27:45+02:00 extraction done configuration=6/24 dataset=Electricity model=chronos2 lags=504 horizon=168 retrieval=raw_euclidean_3_online

2026-08-04T19:27:45+02:00 extraction start configuration=7/24 dataset=Traffic model=chronos2 lags=168 horizon=24 retrieval=vanilla period=24 datastore_stride=24 adapt_stride=24 eval_stride=128 max_store_windows=30000 seed=1
2026-08-04 19:27:47,879 INFO [__main__] ========================================================================
2026-08-04 19:27:47,879 INFO [__main__] experiment start kind=extraction dataset=Traffic model=chronos2 lags=168 horizon=24 neighbors=0 distance=raw/euclidean
2026-08-04 19:27:48,227 INFO [__main__] extraction skipped dir=/home/h61084/codes/adapts/outputs/extractions/Traffic/168_24/chronos2/vanilla reason=complete
2026-08-04 19:27:48,227 INFO [__main__] ========================================================================
2026-08-04T19:27:48+02:00 extraction done configuration=7/24 dataset=Traffic model=chronos2 lags=168 horizon=24 retrieval=vanilla

2026-08-04T19:27:48+02:00 extraction start configuration=8/24 dataset=Traffic model=chronos2 lags=168 horizon=24 retrieval=raw_euclidean_3_online period=24 datastore_stride=24 adapt_stride=24 eval_stride=128 max_store_windows=30000 seed=1
2026-08-04 19:27:50,917 INFO [__main__] ========================================================================
2026-08-04 19:27:50,917 INFO [__main__] experiment start kind=extraction dataset=Traffic model=chronos2 lags=168 horizon=24 neighbors=3 distance=raw/euclidean
2026-08-04 19:27:51,287 INFO [__main__] extraction skipped dir=/home/h61084/codes/adapts/outputs/extractions/Traffic/168_24/chronos2/raw_euclidean_3_online/extracted reason=complete
2026-08-04 19:27:51,287 INFO [__main__] ========================================================================
2026-08-04T19:27:51+02:00 extraction done configuration=8/24 dataset=Traffic model=chronos2 lags=168 horizon=24 retrieval=raw_euclidean_3_online

2026-08-04T19:27:51+02:00 extraction start configuration=9/24 dataset=Traffic model=chronos2 lags=336 horizon=48 retrieval=vanilla period=24 datastore_stride=24 adapt_stride=24 eval_stride=128 max_store_windows=30000 seed=1
2026-08-04 19:27:53,983 INFO [__main__] ========================================================================
2026-08-04 19:27:53,983 INFO [__main__] experiment start kind=extraction dataset=Traffic model=chronos2 lags=336 horizon=48 neighbors=0 distance=raw/euclidean
2026-08-04 19:27:54,315 INFO [__main__] extraction skipped dir=/home/h61084/codes/adapts/outputs/extractions/Traffic/336_48/chronos2/vanilla reason=complete
2026-08-04 19:27:54,315 INFO [__main__] ========================================================================
2026-08-04T19:27:54+02:00 extraction done configuration=9/24 dataset=Traffic model=chronos2 lags=336 horizon=48 retrieval=vanilla

2026-08-04T19:27:54+02:00 extraction start configuration=10/24 dataset=Traffic model=chronos2 lags=336 horizon=48 retrieval=raw_euclidean_3_online period=24 datastore_stride=24 adapt_stride=24 eval_stride=128 max_store_windows=30000 seed=1
2026-08-04 19:27:56,977 INFO [__main__] ========================================================================
2026-08-04 19:27:56,978 INFO [__main__] experiment start kind=extraction dataset=Traffic model=chronos2 lags=336 horizon=48 neighbors=3 distance=raw/euclidean
2026-08-04 19:27:57,346 INFO [__main__] extraction skipped dir=/home/h61084/codes/adapts/outputs/extractions/Traffic/336_48/chronos2/raw_euclidean_3_online/extracted reason=complete
2026-08-04 19:27:57,346 INFO [__main__] ========================================================================
2026-08-04T19:27:57+02:00 extraction done configuration=10/24 dataset=Traffic model=chronos2 lags=336 horizon=48 retrieval=raw_euclidean_3_online

2026-08-04T19:27:57+02:00 extraction start configuration=11/24 dataset=Traffic model=chronos2 lags=504 horizon=168 retrieval=vanilla period=24 datastore_stride=24 adapt_stride=24 eval_stride=128 max_store_windows=30000 seed=1
2026-08-04 19:28:00,164 INFO [__main__] ========================================================================
2026-08-04 19:28:00,164 INFO [__main__] experiment start kind=extraction dataset=Traffic model=chronos2 lags=504 horizon=168 neighbors=0 distance=raw/euclidean
2026-08-04 19:28:00,546 INFO [__main__] extraction skipped dir=/home/h61084/codes/adapts/outputs/extractions/Traffic/504_168/chronos2/vanilla reason=complete
2026-08-04 19:28:00,546 INFO [__main__] ========================================================================
2026-08-04T19:28:00+02:00 extraction done configuration=11/24 dataset=Traffic model=chronos2 lags=504 horizon=168 retrieval=vanilla

2026-08-04T19:28:00+02:00 extraction start configuration=12/24 dataset=Traffic model=chronos2 lags=504 horizon=168 retrieval=raw_euclidean_3_online period=24 datastore_stride=24 adapt_stride=24 eval_stride=128 max_store_windows=30000 seed=1
2026-08-04 19:28:03,266 INFO [__main__] ========================================================================
2026-08-04 19:28:03,267 INFO [__main__] experiment start kind=extraction dataset=Traffic model=chronos2 lags=504 horizon=168 neighbors=3 distance=raw/euclidean
2026-08-04 19:28:03,613 INFO [__main__] extraction skipped dir=/home/h61084/codes/adapts/outputs/extractions/Traffic/504_168/chronos2/raw_euclidean_3_online/extracted reason=complete
2026-08-04 19:28:03,613 INFO [__main__] ========================================================================
2026-08-04T19:28:03+02:00 extraction done configuration=12/24 dataset=Traffic model=chronos2 lags=504 horizon=168 retrieval=raw_euclidean_3_online

2026-08-04T19:28:03+02:00 extraction start configuration=13/24 dataset=Solar model=chronos2 lags=168 horizon=24 retrieval=vanilla period=24 datastore_stride=24 adapt_stride=24 eval_stride=128 max_store_windows=30000 seed=1
2026-08-04 19:28:06,363 INFO [__main__] ========================================================================
2026-08-04 19:28:06,363 INFO [__main__] experiment start kind=extraction dataset=Solar model=chronos2 lags=168 horizon=24 neighbors=0 distance=raw/euclidean
2026-08-04 19:28:06,724 INFO [__main__] extraction skipped dir=/home/h61084/codes/adapts/outputs/extractions/Solar/168_24/chronos2/vanilla reason=complete
2026-08-04 19:28:06,724 INFO [__main__] ========================================================================
2026-08-04T19:28:07+02:00 extraction done configuration=13/24 dataset=Solar model=chronos2 lags=168 horizon=24 retrieval=vanilla

2026-08-04T19:28:07+02:00 extraction start configuration=14/24 dataset=Solar model=chronos2 lags=168 horizon=24 retrieval=raw_euclidean_3_online period=24 datastore_stride=24 adapt_stride=24 eval_stride=128 max_store_windows=30000 seed=1
2026-08-04 19:28:09,518 INFO [__main__] ========================================================================
2026-08-04 19:28:09,518 INFO [__main__] experiment start kind=extraction dataset=Solar model=chronos2 lags=168 horizon=24 neighbors=3 distance=raw/euclidean
2026-08-04 19:28:09,874 INFO [__main__] extraction skipped dir=/home/h61084/codes/adapts/outputs/extractions/Solar/168_24/chronos2/raw_euclidean_3_online/extracted reason=complete
2026-08-04 19:28:09,874 INFO [__main__] ========================================================================
2026-08-04T19:28:10+02:00 extraction done configuration=14/24 dataset=Solar model=chronos2 lags=168 horizon=24 retrieval=raw_euclidean_3_online

2026-08-04T19:28:10+02:00 extraction start configuration=15/24 dataset=Solar model=chronos2 lags=336 horizon=48 retrieval=vanilla period=24 datastore_stride=24 adapt_stride=24 eval_stride=128 max_store_windows=30000 seed=1
2026-08-04 19:28:12,681 INFO [__main__] ========================================================================
2026-08-04 19:28:12,681 INFO [__main__] experiment start kind=extraction dataset=Solar model=chronos2 lags=336 horizon=48 neighbors=0 distance=raw/euclidean
2026-08-04 19:28:13,059 INFO [__main__] extraction skipped dir=/home/h61084/codes/adapts/outputs/extractions/Solar/336_48/chronos2/vanilla reason=complete
2026-08-04 19:28:13,059 INFO [__main__] ========================================================================
2026-08-04T19:28:13+02:00 extraction done configuration=15/24 dataset=Solar model=chronos2 lags=336 horizon=48 retrieval=vanilla

2026-08-04T19:28:13+02:00 extraction start configuration=16/24 dataset=Solar model=chronos2 lags=336 horizon=48 retrieval=raw_euclidean_3_online period=24 datastore_stride=24 adapt_stride=24 eval_stride=128 max_store_windows=30000 seed=1
2026-08-04 19:28:15,755 INFO [__main__] ========================================================================
2026-08-04 19:28:15,755 INFO [__main__] experiment start kind=extraction dataset=Solar model=chronos2 lags=336 horizon=48 neighbors=3 distance=raw/euclidean
2026-08-04 19:28:16,103 INFO [__main__] extraction skipped dir=/home/h61084/codes/adapts/outputs/extractions/Solar/336_48/chronos2/raw_euclidean_3_online/extracted reason=complete
2026-08-04 19:28:16,103 INFO [__main__] ========================================================================
2026-08-04T19:28:16+02:00 extraction done configuration=16/24 dataset=Solar model=chronos2 lags=336 horizon=48 retrieval=raw_euclidean_3_online

2026-08-04T19:28:16+02:00 extraction start configuration=17/24 dataset=Solar model=chronos2 lags=504 horizon=168 retrieval=vanilla period=24 datastore_stride=24 adapt_stride=24 eval_stride=128 max_store_windows=30000 seed=1
2026-08-04 19:28:18,817 INFO [__main__] ========================================================================
2026-08-04 19:28:18,817 INFO [__main__] experiment start kind=extraction dataset=Solar model=chronos2 lags=504 horizon=168 neighbors=0 distance=raw/euclidean
2026-08-04 19:28:19,179 INFO [__main__] extraction skipped dir=/home/h61084/codes/adapts/outputs/extractions/Solar/504_168/chronos2/vanilla reason=complete
2026-08-04 19:28:19,179 INFO [__main__] ========================================================================
2026-08-04T19:28:19+02:00 extraction done configuration=17/24 dataset=Solar model=chronos2 lags=504 horizon=168 retrieval=vanilla

2026-08-04T19:28:19+02:00 extraction start configuration=18/24 dataset=Solar model=chronos2 lags=504 horizon=168 retrieval=raw_euclidean_3_online period=24 datastore_stride=24 adapt_stride=24 eval_stride=128 max_store_windows=30000 seed=1
2026-08-04 19:28:22,023 INFO [__main__] ========================================================================
2026-08-04 19:28:22,023 INFO [__main__] experiment start kind=extraction dataset=Solar model=chronos2 lags=504 horizon=168 neighbors=3 distance=raw/euclidean
2026-08-04 19:28:22,357 INFO [__main__] extraction skipped dir=/home/h61084/codes/adapts/outputs/extractions/Solar/504_168/chronos2/raw_euclidean_3_online/extracted reason=complete
2026-08-04 19:28:22,357 INFO [__main__] ========================================================================
2026-08-04T19:28:22+02:00 extraction done configuration=18/24 dataset=Solar model=chronos2 lags=504 horizon=168 retrieval=raw_euclidean_3_online

2026-08-04T19:28:22+02:00 extraction start configuration=19/24 dataset=exchange_rate model=chronos2 lags=168 horizon=24 retrieval=vanilla period=24 datastore_stride=24 adapt_stride=24 eval_stride=128 max_store_windows=30000 seed=1
2026-08-04 19:28:25,038 INFO [__main__] ========================================================================
2026-08-04 19:28:25,038 INFO [__main__] experiment start kind=extraction dataset=exchange_rate model=chronos2 lags=168 horizon=24 neighbors=0 distance=raw/euclidean
2026-08-04 19:28:25,402 INFO [__main__] extraction skipped dir=/home/h61084/codes/adapts/outputs/extractions/exchange_rate/168_24/chronos2/vanilla reason=complete
2026-08-04 19:28:25,402 INFO [__main__] ========================================================================
2026-08-04T19:28:25+02:00 extraction done configuration=19/24 dataset=exchange_rate model=chronos2 lags=168 horizon=24 retrieval=vanilla

2026-08-04T19:28:25+02:00 extraction start configuration=20/24 dataset=exchange_rate model=chronos2 lags=168 horizon=24 retrieval=raw_euclidean_3_online period=24 datastore_stride=24 adapt_stride=24 eval_stride=128 max_store_windows=30000 seed=1
2026-08-04 19:28:28,079 INFO [__main__] ========================================================================
2026-08-04 19:28:28,079 INFO [__main__] experiment start kind=extraction dataset=exchange_rate model=chronos2 lags=168 horizon=24 neighbors=3 distance=raw/euclidean
2026-08-04 19:28:28,425 INFO [__main__] extraction skipped dir=/home/h61084/codes/adapts/outputs/extractions/exchange_rate/168_24/chronos2/raw_euclidean_3_online/extracted reason=complete
2026-08-04 19:28:28,425 INFO [__main__] ========================================================================
2026-08-04T19:28:28+02:00 extraction done configuration=20/24 dataset=exchange_rate model=chronos2 lags=168 horizon=24 retrieval=raw_euclidean_3_online

2026-08-04T19:28:28+02:00 extraction start configuration=21/24 dataset=exchange_rate model=chronos2 lags=336 horizon=48 retrieval=vanilla period=24 datastore_stride=24 adapt_stride=24 eval_stride=128 max_store_windows=30000 seed=1
2026-08-04 19:28:31,089 INFO [__main__] ========================================================================
2026-08-04 19:28:31,089 INFO [__main__] experiment start kind=extraction dataset=exchange_rate model=chronos2 lags=336 horizon=48 neighbors=0 distance=raw/euclidean
2026-08-04 19:28:31,462 INFO [__main__] extraction skipped dir=/home/h61084/codes/adapts/outputs/extractions/exchange_rate/336_48/chronos2/vanilla reason=complete
2026-08-04 19:28:31,462 INFO [__main__] ========================================================================
2026-08-04T19:28:31+02:00 extraction done configuration=21/24 dataset=exchange_rate model=chronos2 lags=336 horizon=48 retrieval=vanilla

2026-08-04T19:28:31+02:00 extraction start configuration=22/24 dataset=exchange_rate model=chronos2 lags=336 horizon=48 retrieval=raw_euclidean_3_online period=24 datastore_stride=24 adapt_stride=24 eval_stride=128 max_store_windows=30000 seed=1
2026-08-04 19:28:34,225 INFO [__main__] ========================================================================
2026-08-04 19:28:34,225 INFO [__main__] experiment start kind=extraction dataset=exchange_rate model=chronos2 lags=336 horizon=48 neighbors=3 distance=raw/euclidean
2026-08-04 19:28:34,605 INFO [__main__] extraction skipped dir=/home/h61084/codes/adapts/outputs/extractions/exchange_rate/336_48/chronos2/raw_euclidean_3_online/extracted reason=complete
2026-08-04 19:28:34,605 INFO [__main__] ========================================================================
2026-08-04T19:28:34+02:00 extraction done configuration=22/24 dataset=exchange_rate model=chronos2 lags=336 horizon=48 retrieval=raw_euclidean_3_online

2026-08-04T19:28:34+02:00 extraction start configuration=23/24 dataset=exchange_rate model=chronos2 lags=504 horizon=168 retrieval=vanilla period=24 datastore_stride=24 adapt_stride=24 eval_stride=128 max_store_windows=30000 seed=1
2026-08-04 19:28:37,500 INFO [__main__] ========================================================================
2026-08-04 19:28:37,500 INFO [__main__] experiment start kind=extraction dataset=exchange_rate model=chronos2 lags=504 horizon=168 neighbors=0 distance=raw/euclidean
2026-08-04 19:28:37,859 INFO [__main__] extraction skipped dir=/home/h61084/codes/adapts/outputs/extractions/exchange_rate/504_168/chronos2/vanilla reason=complete
2026-08-04 19:28:37,859 INFO [__main__] ========================================================================
2026-08-04T19:28:38+02:00 extraction done configuration=23/24 dataset=exchange_rate model=chronos2 lags=504 horizon=168 retrieval=vanilla

2026-08-04T19:28:38+02:00 extraction start configuration=24/24 dataset=exchange_rate model=chronos2 lags=504 horizon=168 retrieval=raw_euclidean_3_online period=24 datastore_stride=24 adapt_stride=24 eval_stride=128 max_store_windows=30000 seed=1
2026-08-04 19:28:40,540 INFO [__main__] ========================================================================
2026-08-04 19:28:40,540 INFO [__main__] experiment start kind=extraction dataset=exchange_rate model=chronos2 lags=504 horizon=168 neighbors=3 distance=raw/euclidean
2026-08-04 19:28:40,911 INFO [__main__] extraction skipped dir=/home/h61084/codes/adapts/outputs/extractions/exchange_rate/504_168/chronos2/raw_euclidean_3_online/extracted reason=complete
2026-08-04 19:28:40,911 INFO [__main__] ========================================================================
2026-08-04T19:28:41+02:00 extraction done configuration=24/24 dataset=exchange_rate model=chronos2 lags=504 horizon=168 retrieval=raw_euclidean_3_online

2026-08-04T19:28:41+02:00 job done kind=adaptation_extraction output=outputs/extractions

2026-08-04T19:28:41+02:00 job start kind=baselines experiment_mode=convex_baselines_ablation skip_complete=false tasks=12 datasets=Electricity,Traffic,Solar,exchange_rate models=chronos2 settings=168:24,336:48,504:168 distance_spaces=raw distance_metrics=euclidean neighbors=3 methods=cov_avgy_ridge_shared,cov_avgy_convex_shared,cov_ridge_shared,cov_convex_shared results_root=outputs/adaptation_results/convex_baselines_ablation
2026-08-04 19:28:43,270 INFO [__main__] extraction validation directory=outputs/extractions/Electricity/168_24/chronos2/raw_euclidean_3_online/extracted status=complete

2026-08-04T19:28:43+02:00 baselines start configuration=1/12 dataset=Electricity model=chronos2 lags=168 horizon=24 retrieval=raw_euclidean_3_online family=baselines l2_grid=0,1e-6,1e-5,1e-4,1e-3,1e-2,1e-1,1,10 validation_fraction=0.2 fit_baselines_on_eval=false seed=1 max_t1_fit_samples=none max_t2_valid_samples=none max_adapt_refit_samples=none max_eval_fit_samples=none fit_sample_seed=1
2026-08-04 19:28:45,981 INFO [__main__] ========================================================================
2026-08-04 19:28:45,981 INFO [__main__] selected methods=('cov_avgy_ridge_shared', 'cov_avgy_convex_shared', 'cov_ridge_shared', 'cov_convex_shared')
2026-08-04 19:28:49,040 INFO [__main__] baseline selection start l2_grid=(0.0, 1e-06, 1e-05, 0.0001, 0.001, 0.01, 0.1, 1.0, 10.0)
2026-08-04 19:28:50,690 INFO [__main__] baseline selection done
2026-08-04 19:28:50,728 INFO [__main__] experiment done seconds=4.74
2026-08-04 19:28:50,728 INFO [__main__] ========================================================================
2026-08-04T19:28:51+02:00 baselines done configuration=1/12 dataset=Electricity model=chronos2 lags=168 horizon=24 retrieval=raw_euclidean_3_online
2026-08-04 19:28:53,183 INFO [__main__] extraction validation directory=outputs/extractions/Electricity/336_48/chronos2/raw_euclidean_3_online/extracted status=complete

2026-08-04T19:28:53+02:00 baselines start configuration=2/12 dataset=Electricity model=chronos2 lags=336 horizon=48 retrieval=raw_euclidean_3_online family=baselines l2_grid=0,1e-6,1e-5,1e-4,1e-3,1e-2,1e-1,1,10 validation_fraction=0.2 fit_baselines_on_eval=false seed=1 max_t1_fit_samples=none max_t2_valid_samples=none max_adapt_refit_samples=none max_eval_fit_samples=none fit_sample_seed=1
2026-08-04 19:28:55,889 INFO [__main__] ========================================================================
2026-08-04 19:28:55,889 INFO [__main__] selected methods=('cov_avgy_ridge_shared', 'cov_avgy_convex_shared', 'cov_ridge_shared', 'cov_convex_shared')
2026-08-04 19:28:59,015 INFO [__main__] baseline selection start l2_grid=(0.0, 1e-06, 1e-05, 0.0001, 0.001, 0.01, 0.1, 1.0, 10.0)
2026-08-04 19:29:01,864 INFO [__main__] baseline selection done
2026-08-04 19:29:01,916 INFO [__main__] experiment done seconds=6.02
2026-08-04 19:29:01,916 INFO [__main__] ========================================================================
2026-08-04T19:29:02+02:00 baselines done configuration=2/12 dataset=Electricity model=chronos2 lags=336 horizon=48 retrieval=raw_euclidean_3_online
2026-08-04 19:29:04,374 INFO [__main__] extraction validation directory=outputs/extractions/Electricity/504_168/chronos2/raw_euclidean_3_online/extracted status=complete

2026-08-04T19:29:04+02:00 baselines start configuration=3/12 dataset=Electricity model=chronos2 lags=504 horizon=168 retrieval=raw_euclidean_3_online family=baselines l2_grid=0,1e-6,1e-5,1e-4,1e-3,1e-2,1e-1,1,10 validation_fraction=0.2 fit_baselines_on_eval=false seed=1 max_t1_fit_samples=none max_t2_valid_samples=none max_adapt_refit_samples=none max_eval_fit_samples=none fit_sample_seed=1
2026-08-04 19:29:07,029 INFO [__main__] ========================================================================
2026-08-04 19:29:07,029 INFO [__main__] selected methods=('cov_avgy_ridge_shared', 'cov_avgy_convex_shared', 'cov_ridge_shared', 'cov_convex_shared')
2026-08-04 19:29:11,600 INFO [__main__] baseline selection start l2_grid=(0.0, 1e-06, 1e-05, 0.0001, 0.001, 0.01, 0.1, 1.0, 10.0)
2026-08-04 19:29:20,899 INFO [__main__] baseline selection done
2026-08-04 19:29:20,948 INFO [__main__] experiment done seconds=13.92
2026-08-04 19:29:20,948 INFO [__main__] ========================================================================
2026-08-04T19:29:21+02:00 baselines done configuration=3/12 dataset=Electricity model=chronos2 lags=504 horizon=168 retrieval=raw_euclidean_3_online
2026-08-04 19:29:23,434 INFO [__main__] extraction validation directory=outputs/extractions/Traffic/168_24/chronos2/raw_euclidean_3_online/extracted status=complete

2026-08-04T19:29:23+02:00 baselines start configuration=4/12 dataset=Traffic model=chronos2 lags=168 horizon=24 retrieval=raw_euclidean_3_online family=baselines l2_grid=0,1e-6,1e-5,1e-4,1e-3,1e-2,1e-1,1,10 validation_fraction=0.2 fit_baselines_on_eval=false seed=1 max_t1_fit_samples=none max_t2_valid_samples=none max_adapt_refit_samples=none max_eval_fit_samples=none fit_sample_seed=1
2026-08-04 19:29:26,168 INFO [__main__] ========================================================================
2026-08-04 19:29:26,168 INFO [__main__] selected methods=('cov_avgy_ridge_shared', 'cov_avgy_convex_shared', 'cov_ridge_shared', 'cov_convex_shared')
2026-08-04 19:29:37,068 INFO [__main__] baseline selection start l2_grid=(0.0, 1e-06, 1e-05, 0.0001, 0.001, 0.01, 0.1, 1.0, 10.0)
2026-08-04 19:29:40,221 INFO [__main__] baseline selection done
2026-08-04 19:29:40,275 INFO [__main__] experiment done seconds=14.10
2026-08-04 19:29:40,275 INFO [__main__] ========================================================================
2026-08-04T19:29:40+02:00 baselines done configuration=4/12 dataset=Traffic model=chronos2 lags=168 horizon=24 retrieval=raw_euclidean_3_online
2026-08-04 19:29:42,955 INFO [__main__] extraction validation directory=outputs/extractions/Traffic/336_48/chronos2/raw_euclidean_3_online/extracted status=complete

2026-08-04T19:29:43+02:00 baselines start configuration=5/12 dataset=Traffic model=chronos2 lags=336 horizon=48 retrieval=raw_euclidean_3_online family=baselines l2_grid=0,1e-6,1e-5,1e-4,1e-3,1e-2,1e-1,1,10 validation_fraction=0.2 fit_baselines_on_eval=false seed=1 max_t1_fit_samples=none max_t2_valid_samples=none max_adapt_refit_samples=none max_eval_fit_samples=none fit_sample_seed=1
2026-08-04 19:29:45,757 INFO [__main__] ========================================================================
2026-08-04 19:29:45,757 INFO [__main__] selected methods=('cov_avgy_ridge_shared', 'cov_avgy_convex_shared', 'cov_ridge_shared', 'cov_convex_shared')
2026-08-04 19:30:06,397 INFO [__main__] baseline selection start l2_grid=(0.0, 1e-06, 1e-05, 0.0001, 0.001, 0.01, 0.1, 1.0, 10.0)
2026-08-04 19:30:11,328 INFO [__main__] baseline selection done
2026-08-04 19:30:11,369 INFO [__main__] experiment done seconds=25.61
2026-08-04 19:30:11,369 INFO [__main__] ========================================================================
2026-08-04T19:30:11+02:00 baselines done configuration=5/12 dataset=Traffic model=chronos2 lags=336 horizon=48 retrieval=raw_euclidean_3_online
2026-08-04 19:30:13,819 INFO [__main__] extraction validation directory=outputs/extractions/Traffic/504_168/chronos2/raw_euclidean_3_online/extracted status=complete

2026-08-04T19:30:14+02:00 baselines start configuration=6/12 dataset=Traffic model=chronos2 lags=504 horizon=168 retrieval=raw_euclidean_3_online family=baselines l2_grid=0,1e-6,1e-5,1e-4,1e-3,1e-2,1e-1,1,10 validation_fraction=0.2 fit_baselines_on_eval=false seed=1 max_t1_fit_samples=none max_t2_valid_samples=none max_adapt_refit_samples=none max_eval_fit_samples=none fit_sample_seed=1
2026-08-04 19:30:16,573 INFO [__main__] ========================================================================
2026-08-04 19:30:16,573 INFO [__main__] selected methods=('cov_avgy_ridge_shared', 'cov_avgy_convex_shared', 'cov_ridge_shared', 'cov_convex_shared')
2026-08-04 19:30:46,465 INFO [__main__] baseline selection start l2_grid=(0.0, 1e-06, 1e-05, 0.0001, 0.001, 0.01, 0.1, 1.0, 10.0)
2026-08-04 19:31:03,349 INFO [__main__] baseline selection done
2026-08-04 19:31:03,384 INFO [__main__] experiment done seconds=46.81
2026-08-04 19:31:03,384 INFO [__main__] ========================================================================
2026-08-04T19:31:03+02:00 baselines done configuration=6/12 dataset=Traffic model=chronos2 lags=504 horizon=168 retrieval=raw_euclidean_3_online
2026-08-04 19:31:06,166 INFO [__main__] extraction validation directory=outputs/extractions/Solar/168_24/chronos2/raw_euclidean_3_online/extracted status=complete

2026-08-04T19:31:06+02:00 baselines start configuration=7/12 dataset=Solar model=chronos2 lags=168 horizon=24 retrieval=raw_euclidean_3_online family=baselines l2_grid=0,1e-6,1e-5,1e-4,1e-3,1e-2,1e-1,1,10 validation_fraction=0.2 fit_baselines_on_eval=false seed=1 max_t1_fit_samples=none max_t2_valid_samples=none max_adapt_refit_samples=none max_eval_fit_samples=none fit_sample_seed=1
2026-08-04 19:31:08,855 INFO [__main__] ========================================================================
2026-08-04 19:31:08,855 INFO [__main__] selected methods=('cov_avgy_ridge_shared', 'cov_avgy_convex_shared', 'cov_ridge_shared', 'cov_convex_shared')
2026-08-04 19:31:11,627 INFO [__main__] baseline selection start l2_grid=(0.0, 1e-06, 1e-05, 0.0001, 0.001, 0.01, 0.1, 1.0, 10.0)
2026-08-04 19:31:11,991 INFO [__main__] baseline selection done
2026-08-04 19:31:12,035 INFO [__main__] experiment done seconds=3.18
2026-08-04 19:31:12,035 INFO [__main__] ========================================================================
2026-08-04T19:31:12+02:00 baselines done configuration=7/12 dataset=Solar model=chronos2 lags=168 horizon=24 retrieval=raw_euclidean_3_online
2026-08-04 19:31:14,458 INFO [__main__] extraction validation directory=outputs/extractions/Solar/336_48/chronos2/raw_euclidean_3_online/extracted status=complete

2026-08-04T19:31:14+02:00 baselines start configuration=8/12 dataset=Solar model=chronos2 lags=336 horizon=48 retrieval=raw_euclidean_3_online family=baselines l2_grid=0,1e-6,1e-5,1e-4,1e-3,1e-2,1e-1,1,10 validation_fraction=0.2 fit_baselines_on_eval=false seed=1 max_t1_fit_samples=none max_t2_valid_samples=none max_adapt_refit_samples=none max_eval_fit_samples=none fit_sample_seed=1
2026-08-04 19:31:17,149 INFO [__main__] ========================================================================
2026-08-04 19:31:17,149 INFO [__main__] selected methods=('cov_avgy_ridge_shared', 'cov_avgy_convex_shared', 'cov_ridge_shared', 'cov_convex_shared')
2026-08-04 19:31:19,975 INFO [__main__] baseline selection start l2_grid=(0.0, 1e-06, 1e-05, 0.0001, 0.001, 0.01, 0.1, 1.0, 10.0)
2026-08-04 19:31:20,623 INFO [__main__] baseline selection done
2026-08-04 19:31:20,667 INFO [__main__] experiment done seconds=3.51
2026-08-04 19:31:20,667 INFO [__main__] ========================================================================
2026-08-04T19:31:21+02:00 baselines done configuration=8/12 dataset=Solar model=chronos2 lags=336 horizon=48 retrieval=raw_euclidean_3_online
2026-08-04 19:31:22,989 INFO [__main__] extraction validation directory=outputs/extractions/Solar/504_168/chronos2/raw_euclidean_3_online/extracted status=complete

2026-08-04T19:31:23+02:00 baselines start configuration=9/12 dataset=Solar model=chronos2 lags=504 horizon=168 retrieval=raw_euclidean_3_online family=baselines l2_grid=0,1e-6,1e-5,1e-4,1e-3,1e-2,1e-1,1,10 validation_fraction=0.2 fit_baselines_on_eval=false seed=1 max_t1_fit_samples=none max_t2_valid_samples=none max_adapt_refit_samples=none max_eval_fit_samples=none fit_sample_seed=1
2026-08-04 19:31:25,673 INFO [__main__] ========================================================================
2026-08-04 19:31:25,673 INFO [__main__] selected methods=('cov_avgy_ridge_shared', 'cov_avgy_convex_shared', 'cov_ridge_shared', 'cov_convex_shared')
2026-08-04 19:31:30,003 INFO [__main__] baseline selection start l2_grid=(0.0, 1e-06, 1e-05, 0.0001, 0.001, 0.01, 0.1, 1.0, 10.0)
2026-08-04 19:31:31,390 INFO [__main__] baseline selection done
2026-08-04 19:31:31,448 INFO [__main__] experiment done seconds=5.77
2026-08-04 19:31:31,448 INFO [__main__] ========================================================================
2026-08-04T19:31:31+02:00 baselines done configuration=9/12 dataset=Solar model=chronos2 lags=504 horizon=168 retrieval=raw_euclidean_3_online
2026-08-04 19:31:33,842 INFO [__main__] extraction validation directory=outputs/extractions/exchange_rate/168_24/chronos2/raw_euclidean_3_online/extracted status=complete

2026-08-04T19:31:34+02:00 baselines start configuration=10/12 dataset=exchange_rate model=chronos2 lags=168 horizon=24 retrieval=raw_euclidean_3_online family=baselines l2_grid=0,1e-6,1e-5,1e-4,1e-3,1e-2,1e-1,1,10 validation_fraction=0.2 fit_baselines_on_eval=false seed=1 max_t1_fit_samples=none max_t2_valid_samples=none max_adapt_refit_samples=none max_eval_fit_samples=none fit_sample_seed=1
2026-08-04 19:31:36,662 INFO [__main__] ========================================================================
2026-08-04 19:31:36,662 INFO [__main__] selected methods=('cov_avgy_ridge_shared', 'cov_avgy_convex_shared', 'cov_ridge_shared', 'cov_convex_shared')
2026-08-04 19:31:38,747 INFO [__main__] baseline selection start l2_grid=(0.0, 1e-06, 1e-05, 0.0001, 0.001, 0.01, 0.1, 1.0, 10.0)
2026-08-04 19:31:38,896 INFO [__main__] baseline selection done
2026-08-04 19:31:38,930 INFO [__main__] experiment done seconds=2.27
2026-08-04 19:31:38,930 INFO [__main__] ========================================================================
2026-08-04T19:31:39+02:00 baselines done configuration=10/12 dataset=exchange_rate model=chronos2 lags=168 horizon=24 retrieval=raw_euclidean_3_online
2026-08-04 19:31:41,371 INFO [__main__] extraction validation directory=outputs/extractions/exchange_rate/336_48/chronos2/raw_euclidean_3_online/extracted status=complete

2026-08-04T19:31:41+02:00 baselines start configuration=11/12 dataset=exchange_rate model=chronos2 lags=336 horizon=48 retrieval=raw_euclidean_3_online family=baselines l2_grid=0,1e-6,1e-5,1e-4,1e-3,1e-2,1e-1,1,10 validation_fraction=0.2 fit_baselines_on_eval=false seed=1 max_t1_fit_samples=none max_t2_valid_samples=none max_adapt_refit_samples=none max_eval_fit_samples=none fit_sample_seed=1
2026-08-04 19:31:44,073 INFO [__main__] ========================================================================
2026-08-04 19:31:44,073 INFO [__main__] selected methods=('cov_avgy_ridge_shared', 'cov_avgy_convex_shared', 'cov_ridge_shared', 'cov_convex_shared')
2026-08-04 19:31:45,898 INFO [__main__] baseline selection start l2_grid=(0.0, 1e-06, 1e-05, 0.0001, 0.001, 0.01, 0.1, 1.0, 10.0)
2026-08-04 19:31:46,062 INFO [__main__] baseline selection done
2026-08-04 19:31:46,097 INFO [__main__] experiment done seconds=2.02
2026-08-04 19:31:46,097 INFO [__main__] ========================================================================
2026-08-04T19:31:46+02:00 baselines done configuration=11/12 dataset=exchange_rate model=chronos2 lags=336 horizon=48 retrieval=raw_euclidean_3_online
2026-08-04 19:31:48,480 INFO [__main__] extraction validation directory=outputs/extractions/exchange_rate/504_168/chronos2/raw_euclidean_3_online/extracted status=complete

2026-08-04T19:31:48+02:00 baselines start configuration=12/12 dataset=exchange_rate model=chronos2 lags=504 horizon=168 retrieval=raw_euclidean_3_online family=baselines l2_grid=0,1e-6,1e-5,1e-4,1e-3,1e-2,1e-1,1,10 validation_fraction=0.2 fit_baselines_on_eval=false seed=1 max_t1_fit_samples=none max_t2_valid_samples=none max_adapt_refit_samples=none max_eval_fit_samples=none fit_sample_seed=1
2026-08-04 19:31:51,153 INFO [__main__] ========================================================================
2026-08-04 19:31:51,153 INFO [__main__] selected methods=('cov_avgy_ridge_shared', 'cov_avgy_convex_shared', 'cov_ridge_shared', 'cov_convex_shared')
2026-08-04 19:31:53,005 INFO [__main__] baseline selection start l2_grid=(0.0, 1e-06, 1e-05, 0.0001, 0.001, 0.01, 0.1, 1.0, 10.0)
2026-08-04 19:31:53,293 INFO [__main__] baseline selection done
2026-08-04 19:31:53,329 INFO [__main__] experiment done seconds=2.17
2026-08-04 19:31:53,329 INFO [__main__] ========================================================================
2026-08-04T19:31:53+02:00 baselines done configuration=12/12 dataset=exchange_rate model=chronos2 lags=504 horizon=168 retrieval=raw_euclidean_3_online

2026-08-04T19:31:53+02:00 job done kind=baselines output=outputs/adaptation_results/convex_baselines_ablation

2026-08-04T19:31:53+02:00 job start kind=adaptation_tables experiment_mode=convex_baselines_ablation datasets=Electricity,Traffic,Solar,exchange_rate models=chronos2 settings=168_24,336_48,504_168 families=baselines metric=nmse distance_metrics=euclidean methods=full_ridge_shared,full_convex_shared,y_ridge_shared,y_convex_shared,cov_y_ridge_shared,cov_y_convex_shared,residual_ridge_shared,residual_convex_shared,cov_avgy_ridge_shared,cov_avgy_convex_shared,cov_ridge_shared,cov_convex_shared table_kinds=full,average results_root=outputs/adaptation_results/convex_baselines_ablation

2026-08-04T19:31:53+02:00 table start model=chronos2 kind=full metric=nmse split=eval decimals=2 output=outputs/adaptation_results/convex_baselines_ablation/tables/chronos2/full
LaTeX table written to /home/h61084/codes/adapts/outputs/adaptation_results/convex_baselines_ablation/tables/chronos2/full/baselines_results.tex
2026-08-04T19:31:58+02:00 table done model=chronos2 kind=full output=outputs/adaptation_results/convex_baselines_ablation/tables/chronos2/full

2026-08-04T19:31:58+02:00 table start model=chronos2 kind=average metric=nmse split=eval decimals=2 output=outputs/adaptation_results/convex_baselines_ablation/tables/chronos2/average
LaTeX table written to /home/h61084/codes/adapts/outputs/adaptation_results/convex_baselines_ablation/tables/chronos2/average/baselines_results.tex
LaTeX table written to /home/h61084/codes/adapts/outputs/adaptation_results/convex_baselines_ablation/tables/chronos2/average/positive_windows_results.tex
2026-08-04T19:32:02+02:00 table done model=chronos2 kind=average output=outputs/adaptation_results/convex_baselines_ablation/tables/chronos2/average

2026-08-04T19:32:02+02:00 job done kind=adaptation_tables output=outputs/adaptation_results/convex_baselines_ablation/tables
