
2026-08-06T17:24:13+02:00 job start kind=adaptation_extraction experiment_mode=convex_baselines_ablation skip_complete=true tasks=24 datasets=Electricity,Traffic,Solar,exchange_rate models=chronos2 settings=168:24,336:48,504:168 distance_spaces=instance distance_metrics=euclidean neighbors=3

2026-08-06T17:24:13+02:00 extraction start configuration=1/24 dataset=Electricity model=chronos2 lags=168 horizon=24 retrieval=vanilla period=24 datastore_stride=24 adapt_stride=24 eval_stride=128 max_store_windows=30000 seed=1
2026-08-06 17:24:16,706 INFO [__main__] ========================================================================
2026-08-06 17:24:16,706 INFO [__main__] experiment start kind=extraction dataset=Electricity model=chronos2 lags=168 horizon=24 neighbors=0 distance=raw/euclidean
2026-08-06 17:24:17,054 INFO [__main__] extraction skipped dir=/home/h61084/codes/adapts/outputs/extractions/Electricity/168_24/chronos2/vanilla reason=complete
2026-08-06 17:24:17,054 INFO [__main__] ========================================================================
2026-08-06T17:24:17+02:00 extraction done configuration=1/24 dataset=Electricity model=chronos2 lags=168 horizon=24 retrieval=vanilla

2026-08-06T17:24:17+02:00 extraction start configuration=2/24 dataset=Electricity model=chronos2 lags=168 horizon=24 retrieval=instance_euclidean_3_online period=24 datastore_stride=24 adapt_stride=24 eval_stride=128 max_store_windows=30000 seed=1
2026-08-06 17:24:20,642 INFO [__main__] ========================================================================
2026-08-06 17:24:20,642 INFO [__main__] experiment start kind=extraction dataset=Electricity model=chronos2 lags=168 horizon=24 neighbors=3 distance=instance/euclidean
2026-08-06 17:24:20,996 INFO [__main__] extraction skipped dir=/home/h61084/codes/adapts/outputs/extractions/Electricity/168_24/chronos2/instance_euclidean_3_online/extracted reason=complete
2026-08-06 17:24:20,996 INFO [__main__] ========================================================================
2026-08-06T17:24:21+02:00 extraction done configuration=2/24 dataset=Electricity model=chronos2 lags=168 horizon=24 retrieval=instance_euclidean_3_online

2026-08-06T17:24:21+02:00 extraction start configuration=3/24 dataset=Electricity model=chronos2 lags=336 horizon=48 retrieval=vanilla period=24 datastore_stride=24 adapt_stride=24 eval_stride=128 max_store_windows=30000 seed=1
2026-08-06 17:24:23,952 INFO [__main__] ========================================================================
2026-08-06 17:24:23,952 INFO [__main__] experiment start kind=extraction dataset=Electricity model=chronos2 lags=336 horizon=48 neighbors=0 distance=raw/euclidean
2026-08-06 17:24:24,361 INFO [__main__] extraction skipped dir=/home/h61084/codes/adapts/outputs/extractions/Electricity/336_48/chronos2/vanilla reason=complete
2026-08-06 17:24:24,361 INFO [__main__] ========================================================================
2026-08-06T17:24:24+02:00 extraction done configuration=3/24 dataset=Electricity model=chronos2 lags=336 horizon=48 retrieval=vanilla

2026-08-06T17:24:24+02:00 extraction start configuration=4/24 dataset=Electricity model=chronos2 lags=336 horizon=48 retrieval=instance_euclidean_3_online period=24 datastore_stride=24 adapt_stride=24 eval_stride=128 max_store_windows=30000 seed=1
2026-08-06 17:24:27,721 INFO [__main__] ========================================================================
2026-08-06 17:24:27,721 INFO [__main__] experiment start kind=extraction dataset=Electricity model=chronos2 lags=336 horizon=48 neighbors=3 distance=instance/euclidean
2026-08-06 17:24:28,071 INFO [__main__] extraction skipped dir=/home/h61084/codes/adapts/outputs/extractions/Electricity/336_48/chronos2/instance_euclidean_3_online/extracted reason=complete
2026-08-06 17:24:28,071 INFO [__main__] ========================================================================
2026-08-06T17:24:28+02:00 extraction done configuration=4/24 dataset=Electricity model=chronos2 lags=336 horizon=48 retrieval=instance_euclidean_3_online

2026-08-06T17:24:28+02:00 extraction start configuration=5/24 dataset=Electricity model=chronos2 lags=504 horizon=168 retrieval=vanilla period=24 datastore_stride=24 adapt_stride=24 eval_stride=128 max_store_windows=30000 seed=1
2026-08-06 17:24:31,120 INFO [__main__] ========================================================================
2026-08-06 17:24:31,120 INFO [__main__] experiment start kind=extraction dataset=Electricity model=chronos2 lags=504 horizon=168 neighbors=0 distance=raw/euclidean
2026-08-06 17:24:31,496 INFO [__main__] extraction skipped dir=/home/h61084/codes/adapts/outputs/extractions/Electricity/504_168/chronos2/vanilla reason=complete
2026-08-06 17:24:31,496 INFO [__main__] ========================================================================
2026-08-06T17:24:31+02:00 extraction done configuration=5/24 dataset=Electricity model=chronos2 lags=504 horizon=168 retrieval=vanilla

2026-08-06T17:24:31+02:00 extraction start configuration=6/24 dataset=Electricity model=chronos2 lags=504 horizon=168 retrieval=instance_euclidean_3_online period=24 datastore_stride=24 adapt_stride=24 eval_stride=128 max_store_windows=30000 seed=1
2026-08-06 17:24:34,886 INFO [__main__] ========================================================================
2026-08-06 17:24:34,886 INFO [__main__] experiment start kind=extraction dataset=Electricity model=chronos2 lags=504 horizon=168 neighbors=3 distance=instance/euclidean
2026-08-06 17:24:35,226 INFO [__main__] extraction skipped dir=/home/h61084/codes/adapts/outputs/extractions/Electricity/504_168/chronos2/instance_euclidean_3_online/extracted reason=complete
2026-08-06 17:24:35,226 INFO [__main__] ========================================================================
2026-08-06T17:24:35+02:00 extraction done configuration=6/24 dataset=Electricity model=chronos2 lags=504 horizon=168 retrieval=instance_euclidean_3_online

2026-08-06T17:24:35+02:00 extraction start configuration=7/24 dataset=Traffic model=chronos2 lags=168 horizon=24 retrieval=vanilla period=24 datastore_stride=24 adapt_stride=24 eval_stride=128 max_store_windows=30000 seed=1
2026-08-06 17:24:38,310 INFO [__main__] ========================================================================
2026-08-06 17:24:38,311 INFO [__main__] experiment start kind=extraction dataset=Traffic model=chronos2 lags=168 horizon=24 neighbors=0 distance=raw/euclidean
2026-08-06 17:24:38,717 INFO [__main__] extraction skipped dir=/home/h61084/codes/adapts/outputs/extractions/Traffic/168_24/chronos2/vanilla reason=complete
2026-08-06 17:24:38,717 INFO [__main__] ========================================================================
2026-08-06T17:24:39+02:00 extraction done configuration=7/24 dataset=Traffic model=chronos2 lags=168 horizon=24 retrieval=vanilla

2026-08-06T17:24:39+02:00 extraction start configuration=8/24 dataset=Traffic model=chronos2 lags=168 horizon=24 retrieval=instance_euclidean_3_online period=24 datastore_stride=24 adapt_stride=24 eval_stride=128 max_store_windows=30000 seed=1
2026-08-06 17:24:41,826 INFO [__main__] ========================================================================
2026-08-06 17:24:41,826 INFO [__main__] experiment start kind=extraction dataset=Traffic model=chronos2 lags=168 horizon=24 neighbors=3 distance=instance/euclidean
2026-08-06 17:24:42,184 INFO [__main__] extraction skipped dir=/home/h61084/codes/adapts/outputs/extractions/Traffic/168_24/chronos2/instance_euclidean_3_online/extracted reason=complete
2026-08-06 17:24:42,184 INFO [__main__] ========================================================================
2026-08-06T17:24:42+02:00 extraction done configuration=8/24 dataset=Traffic model=chronos2 lags=168 horizon=24 retrieval=instance_euclidean_3_online

2026-08-06T17:24:42+02:00 extraction start configuration=9/24 dataset=Traffic model=chronos2 lags=336 horizon=48 retrieval=vanilla period=24 datastore_stride=24 adapt_stride=24 eval_stride=128 max_store_windows=30000 seed=1
2026-08-06 17:24:45,424 INFO [__main__] ========================================================================
2026-08-06 17:24:45,424 INFO [__main__] experiment start kind=extraction dataset=Traffic model=chronos2 lags=336 horizon=48 neighbors=0 distance=raw/euclidean
2026-08-06 17:24:45,748 INFO [__main__] extraction skipped dir=/home/h61084/codes/adapts/outputs/extractions/Traffic/336_48/chronos2/vanilla reason=complete
2026-08-06 17:24:45,748 INFO [__main__] ========================================================================
2026-08-06T17:24:46+02:00 extraction done configuration=9/24 dataset=Traffic model=chronos2 lags=336 horizon=48 retrieval=vanilla

2026-08-06T17:24:46+02:00 extraction start configuration=10/24 dataset=Traffic model=chronos2 lags=336 horizon=48 retrieval=instance_euclidean_3_online period=24 datastore_stride=24 adapt_stride=24 eval_stride=128 max_store_windows=30000 seed=1
2026-08-06 17:24:48,838 INFO [__main__] ========================================================================
2026-08-06 17:24:48,838 INFO [__main__] experiment start kind=extraction dataset=Traffic model=chronos2 lags=336 horizon=48 neighbors=3 distance=instance/euclidean
2026-08-06 17:24:49,189 INFO [__main__] extraction skipped dir=/home/h61084/codes/adapts/outputs/extractions/Traffic/336_48/chronos2/instance_euclidean_3_online/extracted reason=complete
2026-08-06 17:24:49,189 INFO [__main__] ========================================================================
2026-08-06T17:24:49+02:00 extraction done configuration=10/24 dataset=Traffic model=chronos2 lags=336 horizon=48 retrieval=instance_euclidean_3_online

2026-08-06T17:24:49+02:00 extraction start configuration=11/24 dataset=Traffic model=chronos2 lags=504 horizon=168 retrieval=vanilla period=24 datastore_stride=24 adapt_stride=24 eval_stride=128 max_store_windows=30000 seed=1
2026-08-06 17:24:52,769 INFO [__main__] ========================================================================
2026-08-06 17:24:52,769 INFO [__main__] experiment start kind=extraction dataset=Traffic model=chronos2 lags=504 horizon=168 neighbors=0 distance=raw/euclidean
2026-08-06 17:24:53,117 INFO [__main__] extraction skipped dir=/home/h61084/codes/adapts/outputs/extractions/Traffic/504_168/chronos2/vanilla reason=complete
2026-08-06 17:24:53,117 INFO [__main__] ========================================================================
2026-08-06T17:24:53+02:00 extraction done configuration=11/24 dataset=Traffic model=chronos2 lags=504 horizon=168 retrieval=vanilla

2026-08-06T17:24:53+02:00 extraction start configuration=12/24 dataset=Traffic model=chronos2 lags=504 horizon=168 retrieval=instance_euclidean_3_online period=24 datastore_stride=24 adapt_stride=24 eval_stride=128 max_store_windows=30000 seed=1
2026-08-06 17:24:56,093 INFO [__main__] ========================================================================
2026-08-06 17:24:56,094 INFO [__main__] experiment start kind=extraction dataset=Traffic model=chronos2 lags=504 horizon=168 neighbors=3 distance=instance/euclidean
2026-08-06 17:24:56,523 INFO [__main__] extraction skipped dir=/home/h61084/codes/adapts/outputs/extractions/Traffic/504_168/chronos2/instance_euclidean_3_online/extracted reason=complete
2026-08-06 17:24:56,523 INFO [__main__] ========================================================================
2026-08-06T17:24:56+02:00 extraction done configuration=12/24 dataset=Traffic model=chronos2 lags=504 horizon=168 retrieval=instance_euclidean_3_online

2026-08-06T17:24:56+02:00 extraction start configuration=13/24 dataset=Solar model=chronos2 lags=168 horizon=24 retrieval=vanilla period=24 datastore_stride=24 adapt_stride=24 eval_stride=128 max_store_windows=30000 seed=1
2026-08-06 17:24:59,893 INFO [__main__] ========================================================================
2026-08-06 17:24:59,893 INFO [__main__] experiment start kind=extraction dataset=Solar model=chronos2 lags=168 horizon=24 neighbors=0 distance=raw/euclidean
2026-08-06 17:25:00,249 INFO [__main__] extraction skipped dir=/home/h61084/codes/adapts/outputs/extractions/Solar/168_24/chronos2/vanilla reason=complete
2026-08-06 17:25:00,249 INFO [__main__] ========================================================================
2026-08-06T17:25:00+02:00 extraction done configuration=13/24 dataset=Solar model=chronos2 lags=168 horizon=24 retrieval=vanilla

2026-08-06T17:25:00+02:00 extraction start configuration=14/24 dataset=Solar model=chronos2 lags=168 horizon=24 retrieval=instance_euclidean_3_online period=24 datastore_stride=24 adapt_stride=24 eval_stride=128 max_store_windows=30000 seed=1
2026-08-06 17:25:03,290 INFO [__main__] ========================================================================
2026-08-06 17:25:03,290 INFO [__main__] experiment start kind=extraction dataset=Solar model=chronos2 lags=168 horizon=24 neighbors=3 distance=instance/euclidean
2026-08-06 17:25:03,635 INFO [__main__] extraction skipped dir=/home/h61084/codes/adapts/outputs/extractions/Solar/168_24/chronos2/instance_euclidean_3_online/extracted reason=complete
2026-08-06 17:25:03,635 INFO [__main__] ========================================================================
2026-08-06T17:25:03+02:00 extraction done configuration=14/24 dataset=Solar model=chronos2 lags=168 horizon=24 retrieval=instance_euclidean_3_online

2026-08-06T17:25:03+02:00 extraction start configuration=15/24 dataset=Solar model=chronos2 lags=336 horizon=48 retrieval=vanilla period=24 datastore_stride=24 adapt_stride=24 eval_stride=128 max_store_windows=30000 seed=1
2026-08-06 17:25:07,136 INFO [__main__] ========================================================================
2026-08-06 17:25:07,136 INFO [__main__] experiment start kind=extraction dataset=Solar model=chronos2 lags=336 horizon=48 neighbors=0 distance=raw/euclidean
2026-08-06 17:25:07,509 INFO [__main__] extraction skipped dir=/home/h61084/codes/adapts/outputs/extractions/Solar/336_48/chronos2/vanilla reason=complete
2026-08-06 17:25:07,509 INFO [__main__] ========================================================================
2026-08-06T17:25:07+02:00 extraction done configuration=15/24 dataset=Solar model=chronos2 lags=336 horizon=48 retrieval=vanilla

2026-08-06T17:25:07+02:00 extraction start configuration=16/24 dataset=Solar model=chronos2 lags=336 horizon=48 retrieval=instance_euclidean_3_online period=24 datastore_stride=24 adapt_stride=24 eval_stride=128 max_store_windows=30000 seed=1
2026-08-06 17:25:10,543 INFO [__main__] ========================================================================
2026-08-06 17:25:10,543 INFO [__main__] experiment start kind=extraction dataset=Solar model=chronos2 lags=336 horizon=48 neighbors=3 distance=instance/euclidean
2026-08-06 17:25:10,893 INFO [__main__] extraction skipped dir=/home/h61084/codes/adapts/outputs/extractions/Solar/336_48/chronos2/instance_euclidean_3_online/extracted reason=complete
2026-08-06 17:25:10,893 INFO [__main__] ========================================================================
2026-08-06T17:25:11+02:00 extraction done configuration=16/24 dataset=Solar model=chronos2 lags=336 horizon=48 retrieval=instance_euclidean_3_online

2026-08-06T17:25:11+02:00 extraction start configuration=17/24 dataset=Solar model=chronos2 lags=504 horizon=168 retrieval=vanilla period=24 datastore_stride=24 adapt_stride=24 eval_stride=128 max_store_windows=30000 seed=1
2026-08-06 17:25:14,319 INFO [__main__] ========================================================================
2026-08-06 17:25:14,319 INFO [__main__] experiment start kind=extraction dataset=Solar model=chronos2 lags=504 horizon=168 neighbors=0 distance=raw/euclidean
2026-08-06 17:25:14,750 INFO [__main__] extraction skipped dir=/home/h61084/codes/adapts/outputs/extractions/Solar/504_168/chronos2/vanilla reason=complete
2026-08-06 17:25:14,750 INFO [__main__] ========================================================================
2026-08-06T17:25:15+02:00 extraction done configuration=17/24 dataset=Solar model=chronos2 lags=504 horizon=168 retrieval=vanilla

2026-08-06T17:25:15+02:00 extraction start configuration=18/24 dataset=Solar model=chronos2 lags=504 horizon=168 retrieval=instance_euclidean_3_online period=24 datastore_stride=24 adapt_stride=24 eval_stride=128 max_store_windows=30000 seed=1
2026-08-06 17:25:18,102 INFO [__main__] ========================================================================
2026-08-06 17:25:18,102 INFO [__main__] experiment start kind=extraction dataset=Solar model=chronos2 lags=504 horizon=168 neighbors=3 distance=instance/euclidean
2026-08-06 17:25:18,511 INFO [__main__] extraction skipped dir=/home/h61084/codes/adapts/outputs/extractions/Solar/504_168/chronos2/instance_euclidean_3_online/extracted reason=complete
2026-08-06 17:25:18,511 INFO [__main__] ========================================================================
2026-08-06T17:25:18+02:00 extraction done configuration=18/24 dataset=Solar model=chronos2 lags=504 horizon=168 retrieval=instance_euclidean_3_online

2026-08-06T17:25:18+02:00 extraction start configuration=19/24 dataset=exchange_rate model=chronos2 lags=168 horizon=24 retrieval=vanilla period=24 datastore_stride=24 adapt_stride=24 eval_stride=128 max_store_windows=30000 seed=1
2026-08-06 17:25:21,562 INFO [__main__] ========================================================================
2026-08-06 17:25:21,562 INFO [__main__] experiment start kind=extraction dataset=exchange_rate model=chronos2 lags=168 horizon=24 neighbors=0 distance=raw/euclidean
2026-08-06 17:25:21,891 INFO [__main__] extraction skipped dir=/home/h61084/codes/adapts/outputs/extractions/exchange_rate/168_24/chronos2/vanilla reason=complete
2026-08-06 17:25:21,891 INFO [__main__] ========================================================================
2026-08-06T17:25:22+02:00 extraction done configuration=19/24 dataset=exchange_rate model=chronos2 lags=168 horizon=24 retrieval=vanilla

2026-08-06T17:25:22+02:00 extraction start configuration=20/24 dataset=exchange_rate model=chronos2 lags=168 horizon=24 retrieval=instance_euclidean_3_online period=24 datastore_stride=24 adapt_stride=24 eval_stride=128 max_store_windows=30000 seed=1
2026-08-06 17:25:25,555 INFO [__main__] ========================================================================
2026-08-06 17:25:25,555 INFO [__main__] experiment start kind=extraction dataset=exchange_rate model=chronos2 lags=168 horizon=24 neighbors=3 distance=instance/euclidean
2026-08-06 17:25:25,884 INFO [__main__] extraction skipped dir=/home/h61084/codes/adapts/outputs/extractions/exchange_rate/168_24/chronos2/instance_euclidean_3_online/extracted reason=complete
2026-08-06 17:25:25,884 INFO [__main__] ========================================================================
2026-08-06T17:25:26+02:00 extraction done configuration=20/24 dataset=exchange_rate model=chronos2 lags=168 horizon=24 retrieval=instance_euclidean_3_online

2026-08-06T17:25:26+02:00 extraction start configuration=21/24 dataset=exchange_rate model=chronos2 lags=336 horizon=48 retrieval=vanilla period=24 datastore_stride=24 adapt_stride=24 eval_stride=128 max_store_windows=30000 seed=1
2026-08-06 17:25:28,984 INFO [__main__] ========================================================================
2026-08-06 17:25:28,984 INFO [__main__] experiment start kind=extraction dataset=exchange_rate model=chronos2 lags=336 horizon=48 neighbors=0 distance=raw/euclidean
2026-08-06 17:25:29,342 INFO [__main__] extraction skipped dir=/home/h61084/codes/adapts/outputs/extractions/exchange_rate/336_48/chronos2/vanilla reason=complete
2026-08-06 17:25:29,342 INFO [__main__] ========================================================================
2026-08-06T17:25:29+02:00 extraction done configuration=21/24 dataset=exchange_rate model=chronos2 lags=336 horizon=48 retrieval=vanilla

2026-08-06T17:25:29+02:00 extraction start configuration=22/24 dataset=exchange_rate model=chronos2 lags=336 horizon=48 retrieval=instance_euclidean_3_online period=24 datastore_stride=24 adapt_stride=24 eval_stride=128 max_store_windows=30000 seed=1
2026-08-06 17:25:32,829 INFO [__main__] ========================================================================
2026-08-06 17:25:32,829 INFO [__main__] experiment start kind=extraction dataset=exchange_rate model=chronos2 lags=336 horizon=48 neighbors=3 distance=instance/euclidean
2026-08-06 17:25:33,168 INFO [__main__] extraction skipped dir=/home/h61084/codes/adapts/outputs/extractions/exchange_rate/336_48/chronos2/instance_euclidean_3_online/extracted reason=complete
2026-08-06 17:25:33,168 INFO [__main__] ========================================================================
2026-08-06T17:25:33+02:00 extraction done configuration=22/24 dataset=exchange_rate model=chronos2 lags=336 horizon=48 retrieval=instance_euclidean_3_online

2026-08-06T17:25:33+02:00 extraction start configuration=23/24 dataset=exchange_rate model=chronos2 lags=504 horizon=168 retrieval=vanilla period=24 datastore_stride=24 adapt_stride=24 eval_stride=128 max_store_windows=30000 seed=1
2026-08-06 17:25:36,421 INFO [__main__] ========================================================================
2026-08-06 17:25:36,421 INFO [__main__] experiment start kind=extraction dataset=exchange_rate model=chronos2 lags=504 horizon=168 neighbors=0 distance=raw/euclidean
2026-08-06 17:25:36,822 INFO [__main__] extraction skipped dir=/home/h61084/codes/adapts/outputs/extractions/exchange_rate/504_168/chronos2/vanilla reason=complete
2026-08-06 17:25:36,822 INFO [__main__] ========================================================================
2026-08-06T17:25:37+02:00 extraction done configuration=23/24 dataset=exchange_rate model=chronos2 lags=504 horizon=168 retrieval=vanilla

2026-08-06T17:25:37+02:00 extraction start configuration=24/24 dataset=exchange_rate model=chronos2 lags=504 horizon=168 retrieval=instance_euclidean_3_online period=24 datastore_stride=24 adapt_stride=24 eval_stride=128 max_store_windows=30000 seed=1
2026-08-06 17:25:40,478 INFO [__main__] ========================================================================
2026-08-06 17:25:40,478 INFO [__main__] experiment start kind=extraction dataset=exchange_rate model=chronos2 lags=504 horizon=168 neighbors=3 distance=instance/euclidean
2026-08-06 17:25:40,879 INFO [__main__] extraction skipped dir=/home/h61084/codes/adapts/outputs/extractions/exchange_rate/504_168/chronos2/instance_euclidean_3_online/extracted reason=complete
2026-08-06 17:25:40,879 INFO [__main__] ========================================================================
2026-08-06T17:25:41+02:00 extraction done configuration=24/24 dataset=exchange_rate model=chronos2 lags=504 horizon=168 retrieval=instance_euclidean_3_online

2026-08-06T17:25:41+02:00 job done kind=adaptation_extraction output=outputs/extractions

2026-08-06T17:25:41+02:00 job start kind=baselines experiment_mode=convex_baselines_ablation skip_complete=true tasks=12 datasets=Electricity,Traffic,Solar,exchange_rate models=chronos2 settings=168:24,336:48,504:168 distance_spaces=instance distance_metrics=euclidean neighbors=3 methods=full_ridge_shared,full_convex_shared,y_ridge_shared,y_convex_shared,cov_y_ridge_shared,cov_y_convex_shared,residual_ridge_shared,residual_convex_shared results_root=outputs/adaptation_results/convex_baselines_ablation
2026-08-06 17:25:43,390 INFO [__main__] extraction validation directory=outputs/extractions/Electricity/168_24/chronos2/instance_euclidean_3_online/extracted status=complete
2026-08-06T17:25:43+02:00 skip complete family=baselines dataset=Electricity model=chronos2 lags=168 horizon=24 retrieval=instance_euclidean_3_online
2026-08-06 17:25:46,099 INFO [__main__] extraction validation directory=outputs/extractions/Electricity/336_48/chronos2/instance_euclidean_3_online/extracted status=complete
2026-08-06T17:25:46+02:00 skip complete family=baselines dataset=Electricity model=chronos2 lags=336 horizon=48 retrieval=instance_euclidean_3_online
2026-08-06 17:25:49,128 INFO [__main__] extraction validation directory=outputs/extractions/Electricity/504_168/chronos2/instance_euclidean_3_online/extracted status=complete
2026-08-06T17:25:49+02:00 skip complete family=baselines dataset=Electricity model=chronos2 lags=504 horizon=168 retrieval=instance_euclidean_3_online
2026-08-06 17:25:51,711 INFO [__main__] extraction validation directory=outputs/extractions/Traffic/168_24/chronos2/instance_euclidean_3_online/extracted status=complete
2026-08-06T17:25:52+02:00 skip complete family=baselines dataset=Traffic model=chronos2 lags=168 horizon=24 retrieval=instance_euclidean_3_online
2026-08-06 17:25:54,757 INFO [__main__] extraction validation directory=outputs/extractions/Traffic/336_48/chronos2/instance_euclidean_3_online/extracted status=complete
2026-08-06T17:25:55+02:00 skip complete family=baselines dataset=Traffic model=chronos2 lags=336 horizon=48 retrieval=instance_euclidean_3_online
2026-08-06 17:25:57,948 INFO [__main__] extraction validation directory=outputs/extractions/Traffic/504_168/chronos2/instance_euclidean_3_online/extracted status=complete
2026-08-06T17:25:58+02:00 skip complete family=baselines dataset=Traffic model=chronos2 lags=504 horizon=168 retrieval=instance_euclidean_3_online
2026-08-06 17:26:00,565 INFO [__main__] extraction validation directory=outputs/extractions/Solar/168_24/chronos2/instance_euclidean_3_online/extracted status=complete
2026-08-06T17:26:00+02:00 skip complete family=baselines dataset=Solar model=chronos2 lags=168 horizon=24 retrieval=instance_euclidean_3_online
2026-08-06 17:26:03,434 INFO [__main__] extraction validation directory=outputs/extractions/Solar/336_48/chronos2/instance_euclidean_3_online/extracted status=complete
2026-08-06T17:26:04+02:00 skip complete family=baselines dataset=Solar model=chronos2 lags=336 horizon=48 retrieval=instance_euclidean_3_online
2026-08-06 17:26:06,985 INFO [__main__] extraction validation directory=outputs/extractions/Solar/504_168/chronos2/instance_euclidean_3_online/extracted status=complete
2026-08-06T17:26:07+02:00 skip complete family=baselines dataset=Solar model=chronos2 lags=504 horizon=168 retrieval=instance_euclidean_3_online
2026-08-06 17:26:09,547 INFO [__main__] extraction validation directory=outputs/extractions/exchange_rate/168_24/chronos2/instance_euclidean_3_online/extracted status=complete
2026-08-06T17:26:09+02:00 skip complete family=baselines dataset=exchange_rate model=chronos2 lags=168 horizon=24 retrieval=instance_euclidean_3_online
2026-08-06 17:26:12,394 INFO [__main__] extraction validation directory=outputs/extractions/exchange_rate/336_48/chronos2/instance_euclidean_3_online/extracted status=complete
2026-08-06T17:26:13+02:00 skip complete family=baselines dataset=exchange_rate model=chronos2 lags=336 horizon=48 retrieval=instance_euclidean_3_online
2026-08-06 17:26:16,166 INFO [__main__] extraction validation directory=outputs/extractions/exchange_rate/504_168/chronos2/instance_euclidean_3_online/extracted status=complete
2026-08-06T17:26:16+02:00 skip complete family=baselines dataset=exchange_rate model=chronos2 lags=504 horizon=168 retrieval=instance_euclidean_3_online

2026-08-06T17:26:16+02:00 job done kind=baselines output=outputs/adaptation_results/convex_baselines_ablation

2026-08-06T17:26:16+02:00 job start kind=adaptation_extraction experiment_mode=convex_baselines_ablation skip_complete=true tasks=24 datasets=Electricity,Traffic,Solar,exchange_rate models=chronos2 settings=168:24,336:48,504:168 distance_spaces=raw distance_metrics=euclidean neighbors=3

2026-08-06T17:26:16+02:00 extraction start configuration=1/24 dataset=Electricity model=chronos2 lags=168 horizon=24 retrieval=vanilla period=24 datastore_stride=24 adapt_stride=24 eval_stride=128 max_store_windows=30000 seed=1
2026-08-06 17:26:19,308 INFO [__main__] ========================================================================
2026-08-06 17:26:19,308 INFO [__main__] experiment start kind=extraction dataset=Electricity model=chronos2 lags=168 horizon=24 neighbors=0 distance=raw/euclidean
2026-08-06 17:26:19,665 INFO [__main__] extraction skipped dir=/home/h61084/codes/adapts/outputs/extractions/Electricity/168_24/chronos2/vanilla reason=complete
2026-08-06 17:26:19,665 INFO [__main__] ========================================================================
2026-08-06T17:26:20+02:00 extraction done configuration=1/24 dataset=Electricity model=chronos2 lags=168 horizon=24 retrieval=vanilla

2026-08-06T17:26:20+02:00 extraction start configuration=2/24 dataset=Electricity model=chronos2 lags=168 horizon=24 retrieval=raw_euclidean_3_online period=24 datastore_stride=24 adapt_stride=24 eval_stride=128 max_store_windows=30000 seed=1
2026-08-06 17:26:23,364 INFO [__main__] ========================================================================
2026-08-06 17:26:23,365 INFO [__main__] experiment start kind=extraction dataset=Electricity model=chronos2 lags=168 horizon=24 neighbors=3 distance=raw/euclidean
2026-08-06 17:26:23,696 INFO [__main__] extraction skipped dir=/home/h61084/codes/adapts/outputs/extractions/Electricity/168_24/chronos2/raw_euclidean_3_online/extracted reason=complete
2026-08-06 17:26:23,696 INFO [__main__] ========================================================================
2026-08-06T17:26:24+02:00 extraction done configuration=2/24 dataset=Electricity model=chronos2 lags=168 horizon=24 retrieval=raw_euclidean_3_online

2026-08-06T17:26:24+02:00 extraction start configuration=3/24 dataset=Electricity model=chronos2 lags=336 horizon=48 retrieval=vanilla period=24 datastore_stride=24 adapt_stride=24 eval_stride=128 max_store_windows=30000 seed=1
2026-08-06 17:26:26,907 INFO [__main__] ========================================================================
2026-08-06 17:26:26,908 INFO [__main__] experiment start kind=extraction dataset=Electricity model=chronos2 lags=336 horizon=48 neighbors=0 distance=raw/euclidean
2026-08-06 17:26:27,245 INFO [__main__] extraction skipped dir=/home/h61084/codes/adapts/outputs/extractions/Electricity/336_48/chronos2/vanilla reason=complete
2026-08-06 17:26:27,245 INFO [__main__] ========================================================================
2026-08-06T17:26:27+02:00 extraction done configuration=3/24 dataset=Electricity model=chronos2 lags=336 horizon=48 retrieval=vanilla

2026-08-06T17:26:27+02:00 extraction start configuration=4/24 dataset=Electricity model=chronos2 lags=336 horizon=48 retrieval=raw_euclidean_3_online period=24 datastore_stride=24 adapt_stride=24 eval_stride=128 max_store_windows=30000 seed=1
2026-08-06 17:26:30,535 INFO [__main__] ========================================================================
2026-08-06 17:26:30,535 INFO [__main__] experiment start kind=extraction dataset=Electricity model=chronos2 lags=336 horizon=48 neighbors=3 distance=raw/euclidean
2026-08-06 17:26:30,947 INFO [__main__] extraction skipped dir=/home/h61084/codes/adapts/outputs/extractions/Electricity/336_48/chronos2/raw_euclidean_3_online/extracted reason=complete
2026-08-06 17:26:30,947 INFO [__main__] ========================================================================
2026-08-06T17:26:31+02:00 extraction done configuration=4/24 dataset=Electricity model=chronos2 lags=336 horizon=48 retrieval=raw_euclidean_3_online

2026-08-06T17:26:31+02:00 extraction start configuration=5/24 dataset=Electricity model=chronos2 lags=504 horizon=168 retrieval=vanilla period=24 datastore_stride=24 adapt_stride=24 eval_stride=128 max_store_windows=30000 seed=1
2026-08-06 17:26:33,960 INFO [__main__] ========================================================================
2026-08-06 17:26:33,961 INFO [__main__] experiment start kind=extraction dataset=Electricity model=chronos2 lags=504 horizon=168 neighbors=0 distance=raw/euclidean
2026-08-06 17:26:34,340 INFO [__main__] extraction skipped dir=/home/h61084/codes/adapts/outputs/extractions/Electricity/504_168/chronos2/vanilla reason=complete
2026-08-06 17:26:34,340 INFO [__main__] ========================================================================
2026-08-06T17:26:34+02:00 extraction done configuration=5/24 dataset=Electricity model=chronos2 lags=504 horizon=168 retrieval=vanilla

2026-08-06T17:26:34+02:00 extraction start configuration=6/24 dataset=Electricity model=chronos2 lags=504 horizon=168 retrieval=raw_euclidean_3_online period=24 datastore_stride=24 adapt_stride=24 eval_stride=128 max_store_windows=30000 seed=1
2026-08-06 17:26:38,201 INFO [__main__] ========================================================================
2026-08-06 17:26:38,201 INFO [__main__] experiment start kind=extraction dataset=Electricity model=chronos2 lags=504 horizon=168 neighbors=3 distance=raw/euclidean
2026-08-06 17:26:38,608 INFO [__main__] extraction skipped dir=/home/h61084/codes/adapts/outputs/extractions/Electricity/504_168/chronos2/raw_euclidean_3_online/extracted reason=complete
2026-08-06 17:26:38,608 INFO [__main__] ========================================================================
2026-08-06T17:26:39+02:00 extraction done configuration=6/24 dataset=Electricity model=chronos2 lags=504 horizon=168 retrieval=raw_euclidean_3_online

2026-08-06T17:26:39+02:00 extraction start configuration=7/24 dataset=Traffic model=chronos2 lags=168 horizon=24 retrieval=vanilla period=24 datastore_stride=24 adapt_stride=24 eval_stride=128 max_store_windows=30000 seed=1
2026-08-06 17:26:41,615 INFO [__main__] ========================================================================
2026-08-06 17:26:41,615 INFO [__main__] experiment start kind=extraction dataset=Traffic model=chronos2 lags=168 horizon=24 neighbors=0 distance=raw/euclidean
2026-08-06 17:26:41,942 INFO [__main__] extraction skipped dir=/home/h61084/codes/adapts/outputs/extractions/Traffic/168_24/chronos2/vanilla reason=complete
2026-08-06 17:26:41,942 INFO [__main__] ========================================================================
2026-08-06T17:26:42+02:00 extraction done configuration=7/24 dataset=Traffic model=chronos2 lags=168 horizon=24 retrieval=vanilla

2026-08-06T17:26:42+02:00 extraction start configuration=8/24 dataset=Traffic model=chronos2 lags=168 horizon=24 retrieval=raw_euclidean_3_online period=24 datastore_stride=24 adapt_stride=24 eval_stride=128 max_store_windows=30000 seed=1
2026-08-06 17:26:45,173 INFO [__main__] ========================================================================
2026-08-06 17:26:45,173 INFO [__main__] experiment start kind=extraction dataset=Traffic model=chronos2 lags=168 horizon=24 neighbors=3 distance=raw/euclidean
2026-08-06 17:26:45,552 INFO [__main__] extraction skipped dir=/home/h61084/codes/adapts/outputs/extractions/Traffic/168_24/chronos2/raw_euclidean_3_online/extracted reason=complete
2026-08-06 17:26:45,552 INFO [__main__] ========================================================================
2026-08-06T17:26:45+02:00 extraction done configuration=8/24 dataset=Traffic model=chronos2 lags=168 horizon=24 retrieval=raw_euclidean_3_online

2026-08-06T17:26:45+02:00 extraction start configuration=9/24 dataset=Traffic model=chronos2 lags=336 horizon=48 retrieval=vanilla period=24 datastore_stride=24 adapt_stride=24 eval_stride=128 max_store_windows=30000 seed=1
2026-08-06 17:26:48,762 INFO [__main__] ========================================================================
2026-08-06 17:26:48,762 INFO [__main__] experiment start kind=extraction dataset=Traffic model=chronos2 lags=336 horizon=48 neighbors=0 distance=raw/euclidean
2026-08-06 17:26:49,110 INFO [__main__] extraction skipped dir=/home/h61084/codes/adapts/outputs/extractions/Traffic/336_48/chronos2/vanilla reason=complete
2026-08-06 17:26:49,110 INFO [__main__] ========================================================================
2026-08-06T17:26:49+02:00 extraction done configuration=9/24 dataset=Traffic model=chronos2 lags=336 horizon=48 retrieval=vanilla

2026-08-06T17:26:49+02:00 extraction start configuration=10/24 dataset=Traffic model=chronos2 lags=336 horizon=48 retrieval=raw_euclidean_3_online period=24 datastore_stride=24 adapt_stride=24 eval_stride=128 max_store_windows=30000 seed=1
2026-08-06 17:26:52,096 INFO [__main__] ========================================================================
2026-08-06 17:26:52,096 INFO [__main__] experiment start kind=extraction dataset=Traffic model=chronos2 lags=336 horizon=48 neighbors=3 distance=raw/euclidean
2026-08-06 17:26:52,486 INFO [__main__] extraction skipped dir=/home/h61084/codes/adapts/outputs/extractions/Traffic/336_48/chronos2/raw_euclidean_3_online/extracted reason=complete
2026-08-06 17:26:52,486 INFO [__main__] ========================================================================
2026-08-06T17:26:52+02:00 extraction done configuration=10/24 dataset=Traffic model=chronos2 lags=336 horizon=48 retrieval=raw_euclidean_3_online

2026-08-06T17:26:52+02:00 extraction start configuration=11/24 dataset=Traffic model=chronos2 lags=504 horizon=168 retrieval=vanilla period=24 datastore_stride=24 adapt_stride=24 eval_stride=128 max_store_windows=30000 seed=1
2026-08-06 17:26:55,897 INFO [__main__] ========================================================================
2026-08-06 17:26:55,897 INFO [__main__] experiment start kind=extraction dataset=Traffic model=chronos2 lags=504 horizon=168 neighbors=0 distance=raw/euclidean
2026-08-06 17:26:56,245 INFO [__main__] extraction skipped dir=/home/h61084/codes/adapts/outputs/extractions/Traffic/504_168/chronos2/vanilla reason=complete
2026-08-06 17:26:56,245 INFO [__main__] ========================================================================
2026-08-06T17:26:56+02:00 extraction done configuration=11/24 dataset=Traffic model=chronos2 lags=504 horizon=168 retrieval=vanilla

2026-08-06T17:26:56+02:00 extraction start configuration=12/24 dataset=Traffic model=chronos2 lags=504 horizon=168 retrieval=raw_euclidean_3_online period=24 datastore_stride=24 adapt_stride=24 eval_stride=128 max_store_windows=30000 seed=1
2026-08-06 17:26:59,201 INFO [__main__] ========================================================================
2026-08-06 17:26:59,201 INFO [__main__] experiment start kind=extraction dataset=Traffic model=chronos2 lags=504 horizon=168 neighbors=3 distance=raw/euclidean
2026-08-06 17:26:59,574 INFO [__main__] extraction skipped dir=/home/h61084/codes/adapts/outputs/extractions/Traffic/504_168/chronos2/raw_euclidean_3_online/extracted reason=complete
2026-08-06 17:26:59,574 INFO [__main__] ========================================================================
2026-08-06T17:26:59+02:00 extraction done configuration=12/24 dataset=Traffic model=chronos2 lags=504 horizon=168 retrieval=raw_euclidean_3_online

2026-08-06T17:26:59+02:00 extraction start configuration=13/24 dataset=Solar model=chronos2 lags=168 horizon=24 retrieval=vanilla period=24 datastore_stride=24 adapt_stride=24 eval_stride=128 max_store_windows=30000 seed=1
2026-08-06 17:27:02,893 INFO [__main__] ========================================================================
2026-08-06 17:27:02,893 INFO [__main__] experiment start kind=extraction dataset=Solar model=chronos2 lags=168 horizon=24 neighbors=0 distance=raw/euclidean
2026-08-06 17:27:03,260 INFO [__main__] extraction skipped dir=/home/h61084/codes/adapts/outputs/extractions/Solar/168_24/chronos2/vanilla reason=complete
2026-08-06 17:27:03,260 INFO [__main__] ========================================================================
2026-08-06T17:27:04+02:00 extraction done configuration=13/24 dataset=Solar model=chronos2 lags=168 horizon=24 retrieval=vanilla

2026-08-06T17:27:04+02:00 extraction start configuration=14/24 dataset=Solar model=chronos2 lags=168 horizon=24 retrieval=raw_euclidean_3_online period=24 datastore_stride=24 adapt_stride=24 eval_stride=128 max_store_windows=30000 seed=1
2026-08-06 17:27:06,695 INFO [__main__] ========================================================================
2026-08-06 17:27:06,695 INFO [__main__] experiment start kind=extraction dataset=Solar model=chronos2 lags=168 horizon=24 neighbors=3 distance=raw/euclidean
2026-08-06 17:27:07,095 INFO [__main__] extraction skipped dir=/home/h61084/codes/adapts/outputs/extractions/Solar/168_24/chronos2/raw_euclidean_3_online/extracted reason=complete
2026-08-06 17:27:07,095 INFO [__main__] ========================================================================
2026-08-06T17:27:07+02:00 extraction done configuration=14/24 dataset=Solar model=chronos2 lags=168 horizon=24 retrieval=raw_euclidean_3_online

2026-08-06T17:27:07+02:00 extraction start configuration=15/24 dataset=Solar model=chronos2 lags=336 horizon=48 retrieval=vanilla period=24 datastore_stride=24 adapt_stride=24 eval_stride=128 max_store_windows=30000 seed=1
2026-08-06 17:27:10,454 INFO [__main__] ========================================================================
2026-08-06 17:27:10,454 INFO [__main__] experiment start kind=extraction dataset=Solar model=chronos2 lags=336 horizon=48 neighbors=0 distance=raw/euclidean
2026-08-06 17:27:10,857 INFO [__main__] extraction skipped dir=/home/h61084/codes/adapts/outputs/extractions/Solar/336_48/chronos2/vanilla reason=complete
2026-08-06 17:27:10,857 INFO [__main__] ========================================================================
2026-08-06T17:27:11+02:00 extraction done configuration=15/24 dataset=Solar model=chronos2 lags=336 horizon=48 retrieval=vanilla

2026-08-06T17:27:11+02:00 extraction start configuration=16/24 dataset=Solar model=chronos2 lags=336 horizon=48 retrieval=raw_euclidean_3_online period=24 datastore_stride=24 adapt_stride=24 eval_stride=128 max_store_windows=30000 seed=1
2026-08-06 17:27:13,956 INFO [__main__] ========================================================================
2026-08-06 17:27:13,956 INFO [__main__] experiment start kind=extraction dataset=Solar model=chronos2 lags=336 horizon=48 neighbors=3 distance=raw/euclidean
2026-08-06 17:27:14,317 INFO [__main__] extraction skipped dir=/home/h61084/codes/adapts/outputs/extractions/Solar/336_48/chronos2/raw_euclidean_3_online/extracted reason=complete
2026-08-06 17:27:14,317 INFO [__main__] ========================================================================
2026-08-06T17:27:14+02:00 extraction done configuration=16/24 dataset=Solar model=chronos2 lags=336 horizon=48 retrieval=raw_euclidean_3_online

2026-08-06T17:27:14+02:00 extraction start configuration=17/24 dataset=Solar model=chronos2 lags=504 horizon=168 retrieval=vanilla period=24 datastore_stride=24 adapt_stride=24 eval_stride=128 max_store_windows=30000 seed=1
2026-08-06 17:27:17,731 INFO [__main__] ========================================================================
2026-08-06 17:27:17,731 INFO [__main__] experiment start kind=extraction dataset=Solar model=chronos2 lags=504 horizon=168 neighbors=0 distance=raw/euclidean
2026-08-06 17:27:18,072 INFO [__main__] extraction skipped dir=/home/h61084/codes/adapts/outputs/extractions/Solar/504_168/chronos2/vanilla reason=complete
2026-08-06 17:27:18,072 INFO [__main__] ========================================================================
2026-08-06T17:27:18+02:00 extraction done configuration=17/24 dataset=Solar model=chronos2 lags=504 horizon=168 retrieval=vanilla

2026-08-06T17:27:18+02:00 extraction start configuration=18/24 dataset=Solar model=chronos2 lags=504 horizon=168 retrieval=raw_euclidean_3_online period=24 datastore_stride=24 adapt_stride=24 eval_stride=128 max_store_windows=30000 seed=1
2026-08-06 17:27:21,865 INFO [__main__] ========================================================================
2026-08-06 17:27:21,865 INFO [__main__] experiment start kind=extraction dataset=Solar model=chronos2 lags=504 horizon=168 neighbors=3 distance=raw/euclidean
2026-08-06 17:27:22,224 INFO [__main__] extraction skipped dir=/home/h61084/codes/adapts/outputs/extractions/Solar/504_168/chronos2/raw_euclidean_3_online/extracted reason=complete
2026-08-06 17:27:22,224 INFO [__main__] ========================================================================
2026-08-06T17:27:22+02:00 extraction done configuration=18/24 dataset=Solar model=chronos2 lags=504 horizon=168 retrieval=raw_euclidean_3_online

2026-08-06T17:27:22+02:00 extraction start configuration=19/24 dataset=exchange_rate model=chronos2 lags=168 horizon=24 retrieval=vanilla period=24 datastore_stride=24 adapt_stride=24 eval_stride=128 max_store_windows=30000 seed=1
2026-08-06 17:27:25,486 INFO [__main__] ========================================================================
2026-08-06 17:27:25,486 INFO [__main__] experiment start kind=extraction dataset=exchange_rate model=chronos2 lags=168 horizon=24 neighbors=0 distance=raw/euclidean
2026-08-06 17:27:25,819 INFO [__main__] extraction skipped dir=/home/h61084/codes/adapts/outputs/extractions/exchange_rate/168_24/chronos2/vanilla reason=complete
2026-08-06 17:27:25,819 INFO [__main__] ========================================================================
2026-08-06T17:27:26+02:00 extraction done configuration=19/24 dataset=exchange_rate model=chronos2 lags=168 horizon=24 retrieval=vanilla

2026-08-06T17:27:26+02:00 extraction start configuration=20/24 dataset=exchange_rate model=chronos2 lags=168 horizon=24 retrieval=raw_euclidean_3_online period=24 datastore_stride=24 adapt_stride=24 eval_stride=128 max_store_windows=30000 seed=1
2026-08-06 17:27:29,599 INFO [__main__] ========================================================================
2026-08-06 17:27:29,599 INFO [__main__] experiment start kind=extraction dataset=exchange_rate model=chronos2 lags=168 horizon=24 neighbors=3 distance=raw/euclidean
2026-08-06 17:27:29,933 INFO [__main__] extraction skipped dir=/home/h61084/codes/adapts/outputs/extractions/exchange_rate/168_24/chronos2/raw_euclidean_3_online/extracted reason=complete
2026-08-06 17:27:29,933 INFO [__main__] ========================================================================
2026-08-06T17:27:30+02:00 extraction done configuration=20/24 dataset=exchange_rate model=chronos2 lags=168 horizon=24 retrieval=raw_euclidean_3_online

2026-08-06T17:27:30+02:00 extraction start configuration=21/24 dataset=exchange_rate model=chronos2 lags=336 horizon=48 retrieval=vanilla period=24 datastore_stride=24 adapt_stride=24 eval_stride=128 max_store_windows=30000 seed=1
2026-08-06 17:27:33,304 INFO [__main__] ========================================================================
2026-08-06 17:27:33,304 INFO [__main__] experiment start kind=extraction dataset=exchange_rate model=chronos2 lags=336 horizon=48 neighbors=0 distance=raw/euclidean
2026-08-06 17:27:33,678 INFO [__main__] extraction skipped dir=/home/h61084/codes/adapts/outputs/extractions/exchange_rate/336_48/chronos2/vanilla reason=complete
2026-08-06 17:27:33,678 INFO [__main__] ========================================================================
2026-08-06T17:27:34+02:00 extraction done configuration=21/24 dataset=exchange_rate model=chronos2 lags=336 horizon=48 retrieval=vanilla

2026-08-06T17:27:34+02:00 extraction start configuration=22/24 dataset=exchange_rate model=chronos2 lags=336 horizon=48 retrieval=raw_euclidean_3_online period=24 datastore_stride=24 adapt_stride=24 eval_stride=128 max_store_windows=30000 seed=1
2026-08-06 17:27:36,828 INFO [__main__] ========================================================================
2026-08-06 17:27:36,828 INFO [__main__] experiment start kind=extraction dataset=exchange_rate model=chronos2 lags=336 horizon=48 neighbors=3 distance=raw/euclidean
2026-08-06 17:27:37,207 INFO [__main__] extraction skipped dir=/home/h61084/codes/adapts/outputs/extractions/exchange_rate/336_48/chronos2/raw_euclidean_3_online/extracted reason=complete
2026-08-06 17:27:37,207 INFO [__main__] ========================================================================
2026-08-06T17:27:37+02:00 extraction done configuration=22/24 dataset=exchange_rate model=chronos2 lags=336 horizon=48 retrieval=raw_euclidean_3_online

2026-08-06T17:27:37+02:00 extraction start configuration=23/24 dataset=exchange_rate model=chronos2 lags=504 horizon=168 retrieval=vanilla period=24 datastore_stride=24 adapt_stride=24 eval_stride=128 max_store_windows=30000 seed=1
2026-08-06 17:27:40,418 INFO [__main__] ========================================================================
2026-08-06 17:27:40,418 INFO [__main__] experiment start kind=extraction dataset=exchange_rate model=chronos2 lags=504 horizon=168 neighbors=0 distance=raw/euclidean
2026-08-06 17:27:40,863 INFO [__main__] extraction skipped dir=/home/h61084/codes/adapts/outputs/extractions/exchange_rate/504_168/chronos2/vanilla reason=complete
2026-08-06 17:27:40,863 INFO [__main__] ========================================================================
2026-08-06T17:27:41+02:00 extraction done configuration=23/24 dataset=exchange_rate model=chronos2 lags=504 horizon=168 retrieval=vanilla

2026-08-06T17:27:41+02:00 extraction start configuration=24/24 dataset=exchange_rate model=chronos2 lags=504 horizon=168 retrieval=raw_euclidean_3_online period=24 datastore_stride=24 adapt_stride=24 eval_stride=128 max_store_windows=30000 seed=1
2026-08-06 17:27:44,113 INFO [__main__] ========================================================================
2026-08-06 17:27:44,113 INFO [__main__] experiment start kind=extraction dataset=exchange_rate model=chronos2 lags=504 horizon=168 neighbors=3 distance=raw/euclidean
2026-08-06 17:27:44,494 INFO [__main__] extraction skipped dir=/home/h61084/codes/adapts/outputs/extractions/exchange_rate/504_168/chronos2/raw_euclidean_3_online/extracted reason=complete
2026-08-06 17:27:44,494 INFO [__main__] ========================================================================
2026-08-06T17:27:44+02:00 extraction done configuration=24/24 dataset=exchange_rate model=chronos2 lags=504 horizon=168 retrieval=raw_euclidean_3_online

2026-08-06T17:27:44+02:00 job done kind=adaptation_extraction output=outputs/extractions

2026-08-06T17:27:44+02:00 job start kind=baselines experiment_mode=convex_baselines_ablation skip_complete=true tasks=12 datasets=Electricity,Traffic,Solar,exchange_rate models=chronos2 settings=168:24,336:48,504:168 distance_spaces=raw distance_metrics=euclidean neighbors=3 methods=cov_avgy_ridge_shared,cov_avgy_convex_shared,cov_ridge_shared,cov_convex_shared results_root=outputs/adaptation_results/convex_baselines_ablation
2026-08-06 17:27:47,052 INFO [__main__] extraction validation directory=outputs/extractions/Electricity/168_24/chronos2/raw_euclidean_3_online/extracted status=complete
2026-08-06T17:27:47+02:00 skip complete family=baselines dataset=Electricity model=chronos2 lags=168 horizon=24 retrieval=raw_euclidean_3_online
2026-08-06 17:27:49,907 INFO [__main__] extraction validation directory=outputs/extractions/Electricity/336_48/chronos2/raw_euclidean_3_online/extracted status=complete
2026-08-06T17:27:50+02:00 skip complete family=baselines dataset=Electricity model=chronos2 lags=336 horizon=48 retrieval=raw_euclidean_3_online
2026-08-06 17:27:52,839 INFO [__main__] extraction validation directory=outputs/extractions/Electricity/504_168/chronos2/raw_euclidean_3_online/extracted status=complete
2026-08-06T17:27:53+02:00 skip complete family=baselines dataset=Electricity model=chronos2 lags=504 horizon=168 retrieval=raw_euclidean_3_online
2026-08-06 17:27:55,313 INFO [__main__] extraction validation directory=outputs/extractions/Traffic/168_24/chronos2/raw_euclidean_3_online/extracted status=complete
2026-08-06T17:27:55+02:00 skip complete family=baselines dataset=Traffic model=chronos2 lags=168 horizon=24 retrieval=raw_euclidean_3_online
2026-08-06 17:27:58,147 INFO [__main__] extraction validation directory=outputs/extractions/Traffic/336_48/chronos2/raw_euclidean_3_online/extracted status=complete
2026-08-06T17:27:58+02:00 skip complete family=baselines dataset=Traffic model=chronos2 lags=336 horizon=48 retrieval=raw_euclidean_3_online
2026-08-06 17:28:00,753 INFO [__main__] extraction validation directory=outputs/extractions/Traffic/504_168/chronos2/raw_euclidean_3_online/extracted status=complete
2026-08-06T17:28:01+02:00 skip complete family=baselines dataset=Traffic model=chronos2 lags=504 horizon=168 retrieval=raw_euclidean_3_online
2026-08-06 17:28:03,355 INFO [__main__] extraction validation directory=outputs/extractions/Solar/168_24/chronos2/raw_euclidean_3_online/extracted status=complete
2026-08-06T17:28:03+02:00 skip complete family=baselines dataset=Solar model=chronos2 lags=168 horizon=24 retrieval=raw_euclidean_3_online
2026-08-06 17:28:06,183 INFO [__main__] extraction validation directory=outputs/extractions/Solar/336_48/chronos2/raw_euclidean_3_online/extracted status=complete
2026-08-06T17:28:06+02:00 skip complete family=baselines dataset=Solar model=chronos2 lags=336 horizon=48 retrieval=raw_euclidean_3_online
2026-08-06 17:28:08,698 INFO [__main__] extraction validation directory=outputs/extractions/Solar/504_168/chronos2/raw_euclidean_3_online/extracted status=complete
2026-08-06T17:28:09+02:00 skip complete family=baselines dataset=Solar model=chronos2 lags=504 horizon=168 retrieval=raw_euclidean_3_online
2026-08-06 17:28:11,261 INFO [__main__] extraction validation directory=outputs/extractions/exchange_rate/168_24/chronos2/raw_euclidean_3_online/extracted status=complete
2026-08-06T17:28:11+02:00 skip complete family=baselines dataset=exchange_rate model=chronos2 lags=168 horizon=24 retrieval=raw_euclidean_3_online
2026-08-06 17:28:14,228 INFO [__main__] extraction validation directory=outputs/extractions/exchange_rate/336_48/chronos2/raw_euclidean_3_online/extracted status=complete
2026-08-06T17:28:14+02:00 skip complete family=baselines dataset=exchange_rate model=chronos2 lags=336 horizon=48 retrieval=raw_euclidean_3_online
2026-08-06 17:28:16,830 INFO [__main__] extraction validation directory=outputs/extractions/exchange_rate/504_168/chronos2/raw_euclidean_3_online/extracted status=complete
2026-08-06T17:28:17+02:00 skip complete family=baselines dataset=exchange_rate model=chronos2 lags=504 horizon=168 retrieval=raw_euclidean_3_online

2026-08-06T17:28:17+02:00 job done kind=baselines output=outputs/adaptation_results/convex_baselines_ablation

2026-08-06T17:28:17+02:00 job start kind=adaptation_tables experiment_mode=convex_baselines_ablation datasets=Electricity,Traffic,Solar,exchange_rate models=chronos2 settings=168_24,336_48,504_168 families=baselines metric=nmse distance_metrics=euclidean methods=full_ridge_shared,full_convex_shared,y_ridge_shared,y_convex_shared,cov_y_ridge_shared,cov_y_convex_shared,residual_ridge_shared,residual_convex_shared,cov_avgy_ridge_shared,cov_avgy_convex_shared,cov_ridge_shared,cov_convex_shared table_kinds=full,average results_root=outputs/adaptation_results/convex_baselines_ablation

2026-08-06T17:28:17+02:00 table start model=chronos2 kind=full metric=nmse split=eval decimals=2 output=outputs/adaptation_results/convex_baselines_ablation/tables/chronos2/full
LaTeX table written to /home/h61084/codes/adapts/outputs/adaptation_results/convex_baselines_ablation/tables/chronos2/full/baselines_results.tex
2026-08-06T17:28:23+02:00 table done model=chronos2 kind=full output=outputs/adaptation_results/convex_baselines_ablation/tables/chronos2/full

2026-08-06T17:28:23+02:00 table start model=chronos2 kind=average metric=nmse split=eval decimals=2 output=outputs/adaptation_results/convex_baselines_ablation/tables/chronos2/average
LaTeX table written to /home/h61084/codes/adapts/outputs/adaptation_results/convex_baselines_ablation/tables/chronos2/average/baselines_results.tex
LaTeX table written to /home/h61084/codes/adapts/outputs/adaptation_results/convex_baselines_ablation/tables/chronos2/average/positive_windows_results.tex
2026-08-06T17:28:28+02:00 table done model=chronos2 kind=average output=outputs/adaptation_results/convex_baselines_ablation/tables/chronos2/average

2026-08-06T17:28:28+02:00 baseline coefficient plots start model=chronos2 output=outputs/adaptation_results/convex_baselines_ablation/tables/chronos2/coefficients
Baseline coefficient outputs written: 288
Coefficient index written to /home/h61084/codes/adapts/outputs/adaptation_results/convex_baselines_ablation/tables/chronos2/coefficients/coefficient_index.csv
2026-08-06T17:28:49+02:00 baseline coefficient plots done model=chronos2 output=outputs/adaptation_results/convex_baselines_ablation/tables/chronos2/coefficients

2026-08-06T17:28:49+02:00 job done kind=adaptation_tables output=outputs/adaptation_results/convex_baselines_ablation/tables
