
2026-08-04T19:32:02+02:00 job start kind=adaptation_extraction experiment_mode=delta_baselines_ablation skip_complete=true tasks=24 datasets=Electricity,Traffic,Solar,exchange_rate models=chronos2 settings=168:24,336:48,504:168 distance_spaces=instance distance_metrics=euclidean neighbors=3

2026-08-04T19:32:02+02:00 extraction start configuration=1/24 dataset=Electricity model=chronos2 lags=168 horizon=24 retrieval=vanilla period=24 datastore_stride=24 adapt_stride=24 eval_stride=128 max_store_windows=30000 seed=1
2026-08-04 19:32:05,229 INFO [__main__] ========================================================================
2026-08-04 19:32:05,229 INFO [__main__] experiment start kind=extraction dataset=Electricity model=chronos2 lags=168 horizon=24 neighbors=0 distance=raw/euclidean
2026-08-04 19:32:05,593 INFO [__main__] extraction skipped dir=/home/h61084/codes/adapts/outputs/extractions/Electricity/168_24/chronos2/vanilla reason=complete
2026-08-04 19:32:05,593 INFO [__main__] ========================================================================
2026-08-04T19:32:05+02:00 extraction done configuration=1/24 dataset=Electricity model=chronos2 lags=168 horizon=24 retrieval=vanilla

2026-08-04T19:32:05+02:00 extraction start configuration=2/24 dataset=Electricity model=chronos2 lags=168 horizon=24 retrieval=instance_euclidean_3_online period=24 datastore_stride=24 adapt_stride=24 eval_stride=128 max_store_windows=30000 seed=1
2026-08-04 19:32:08,500 INFO [__main__] ========================================================================
2026-08-04 19:32:08,500 INFO [__main__] experiment start kind=extraction dataset=Electricity model=chronos2 lags=168 horizon=24 neighbors=3 distance=instance/euclidean
2026-08-04 19:32:08,865 INFO [__main__] extraction skipped dir=/home/h61084/codes/adapts/outputs/extractions/Electricity/168_24/chronos2/instance_euclidean_3_online/extracted reason=complete
2026-08-04 19:32:08,865 INFO [__main__] ========================================================================
2026-08-04T19:32:09+02:00 extraction done configuration=2/24 dataset=Electricity model=chronos2 lags=168 horizon=24 retrieval=instance_euclidean_3_online

2026-08-04T19:32:09+02:00 extraction start configuration=3/24 dataset=Electricity model=chronos2 lags=336 horizon=48 retrieval=vanilla period=24 datastore_stride=24 adapt_stride=24 eval_stride=128 max_store_windows=30000 seed=1
2026-08-04 19:32:11,589 INFO [__main__] ========================================================================
2026-08-04 19:32:11,590 INFO [__main__] experiment start kind=extraction dataset=Electricity model=chronos2 lags=336 horizon=48 neighbors=0 distance=raw/euclidean
2026-08-04 19:32:11,945 INFO [__main__] extraction skipped dir=/home/h61084/codes/adapts/outputs/extractions/Electricity/336_48/chronos2/vanilla reason=complete
2026-08-04 19:32:11,945 INFO [__main__] ========================================================================
2026-08-04T19:32:12+02:00 extraction done configuration=3/24 dataset=Electricity model=chronos2 lags=336 horizon=48 retrieval=vanilla

2026-08-04T19:32:12+02:00 extraction start configuration=4/24 dataset=Electricity model=chronos2 lags=336 horizon=48 retrieval=instance_euclidean_3_online period=24 datastore_stride=24 adapt_stride=24 eval_stride=128 max_store_windows=30000 seed=1
2026-08-04 19:32:14,641 INFO [__main__] ========================================================================
2026-08-04 19:32:14,641 INFO [__main__] experiment start kind=extraction dataset=Electricity model=chronos2 lags=336 horizon=48 neighbors=3 distance=instance/euclidean
2026-08-04 19:32:15,030 INFO [__main__] extraction skipped dir=/home/h61084/codes/adapts/outputs/extractions/Electricity/336_48/chronos2/instance_euclidean_3_online/extracted reason=complete
2026-08-04 19:32:15,030 INFO [__main__] ========================================================================
2026-08-04T19:32:15+02:00 extraction done configuration=4/24 dataset=Electricity model=chronos2 lags=336 horizon=48 retrieval=instance_euclidean_3_online

2026-08-04T19:32:15+02:00 extraction start configuration=5/24 dataset=Electricity model=chronos2 lags=504 horizon=168 retrieval=vanilla period=24 datastore_stride=24 adapt_stride=24 eval_stride=128 max_store_windows=30000 seed=1
2026-08-04 19:32:17,725 INFO [__main__] ========================================================================
2026-08-04 19:32:17,725 INFO [__main__] experiment start kind=extraction dataset=Electricity model=chronos2 lags=504 horizon=168 neighbors=0 distance=raw/euclidean
2026-08-04 19:32:18,083 INFO [__main__] extraction skipped dir=/home/h61084/codes/adapts/outputs/extractions/Electricity/504_168/chronos2/vanilla reason=complete
2026-08-04 19:32:18,083 INFO [__main__] ========================================================================
2026-08-04T19:32:18+02:00 extraction done configuration=5/24 dataset=Electricity model=chronos2 lags=504 horizon=168 retrieval=vanilla

2026-08-04T19:32:18+02:00 extraction start configuration=6/24 dataset=Electricity model=chronos2 lags=504 horizon=168 retrieval=instance_euclidean_3_online period=24 datastore_stride=24 adapt_stride=24 eval_stride=128 max_store_windows=30000 seed=1
2026-08-04 19:32:20,850 INFO [__main__] ========================================================================
2026-08-04 19:32:20,850 INFO [__main__] experiment start kind=extraction dataset=Electricity model=chronos2 lags=504 horizon=168 neighbors=3 distance=instance/euclidean
2026-08-04 19:32:21,218 INFO [__main__] extraction skipped dir=/home/h61084/codes/adapts/outputs/extractions/Electricity/504_168/chronos2/instance_euclidean_3_online/extracted reason=complete
2026-08-04 19:32:21,218 INFO [__main__] ========================================================================
2026-08-04T19:32:21+02:00 extraction done configuration=6/24 dataset=Electricity model=chronos2 lags=504 horizon=168 retrieval=instance_euclidean_3_online

2026-08-04T19:32:21+02:00 extraction start configuration=7/24 dataset=Traffic model=chronos2 lags=168 horizon=24 retrieval=vanilla period=24 datastore_stride=24 adapt_stride=24 eval_stride=128 max_store_windows=30000 seed=1
2026-08-04 19:32:23,999 INFO [__main__] ========================================================================
2026-08-04 19:32:23,999 INFO [__main__] experiment start kind=extraction dataset=Traffic model=chronos2 lags=168 horizon=24 neighbors=0 distance=raw/euclidean
2026-08-04 19:32:24,332 INFO [__main__] extraction skipped dir=/home/h61084/codes/adapts/outputs/extractions/Traffic/168_24/chronos2/vanilla reason=complete
2026-08-04 19:32:24,332 INFO [__main__] ========================================================================
2026-08-04T19:32:24+02:00 extraction done configuration=7/24 dataset=Traffic model=chronos2 lags=168 horizon=24 retrieval=vanilla

2026-08-04T19:32:24+02:00 extraction start configuration=8/24 dataset=Traffic model=chronos2 lags=168 horizon=24 retrieval=instance_euclidean_3_online period=24 datastore_stride=24 adapt_stride=24 eval_stride=128 max_store_windows=30000 seed=1
2026-08-04 19:32:26,999 INFO [__main__] ========================================================================
2026-08-04 19:32:26,999 INFO [__main__] experiment start kind=extraction dataset=Traffic model=chronos2 lags=168 horizon=24 neighbors=3 distance=instance/euclidean
2026-08-04 19:32:27,366 INFO [__main__] extraction skipped dir=/home/h61084/codes/adapts/outputs/extractions/Traffic/168_24/chronos2/instance_euclidean_3_online/extracted reason=complete
2026-08-04 19:32:27,366 INFO [__main__] ========================================================================
2026-08-04T19:32:27+02:00 extraction done configuration=8/24 dataset=Traffic model=chronos2 lags=168 horizon=24 retrieval=instance_euclidean_3_online

2026-08-04T19:32:27+02:00 extraction start configuration=9/24 dataset=Traffic model=chronos2 lags=336 horizon=48 retrieval=vanilla period=24 datastore_stride=24 adapt_stride=24 eval_stride=128 max_store_windows=30000 seed=1
2026-08-04 19:32:30,094 INFO [__main__] ========================================================================
2026-08-04 19:32:30,094 INFO [__main__] experiment start kind=extraction dataset=Traffic model=chronos2 lags=336 horizon=48 neighbors=0 distance=raw/euclidean
2026-08-04 19:32:30,443 INFO [__main__] extraction skipped dir=/home/h61084/codes/adapts/outputs/extractions/Traffic/336_48/chronos2/vanilla reason=complete
2026-08-04 19:32:30,443 INFO [__main__] ========================================================================
2026-08-04T19:32:30+02:00 extraction done configuration=9/24 dataset=Traffic model=chronos2 lags=336 horizon=48 retrieval=vanilla

2026-08-04T19:32:30+02:00 extraction start configuration=10/24 dataset=Traffic model=chronos2 lags=336 horizon=48 retrieval=instance_euclidean_3_online period=24 datastore_stride=24 adapt_stride=24 eval_stride=128 max_store_windows=30000 seed=1
2026-08-04 19:32:33,137 INFO [__main__] ========================================================================
2026-08-04 19:32:33,137 INFO [__main__] experiment start kind=extraction dataset=Traffic model=chronos2 lags=336 horizon=48 neighbors=3 distance=instance/euclidean
2026-08-04 19:32:33,501 INFO [__main__] extraction skipped dir=/home/h61084/codes/adapts/outputs/extractions/Traffic/336_48/chronos2/instance_euclidean_3_online/extracted reason=complete
2026-08-04 19:32:33,501 INFO [__main__] ========================================================================
2026-08-04T19:32:33+02:00 extraction done configuration=10/24 dataset=Traffic model=chronos2 lags=336 horizon=48 retrieval=instance_euclidean_3_online

2026-08-04T19:32:33+02:00 extraction start configuration=11/24 dataset=Traffic model=chronos2 lags=504 horizon=168 retrieval=vanilla period=24 datastore_stride=24 adapt_stride=24 eval_stride=128 max_store_windows=30000 seed=1
2026-08-04 19:32:36,196 INFO [__main__] ========================================================================
2026-08-04 19:32:36,196 INFO [__main__] experiment start kind=extraction dataset=Traffic model=chronos2 lags=504 horizon=168 neighbors=0 distance=raw/euclidean
2026-08-04 19:32:36,564 INFO [__main__] extraction skipped dir=/home/h61084/codes/adapts/outputs/extractions/Traffic/504_168/chronos2/vanilla reason=complete
2026-08-04 19:32:36,564 INFO [__main__] ========================================================================
2026-08-04T19:32:36+02:00 extraction done configuration=11/24 dataset=Traffic model=chronos2 lags=504 horizon=168 retrieval=vanilla

2026-08-04T19:32:36+02:00 extraction start configuration=12/24 dataset=Traffic model=chronos2 lags=504 horizon=168 retrieval=instance_euclidean_3_online period=24 datastore_stride=24 adapt_stride=24 eval_stride=128 max_store_windows=30000 seed=1
2026-08-04 19:32:39,297 INFO [__main__] ========================================================================
2026-08-04 19:32:39,297 INFO [__main__] experiment start kind=extraction dataset=Traffic model=chronos2 lags=504 horizon=168 neighbors=3 distance=instance/euclidean
2026-08-04 19:32:39,641 INFO [__main__] extraction skipped dir=/home/h61084/codes/adapts/outputs/extractions/Traffic/504_168/chronos2/instance_euclidean_3_online/extracted reason=complete
2026-08-04 19:32:39,642 INFO [__main__] ========================================================================
2026-08-04T19:32:39+02:00 extraction done configuration=12/24 dataset=Traffic model=chronos2 lags=504 horizon=168 retrieval=instance_euclidean_3_online

2026-08-04T19:32:39+02:00 extraction start configuration=13/24 dataset=Solar model=chronos2 lags=168 horizon=24 retrieval=vanilla period=24 datastore_stride=24 adapt_stride=24 eval_stride=128 max_store_windows=30000 seed=1
2026-08-04 19:32:42,413 INFO [__main__] ========================================================================
2026-08-04 19:32:42,413 INFO [__main__] experiment start kind=extraction dataset=Solar model=chronos2 lags=168 horizon=24 neighbors=0 distance=raw/euclidean
2026-08-04 19:32:42,770 INFO [__main__] extraction skipped dir=/home/h61084/codes/adapts/outputs/extractions/Solar/168_24/chronos2/vanilla reason=complete
2026-08-04 19:32:42,770 INFO [__main__] ========================================================================
2026-08-04T19:32:43+02:00 extraction done configuration=13/24 dataset=Solar model=chronos2 lags=168 horizon=24 retrieval=vanilla

2026-08-04T19:32:43+02:00 extraction start configuration=14/24 dataset=Solar model=chronos2 lags=168 horizon=24 retrieval=instance_euclidean_3_online period=24 datastore_stride=24 adapt_stride=24 eval_stride=128 max_store_windows=30000 seed=1
2026-08-04 19:32:45,481 INFO [__main__] ========================================================================
2026-08-04 19:32:45,482 INFO [__main__] experiment start kind=extraction dataset=Solar model=chronos2 lags=168 horizon=24 neighbors=3 distance=instance/euclidean
2026-08-04 19:32:45,836 INFO [__main__] extraction skipped dir=/home/h61084/codes/adapts/outputs/extractions/Solar/168_24/chronos2/instance_euclidean_3_online/extracted reason=complete
2026-08-04 19:32:45,836 INFO [__main__] ========================================================================
2026-08-04T19:32:46+02:00 extraction done configuration=14/24 dataset=Solar model=chronos2 lags=168 horizon=24 retrieval=instance_euclidean_3_online

2026-08-04T19:32:46+02:00 extraction start configuration=15/24 dataset=Solar model=chronos2 lags=336 horizon=48 retrieval=vanilla period=24 datastore_stride=24 adapt_stride=24 eval_stride=128 max_store_windows=30000 seed=1
2026-08-04 19:32:48,548 INFO [__main__] ========================================================================
2026-08-04 19:32:48,548 INFO [__main__] experiment start kind=extraction dataset=Solar model=chronos2 lags=336 horizon=48 neighbors=0 distance=raw/euclidean
2026-08-04 19:32:48,902 INFO [__main__] extraction skipped dir=/home/h61084/codes/adapts/outputs/extractions/Solar/336_48/chronos2/vanilla reason=complete
2026-08-04 19:32:48,902 INFO [__main__] ========================================================================
2026-08-04T19:32:49+02:00 extraction done configuration=15/24 dataset=Solar model=chronos2 lags=336 horizon=48 retrieval=vanilla

2026-08-04T19:32:49+02:00 extraction start configuration=16/24 dataset=Solar model=chronos2 lags=336 horizon=48 retrieval=instance_euclidean_3_online period=24 datastore_stride=24 adapt_stride=24 eval_stride=128 max_store_windows=30000 seed=1
2026-08-04 19:32:51,567 INFO [__main__] ========================================================================
2026-08-04 19:32:51,567 INFO [__main__] experiment start kind=extraction dataset=Solar model=chronos2 lags=336 horizon=48 neighbors=3 distance=instance/euclidean
2026-08-04 19:32:51,933 INFO [__main__] extraction skipped dir=/home/h61084/codes/adapts/outputs/extractions/Solar/336_48/chronos2/instance_euclidean_3_online/extracted reason=complete
2026-08-04 19:32:51,933 INFO [__main__] ========================================================================
2026-08-04T19:32:52+02:00 extraction done configuration=16/24 dataset=Solar model=chronos2 lags=336 horizon=48 retrieval=instance_euclidean_3_online

2026-08-04T19:32:52+02:00 extraction start configuration=17/24 dataset=Solar model=chronos2 lags=504 horizon=168 retrieval=vanilla period=24 datastore_stride=24 adapt_stride=24 eval_stride=128 max_store_windows=30000 seed=1
2026-08-04 19:32:54,622 INFO [__main__] ========================================================================
2026-08-04 19:32:54,622 INFO [__main__] experiment start kind=extraction dataset=Solar model=chronos2 lags=504 horizon=168 neighbors=0 distance=raw/euclidean
2026-08-04 19:32:54,977 INFO [__main__] extraction skipped dir=/home/h61084/codes/adapts/outputs/extractions/Solar/504_168/chronos2/vanilla reason=complete
2026-08-04 19:32:54,978 INFO [__main__] ========================================================================
2026-08-04T19:32:55+02:00 extraction done configuration=17/24 dataset=Solar model=chronos2 lags=504 horizon=168 retrieval=vanilla

2026-08-04T19:32:55+02:00 extraction start configuration=18/24 dataset=Solar model=chronos2 lags=504 horizon=168 retrieval=instance_euclidean_3_online period=24 datastore_stride=24 adapt_stride=24 eval_stride=128 max_store_windows=30000 seed=1
2026-08-04 19:32:57,711 INFO [__main__] ========================================================================
2026-08-04 19:32:57,711 INFO [__main__] experiment start kind=extraction dataset=Solar model=chronos2 lags=504 horizon=168 neighbors=3 distance=instance/euclidean
2026-08-04 19:32:58,080 INFO [__main__] extraction skipped dir=/home/h61084/codes/adapts/outputs/extractions/Solar/504_168/chronos2/instance_euclidean_3_online/extracted reason=complete
2026-08-04 19:32:58,080 INFO [__main__] ========================================================================
2026-08-04T19:32:58+02:00 extraction done configuration=18/24 dataset=Solar model=chronos2 lags=504 horizon=168 retrieval=instance_euclidean_3_online

2026-08-04T19:32:58+02:00 extraction start configuration=19/24 dataset=exchange_rate model=chronos2 lags=168 horizon=24 retrieval=vanilla period=24 datastore_stride=24 adapt_stride=24 eval_stride=128 max_store_windows=30000 seed=1
2026-08-04 19:33:00,794 INFO [__main__] ========================================================================
2026-08-04 19:33:00,794 INFO [__main__] experiment start kind=extraction dataset=exchange_rate model=chronos2 lags=168 horizon=24 neighbors=0 distance=raw/euclidean
2026-08-04 19:33:01,178 INFO [__main__] extraction skipped dir=/home/h61084/codes/adapts/outputs/extractions/exchange_rate/168_24/chronos2/vanilla reason=complete
2026-08-04 19:33:01,178 INFO [__main__] ========================================================================
2026-08-04T19:33:01+02:00 extraction done configuration=19/24 dataset=exchange_rate model=chronos2 lags=168 horizon=24 retrieval=vanilla

2026-08-04T19:33:01+02:00 extraction start configuration=20/24 dataset=exchange_rate model=chronos2 lags=168 horizon=24 retrieval=instance_euclidean_3_online period=24 datastore_stride=24 adapt_stride=24 eval_stride=128 max_store_windows=30000 seed=1
2026-08-04 19:33:03,910 INFO [__main__] ========================================================================
2026-08-04 19:33:03,911 INFO [__main__] experiment start kind=extraction dataset=exchange_rate model=chronos2 lags=168 horizon=24 neighbors=3 distance=instance/euclidean
2026-08-04 19:33:04,256 INFO [__main__] extraction skipped dir=/home/h61084/codes/adapts/outputs/extractions/exchange_rate/168_24/chronos2/instance_euclidean_3_online/extracted reason=complete
2026-08-04 19:33:04,256 INFO [__main__] ========================================================================
2026-08-04T19:33:04+02:00 extraction done configuration=20/24 dataset=exchange_rate model=chronos2 lags=168 horizon=24 retrieval=instance_euclidean_3_online

2026-08-04T19:33:04+02:00 extraction start configuration=21/24 dataset=exchange_rate model=chronos2 lags=336 horizon=48 retrieval=vanilla period=24 datastore_stride=24 adapt_stride=24 eval_stride=128 max_store_windows=30000 seed=1
2026-08-04 19:33:07,150 INFO [__main__] ========================================================================
2026-08-04 19:33:07,150 INFO [__main__] experiment start kind=extraction dataset=exchange_rate model=chronos2 lags=336 horizon=48 neighbors=0 distance=raw/euclidean
2026-08-04 19:33:07,519 INFO [__main__] extraction skipped dir=/home/h61084/codes/adapts/outputs/extractions/exchange_rate/336_48/chronos2/vanilla reason=complete
2026-08-04 19:33:07,519 INFO [__main__] ========================================================================
2026-08-04T19:33:07+02:00 extraction done configuration=21/24 dataset=exchange_rate model=chronos2 lags=336 horizon=48 retrieval=vanilla

2026-08-04T19:33:07+02:00 extraction start configuration=22/24 dataset=exchange_rate model=chronos2 lags=336 horizon=48 retrieval=instance_euclidean_3_online period=24 datastore_stride=24 adapt_stride=24 eval_stride=128 max_store_windows=30000 seed=1
2026-08-04 19:33:10,419 INFO [__main__] ========================================================================
2026-08-04 19:33:10,419 INFO [__main__] experiment start kind=extraction dataset=exchange_rate model=chronos2 lags=336 horizon=48 neighbors=3 distance=instance/euclidean
2026-08-04 19:33:10,777 INFO [__main__] extraction skipped dir=/home/h61084/codes/adapts/outputs/extractions/exchange_rate/336_48/chronos2/instance_euclidean_3_online/extracted reason=complete
2026-08-04 19:33:10,777 INFO [__main__] ========================================================================
2026-08-04T19:33:11+02:00 extraction done configuration=22/24 dataset=exchange_rate model=chronos2 lags=336 horizon=48 retrieval=instance_euclidean_3_online

2026-08-04T19:33:11+02:00 extraction start configuration=23/24 dataset=exchange_rate model=chronos2 lags=504 horizon=168 retrieval=vanilla period=24 datastore_stride=24 adapt_stride=24 eval_stride=128 max_store_windows=30000 seed=1
2026-08-04 19:33:13,563 INFO [__main__] ========================================================================
2026-08-04 19:33:13,563 INFO [__main__] experiment start kind=extraction dataset=exchange_rate model=chronos2 lags=504 horizon=168 neighbors=0 distance=raw/euclidean
2026-08-04 19:33:13,923 INFO [__main__] extraction skipped dir=/home/h61084/codes/adapts/outputs/extractions/exchange_rate/504_168/chronos2/vanilla reason=complete
2026-08-04 19:33:13,923 INFO [__main__] ========================================================================
2026-08-04T19:33:14+02:00 extraction done configuration=23/24 dataset=exchange_rate model=chronos2 lags=504 horizon=168 retrieval=vanilla

2026-08-04T19:33:14+02:00 extraction start configuration=24/24 dataset=exchange_rate model=chronos2 lags=504 horizon=168 retrieval=instance_euclidean_3_online period=24 datastore_stride=24 adapt_stride=24 eval_stride=128 max_store_windows=30000 seed=1
2026-08-04 19:33:16,671 INFO [__main__] ========================================================================
2026-08-04 19:33:16,671 INFO [__main__] experiment start kind=extraction dataset=exchange_rate model=chronos2 lags=504 horizon=168 neighbors=3 distance=instance/euclidean
2026-08-04 19:33:17,059 INFO [__main__] extraction skipped dir=/home/h61084/codes/adapts/outputs/extractions/exchange_rate/504_168/chronos2/instance_euclidean_3_online/extracted reason=complete
2026-08-04 19:33:17,059 INFO [__main__] ========================================================================
2026-08-04T19:33:17+02:00 extraction done configuration=24/24 dataset=exchange_rate model=chronos2 lags=504 horizon=168 retrieval=instance_euclidean_3_online

2026-08-04T19:33:17+02:00 job done kind=adaptation_extraction output=outputs/extractions

2026-08-04T19:33:17+02:00 job start kind=baselines experiment_mode=delta_baselines_ablation skip_complete=false tasks=12 datasets=Electricity,Traffic,Solar,exchange_rate models=chronos2 settings=168:24,336:48,504:168 distance_spaces=instance distance_metrics=euclidean neighbors=3 methods=full_ridge_shared,full_delta_ridge_shared,y_ridge_shared,y_delta_ridge_shared,cov_y_ridge_shared,cov_y_delta_ridge_shared,residual_ridge_shared,residual_delta_ridge_shared results_root=outputs/adaptation_results/delta_baselines_ablation
2026-08-04 19:33:19,485 INFO [__main__] extraction validation directory=outputs/extractions/Electricity/168_24/chronos2/instance_euclidean_3_online/extracted status=complete

2026-08-04T19:33:19+02:00 baselines start configuration=1/12 dataset=Electricity model=chronos2 lags=168 horizon=24 retrieval=instance_euclidean_3_online family=baselines l2_grid=0,1e-6,1e-5,1e-4,1e-3,1e-2,1e-1,1,10 validation_fraction=0.2 fit_baselines_on_eval=false seed=1 max_t1_fit_samples=none max_t2_valid_samples=none max_adapt_refit_samples=none max_eval_fit_samples=none fit_sample_seed=1
2026-08-04 19:33:22,154 INFO [__main__] ========================================================================
2026-08-04 19:33:22,154 INFO [__main__] selected methods=('full_ridge_shared', 'full_delta_ridge_shared', 'y_ridge_shared', 'y_delta_ridge_shared', 'cov_y_ridge_shared', 'cov_y_delta_ridge_shared', 'residual_ridge_shared', 'residual_delta_ridge_shared')
2026-08-04 19:33:25,204 INFO [__main__] baseline selection start l2_grid=(0.0, 1e-06, 1e-05, 0.0001, 0.001, 0.01, 0.1, 1.0, 10.0)
2026-08-04 19:33:29,265 INFO [__main__] baseline selection done
2026-08-04 19:33:29,327 INFO [__main__] experiment done seconds=7.17
2026-08-04 19:33:29,327 INFO [__main__] ========================================================================
2026-08-04T19:33:29+02:00 baselines done configuration=1/12 dataset=Electricity model=chronos2 lags=168 horizon=24 retrieval=instance_euclidean_3_online
2026-08-04 19:33:31,794 INFO [__main__] extraction validation directory=outputs/extractions/Electricity/336_48/chronos2/instance_euclidean_3_online/extracted status=complete

2026-08-04T19:33:32+02:00 baselines start configuration=2/12 dataset=Electricity model=chronos2 lags=336 horizon=48 retrieval=instance_euclidean_3_online family=baselines l2_grid=0,1e-6,1e-5,1e-4,1e-3,1e-2,1e-1,1,10 validation_fraction=0.2 fit_baselines_on_eval=false seed=1 max_t1_fit_samples=none max_t2_valid_samples=none max_adapt_refit_samples=none max_eval_fit_samples=none fit_sample_seed=1
2026-08-04 19:33:34,526 INFO [__main__] ========================================================================
2026-08-04 19:33:34,526 INFO [__main__] selected methods=('full_ridge_shared', 'full_delta_ridge_shared', 'y_ridge_shared', 'y_delta_ridge_shared', 'cov_y_ridge_shared', 'cov_y_delta_ridge_shared', 'residual_ridge_shared', 'residual_delta_ridge_shared')
2026-08-04 19:33:37,695 INFO [__main__] baseline selection start l2_grid=(0.0, 1e-06, 1e-05, 0.0001, 0.001, 0.01, 0.1, 1.0, 10.0)
2026-08-04 19:33:45,814 INFO [__main__] baseline selection done
2026-08-04 19:33:45,875 INFO [__main__] experiment done seconds=11.35
2026-08-04 19:33:45,875 INFO [__main__] ========================================================================
2026-08-04T19:33:46+02:00 baselines done configuration=2/12 dataset=Electricity model=chronos2 lags=336 horizon=48 retrieval=instance_euclidean_3_online
2026-08-04 19:33:48,290 INFO [__main__] extraction validation directory=outputs/extractions/Electricity/504_168/chronos2/instance_euclidean_3_online/extracted status=complete

2026-08-04T19:33:48+02:00 baselines start configuration=3/12 dataset=Electricity model=chronos2 lags=504 horizon=168 retrieval=instance_euclidean_3_online family=baselines l2_grid=0,1e-6,1e-5,1e-4,1e-3,1e-2,1e-1,1,10 validation_fraction=0.2 fit_baselines_on_eval=false seed=1 max_t1_fit_samples=none max_t2_valid_samples=none max_adapt_refit_samples=none max_eval_fit_samples=none fit_sample_seed=1
2026-08-04 19:33:51,025 INFO [__main__] ========================================================================
2026-08-04 19:33:51,026 INFO [__main__] selected methods=('full_ridge_shared', 'full_delta_ridge_shared', 'y_ridge_shared', 'y_delta_ridge_shared', 'cov_y_ridge_shared', 'cov_y_delta_ridge_shared', 'residual_ridge_shared', 'residual_delta_ridge_shared')
2026-08-04 19:33:55,385 INFO [__main__] baseline selection start l2_grid=(0.0, 1e-06, 1e-05, 0.0001, 0.001, 0.01, 0.1, 1.0, 10.0)
2026-08-04 19:34:24,562 INFO [__main__] baseline selection done
2026-08-04 19:34:24,614 INFO [__main__] experiment done seconds=33.59
2026-08-04 19:34:24,614 INFO [__main__] ========================================================================
2026-08-04T19:34:25+02:00 baselines done configuration=3/12 dataset=Electricity model=chronos2 lags=504 horizon=168 retrieval=instance_euclidean_3_online
2026-08-04 19:34:27,395 INFO [__main__] extraction validation directory=outputs/extractions/Traffic/168_24/chronos2/instance_euclidean_3_online/extracted status=complete

2026-08-04T19:34:27+02:00 baselines start configuration=4/12 dataset=Traffic model=chronos2 lags=168 horizon=24 retrieval=instance_euclidean_3_online family=baselines l2_grid=0,1e-6,1e-5,1e-4,1e-3,1e-2,1e-1,1,10 validation_fraction=0.2 fit_baselines_on_eval=false seed=1 max_t1_fit_samples=none max_t2_valid_samples=none max_adapt_refit_samples=none max_eval_fit_samples=none fit_sample_seed=1
2026-08-04 19:34:30,058 INFO [__main__] ========================================================================
2026-08-04 19:34:30,058 INFO [__main__] selected methods=('full_ridge_shared', 'full_delta_ridge_shared', 'y_ridge_shared', 'y_delta_ridge_shared', 'cov_y_ridge_shared', 'cov_y_delta_ridge_shared', 'residual_ridge_shared', 'residual_delta_ridge_shared')
2026-08-04 19:34:33,768 INFO [__main__] baseline selection start l2_grid=(0.0, 1e-06, 1e-05, 0.0001, 0.001, 0.01, 0.1, 1.0, 10.0)
2026-08-04 19:34:40,900 INFO [__main__] baseline selection done
2026-08-04 19:34:40,954 INFO [__main__] experiment done seconds=10.89
2026-08-04 19:34:40,954 INFO [__main__] ========================================================================
2026-08-04T19:34:41+02:00 baselines done configuration=4/12 dataset=Traffic model=chronos2 lags=168 horizon=24 retrieval=instance_euclidean_3_online
2026-08-04 19:34:43,311 INFO [__main__] extraction validation directory=outputs/extractions/Traffic/336_48/chronos2/instance_euclidean_3_online/extracted status=complete

2026-08-04T19:34:43+02:00 baselines start configuration=5/12 dataset=Traffic model=chronos2 lags=336 horizon=48 retrieval=instance_euclidean_3_online family=baselines l2_grid=0,1e-6,1e-5,1e-4,1e-3,1e-2,1e-1,1,10 validation_fraction=0.2 fit_baselines_on_eval=false seed=1 max_t1_fit_samples=none max_t2_valid_samples=none max_adapt_refit_samples=none max_eval_fit_samples=none fit_sample_seed=1
2026-08-04 19:34:45,936 INFO [__main__] ========================================================================
2026-08-04 19:34:45,936 INFO [__main__] selected methods=('full_ridge_shared', 'full_delta_ridge_shared', 'y_ridge_shared', 'y_delta_ridge_shared', 'cov_y_ridge_shared', 'cov_y_delta_ridge_shared', 'residual_ridge_shared', 'residual_delta_ridge_shared')
2026-08-04 19:34:50,581 INFO [__main__] baseline selection start l2_grid=(0.0, 1e-06, 1e-05, 0.0001, 0.001, 0.01, 0.1, 1.0, 10.0)
2026-08-04 19:35:04,301 INFO [__main__] baseline selection done
2026-08-04 19:35:04,358 INFO [__main__] experiment done seconds=18.42
2026-08-04 19:35:04,358 INFO [__main__] ========================================================================
2026-08-04T19:35:04+02:00 baselines done configuration=5/12 dataset=Traffic model=chronos2 lags=336 horizon=48 retrieval=instance_euclidean_3_online
2026-08-04 19:35:06,855 INFO [__main__] extraction validation directory=outputs/extractions/Traffic/504_168/chronos2/instance_euclidean_3_online/extracted status=complete

2026-08-04T19:35:07+02:00 baselines start configuration=6/12 dataset=Traffic model=chronos2 lags=504 horizon=168 retrieval=instance_euclidean_3_online family=baselines l2_grid=0,1e-6,1e-5,1e-4,1e-3,1e-2,1e-1,1,10 validation_fraction=0.2 fit_baselines_on_eval=false seed=1 max_t1_fit_samples=none max_t2_valid_samples=none max_adapt_refit_samples=none max_eval_fit_samples=none fit_sample_seed=1
2026-08-04 19:35:09,649 INFO [__main__] ========================================================================
2026-08-04 19:35:09,649 INFO [__main__] selected methods=('full_ridge_shared', 'full_delta_ridge_shared', 'y_ridge_shared', 'y_delta_ridge_shared', 'cov_y_ridge_shared', 'cov_y_delta_ridge_shared', 'residual_ridge_shared', 'residual_delta_ridge_shared')
2026-08-04 19:35:16,790 INFO [__main__] baseline selection start l2_grid=(0.0, 1e-06, 1e-05, 0.0001, 0.001, 0.01, 0.1, 1.0, 10.0)
2026-08-04 19:36:04,582 INFO [__main__] baseline selection done
2026-08-04 19:36:04,642 INFO [__main__] experiment done seconds=54.99
2026-08-04 19:36:04,642 INFO [__main__] ========================================================================
2026-08-04T19:36:05+02:00 baselines done configuration=6/12 dataset=Traffic model=chronos2 lags=504 horizon=168 retrieval=instance_euclidean_3_online
2026-08-04 19:36:07,548 INFO [__main__] extraction validation directory=outputs/extractions/Solar/168_24/chronos2/instance_euclidean_3_online/extracted status=complete

2026-08-04T19:36:07+02:00 baselines start configuration=7/12 dataset=Solar model=chronos2 lags=168 horizon=24 retrieval=instance_euclidean_3_online family=baselines l2_grid=0,1e-6,1e-5,1e-4,1e-3,1e-2,1e-1,1,10 validation_fraction=0.2 fit_baselines_on_eval=false seed=1 max_t1_fit_samples=none max_t2_valid_samples=none max_adapt_refit_samples=none max_eval_fit_samples=none fit_sample_seed=1
2026-08-04 19:36:10,373 INFO [__main__] ========================================================================
2026-08-04 19:36:10,373 INFO [__main__] selected methods=('full_ridge_shared', 'full_delta_ridge_shared', 'y_ridge_shared', 'y_delta_ridge_shared', 'cov_y_ridge_shared', 'cov_y_delta_ridge_shared', 'residual_ridge_shared', 'residual_delta_ridge_shared')
2026-08-04 19:36:12,570 INFO [__main__] baseline selection start l2_grid=(0.0, 1e-06, 1e-05, 0.0001, 0.001, 0.01, 0.1, 1.0, 10.0)
2026-08-04 19:36:13,374 INFO [__main__] baseline selection done
2026-08-04 19:36:13,444 INFO [__main__] experiment done seconds=3.06
2026-08-04 19:36:13,444 INFO [__main__] ========================================================================
2026-08-04T19:36:13+02:00 baselines done configuration=7/12 dataset=Solar model=chronos2 lags=168 horizon=24 retrieval=instance_euclidean_3_online
2026-08-04 19:36:15,861 INFO [__main__] extraction validation directory=outputs/extractions/Solar/336_48/chronos2/instance_euclidean_3_online/extracted status=complete

2026-08-04T19:36:16+02:00 baselines start configuration=8/12 dataset=Solar model=chronos2 lags=336 horizon=48 retrieval=instance_euclidean_3_online family=baselines l2_grid=0,1e-6,1e-5,1e-4,1e-3,1e-2,1e-1,1,10 validation_fraction=0.2 fit_baselines_on_eval=false seed=1 max_t1_fit_samples=none max_t2_valid_samples=none max_adapt_refit_samples=none max_eval_fit_samples=none fit_sample_seed=1
2026-08-04 19:36:18,592 INFO [__main__] ========================================================================
2026-08-04 19:36:18,592 INFO [__main__] selected methods=('full_ridge_shared', 'full_delta_ridge_shared', 'y_ridge_shared', 'y_delta_ridge_shared', 'cov_y_ridge_shared', 'cov_y_delta_ridge_shared', 'residual_ridge_shared', 'residual_delta_ridge_shared')
2026-08-04 19:36:20,377 INFO [__main__] baseline selection start l2_grid=(0.0, 1e-06, 1e-05, 0.0001, 0.001, 0.01, 0.1, 1.0, 10.0)
2026-08-04 19:36:21,883 INFO [__main__] baseline selection done
2026-08-04 19:36:21,942 INFO [__main__] experiment done seconds=3.35
2026-08-04 19:36:21,943 INFO [__main__] ========================================================================
2026-08-04T19:36:22+02:00 baselines done configuration=8/12 dataset=Solar model=chronos2 lags=336 horizon=48 retrieval=instance_euclidean_3_online
2026-08-04 19:36:24,364 INFO [__main__] extraction validation directory=outputs/extractions/Solar/504_168/chronos2/instance_euclidean_3_online/extracted status=complete

2026-08-04T19:36:24+02:00 baselines start configuration=9/12 dataset=Solar model=chronos2 lags=504 horizon=168 retrieval=instance_euclidean_3_online family=baselines l2_grid=0,1e-6,1e-5,1e-4,1e-3,1e-2,1e-1,1,10 validation_fraction=0.2 fit_baselines_on_eval=false seed=1 max_t1_fit_samples=none max_t2_valid_samples=none max_adapt_refit_samples=none max_eval_fit_samples=none fit_sample_seed=1
2026-08-04 19:36:27,104 INFO [__main__] ========================================================================
2026-08-04 19:36:27,104 INFO [__main__] selected methods=('full_ridge_shared', 'full_delta_ridge_shared', 'y_ridge_shared', 'y_delta_ridge_shared', 'cov_y_ridge_shared', 'cov_y_delta_ridge_shared', 'residual_ridge_shared', 'residual_delta_ridge_shared')
2026-08-04 19:36:29,088 INFO [__main__] baseline selection start l2_grid=(0.0, 1e-06, 1e-05, 0.0001, 0.001, 0.01, 0.1, 1.0, 10.0)
2026-08-04 19:36:33,018 INFO [__main__] baseline selection done
2026-08-04 19:36:33,076 INFO [__main__] experiment done seconds=5.97
2026-08-04 19:36:33,076 INFO [__main__] ========================================================================
2026-08-04T19:36:33+02:00 baselines done configuration=9/12 dataset=Solar model=chronos2 lags=504 horizon=168 retrieval=instance_euclidean_3_online
2026-08-04 19:36:35,534 INFO [__main__] extraction validation directory=outputs/extractions/exchange_rate/168_24/chronos2/instance_euclidean_3_online/extracted status=complete

2026-08-04T19:36:35+02:00 baselines start configuration=10/12 dataset=exchange_rate model=chronos2 lags=168 horizon=24 retrieval=instance_euclidean_3_online family=baselines l2_grid=0,1e-6,1e-5,1e-4,1e-3,1e-2,1e-1,1,10 validation_fraction=0.2 fit_baselines_on_eval=false seed=1 max_t1_fit_samples=none max_t2_valid_samples=none max_adapt_refit_samples=none max_eval_fit_samples=none fit_sample_seed=1
2026-08-04 19:36:38,269 INFO [__main__] ========================================================================
2026-08-04 19:36:38,269 INFO [__main__] selected methods=('full_ridge_shared', 'full_delta_ridge_shared', 'y_ridge_shared', 'y_delta_ridge_shared', 'cov_y_ridge_shared', 'cov_y_delta_ridge_shared', 'residual_ridge_shared', 'residual_delta_ridge_shared')
2026-08-04 19:36:40,090 INFO [__main__] baseline selection start l2_grid=(0.0, 1e-06, 1e-05, 0.0001, 0.001, 0.01, 0.1, 1.0, 10.0)
2026-08-04 19:36:40,296 INFO [__main__] baseline selection done
2026-08-04 19:36:40,350 INFO [__main__] experiment done seconds=2.08
2026-08-04 19:36:40,350 INFO [__main__] ========================================================================
2026-08-04T19:36:40+02:00 baselines done configuration=10/12 dataset=exchange_rate model=chronos2 lags=168 horizon=24 retrieval=instance_euclidean_3_online
2026-08-04 19:36:42,736 INFO [__main__] extraction validation directory=outputs/extractions/exchange_rate/336_48/chronos2/instance_euclidean_3_online/extracted status=complete

2026-08-04T19:36:43+02:00 baselines start configuration=11/12 dataset=exchange_rate model=chronos2 lags=336 horizon=48 retrieval=instance_euclidean_3_online family=baselines l2_grid=0,1e-6,1e-5,1e-4,1e-3,1e-2,1e-1,1,10 validation_fraction=0.2 fit_baselines_on_eval=false seed=1 max_t1_fit_samples=none max_t2_valid_samples=none max_adapt_refit_samples=none max_eval_fit_samples=none fit_sample_seed=1
2026-08-04 19:36:45,436 INFO [__main__] ========================================================================
2026-08-04 19:36:45,436 INFO [__main__] selected methods=('full_ridge_shared', 'full_delta_ridge_shared', 'y_ridge_shared', 'y_delta_ridge_shared', 'cov_y_ridge_shared', 'cov_y_delta_ridge_shared', 'residual_ridge_shared', 'residual_delta_ridge_shared')
2026-08-04 19:36:47,065 INFO [__main__] baseline selection start l2_grid=(0.0, 1e-06, 1e-05, 0.0001, 0.001, 0.01, 0.1, 1.0, 10.0)
2026-08-04 19:36:47,327 INFO [__main__] baseline selection done
2026-08-04 19:36:47,388 INFO [__main__] experiment done seconds=1.95
2026-08-04 19:36:47,388 INFO [__main__] ========================================================================
2026-08-04T19:36:47+02:00 baselines done configuration=11/12 dataset=exchange_rate model=chronos2 lags=336 horizon=48 retrieval=instance_euclidean_3_online
2026-08-04 19:36:49,779 INFO [__main__] extraction validation directory=outputs/extractions/exchange_rate/504_168/chronos2/instance_euclidean_3_online/extracted status=complete

2026-08-04T19:36:50+02:00 baselines start configuration=12/12 dataset=exchange_rate model=chronos2 lags=504 horizon=168 retrieval=instance_euclidean_3_online family=baselines l2_grid=0,1e-6,1e-5,1e-4,1e-3,1e-2,1e-1,1,10 validation_fraction=0.2 fit_baselines_on_eval=false seed=1 max_t1_fit_samples=none max_t2_valid_samples=none max_adapt_refit_samples=none max_eval_fit_samples=none fit_sample_seed=1
2026-08-04 19:36:52,470 INFO [__main__] ========================================================================
2026-08-04 19:36:52,470 INFO [__main__] selected methods=('full_ridge_shared', 'full_delta_ridge_shared', 'y_ridge_shared', 'y_delta_ridge_shared', 'cov_y_ridge_shared', 'cov_y_delta_ridge_shared', 'residual_ridge_shared', 'residual_delta_ridge_shared')
2026-08-04 19:36:54,422 INFO [__main__] baseline selection start l2_grid=(0.0, 1e-06, 1e-05, 0.0001, 0.001, 0.01, 0.1, 1.0, 10.0)
2026-08-04 19:36:54,970 INFO [__main__] baseline selection done
2026-08-04 19:36:55,023 INFO [__main__] experiment done seconds=2.55
2026-08-04 19:36:55,023 INFO [__main__] ========================================================================
2026-08-04T19:36:55+02:00 baselines done configuration=12/12 dataset=exchange_rate model=chronos2 lags=504 horizon=168 retrieval=instance_euclidean_3_online

2026-08-04T19:36:55+02:00 job done kind=baselines output=outputs/adaptation_results/delta_baselines_ablation

2026-08-04T19:36:55+02:00 job start kind=adaptation_extraction experiment_mode=delta_baselines_ablation skip_complete=true tasks=24 datasets=Electricity,Traffic,Solar,exchange_rate models=chronos2 settings=168:24,336:48,504:168 distance_spaces=raw distance_metrics=euclidean neighbors=3

2026-08-04T19:36:55+02:00 extraction start configuration=1/24 dataset=Electricity model=chronos2 lags=168 horizon=24 retrieval=vanilla period=24 datastore_stride=24 adapt_stride=24 eval_stride=128 max_store_windows=30000 seed=1
2026-08-04 19:36:57,779 INFO [__main__] ========================================================================
2026-08-04 19:36:57,780 INFO [__main__] experiment start kind=extraction dataset=Electricity model=chronos2 lags=168 horizon=24 neighbors=0 distance=raw/euclidean
2026-08-04 19:36:58,140 INFO [__main__] extraction skipped dir=/home/h61084/codes/adapts/outputs/extractions/Electricity/168_24/chronos2/vanilla reason=complete
2026-08-04 19:36:58,140 INFO [__main__] ========================================================================
2026-08-04T19:36:58+02:00 extraction done configuration=1/24 dataset=Electricity model=chronos2 lags=168 horizon=24 retrieval=vanilla

2026-08-04T19:36:58+02:00 extraction start configuration=2/24 dataset=Electricity model=chronos2 lags=168 horizon=24 retrieval=raw_euclidean_3_online period=24 datastore_stride=24 adapt_stride=24 eval_stride=128 max_store_windows=30000 seed=1
2026-08-04 19:37:00,911 INFO [__main__] ========================================================================
2026-08-04 19:37:00,912 INFO [__main__] experiment start kind=extraction dataset=Electricity model=chronos2 lags=168 horizon=24 neighbors=3 distance=raw/euclidean
2026-08-04 19:37:01,290 INFO [__main__] extraction skipped dir=/home/h61084/codes/adapts/outputs/extractions/Electricity/168_24/chronos2/raw_euclidean_3_online/extracted reason=complete
2026-08-04 19:37:01,290 INFO [__main__] ========================================================================
2026-08-04T19:37:01+02:00 extraction done configuration=2/24 dataset=Electricity model=chronos2 lags=168 horizon=24 retrieval=raw_euclidean_3_online

2026-08-04T19:37:01+02:00 extraction start configuration=3/24 dataset=Electricity model=chronos2 lags=336 horizon=48 retrieval=vanilla period=24 datastore_stride=24 adapt_stride=24 eval_stride=128 max_store_windows=30000 seed=1
2026-08-04 19:37:04,052 INFO [__main__] ========================================================================
2026-08-04 19:37:04,052 INFO [__main__] experiment start kind=extraction dataset=Electricity model=chronos2 lags=336 horizon=48 neighbors=0 distance=raw/euclidean
2026-08-04 19:37:04,395 INFO [__main__] extraction skipped dir=/home/h61084/codes/adapts/outputs/extractions/Electricity/336_48/chronos2/vanilla reason=complete
2026-08-04 19:37:04,395 INFO [__main__] ========================================================================
2026-08-04T19:37:04+02:00 extraction done configuration=3/24 dataset=Electricity model=chronos2 lags=336 horizon=48 retrieval=vanilla

2026-08-04T19:37:04+02:00 extraction start configuration=4/24 dataset=Electricity model=chronos2 lags=336 horizon=48 retrieval=raw_euclidean_3_online period=24 datastore_stride=24 adapt_stride=24 eval_stride=128 max_store_windows=30000 seed=1
2026-08-04 19:37:07,311 INFO [__main__] ========================================================================
2026-08-04 19:37:07,311 INFO [__main__] experiment start kind=extraction dataset=Electricity model=chronos2 lags=336 horizon=48 neighbors=3 distance=raw/euclidean
2026-08-04 19:37:07,656 INFO [__main__] extraction skipped dir=/home/h61084/codes/adapts/outputs/extractions/Electricity/336_48/chronos2/raw_euclidean_3_online/extracted reason=complete
2026-08-04 19:37:07,656 INFO [__main__] ========================================================================
2026-08-04T19:37:08+02:00 extraction done configuration=4/24 dataset=Electricity model=chronos2 lags=336 horizon=48 retrieval=raw_euclidean_3_online

2026-08-04T19:37:08+02:00 extraction start configuration=5/24 dataset=Electricity model=chronos2 lags=504 horizon=168 retrieval=vanilla period=24 datastore_stride=24 adapt_stride=24 eval_stride=128 max_store_windows=30000 seed=1
2026-08-04 19:37:10,425 INFO [__main__] ========================================================================
2026-08-04 19:37:10,425 INFO [__main__] experiment start kind=extraction dataset=Electricity model=chronos2 lags=504 horizon=168 neighbors=0 distance=raw/euclidean
2026-08-04 19:37:10,774 INFO [__main__] extraction skipped dir=/home/h61084/codes/adapts/outputs/extractions/Electricity/504_168/chronos2/vanilla reason=complete
2026-08-04 19:37:10,774 INFO [__main__] ========================================================================
2026-08-04T19:37:11+02:00 extraction done configuration=5/24 dataset=Electricity model=chronos2 lags=504 horizon=168 retrieval=vanilla

2026-08-04T19:37:11+02:00 extraction start configuration=6/24 dataset=Electricity model=chronos2 lags=504 horizon=168 retrieval=raw_euclidean_3_online period=24 datastore_stride=24 adapt_stride=24 eval_stride=128 max_store_windows=30000 seed=1
2026-08-04 19:37:13,591 INFO [__main__] ========================================================================
2026-08-04 19:37:13,591 INFO [__main__] experiment start kind=extraction dataset=Electricity model=chronos2 lags=504 horizon=168 neighbors=3 distance=raw/euclidean
2026-08-04 19:37:13,953 INFO [__main__] extraction skipped dir=/home/h61084/codes/adapts/outputs/extractions/Electricity/504_168/chronos2/raw_euclidean_3_online/extracted reason=complete
2026-08-04 19:37:13,954 INFO [__main__] ========================================================================
2026-08-04T19:37:14+02:00 extraction done configuration=6/24 dataset=Electricity model=chronos2 lags=504 horizon=168 retrieval=raw_euclidean_3_online

2026-08-04T19:37:14+02:00 extraction start configuration=7/24 dataset=Traffic model=chronos2 lags=168 horizon=24 retrieval=vanilla period=24 datastore_stride=24 adapt_stride=24 eval_stride=128 max_store_windows=30000 seed=1
2026-08-04 19:37:16,708 INFO [__main__] ========================================================================
2026-08-04 19:37:16,709 INFO [__main__] experiment start kind=extraction dataset=Traffic model=chronos2 lags=168 horizon=24 neighbors=0 distance=raw/euclidean
2026-08-04 19:37:17,086 INFO [__main__] extraction skipped dir=/home/h61084/codes/adapts/outputs/extractions/Traffic/168_24/chronos2/vanilla reason=complete
2026-08-04 19:37:17,086 INFO [__main__] ========================================================================
2026-08-04T19:37:17+02:00 extraction done configuration=7/24 dataset=Traffic model=chronos2 lags=168 horizon=24 retrieval=vanilla

2026-08-04T19:37:17+02:00 extraction start configuration=8/24 dataset=Traffic model=chronos2 lags=168 horizon=24 retrieval=raw_euclidean_3_online period=24 datastore_stride=24 adapt_stride=24 eval_stride=128 max_store_windows=30000 seed=1
2026-08-04 19:37:19,885 INFO [__main__] ========================================================================
2026-08-04 19:37:19,885 INFO [__main__] experiment start kind=extraction dataset=Traffic model=chronos2 lags=168 horizon=24 neighbors=3 distance=raw/euclidean
2026-08-04 19:37:20,241 INFO [__main__] extraction skipped dir=/home/h61084/codes/adapts/outputs/extractions/Traffic/168_24/chronos2/raw_euclidean_3_online/extracted reason=complete
2026-08-04 19:37:20,241 INFO [__main__] ========================================================================
2026-08-04T19:37:20+02:00 extraction done configuration=8/24 dataset=Traffic model=chronos2 lags=168 horizon=24 retrieval=raw_euclidean_3_online

2026-08-04T19:37:20+02:00 extraction start configuration=9/24 dataset=Traffic model=chronos2 lags=336 horizon=48 retrieval=vanilla period=24 datastore_stride=24 adapt_stride=24 eval_stride=128 max_store_windows=30000 seed=1
2026-08-04 19:37:22,990 INFO [__main__] ========================================================================
2026-08-04 19:37:22,990 INFO [__main__] experiment start kind=extraction dataset=Traffic model=chronos2 lags=336 horizon=48 neighbors=0 distance=raw/euclidean
2026-08-04 19:37:23,373 INFO [__main__] extraction skipped dir=/home/h61084/codes/adapts/outputs/extractions/Traffic/336_48/chronos2/vanilla reason=complete
2026-08-04 19:37:23,373 INFO [__main__] ========================================================================
2026-08-04T19:37:23+02:00 extraction done configuration=9/24 dataset=Traffic model=chronos2 lags=336 horizon=48 retrieval=vanilla

2026-08-04T19:37:23+02:00 extraction start configuration=10/24 dataset=Traffic model=chronos2 lags=336 horizon=48 retrieval=raw_euclidean_3_online period=24 datastore_stride=24 adapt_stride=24 eval_stride=128 max_store_windows=30000 seed=1
2026-08-04 19:37:26,208 INFO [__main__] ========================================================================
2026-08-04 19:37:26,208 INFO [__main__] experiment start kind=extraction dataset=Traffic model=chronos2 lags=336 horizon=48 neighbors=3 distance=raw/euclidean
2026-08-04 19:37:26,567 INFO [__main__] extraction skipped dir=/home/h61084/codes/adapts/outputs/extractions/Traffic/336_48/chronos2/raw_euclidean_3_online/extracted reason=complete
2026-08-04 19:37:26,567 INFO [__main__] ========================================================================
2026-08-04T19:37:26+02:00 extraction done configuration=10/24 dataset=Traffic model=chronos2 lags=336 horizon=48 retrieval=raw_euclidean_3_online

2026-08-04T19:37:26+02:00 extraction start configuration=11/24 dataset=Traffic model=chronos2 lags=504 horizon=168 retrieval=vanilla period=24 datastore_stride=24 adapt_stride=24 eval_stride=128 max_store_windows=30000 seed=1
2026-08-04 19:37:29,355 INFO [__main__] ========================================================================
2026-08-04 19:37:29,355 INFO [__main__] experiment start kind=extraction dataset=Traffic model=chronos2 lags=504 horizon=168 neighbors=0 distance=raw/euclidean
2026-08-04 19:37:29,694 INFO [__main__] extraction skipped dir=/home/h61084/codes/adapts/outputs/extractions/Traffic/504_168/chronos2/vanilla reason=complete
2026-08-04 19:37:29,694 INFO [__main__] ========================================================================
2026-08-04T19:37:30+02:00 extraction done configuration=11/24 dataset=Traffic model=chronos2 lags=504 horizon=168 retrieval=vanilla

2026-08-04T19:37:30+02:00 extraction start configuration=12/24 dataset=Traffic model=chronos2 lags=504 horizon=168 retrieval=raw_euclidean_3_online period=24 datastore_stride=24 adapt_stride=24 eval_stride=128 max_store_windows=30000 seed=1
2026-08-04 19:37:32,494 INFO [__main__] ========================================================================
2026-08-04 19:37:32,494 INFO [__main__] experiment start kind=extraction dataset=Traffic model=chronos2 lags=504 horizon=168 neighbors=3 distance=raw/euclidean
2026-08-04 19:37:32,849 INFO [__main__] extraction skipped dir=/home/h61084/codes/adapts/outputs/extractions/Traffic/504_168/chronos2/raw_euclidean_3_online/extracted reason=complete
2026-08-04 19:37:32,849 INFO [__main__] ========================================================================
2026-08-04T19:37:33+02:00 extraction done configuration=12/24 dataset=Traffic model=chronos2 lags=504 horizon=168 retrieval=raw_euclidean_3_online

2026-08-04T19:37:33+02:00 extraction start configuration=13/24 dataset=Solar model=chronos2 lags=168 horizon=24 retrieval=vanilla period=24 datastore_stride=24 adapt_stride=24 eval_stride=128 max_store_windows=30000 seed=1
2026-08-04 19:37:35,662 INFO [__main__] ========================================================================
2026-08-04 19:37:35,663 INFO [__main__] experiment start kind=extraction dataset=Solar model=chronos2 lags=168 horizon=24 neighbors=0 distance=raw/euclidean
2026-08-04 19:37:36,015 INFO [__main__] extraction skipped dir=/home/h61084/codes/adapts/outputs/extractions/Solar/168_24/chronos2/vanilla reason=complete
2026-08-04 19:37:36,015 INFO [__main__] ========================================================================
2026-08-04T19:37:36+02:00 extraction done configuration=13/24 dataset=Solar model=chronos2 lags=168 horizon=24 retrieval=vanilla

2026-08-04T19:37:36+02:00 extraction start configuration=14/24 dataset=Solar model=chronos2 lags=168 horizon=24 retrieval=raw_euclidean_3_online period=24 datastore_stride=24 adapt_stride=24 eval_stride=128 max_store_windows=30000 seed=1
2026-08-04 19:37:38,764 INFO [__main__] ========================================================================
2026-08-04 19:37:38,764 INFO [__main__] experiment start kind=extraction dataset=Solar model=chronos2 lags=168 horizon=24 neighbors=3 distance=raw/euclidean
2026-08-04 19:37:39,116 INFO [__main__] extraction skipped dir=/home/h61084/codes/adapts/outputs/extractions/Solar/168_24/chronos2/raw_euclidean_3_online/extracted reason=complete
2026-08-04 19:37:39,116 INFO [__main__] ========================================================================
2026-08-04T19:37:39+02:00 extraction done configuration=14/24 dataset=Solar model=chronos2 lags=168 horizon=24 retrieval=raw_euclidean_3_online

2026-08-04T19:37:39+02:00 extraction start configuration=15/24 dataset=Solar model=chronos2 lags=336 horizon=48 retrieval=vanilla period=24 datastore_stride=24 adapt_stride=24 eval_stride=128 max_store_windows=30000 seed=1
2026-08-04 19:37:41,841 INFO [__main__] ========================================================================
2026-08-04 19:37:41,841 INFO [__main__] experiment start kind=extraction dataset=Solar model=chronos2 lags=336 horizon=48 neighbors=0 distance=raw/euclidean
2026-08-04 19:37:42,196 INFO [__main__] extraction skipped dir=/home/h61084/codes/adapts/outputs/extractions/Solar/336_48/chronos2/vanilla reason=complete
2026-08-04 19:37:42,196 INFO [__main__] ========================================================================
2026-08-04T19:37:42+02:00 extraction done configuration=15/24 dataset=Solar model=chronos2 lags=336 horizon=48 retrieval=vanilla

2026-08-04T19:37:42+02:00 extraction start configuration=16/24 dataset=Solar model=chronos2 lags=336 horizon=48 retrieval=raw_euclidean_3_online period=24 datastore_stride=24 adapt_stride=24 eval_stride=128 max_store_windows=30000 seed=1
2026-08-04 19:37:44,950 INFO [__main__] ========================================================================
2026-08-04 19:37:44,950 INFO [__main__] experiment start kind=extraction dataset=Solar model=chronos2 lags=336 horizon=48 neighbors=3 distance=raw/euclidean
2026-08-04 19:37:45,352 INFO [__main__] extraction skipped dir=/home/h61084/codes/adapts/outputs/extractions/Solar/336_48/chronos2/raw_euclidean_3_online/extracted reason=complete
2026-08-04 19:37:45,352 INFO [__main__] ========================================================================
2026-08-04T19:37:45+02:00 extraction done configuration=16/24 dataset=Solar model=chronos2 lags=336 horizon=48 retrieval=raw_euclidean_3_online

2026-08-04T19:37:45+02:00 extraction start configuration=17/24 dataset=Solar model=chronos2 lags=504 horizon=168 retrieval=vanilla period=24 datastore_stride=24 adapt_stride=24 eval_stride=128 max_store_windows=30000 seed=1
2026-08-04 19:37:48,072 INFO [__main__] ========================================================================
2026-08-04 19:37:48,072 INFO [__main__] experiment start kind=extraction dataset=Solar model=chronos2 lags=504 horizon=168 neighbors=0 distance=raw/euclidean
2026-08-04 19:37:48,419 INFO [__main__] extraction skipped dir=/home/h61084/codes/adapts/outputs/extractions/Solar/504_168/chronos2/vanilla reason=complete
2026-08-04 19:37:48,419 INFO [__main__] ========================================================================
2026-08-04T19:37:48+02:00 extraction done configuration=17/24 dataset=Solar model=chronos2 lags=504 horizon=168 retrieval=vanilla

2026-08-04T19:37:48+02:00 extraction start configuration=18/24 dataset=Solar model=chronos2 lags=504 horizon=168 retrieval=raw_euclidean_3_online period=24 datastore_stride=24 adapt_stride=24 eval_stride=128 max_store_windows=30000 seed=1
2026-08-04 19:37:51,155 INFO [__main__] ========================================================================
2026-08-04 19:37:51,155 INFO [__main__] experiment start kind=extraction dataset=Solar model=chronos2 lags=504 horizon=168 neighbors=3 distance=raw/euclidean
2026-08-04 19:37:51,544 INFO [__main__] extraction skipped dir=/home/h61084/codes/adapts/outputs/extractions/Solar/504_168/chronos2/raw_euclidean_3_online/extracted reason=complete
2026-08-04 19:37:51,544 INFO [__main__] ========================================================================
2026-08-04T19:37:51+02:00 extraction done configuration=18/24 dataset=Solar model=chronos2 lags=504 horizon=168 retrieval=raw_euclidean_3_online

2026-08-04T19:37:51+02:00 extraction start configuration=19/24 dataset=exchange_rate model=chronos2 lags=168 horizon=24 retrieval=vanilla period=24 datastore_stride=24 adapt_stride=24 eval_stride=128 max_store_windows=30000 seed=1
2026-08-04 19:37:54,319 INFO [__main__] ========================================================================
2026-08-04 19:37:54,319 INFO [__main__] experiment start kind=extraction dataset=exchange_rate model=chronos2 lags=168 horizon=24 neighbors=0 distance=raw/euclidean
2026-08-04 19:37:54,679 INFO [__main__] extraction skipped dir=/home/h61084/codes/adapts/outputs/extractions/exchange_rate/168_24/chronos2/vanilla reason=complete
2026-08-04 19:37:54,679 INFO [__main__] ========================================================================
2026-08-04T19:37:55+02:00 extraction done configuration=19/24 dataset=exchange_rate model=chronos2 lags=168 horizon=24 retrieval=vanilla

2026-08-04T19:37:55+02:00 extraction start configuration=20/24 dataset=exchange_rate model=chronos2 lags=168 horizon=24 retrieval=raw_euclidean_3_online period=24 datastore_stride=24 adapt_stride=24 eval_stride=128 max_store_windows=30000 seed=1
2026-08-04 19:37:57,412 INFO [__main__] ========================================================================
2026-08-04 19:37:57,412 INFO [__main__] experiment start kind=extraction dataset=exchange_rate model=chronos2 lags=168 horizon=24 neighbors=3 distance=raw/euclidean
2026-08-04 19:37:57,758 INFO [__main__] extraction skipped dir=/home/h61084/codes/adapts/outputs/extractions/exchange_rate/168_24/chronos2/raw_euclidean_3_online/extracted reason=complete
2026-08-04 19:37:57,758 INFO [__main__] ========================================================================
2026-08-04T19:37:58+02:00 extraction done configuration=20/24 dataset=exchange_rate model=chronos2 lags=168 horizon=24 retrieval=raw_euclidean_3_online

2026-08-04T19:37:58+02:00 extraction start configuration=21/24 dataset=exchange_rate model=chronos2 lags=336 horizon=48 retrieval=vanilla period=24 datastore_stride=24 adapt_stride=24 eval_stride=128 max_store_windows=30000 seed=1
2026-08-04 19:38:00,434 INFO [__main__] ========================================================================
2026-08-04 19:38:00,434 INFO [__main__] experiment start kind=extraction dataset=exchange_rate model=chronos2 lags=336 horizon=48 neighbors=0 distance=raw/euclidean
2026-08-04 19:38:00,798 INFO [__main__] extraction skipped dir=/home/h61084/codes/adapts/outputs/extractions/exchange_rate/336_48/chronos2/vanilla reason=complete
2026-08-04 19:38:00,798 INFO [__main__] ========================================================================
2026-08-04T19:38:01+02:00 extraction done configuration=21/24 dataset=exchange_rate model=chronos2 lags=336 horizon=48 retrieval=vanilla

2026-08-04T19:38:01+02:00 extraction start configuration=22/24 dataset=exchange_rate model=chronos2 lags=336 horizon=48 retrieval=raw_euclidean_3_online period=24 datastore_stride=24 adapt_stride=24 eval_stride=128 max_store_windows=30000 seed=1
2026-08-04 19:38:03,465 INFO [__main__] ========================================================================
2026-08-04 19:38:03,466 INFO [__main__] experiment start kind=extraction dataset=exchange_rate model=chronos2 lags=336 horizon=48 neighbors=3 distance=raw/euclidean
2026-08-04 19:38:03,813 INFO [__main__] extraction skipped dir=/home/h61084/codes/adapts/outputs/extractions/exchange_rate/336_48/chronos2/raw_euclidean_3_online/extracted reason=complete
2026-08-04 19:38:03,814 INFO [__main__] ========================================================================
2026-08-04T19:38:04+02:00 extraction done configuration=22/24 dataset=exchange_rate model=chronos2 lags=336 horizon=48 retrieval=raw_euclidean_3_online

2026-08-04T19:38:04+02:00 extraction start configuration=23/24 dataset=exchange_rate model=chronos2 lags=504 horizon=168 retrieval=vanilla period=24 datastore_stride=24 adapt_stride=24 eval_stride=128 max_store_windows=30000 seed=1
2026-08-04 19:38:06,605 INFO [__main__] ========================================================================
2026-08-04 19:38:06,605 INFO [__main__] experiment start kind=extraction dataset=exchange_rate model=chronos2 lags=504 horizon=168 neighbors=0 distance=raw/euclidean
2026-08-04 19:38:06,972 INFO [__main__] extraction skipped dir=/home/h61084/codes/adapts/outputs/extractions/exchange_rate/504_168/chronos2/vanilla reason=complete
2026-08-04 19:38:06,972 INFO [__main__] ========================================================================
2026-08-04T19:38:07+02:00 extraction done configuration=23/24 dataset=exchange_rate model=chronos2 lags=504 horizon=168 retrieval=vanilla

2026-08-04T19:38:07+02:00 extraction start configuration=24/24 dataset=exchange_rate model=chronos2 lags=504 horizon=168 retrieval=raw_euclidean_3_online period=24 datastore_stride=24 adapt_stride=24 eval_stride=128 max_store_windows=30000 seed=1
2026-08-04 19:38:09,950 INFO [__main__] ========================================================================
2026-08-04 19:38:09,950 INFO [__main__] experiment start kind=extraction dataset=exchange_rate model=chronos2 lags=504 horizon=168 neighbors=3 distance=raw/euclidean
2026-08-04 19:38:10,306 INFO [__main__] extraction skipped dir=/home/h61084/codes/adapts/outputs/extractions/exchange_rate/504_168/chronos2/raw_euclidean_3_online/extracted reason=complete
2026-08-04 19:38:10,306 INFO [__main__] ========================================================================
2026-08-04T19:38:10+02:00 extraction done configuration=24/24 dataset=exchange_rate model=chronos2 lags=504 horizon=168 retrieval=raw_euclidean_3_online

2026-08-04T19:38:10+02:00 job done kind=adaptation_extraction output=outputs/extractions

2026-08-04T19:38:10+02:00 job start kind=baselines experiment_mode=delta_baselines_ablation skip_complete=false tasks=12 datasets=Electricity,Traffic,Solar,exchange_rate models=chronos2 settings=168:24,336:48,504:168 distance_spaces=raw distance_metrics=euclidean neighbors=3 methods=cov_avgy_ridge_shared,cov_avgy_delta_ridge_shared,cov_ridge_shared,cov_delta_ridge_shared results_root=outputs/adaptation_results/delta_baselines_ablation
2026-08-04 19:38:12,800 INFO [__main__] extraction validation directory=outputs/extractions/Electricity/168_24/chronos2/raw_euclidean_3_online/extracted status=complete

2026-08-04T19:38:13+02:00 baselines start configuration=1/12 dataset=Electricity model=chronos2 lags=168 horizon=24 retrieval=raw_euclidean_3_online family=baselines l2_grid=0,1e-6,1e-5,1e-4,1e-3,1e-2,1e-1,1,10 validation_fraction=0.2 fit_baselines_on_eval=false seed=1 max_t1_fit_samples=none max_t2_valid_samples=none max_adapt_refit_samples=none max_eval_fit_samples=none fit_sample_seed=1
2026-08-04 19:38:15,587 INFO [__main__] ========================================================================
2026-08-04 19:38:15,587 INFO [__main__] selected methods=('cov_avgy_ridge_shared', 'cov_avgy_delta_ridge_shared', 'cov_ridge_shared', 'cov_delta_ridge_shared')
2026-08-04 19:38:18,747 INFO [__main__] baseline selection start l2_grid=(0.0, 1e-06, 1e-05, 0.0001, 0.001, 0.01, 0.1, 1.0, 10.0)
2026-08-04 19:38:21,506 INFO [__main__] baseline selection done
2026-08-04 19:38:21,547 INFO [__main__] experiment done seconds=5.96
2026-08-04 19:38:21,547 INFO [__main__] ========================================================================
2026-08-04T19:38:21+02:00 baselines done configuration=1/12 dataset=Electricity model=chronos2 lags=168 horizon=24 retrieval=raw_euclidean_3_online
2026-08-04 19:38:23,994 INFO [__main__] extraction validation directory=outputs/extractions/Electricity/336_48/chronos2/raw_euclidean_3_online/extracted status=complete

2026-08-04T19:38:24+02:00 baselines start configuration=2/12 dataset=Electricity model=chronos2 lags=336 horizon=48 retrieval=raw_euclidean_3_online family=baselines l2_grid=0,1e-6,1e-5,1e-4,1e-3,1e-2,1e-1,1,10 validation_fraction=0.2 fit_baselines_on_eval=false seed=1 max_t1_fit_samples=none max_t2_valid_samples=none max_adapt_refit_samples=none max_eval_fit_samples=none fit_sample_seed=1
2026-08-04 19:38:26,922 INFO [__main__] ========================================================================
2026-08-04 19:38:26,923 INFO [__main__] selected methods=('cov_avgy_ridge_shared', 'cov_avgy_delta_ridge_shared', 'cov_ridge_shared', 'cov_delta_ridge_shared')
2026-08-04 19:38:30,262 INFO [__main__] baseline selection start l2_grid=(0.0, 1e-06, 1e-05, 0.0001, 0.001, 0.01, 0.1, 1.0, 10.0)
2026-08-04 19:38:34,014 INFO [__main__] baseline selection done
2026-08-04 19:38:34,054 INFO [__main__] experiment done seconds=7.13
2026-08-04 19:38:34,054 INFO [__main__] ========================================================================
2026-08-04T19:38:34+02:00 baselines done configuration=2/12 dataset=Electricity model=chronos2 lags=336 horizon=48 retrieval=raw_euclidean_3_online
2026-08-04 19:38:36,469 INFO [__main__] extraction validation directory=outputs/extractions/Electricity/504_168/chronos2/raw_euclidean_3_online/extracted status=complete

2026-08-04T19:38:36+02:00 baselines start configuration=3/12 dataset=Electricity model=chronos2 lags=504 horizon=168 retrieval=raw_euclidean_3_online family=baselines l2_grid=0,1e-6,1e-5,1e-4,1e-3,1e-2,1e-1,1,10 validation_fraction=0.2 fit_baselines_on_eval=false seed=1 max_t1_fit_samples=none max_t2_valid_samples=none max_adapt_refit_samples=none max_eval_fit_samples=none fit_sample_seed=1
2026-08-04 19:38:39,185 INFO [__main__] ========================================================================
2026-08-04 19:38:39,185 INFO [__main__] selected methods=('cov_avgy_ridge_shared', 'cov_avgy_delta_ridge_shared', 'cov_ridge_shared', 'cov_delta_ridge_shared')
2026-08-04 19:38:43,477 INFO [__main__] baseline selection start l2_grid=(0.0, 1e-06, 1e-05, 0.0001, 0.001, 0.01, 0.1, 1.0, 10.0)
2026-08-04 19:38:56,607 INFO [__main__] baseline selection done
2026-08-04 19:38:56,659 INFO [__main__] experiment done seconds=17.47
2026-08-04 19:38:56,659 INFO [__main__] ========================================================================
2026-08-04T19:38:57+02:00 baselines done configuration=3/12 dataset=Electricity model=chronos2 lags=504 horizon=168 retrieval=raw_euclidean_3_online
2026-08-04 19:38:59,153 INFO [__main__] extraction validation directory=outputs/extractions/Traffic/168_24/chronos2/raw_euclidean_3_online/extracted status=complete

2026-08-04T19:38:59+02:00 baselines start configuration=4/12 dataset=Traffic model=chronos2 lags=168 horizon=24 retrieval=raw_euclidean_3_online family=baselines l2_grid=0,1e-6,1e-5,1e-4,1e-3,1e-2,1e-1,1,10 validation_fraction=0.2 fit_baselines_on_eval=false seed=1 max_t1_fit_samples=none max_t2_valid_samples=none max_adapt_refit_samples=none max_eval_fit_samples=none fit_sample_seed=1
2026-08-04 19:39:01,851 INFO [__main__] ========================================================================
2026-08-04 19:39:01,851 INFO [__main__] selected methods=('cov_avgy_ridge_shared', 'cov_avgy_delta_ridge_shared', 'cov_ridge_shared', 'cov_delta_ridge_shared')
2026-08-04 19:39:05,258 INFO [__main__] baseline selection start l2_grid=(0.0, 1e-06, 1e-05, 0.0001, 0.001, 0.01, 0.1, 1.0, 10.0)
2026-08-04 19:39:10,421 INFO [__main__] baseline selection done
2026-08-04 19:39:10,467 INFO [__main__] experiment done seconds=8.61
2026-08-04 19:39:10,467 INFO [__main__] ========================================================================
2026-08-04T19:39:10+02:00 baselines done configuration=4/12 dataset=Traffic model=chronos2 lags=168 horizon=24 retrieval=raw_euclidean_3_online
2026-08-04 19:39:13,218 INFO [__main__] extraction validation directory=outputs/extractions/Traffic/336_48/chronos2/raw_euclidean_3_online/extracted status=complete

2026-08-04T19:39:13+02:00 baselines start configuration=5/12 dataset=Traffic model=chronos2 lags=336 horizon=48 retrieval=raw_euclidean_3_online family=baselines l2_grid=0,1e-6,1e-5,1e-4,1e-3,1e-2,1e-1,1,10 validation_fraction=0.2 fit_baselines_on_eval=false seed=1 max_t1_fit_samples=none max_t2_valid_samples=none max_adapt_refit_samples=none max_eval_fit_samples=none fit_sample_seed=1
2026-08-04 19:39:16,020 INFO [__main__] ========================================================================
2026-08-04 19:39:16,020 INFO [__main__] selected methods=('cov_avgy_ridge_shared', 'cov_avgy_delta_ridge_shared', 'cov_ridge_shared', 'cov_delta_ridge_shared')
2026-08-04 19:39:20,819 INFO [__main__] baseline selection start l2_grid=(0.0, 1e-06, 1e-05, 0.0001, 0.001, 0.01, 0.1, 1.0, 10.0)
2026-08-04 19:39:29,735 INFO [__main__] baseline selection done
2026-08-04 19:39:29,777 INFO [__main__] experiment done seconds=13.75
2026-08-04 19:39:29,777 INFO [__main__] ========================================================================
2026-08-04T19:39:30+02:00 baselines done configuration=5/12 dataset=Traffic model=chronos2 lags=336 horizon=48 retrieval=raw_euclidean_3_online
2026-08-04 19:39:32,207 INFO [__main__] extraction validation directory=outputs/extractions/Traffic/504_168/chronos2/raw_euclidean_3_online/extracted status=complete

2026-08-04T19:39:32+02:00 baselines start configuration=6/12 dataset=Traffic model=chronos2 lags=504 horizon=168 retrieval=raw_euclidean_3_online family=baselines l2_grid=0,1e-6,1e-5,1e-4,1e-3,1e-2,1e-1,1,10 validation_fraction=0.2 fit_baselines_on_eval=false seed=1 max_t1_fit_samples=none max_t2_valid_samples=none max_adapt_refit_samples=none max_eval_fit_samples=none fit_sample_seed=1
2026-08-04 19:39:34,934 INFO [__main__] ========================================================================
2026-08-04 19:39:34,934 INFO [__main__] selected methods=('cov_avgy_ridge_shared', 'cov_avgy_delta_ridge_shared', 'cov_ridge_shared', 'cov_delta_ridge_shared')
2026-08-04 19:39:42,050 INFO [__main__] baseline selection start l2_grid=(0.0, 1e-06, 1e-05, 0.0001, 0.001, 0.01, 0.1, 1.0, 10.0)
2026-08-04 19:40:01,936 INFO [__main__] baseline selection done
2026-08-04 19:40:01,971 INFO [__main__] experiment done seconds=27.03
2026-08-04 19:40:01,971 INFO [__main__] ========================================================================
2026-08-04T19:40:02+02:00 baselines done configuration=6/12 dataset=Traffic model=chronos2 lags=504 horizon=168 retrieval=raw_euclidean_3_online
2026-08-04 19:40:04,505 INFO [__main__] extraction validation directory=outputs/extractions/Solar/168_24/chronos2/raw_euclidean_3_online/extracted status=complete

2026-08-04T19:40:04+02:00 baselines start configuration=7/12 dataset=Solar model=chronos2 lags=168 horizon=24 retrieval=raw_euclidean_3_online family=baselines l2_grid=0,1e-6,1e-5,1e-4,1e-3,1e-2,1e-1,1,10 validation_fraction=0.2 fit_baselines_on_eval=false seed=1 max_t1_fit_samples=none max_t2_valid_samples=none max_adapt_refit_samples=none max_eval_fit_samples=none fit_sample_seed=1
2026-08-04 19:40:07,183 INFO [__main__] ========================================================================
2026-08-04 19:40:07,183 INFO [__main__] selected methods=('cov_avgy_ridge_shared', 'cov_avgy_delta_ridge_shared', 'cov_ridge_shared', 'cov_delta_ridge_shared')
2026-08-04 19:40:08,986 INFO [__main__] baseline selection start l2_grid=(0.0, 1e-06, 1e-05, 0.0001, 0.001, 0.01, 0.1, 1.0, 10.0)
2026-08-04 19:40:09,713 INFO [__main__] baseline selection done
2026-08-04 19:40:09,763 INFO [__main__] experiment done seconds=2.57
2026-08-04 19:40:09,763 INFO [__main__] ========================================================================
2026-08-04T19:40:10+02:00 baselines done configuration=7/12 dataset=Solar model=chronos2 lags=168 horizon=24 retrieval=raw_euclidean_3_online
2026-08-04 19:40:12,236 INFO [__main__] extraction validation directory=outputs/extractions/Solar/336_48/chronos2/raw_euclidean_3_online/extracted status=complete

2026-08-04T19:40:12+02:00 baselines start configuration=8/12 dataset=Solar model=chronos2 lags=336 horizon=48 retrieval=raw_euclidean_3_online family=baselines l2_grid=0,1e-6,1e-5,1e-4,1e-3,1e-2,1e-1,1,10 validation_fraction=0.2 fit_baselines_on_eval=false seed=1 max_t1_fit_samples=none max_t2_valid_samples=none max_adapt_refit_samples=none max_eval_fit_samples=none fit_sample_seed=1
2026-08-04 19:40:15,124 INFO [__main__] ========================================================================
2026-08-04 19:40:15,124 INFO [__main__] selected methods=('cov_avgy_ridge_shared', 'cov_avgy_delta_ridge_shared', 'cov_ridge_shared', 'cov_delta_ridge_shared')
2026-08-04 19:40:17,003 INFO [__main__] baseline selection start l2_grid=(0.0, 1e-06, 1e-05, 0.0001, 0.001, 0.01, 0.1, 1.0, 10.0)
2026-08-04 19:40:17,892 INFO [__main__] baseline selection done
2026-08-04 19:40:17,937 INFO [__main__] experiment done seconds=2.81
2026-08-04 19:40:17,937 INFO [__main__] ========================================================================
2026-08-04T19:40:18+02:00 baselines done configuration=8/12 dataset=Solar model=chronos2 lags=336 horizon=48 retrieval=raw_euclidean_3_online
2026-08-04 19:40:20,358 INFO [__main__] extraction validation directory=outputs/extractions/Solar/504_168/chronos2/raw_euclidean_3_online/extracted status=complete

2026-08-04T19:40:20+02:00 baselines start configuration=9/12 dataset=Solar model=chronos2 lags=504 horizon=168 retrieval=raw_euclidean_3_online family=baselines l2_grid=0,1e-6,1e-5,1e-4,1e-3,1e-2,1e-1,1,10 validation_fraction=0.2 fit_baselines_on_eval=false seed=1 max_t1_fit_samples=none max_t2_valid_samples=none max_adapt_refit_samples=none max_eval_fit_samples=none fit_sample_seed=1
2026-08-04 19:40:23,091 INFO [__main__] ========================================================================
2026-08-04 19:40:23,091 INFO [__main__] selected methods=('cov_avgy_ridge_shared', 'cov_avgy_delta_ridge_shared', 'cov_ridge_shared', 'cov_delta_ridge_shared')
2026-08-04 19:40:25,388 INFO [__main__] baseline selection start l2_grid=(0.0, 1e-06, 1e-05, 0.0001, 0.001, 0.01, 0.1, 1.0, 10.0)
2026-08-04 19:40:27,807 INFO [__main__] baseline selection done
2026-08-04 19:40:27,846 INFO [__main__] experiment done seconds=4.75
2026-08-04 19:40:27,846 INFO [__main__] ========================================================================
2026-08-04T19:40:28+02:00 baselines done configuration=9/12 dataset=Solar model=chronos2 lags=504 horizon=168 retrieval=raw_euclidean_3_online
2026-08-04 19:40:30,222 INFO [__main__] extraction validation directory=outputs/extractions/exchange_rate/168_24/chronos2/raw_euclidean_3_online/extracted status=complete

2026-08-04T19:40:30+02:00 baselines start configuration=10/12 dataset=exchange_rate model=chronos2 lags=168 horizon=24 retrieval=raw_euclidean_3_online family=baselines l2_grid=0,1e-6,1e-5,1e-4,1e-3,1e-2,1e-1,1,10 validation_fraction=0.2 fit_baselines_on_eval=false seed=1 max_t1_fit_samples=none max_t2_valid_samples=none max_adapt_refit_samples=none max_eval_fit_samples=none fit_sample_seed=1
2026-08-04 19:40:33,018 INFO [__main__] ========================================================================
2026-08-04 19:40:33,018 INFO [__main__] selected methods=('cov_avgy_ridge_shared', 'cov_avgy_delta_ridge_shared', 'cov_ridge_shared', 'cov_delta_ridge_shared')
2026-08-04 19:40:34,505 INFO [__main__] baseline selection start l2_grid=(0.0, 1e-06, 1e-05, 0.0001, 0.001, 0.01, 0.1, 1.0, 10.0)
2026-08-04 19:40:34,732 INFO [__main__] baseline selection done
2026-08-04 19:40:34,783 INFO [__main__] experiment done seconds=1.76
2026-08-04 19:40:34,783 INFO [__main__] ========================================================================
2026-08-04T19:40:35+02:00 baselines done configuration=10/12 dataset=exchange_rate model=chronos2 lags=168 horizon=24 retrieval=raw_euclidean_3_online
2026-08-04 19:40:37,176 INFO [__main__] extraction validation directory=outputs/extractions/exchange_rate/336_48/chronos2/raw_euclidean_3_online/extracted status=complete

2026-08-04T19:40:37+02:00 baselines start configuration=11/12 dataset=exchange_rate model=chronos2 lags=336 horizon=48 retrieval=raw_euclidean_3_online family=baselines l2_grid=0,1e-6,1e-5,1e-4,1e-3,1e-2,1e-1,1,10 validation_fraction=0.2 fit_baselines_on_eval=false seed=1 max_t1_fit_samples=none max_t2_valid_samples=none max_adapt_refit_samples=none max_eval_fit_samples=none fit_sample_seed=1
2026-08-04 19:40:40,046 INFO [__main__] ========================================================================
2026-08-04 19:40:40,047 INFO [__main__] selected methods=('cov_avgy_ridge_shared', 'cov_avgy_delta_ridge_shared', 'cov_ridge_shared', 'cov_delta_ridge_shared')
2026-08-04 19:40:41,637 INFO [__main__] baseline selection start l2_grid=(0.0, 1e-06, 1e-05, 0.0001, 0.001, 0.01, 0.1, 1.0, 10.0)
2026-08-04 19:40:41,884 INFO [__main__] baseline selection done
2026-08-04 19:40:41,921 INFO [__main__] experiment done seconds=1.87
2026-08-04 19:40:41,921 INFO [__main__] ========================================================================
2026-08-04T19:40:42+02:00 baselines done configuration=11/12 dataset=exchange_rate model=chronos2 lags=336 horizon=48 retrieval=raw_euclidean_3_online
2026-08-04 19:40:44,305 INFO [__main__] extraction validation directory=outputs/extractions/exchange_rate/504_168/chronos2/raw_euclidean_3_online/extracted status=complete

2026-08-04T19:40:44+02:00 baselines start configuration=12/12 dataset=exchange_rate model=chronos2 lags=504 horizon=168 retrieval=raw_euclidean_3_online family=baselines l2_grid=0,1e-6,1e-5,1e-4,1e-3,1e-2,1e-1,1,10 validation_fraction=0.2 fit_baselines_on_eval=false seed=1 max_t1_fit_samples=none max_t2_valid_samples=none max_adapt_refit_samples=none max_eval_fit_samples=none fit_sample_seed=1
2026-08-04 19:40:47,046 INFO [__main__] ========================================================================
2026-08-04 19:40:47,046 INFO [__main__] selected methods=('cov_avgy_ridge_shared', 'cov_avgy_delta_ridge_shared', 'cov_ridge_shared', 'cov_delta_ridge_shared')
2026-08-04 19:40:48,780 INFO [__main__] baseline selection start l2_grid=(0.0, 1e-06, 1e-05, 0.0001, 0.001, 0.01, 0.1, 1.0, 10.0)
2026-08-04 19:40:49,121 INFO [__main__] baseline selection done
2026-08-04 19:40:49,156 INFO [__main__] experiment done seconds=2.11
2026-08-04 19:40:49,156 INFO [__main__] ========================================================================
2026-08-04T19:40:49+02:00 baselines done configuration=12/12 dataset=exchange_rate model=chronos2 lags=504 horizon=168 retrieval=raw_euclidean_3_online

2026-08-04T19:40:49+02:00 job done kind=baselines output=outputs/adaptation_results/delta_baselines_ablation

2026-08-04T19:40:49+02:00 job start kind=adaptation_tables experiment_mode=delta_baselines_ablation datasets=Electricity,Traffic,Solar,exchange_rate models=chronos2 settings=168_24,336_48,504_168 families=baselines metric=nmse distance_metrics=euclidean methods=full_ridge_shared,full_delta_ridge_shared,y_ridge_shared,y_delta_ridge_shared,cov_y_ridge_shared,cov_y_delta_ridge_shared,residual_ridge_shared,residual_delta_ridge_shared,cov_avgy_ridge_shared,cov_avgy_delta_ridge_shared,cov_ridge_shared,cov_delta_ridge_shared table_kinds=full,average results_root=outputs/adaptation_results/delta_baselines_ablation

2026-08-04T19:40:49+02:00 table start model=chronos2 kind=full metric=nmse split=eval decimals=2 output=outputs/adaptation_results/delta_baselines_ablation/tables/chronos2/full
LaTeX table written to /home/h61084/codes/adapts/outputs/adaptation_results/delta_baselines_ablation/tables/chronos2/full/baselines_results.tex
2026-08-04T19:40:53+02:00 table done model=chronos2 kind=full output=outputs/adaptation_results/delta_baselines_ablation/tables/chronos2/full

2026-08-04T19:40:53+02:00 table start model=chronos2 kind=average metric=nmse split=eval decimals=2 output=outputs/adaptation_results/delta_baselines_ablation/tables/chronos2/average
LaTeX table written to /home/h61084/codes/adapts/outputs/adaptation_results/delta_baselines_ablation/tables/chronos2/average/baselines_results.tex
LaTeX table written to /home/h61084/codes/adapts/outputs/adaptation_results/delta_baselines_ablation/tables/chronos2/average/positive_windows_results.tex
2026-08-04T19:40:58+02:00 table done model=chronos2 kind=average output=outputs/adaptation_results/delta_baselines_ablation/tables/chronos2/average

2026-08-04T19:40:58+02:00 job done kind=adaptation_tables output=outputs/adaptation_results/delta_baselines_ablation/tables
