
2026-08-06T17:28:49+02:00 job start kind=adaptation_extraction experiment_mode=delta_baselines_ablation skip_complete=true tasks=24 datasets=Electricity,Traffic,Solar,exchange_rate models=chronos2 settings=168:24,336:48,504:168 distance_spaces=instance distance_metrics=euclidean neighbors=3

2026-08-06T17:28:49+02:00 extraction start configuration=1/24 dataset=Electricity model=chronos2 lags=168 horizon=24 retrieval=vanilla period=24 datastore_stride=24 adapt_stride=24 eval_stride=128 max_store_windows=30000 seed=1
2026-08-06 17:28:52,464 INFO [__main__] ========================================================================
2026-08-06 17:28:52,464 INFO [__main__] experiment start kind=extraction dataset=Electricity model=chronos2 lags=168 horizon=24 neighbors=0 distance=raw/euclidean
2026-08-06 17:28:52,881 INFO [__main__] extraction skipped dir=/home/h61084/codes/adapts/outputs/extractions/Electricity/168_24/chronos2/vanilla reason=complete
2026-08-06 17:28:52,881 INFO [__main__] ========================================================================
2026-08-06T17:28:53+02:00 extraction done configuration=1/24 dataset=Electricity model=chronos2 lags=168 horizon=24 retrieval=vanilla

2026-08-06T17:28:53+02:00 extraction start configuration=2/24 dataset=Electricity model=chronos2 lags=168 horizon=24 retrieval=instance_euclidean_3_online period=24 datastore_stride=24 adapt_stride=24 eval_stride=128 max_store_windows=30000 seed=1
2026-08-06 17:28:56,291 INFO [__main__] ========================================================================
2026-08-06 17:28:56,291 INFO [__main__] experiment start kind=extraction dataset=Electricity model=chronos2 lags=168 horizon=24 neighbors=3 distance=instance/euclidean
2026-08-06 17:28:56,692 INFO [__main__] extraction skipped dir=/home/h61084/codes/adapts/outputs/extractions/Electricity/168_24/chronos2/instance_euclidean_3_online/extracted reason=complete
2026-08-06 17:28:56,692 INFO [__main__] ========================================================================
2026-08-06T17:28:57+02:00 extraction done configuration=2/24 dataset=Electricity model=chronos2 lags=168 horizon=24 retrieval=instance_euclidean_3_online

2026-08-06T17:28:57+02:00 extraction start configuration=3/24 dataset=Electricity model=chronos2 lags=336 horizon=48 retrieval=vanilla period=24 datastore_stride=24 adapt_stride=24 eval_stride=128 max_store_windows=30000 seed=1
2026-08-06 17:28:59,721 INFO [__main__] ========================================================================
2026-08-06 17:28:59,721 INFO [__main__] experiment start kind=extraction dataset=Electricity model=chronos2 lags=336 horizon=48 neighbors=0 distance=raw/euclidean
2026-08-06 17:29:00,061 INFO [__main__] extraction skipped dir=/home/h61084/codes/adapts/outputs/extractions/Electricity/336_48/chronos2/vanilla reason=complete
2026-08-06 17:29:00,061 INFO [__main__] ========================================================================
2026-08-06T17:29:00+02:00 extraction done configuration=3/24 dataset=Electricity model=chronos2 lags=336 horizon=48 retrieval=vanilla

2026-08-06T17:29:00+02:00 extraction start configuration=4/24 dataset=Electricity model=chronos2 lags=336 horizon=48 retrieval=instance_euclidean_3_online period=24 datastore_stride=24 adapt_stride=24 eval_stride=128 max_store_windows=30000 seed=1
2026-08-06 17:29:03,181 INFO [__main__] ========================================================================
2026-08-06 17:29:03,181 INFO [__main__] experiment start kind=extraction dataset=Electricity model=chronos2 lags=336 horizon=48 neighbors=3 distance=instance/euclidean
2026-08-06 17:29:03,568 INFO [__main__] extraction skipped dir=/home/h61084/codes/adapts/outputs/extractions/Electricity/336_48/chronos2/instance_euclidean_3_online/extracted reason=complete
2026-08-06 17:29:03,568 INFO [__main__] ========================================================================
2026-08-06T17:29:03+02:00 extraction done configuration=4/24 dataset=Electricity model=chronos2 lags=336 horizon=48 retrieval=instance_euclidean_3_online

2026-08-06T17:29:03+02:00 extraction start configuration=5/24 dataset=Electricity model=chronos2 lags=504 horizon=168 retrieval=vanilla period=24 datastore_stride=24 adapt_stride=24 eval_stride=128 max_store_windows=30000 seed=1
2026-08-06 17:29:06,710 INFO [__main__] ========================================================================
2026-08-06 17:29:06,710 INFO [__main__] experiment start kind=extraction dataset=Electricity model=chronos2 lags=504 horizon=168 neighbors=0 distance=raw/euclidean
2026-08-06 17:29:07,113 INFO [__main__] extraction skipped dir=/home/h61084/codes/adapts/outputs/extractions/Electricity/504_168/chronos2/vanilla reason=complete
2026-08-06 17:29:07,113 INFO [__main__] ========================================================================
2026-08-06T17:29:07+02:00 extraction done configuration=5/24 dataset=Electricity model=chronos2 lags=504 horizon=168 retrieval=vanilla

2026-08-06T17:29:07+02:00 extraction start configuration=6/24 dataset=Electricity model=chronos2 lags=504 horizon=168 retrieval=instance_euclidean_3_online period=24 datastore_stride=24 adapt_stride=24 eval_stride=128 max_store_windows=30000 seed=1
2026-08-06 17:29:10,218 INFO [__main__] ========================================================================
2026-08-06 17:29:10,219 INFO [__main__] experiment start kind=extraction dataset=Electricity model=chronos2 lags=504 horizon=168 neighbors=3 distance=instance/euclidean
2026-08-06 17:29:10,611 INFO [__main__] extraction skipped dir=/home/h61084/codes/adapts/outputs/extractions/Electricity/504_168/chronos2/instance_euclidean_3_online/extracted reason=complete
2026-08-06 17:29:10,611 INFO [__main__] ========================================================================
2026-08-06T17:29:11+02:00 extraction done configuration=6/24 dataset=Electricity model=chronos2 lags=504 horizon=168 retrieval=instance_euclidean_3_online

2026-08-06T17:29:11+02:00 extraction start configuration=7/24 dataset=Traffic model=chronos2 lags=168 horizon=24 retrieval=vanilla period=24 datastore_stride=24 adapt_stride=24 eval_stride=128 max_store_windows=30000 seed=1
2026-08-06 17:29:14,015 INFO [__main__] ========================================================================
2026-08-06 17:29:14,015 INFO [__main__] experiment start kind=extraction dataset=Traffic model=chronos2 lags=168 horizon=24 neighbors=0 distance=raw/euclidean
2026-08-06 17:29:14,332 INFO [__main__] extraction skipped dir=/home/h61084/codes/adapts/outputs/extractions/Traffic/168_24/chronos2/vanilla reason=complete
2026-08-06 17:29:14,332 INFO [__main__] ========================================================================
2026-08-06T17:29:14+02:00 extraction done configuration=7/24 dataset=Traffic model=chronos2 lags=168 horizon=24 retrieval=vanilla

2026-08-06T17:29:14+02:00 extraction start configuration=8/24 dataset=Traffic model=chronos2 lags=168 horizon=24 retrieval=instance_euclidean_3_online period=24 datastore_stride=24 adapt_stride=24 eval_stride=128 max_store_windows=30000 seed=1
2026-08-06 17:29:17,470 INFO [__main__] ========================================================================
2026-08-06 17:29:17,471 INFO [__main__] experiment start kind=extraction dataset=Traffic model=chronos2 lags=168 horizon=24 neighbors=3 distance=instance/euclidean
2026-08-06 17:29:17,764 INFO [__main__] extraction skipped dir=/home/h61084/codes/adapts/outputs/extractions/Traffic/168_24/chronos2/instance_euclidean_3_online/extracted reason=complete
2026-08-06 17:29:17,764 INFO [__main__] ========================================================================
2026-08-06T17:29:18+02:00 extraction done configuration=8/24 dataset=Traffic model=chronos2 lags=168 horizon=24 retrieval=instance_euclidean_3_online

2026-08-06T17:29:18+02:00 extraction start configuration=9/24 dataset=Traffic model=chronos2 lags=336 horizon=48 retrieval=vanilla period=24 datastore_stride=24 adapt_stride=24 eval_stride=128 max_store_windows=30000 seed=1
2026-08-06 17:29:21,269 INFO [__main__] ========================================================================
2026-08-06 17:29:21,269 INFO [__main__] experiment start kind=extraction dataset=Traffic model=chronos2 lags=336 horizon=48 neighbors=0 distance=raw/euclidean
2026-08-06 17:29:21,594 INFO [__main__] extraction skipped dir=/home/h61084/codes/adapts/outputs/extractions/Traffic/336_48/chronos2/vanilla reason=complete
2026-08-06 17:29:21,594 INFO [__main__] ========================================================================
2026-08-06T17:29:21+02:00 extraction done configuration=9/24 dataset=Traffic model=chronos2 lags=336 horizon=48 retrieval=vanilla

2026-08-06T17:29:21+02:00 extraction start configuration=10/24 dataset=Traffic model=chronos2 lags=336 horizon=48 retrieval=instance_euclidean_3_online period=24 datastore_stride=24 adapt_stride=24 eval_stride=128 max_store_windows=30000 seed=1
2026-08-06 17:29:24,461 INFO [__main__] ========================================================================
2026-08-06 17:29:24,462 INFO [__main__] experiment start kind=extraction dataset=Traffic model=chronos2 lags=336 horizon=48 neighbors=3 distance=instance/euclidean
2026-08-06 17:29:24,842 INFO [__main__] extraction skipped dir=/home/h61084/codes/adapts/outputs/extractions/Traffic/336_48/chronos2/instance_euclidean_3_online/extracted reason=complete
2026-08-06 17:29:24,842 INFO [__main__] ========================================================================
2026-08-06T17:29:25+02:00 extraction done configuration=10/24 dataset=Traffic model=chronos2 lags=336 horizon=48 retrieval=instance_euclidean_3_online

2026-08-06T17:29:25+02:00 extraction start configuration=11/24 dataset=Traffic model=chronos2 lags=504 horizon=168 retrieval=vanilla period=24 datastore_stride=24 adapt_stride=24 eval_stride=128 max_store_windows=30000 seed=1
2026-08-06 17:29:28,274 INFO [__main__] ========================================================================
2026-08-06 17:29:28,275 INFO [__main__] experiment start kind=extraction dataset=Traffic model=chronos2 lags=504 horizon=168 neighbors=0 distance=raw/euclidean
2026-08-06 17:29:28,637 INFO [__main__] extraction skipped dir=/home/h61084/codes/adapts/outputs/extractions/Traffic/504_168/chronos2/vanilla reason=complete
2026-08-06 17:29:28,637 INFO [__main__] ========================================================================
2026-08-06T17:29:29+02:00 extraction done configuration=11/24 dataset=Traffic model=chronos2 lags=504 horizon=168 retrieval=vanilla

2026-08-06T17:29:29+02:00 extraction start configuration=12/24 dataset=Traffic model=chronos2 lags=504 horizon=168 retrieval=instance_euclidean_3_online period=24 datastore_stride=24 adapt_stride=24 eval_stride=128 max_store_windows=30000 seed=1
2026-08-06 17:29:31,569 INFO [__main__] ========================================================================
2026-08-06 17:29:31,569 INFO [__main__] experiment start kind=extraction dataset=Traffic model=chronos2 lags=504 horizon=168 neighbors=3 distance=instance/euclidean
2026-08-06 17:29:31,901 INFO [__main__] extraction skipped dir=/home/h61084/codes/adapts/outputs/extractions/Traffic/504_168/chronos2/instance_euclidean_3_online/extracted reason=complete
2026-08-06 17:29:31,901 INFO [__main__] ========================================================================
2026-08-06T17:29:32+02:00 extraction done configuration=12/24 dataset=Traffic model=chronos2 lags=504 horizon=168 retrieval=instance_euclidean_3_online

2026-08-06T17:29:32+02:00 extraction start configuration=13/24 dataset=Solar model=chronos2 lags=168 horizon=24 retrieval=vanilla period=24 datastore_stride=24 adapt_stride=24 eval_stride=128 max_store_windows=30000 seed=1
2026-08-06 17:29:35,147 INFO [__main__] ========================================================================
2026-08-06 17:29:35,148 INFO [__main__] experiment start kind=extraction dataset=Solar model=chronos2 lags=168 horizon=24 neighbors=0 distance=raw/euclidean
2026-08-06 17:29:35,516 INFO [__main__] extraction skipped dir=/home/h61084/codes/adapts/outputs/extractions/Solar/168_24/chronos2/vanilla reason=complete
2026-08-06 17:29:35,516 INFO [__main__] ========================================================================
2026-08-06T17:29:35+02:00 extraction done configuration=13/24 dataset=Solar model=chronos2 lags=168 horizon=24 retrieval=vanilla

2026-08-06T17:29:35+02:00 extraction start configuration=14/24 dataset=Solar model=chronos2 lags=168 horizon=24 retrieval=instance_euclidean_3_online period=24 datastore_stride=24 adapt_stride=24 eval_stride=128 max_store_windows=30000 seed=1
2026-08-06 17:29:38,601 INFO [__main__] ========================================================================
2026-08-06 17:29:38,601 INFO [__main__] experiment start kind=extraction dataset=Solar model=chronos2 lags=168 horizon=24 neighbors=3 distance=instance/euclidean
2026-08-06 17:29:39,026 INFO [__main__] extraction skipped dir=/home/h61084/codes/adapts/outputs/extractions/Solar/168_24/chronos2/instance_euclidean_3_online/extracted reason=complete
2026-08-06 17:29:39,026 INFO [__main__] ========================================================================
2026-08-06T17:29:39+02:00 extraction done configuration=14/24 dataset=Solar model=chronos2 lags=168 horizon=24 retrieval=instance_euclidean_3_online

2026-08-06T17:29:39+02:00 extraction start configuration=15/24 dataset=Solar model=chronos2 lags=336 horizon=48 retrieval=vanilla period=24 datastore_stride=24 adapt_stride=24 eval_stride=128 max_store_windows=30000 seed=1
2026-08-06 17:29:42,439 INFO [__main__] ========================================================================
2026-08-06 17:29:42,439 INFO [__main__] experiment start kind=extraction dataset=Solar model=chronos2 lags=336 horizon=48 neighbors=0 distance=raw/euclidean
2026-08-06 17:29:42,848 INFO [__main__] extraction skipped dir=/home/h61084/codes/adapts/outputs/extractions/Solar/336_48/chronos2/vanilla reason=complete
2026-08-06 17:29:42,848 INFO [__main__] ========================================================================
2026-08-06T17:29:43+02:00 extraction done configuration=15/24 dataset=Solar model=chronos2 lags=336 horizon=48 retrieval=vanilla

2026-08-06T17:29:43+02:00 extraction start configuration=16/24 dataset=Solar model=chronos2 lags=336 horizon=48 retrieval=instance_euclidean_3_online period=24 datastore_stride=24 adapt_stride=24 eval_stride=128 max_store_windows=30000 seed=1
2026-08-06 17:29:45,955 INFO [__main__] ========================================================================
2026-08-06 17:29:45,956 INFO [__main__] experiment start kind=extraction dataset=Solar model=chronos2 lags=336 horizon=48 neighbors=3 distance=instance/euclidean
2026-08-06 17:29:46,313 INFO [__main__] extraction skipped dir=/home/h61084/codes/adapts/outputs/extractions/Solar/336_48/chronos2/instance_euclidean_3_online/extracted reason=complete
2026-08-06 17:29:46,313 INFO [__main__] ========================================================================
2026-08-06T17:29:46+02:00 extraction done configuration=16/24 dataset=Solar model=chronos2 lags=336 horizon=48 retrieval=instance_euclidean_3_online

2026-08-06T17:29:46+02:00 extraction start configuration=17/24 dataset=Solar model=chronos2 lags=504 horizon=168 retrieval=vanilla period=24 datastore_stride=24 adapt_stride=24 eval_stride=128 max_store_windows=30000 seed=1
2026-08-06 17:29:49,288 INFO [__main__] ========================================================================
2026-08-06 17:29:49,288 INFO [__main__] experiment start kind=extraction dataset=Solar model=chronos2 lags=504 horizon=168 neighbors=0 distance=raw/euclidean
2026-08-06 17:29:49,671 INFO [__main__] extraction skipped dir=/home/h61084/codes/adapts/outputs/extractions/Solar/504_168/chronos2/vanilla reason=complete
2026-08-06 17:29:49,671 INFO [__main__] ========================================================================
2026-08-06T17:29:50+02:00 extraction done configuration=17/24 dataset=Solar model=chronos2 lags=504 horizon=168 retrieval=vanilla

2026-08-06T17:29:50+02:00 extraction start configuration=18/24 dataset=Solar model=chronos2 lags=504 horizon=168 retrieval=instance_euclidean_3_online period=24 datastore_stride=24 adapt_stride=24 eval_stride=128 max_store_windows=30000 seed=1
2026-08-06 17:29:53,314 INFO [__main__] ========================================================================
2026-08-06 17:29:53,314 INFO [__main__] experiment start kind=extraction dataset=Solar model=chronos2 lags=504 horizon=168 neighbors=3 distance=instance/euclidean
2026-08-06 17:29:53,687 INFO [__main__] extraction skipped dir=/home/h61084/codes/adapts/outputs/extractions/Solar/504_168/chronos2/instance_euclidean_3_online/extracted reason=complete
2026-08-06 17:29:53,687 INFO [__main__] ========================================================================
2026-08-06T17:29:54+02:00 extraction done configuration=18/24 dataset=Solar model=chronos2 lags=504 horizon=168 retrieval=instance_euclidean_3_online

2026-08-06T17:29:54+02:00 extraction start configuration=19/24 dataset=exchange_rate model=chronos2 lags=168 horizon=24 retrieval=vanilla period=24 datastore_stride=24 adapt_stride=24 eval_stride=128 max_store_windows=30000 seed=1
2026-08-06 17:29:56,593 INFO [__main__] ========================================================================
2026-08-06 17:29:56,593 INFO [__main__] experiment start kind=extraction dataset=exchange_rate model=chronos2 lags=168 horizon=24 neighbors=0 distance=raw/euclidean
2026-08-06 17:29:57,013 INFO [__main__] extraction skipped dir=/home/h61084/codes/adapts/outputs/extractions/exchange_rate/168_24/chronos2/vanilla reason=complete
2026-08-06 17:29:57,013 INFO [__main__] ========================================================================
2026-08-06T17:29:57+02:00 extraction done configuration=19/24 dataset=exchange_rate model=chronos2 lags=168 horizon=24 retrieval=vanilla

2026-08-06T17:29:57+02:00 extraction start configuration=20/24 dataset=exchange_rate model=chronos2 lags=168 horizon=24 retrieval=instance_euclidean_3_online period=24 datastore_stride=24 adapt_stride=24 eval_stride=128 max_store_windows=30000 seed=1
2026-08-06 17:30:00,415 INFO [__main__] ========================================================================
2026-08-06 17:30:00,415 INFO [__main__] experiment start kind=extraction dataset=exchange_rate model=chronos2 lags=168 horizon=24 neighbors=3 distance=instance/euclidean
2026-08-06 17:30:00,805 INFO [__main__] extraction skipped dir=/home/h61084/codes/adapts/outputs/extractions/exchange_rate/168_24/chronos2/instance_euclidean_3_online/extracted reason=complete
2026-08-06 17:30:00,805 INFO [__main__] ========================================================================
2026-08-06T17:30:01+02:00 extraction done configuration=20/24 dataset=exchange_rate model=chronos2 lags=168 horizon=24 retrieval=instance_euclidean_3_online

2026-08-06T17:30:01+02:00 extraction start configuration=21/24 dataset=exchange_rate model=chronos2 lags=336 horizon=48 retrieval=vanilla period=24 datastore_stride=24 adapt_stride=24 eval_stride=128 max_store_windows=30000 seed=1
2026-08-06 17:30:03,750 INFO [__main__] ========================================================================
2026-08-06 17:30:03,750 INFO [__main__] experiment start kind=extraction dataset=exchange_rate model=chronos2 lags=336 horizon=48 neighbors=0 distance=raw/euclidean
2026-08-06 17:30:04,130 INFO [__main__] extraction skipped dir=/home/h61084/codes/adapts/outputs/extractions/exchange_rate/336_48/chronos2/vanilla reason=complete
2026-08-06 17:30:04,130 INFO [__main__] ========================================================================
2026-08-06T17:30:04+02:00 extraction done configuration=21/24 dataset=exchange_rate model=chronos2 lags=336 horizon=48 retrieval=vanilla

2026-08-06T17:30:04+02:00 extraction start configuration=22/24 dataset=exchange_rate model=chronos2 lags=336 horizon=48 retrieval=instance_euclidean_3_online period=24 datastore_stride=24 adapt_stride=24 eval_stride=128 max_store_windows=30000 seed=1
2026-08-06 17:30:07,464 INFO [__main__] ========================================================================
2026-08-06 17:30:07,464 INFO [__main__] experiment start kind=extraction dataset=exchange_rate model=chronos2 lags=336 horizon=48 neighbors=3 distance=instance/euclidean
2026-08-06 17:30:07,831 INFO [__main__] extraction skipped dir=/home/h61084/codes/adapts/outputs/extractions/exchange_rate/336_48/chronos2/instance_euclidean_3_online/extracted reason=complete
2026-08-06 17:30:07,831 INFO [__main__] ========================================================================
2026-08-06T17:30:08+02:00 extraction done configuration=22/24 dataset=exchange_rate model=chronos2 lags=336 horizon=48 retrieval=instance_euclidean_3_online

2026-08-06T17:30:08+02:00 extraction start configuration=23/24 dataset=exchange_rate model=chronos2 lags=504 horizon=168 retrieval=vanilla period=24 datastore_stride=24 adapt_stride=24 eval_stride=128 max_store_windows=30000 seed=1
2026-08-06 17:30:10,712 INFO [__main__] ========================================================================
2026-08-06 17:30:10,712 INFO [__main__] experiment start kind=extraction dataset=exchange_rate model=chronos2 lags=504 horizon=168 neighbors=0 distance=raw/euclidean
2026-08-06 17:30:11,153 INFO [__main__] extraction skipped dir=/home/h61084/codes/adapts/outputs/extractions/exchange_rate/504_168/chronos2/vanilla reason=complete
2026-08-06 17:30:11,153 INFO [__main__] ========================================================================
2026-08-06T17:30:11+02:00 extraction done configuration=23/24 dataset=exchange_rate model=chronos2 lags=504 horizon=168 retrieval=vanilla

2026-08-06T17:30:11+02:00 extraction start configuration=24/24 dataset=exchange_rate model=chronos2 lags=504 horizon=168 retrieval=instance_euclidean_3_online period=24 datastore_stride=24 adapt_stride=24 eval_stride=128 max_store_windows=30000 seed=1
2026-08-06 17:30:14,371 INFO [__main__] ========================================================================
2026-08-06 17:30:14,372 INFO [__main__] experiment start kind=extraction dataset=exchange_rate model=chronos2 lags=504 horizon=168 neighbors=3 distance=instance/euclidean
2026-08-06 17:30:14,738 INFO [__main__] extraction skipped dir=/home/h61084/codes/adapts/outputs/extractions/exchange_rate/504_168/chronos2/instance_euclidean_3_online/extracted reason=complete
2026-08-06 17:30:14,738 INFO [__main__] ========================================================================
2026-08-06T17:30:15+02:00 extraction done configuration=24/24 dataset=exchange_rate model=chronos2 lags=504 horizon=168 retrieval=instance_euclidean_3_online

2026-08-06T17:30:15+02:00 job done kind=adaptation_extraction output=outputs/extractions

2026-08-06T17:30:15+02:00 job start kind=baselines experiment_mode=delta_baselines_ablation skip_complete=true tasks=12 datasets=Electricity,Traffic,Solar,exchange_rate models=chronos2 settings=168:24,336:48,504:168 distance_spaces=instance distance_metrics=euclidean neighbors=3 methods=full_ridge_shared,full_delta_ridge_shared,y_ridge_shared,y_delta_ridge_shared,cov_y_ridge_shared,cov_y_delta_ridge_shared,residual_ridge_shared,residual_delta_ridge_shared results_root=outputs/adaptation_results/delta_baselines_ablation
2026-08-06 17:30:17,331 INFO [__main__] extraction validation directory=outputs/extractions/Electricity/168_24/chronos2/instance_euclidean_3_online/extracted status=complete
2026-08-06T17:30:17+02:00 skip complete family=baselines dataset=Electricity model=chronos2 lags=168 horizon=24 retrieval=instance_euclidean_3_online
2026-08-06 17:30:19,907 INFO [__main__] extraction validation directory=outputs/extractions/Electricity/336_48/chronos2/instance_euclidean_3_online/extracted status=complete
2026-08-06T17:30:20+02:00 skip complete family=baselines dataset=Electricity model=chronos2 lags=336 horizon=48 retrieval=instance_euclidean_3_online
2026-08-06 17:30:22,804 INFO [__main__] extraction validation directory=outputs/extractions/Electricity/504_168/chronos2/instance_euclidean_3_online/extracted status=complete
2026-08-06T17:30:23+02:00 skip complete family=baselines dataset=Electricity model=chronos2 lags=504 horizon=168 retrieval=instance_euclidean_3_online
2026-08-06 17:30:25,500 INFO [__main__] extraction validation directory=outputs/extractions/Traffic/168_24/chronos2/instance_euclidean_3_online/extracted status=complete
2026-08-06T17:30:25+02:00 skip complete family=baselines dataset=Traffic model=chronos2 lags=168 horizon=24 retrieval=instance_euclidean_3_online
2026-08-06 17:30:28,098 INFO [__main__] extraction validation directory=outputs/extractions/Traffic/336_48/chronos2/instance_euclidean_3_online/extracted status=complete
2026-08-06T17:30:28+02:00 skip complete family=baselines dataset=Traffic model=chronos2 lags=336 horizon=48 retrieval=instance_euclidean_3_online
2026-08-06 17:30:31,145 INFO [__main__] extraction validation directory=outputs/extractions/Traffic/504_168/chronos2/instance_euclidean_3_online/extracted status=complete
2026-08-06T17:30:31+02:00 skip complete family=baselines dataset=Traffic model=chronos2 lags=504 horizon=168 retrieval=instance_euclidean_3_online
2026-08-06 17:30:33,931 INFO [__main__] extraction validation directory=outputs/extractions/Solar/168_24/chronos2/instance_euclidean_3_online/extracted status=complete
2026-08-06T17:30:34+02:00 skip complete family=baselines dataset=Solar model=chronos2 lags=168 horizon=24 retrieval=instance_euclidean_3_online
2026-08-06 17:30:36,522 INFO [__main__] extraction validation directory=outputs/extractions/Solar/336_48/chronos2/instance_euclidean_3_online/extracted status=complete
2026-08-06T17:30:36+02:00 skip complete family=baselines dataset=Solar model=chronos2 lags=336 horizon=48 retrieval=instance_euclidean_3_online
2026-08-06 17:30:39,291 INFO [__main__] extraction validation directory=outputs/extractions/Solar/504_168/chronos2/instance_euclidean_3_online/extracted status=complete
2026-08-06T17:30:39+02:00 skip complete family=baselines dataset=Solar model=chronos2 lags=504 horizon=168 retrieval=instance_euclidean_3_online
2026-08-06 17:30:41,971 INFO [__main__] extraction validation directory=outputs/extractions/exchange_rate/168_24/chronos2/instance_euclidean_3_online/extracted status=complete
2026-08-06T17:30:42+02:00 skip complete family=baselines dataset=exchange_rate model=chronos2 lags=168 horizon=24 retrieval=instance_euclidean_3_online
2026-08-06 17:30:44,473 INFO [__main__] extraction validation directory=outputs/extractions/exchange_rate/336_48/chronos2/instance_euclidean_3_online/extracted status=complete
2026-08-06T17:30:44+02:00 skip complete family=baselines dataset=exchange_rate model=chronos2 lags=336 horizon=48 retrieval=instance_euclidean_3_online
2026-08-06 17:30:47,527 INFO [__main__] extraction validation directory=outputs/extractions/exchange_rate/504_168/chronos2/instance_euclidean_3_online/extracted status=complete
2026-08-06T17:30:47+02:00 skip complete family=baselines dataset=exchange_rate model=chronos2 lags=504 horizon=168 retrieval=instance_euclidean_3_online

2026-08-06T17:30:47+02:00 job done kind=baselines output=outputs/adaptation_results/delta_baselines_ablation

2026-08-06T17:30:47+02:00 job start kind=adaptation_extraction experiment_mode=delta_baselines_ablation skip_complete=true tasks=24 datasets=Electricity,Traffic,Solar,exchange_rate models=chronos2 settings=168:24,336:48,504:168 distance_spaces=raw distance_metrics=euclidean neighbors=3

2026-08-06T17:30:47+02:00 extraction start configuration=1/24 dataset=Electricity model=chronos2 lags=168 horizon=24 retrieval=vanilla period=24 datastore_stride=24 adapt_stride=24 eval_stride=128 max_store_windows=30000 seed=1
2026-08-06 17:30:50,592 INFO [__main__] ========================================================================
2026-08-06 17:30:50,592 INFO [__main__] experiment start kind=extraction dataset=Electricity model=chronos2 lags=168 horizon=24 neighbors=0 distance=raw/euclidean
2026-08-06 17:30:50,997 INFO [__main__] extraction skipped dir=/home/h61084/codes/adapts/outputs/extractions/Electricity/168_24/chronos2/vanilla reason=complete
2026-08-06 17:30:50,997 INFO [__main__] ========================================================================
2026-08-06T17:30:51+02:00 extraction done configuration=1/24 dataset=Electricity model=chronos2 lags=168 horizon=24 retrieval=vanilla

2026-08-06T17:30:51+02:00 extraction start configuration=2/24 dataset=Electricity model=chronos2 lags=168 horizon=24 retrieval=raw_euclidean_3_online period=24 datastore_stride=24 adapt_stride=24 eval_stride=128 max_store_windows=30000 seed=1
2026-08-06 17:30:54,771 INFO [__main__] ========================================================================
2026-08-06 17:30:54,772 INFO [__main__] experiment start kind=extraction dataset=Electricity model=chronos2 lags=168 horizon=24 neighbors=3 distance=raw/euclidean
2026-08-06 17:30:55,214 INFO [__main__] extraction skipped dir=/home/h61084/codes/adapts/outputs/extractions/Electricity/168_24/chronos2/raw_euclidean_3_online/extracted reason=complete
2026-08-06 17:30:55,214 INFO [__main__] ========================================================================
2026-08-06T17:30:55+02:00 extraction done configuration=2/24 dataset=Electricity model=chronos2 lags=168 horizon=24 retrieval=raw_euclidean_3_online

2026-08-06T17:30:55+02:00 extraction start configuration=3/24 dataset=Electricity model=chronos2 lags=336 horizon=48 retrieval=vanilla period=24 datastore_stride=24 adapt_stride=24 eval_stride=128 max_store_windows=30000 seed=1
2026-08-06 17:30:58,280 INFO [__main__] ========================================================================
2026-08-06 17:30:58,280 INFO [__main__] experiment start kind=extraction dataset=Electricity model=chronos2 lags=336 horizon=48 neighbors=0 distance=raw/euclidean
2026-08-06 17:30:58,635 INFO [__main__] extraction skipped dir=/home/h61084/codes/adapts/outputs/extractions/Electricity/336_48/chronos2/vanilla reason=complete
2026-08-06 17:30:58,635 INFO [__main__] ========================================================================
2026-08-06T17:30:58+02:00 extraction done configuration=3/24 dataset=Electricity model=chronos2 lags=336 horizon=48 retrieval=vanilla

2026-08-06T17:30:58+02:00 extraction start configuration=4/24 dataset=Electricity model=chronos2 lags=336 horizon=48 retrieval=raw_euclidean_3_online period=24 datastore_stride=24 adapt_stride=24 eval_stride=128 max_store_windows=30000 seed=1
2026-08-06 17:31:01,747 INFO [__main__] ========================================================================
2026-08-06 17:31:01,747 INFO [__main__] experiment start kind=extraction dataset=Electricity model=chronos2 lags=336 horizon=48 neighbors=3 distance=raw/euclidean
2026-08-06 17:31:02,093 INFO [__main__] extraction skipped dir=/home/h61084/codes/adapts/outputs/extractions/Electricity/336_48/chronos2/raw_euclidean_3_online/extracted reason=complete
2026-08-06 17:31:02,093 INFO [__main__] ========================================================================
2026-08-06T17:31:02+02:00 extraction done configuration=4/24 dataset=Electricity model=chronos2 lags=336 horizon=48 retrieval=raw_euclidean_3_online

2026-08-06T17:31:02+02:00 extraction start configuration=5/24 dataset=Electricity model=chronos2 lags=504 horizon=168 retrieval=vanilla period=24 datastore_stride=24 adapt_stride=24 eval_stride=128 max_store_windows=30000 seed=1
2026-08-06 17:31:05,083 INFO [__main__] ========================================================================
2026-08-06 17:31:05,083 INFO [__main__] experiment start kind=extraction dataset=Electricity model=chronos2 lags=504 horizon=168 neighbors=0 distance=raw/euclidean
2026-08-06 17:31:05,450 INFO [__main__] extraction skipped dir=/home/h61084/codes/adapts/outputs/extractions/Electricity/504_168/chronos2/vanilla reason=complete
2026-08-06 17:31:05,450 INFO [__main__] ========================================================================
2026-08-06T17:31:05+02:00 extraction done configuration=5/24 dataset=Electricity model=chronos2 lags=504 horizon=168 retrieval=vanilla

2026-08-06T17:31:05+02:00 extraction start configuration=6/24 dataset=Electricity model=chronos2 lags=504 horizon=168 retrieval=raw_euclidean_3_online period=24 datastore_stride=24 adapt_stride=24 eval_stride=128 max_store_windows=30000 seed=1
2026-08-06 17:31:08,562 INFO [__main__] ========================================================================
2026-08-06 17:31:08,562 INFO [__main__] experiment start kind=extraction dataset=Electricity model=chronos2 lags=504 horizon=168 neighbors=3 distance=raw/euclidean
2026-08-06 17:31:08,954 INFO [__main__] extraction skipped dir=/home/h61084/codes/adapts/outputs/extractions/Electricity/504_168/chronos2/raw_euclidean_3_online/extracted reason=complete
2026-08-06 17:31:08,954 INFO [__main__] ========================================================================
2026-08-06T17:31:09+02:00 extraction done configuration=6/24 dataset=Electricity model=chronos2 lags=504 horizon=168 retrieval=raw_euclidean_3_online

2026-08-06T17:31:09+02:00 extraction start configuration=7/24 dataset=Traffic model=chronos2 lags=168 horizon=24 retrieval=vanilla period=24 datastore_stride=24 adapt_stride=24 eval_stride=128 max_store_windows=30000 seed=1
2026-08-06 17:31:12,317 INFO [__main__] ========================================================================
2026-08-06 17:31:12,317 INFO [__main__] experiment start kind=extraction dataset=Traffic model=chronos2 lags=168 horizon=24 neighbors=0 distance=raw/euclidean
2026-08-06 17:31:12,661 INFO [__main__] extraction skipped dir=/home/h61084/codes/adapts/outputs/extractions/Traffic/168_24/chronos2/vanilla reason=complete
2026-08-06 17:31:12,661 INFO [__main__] ========================================================================
2026-08-06T17:31:13+02:00 extraction done configuration=7/24 dataset=Traffic model=chronos2 lags=168 horizon=24 retrieval=vanilla

2026-08-06T17:31:13+02:00 extraction start configuration=8/24 dataset=Traffic model=chronos2 lags=168 horizon=24 retrieval=raw_euclidean_3_online period=24 datastore_stride=24 adapt_stride=24 eval_stride=128 max_store_windows=30000 seed=1
2026-08-06 17:31:15,638 INFO [__main__] ========================================================================
2026-08-06 17:31:15,638 INFO [__main__] experiment start kind=extraction dataset=Traffic model=chronos2 lags=168 horizon=24 neighbors=3 distance=raw/euclidean
2026-08-06 17:31:15,964 INFO [__main__] extraction skipped dir=/home/h61084/codes/adapts/outputs/extractions/Traffic/168_24/chronos2/raw_euclidean_3_online/extracted reason=complete
2026-08-06 17:31:15,964 INFO [__main__] ========================================================================
2026-08-06T17:31:16+02:00 extraction done configuration=8/24 dataset=Traffic model=chronos2 lags=168 horizon=24 retrieval=raw_euclidean_3_online

2026-08-06T17:31:16+02:00 extraction start configuration=9/24 dataset=Traffic model=chronos2 lags=336 horizon=48 retrieval=vanilla period=24 datastore_stride=24 adapt_stride=24 eval_stride=128 max_store_windows=30000 seed=1
2026-08-06 17:31:19,529 INFO [__main__] ========================================================================
2026-08-06 17:31:19,529 INFO [__main__] experiment start kind=extraction dataset=Traffic model=chronos2 lags=336 horizon=48 neighbors=0 distance=raw/euclidean
2026-08-06 17:31:19,940 INFO [__main__] extraction skipped dir=/home/h61084/codes/adapts/outputs/extractions/Traffic/336_48/chronos2/vanilla reason=complete
2026-08-06 17:31:19,940 INFO [__main__] ========================================================================
2026-08-06T17:31:20+02:00 extraction done configuration=9/24 dataset=Traffic model=chronos2 lags=336 horizon=48 retrieval=vanilla

2026-08-06T17:31:20+02:00 extraction start configuration=10/24 dataset=Traffic model=chronos2 lags=336 horizon=48 retrieval=raw_euclidean_3_online period=24 datastore_stride=24 adapt_stride=24 eval_stride=128 max_store_windows=30000 seed=1
2026-08-06 17:31:22,869 INFO [__main__] ========================================================================
2026-08-06 17:31:22,869 INFO [__main__] experiment start kind=extraction dataset=Traffic model=chronos2 lags=336 horizon=48 neighbors=3 distance=raw/euclidean
2026-08-06 17:31:23,278 INFO [__main__] extraction skipped dir=/home/h61084/codes/adapts/outputs/extractions/Traffic/336_48/chronos2/raw_euclidean_3_online/extracted reason=complete
2026-08-06 17:31:23,278 INFO [__main__] ========================================================================
2026-08-06T17:31:23+02:00 extraction done configuration=10/24 dataset=Traffic model=chronos2 lags=336 horizon=48 retrieval=raw_euclidean_3_online

2026-08-06T17:31:23+02:00 extraction start configuration=11/24 dataset=Traffic model=chronos2 lags=504 horizon=168 retrieval=vanilla period=24 datastore_stride=24 adapt_stride=24 eval_stride=128 max_store_windows=30000 seed=1
2026-08-06 17:31:26,709 INFO [__main__] ========================================================================
2026-08-06 17:31:26,709 INFO [__main__] experiment start kind=extraction dataset=Traffic model=chronos2 lags=504 horizon=168 neighbors=0 distance=raw/euclidean
2026-08-06 17:31:27,099 INFO [__main__] extraction skipped dir=/home/h61084/codes/adapts/outputs/extractions/Traffic/504_168/chronos2/vanilla reason=complete
2026-08-06 17:31:27,099 INFO [__main__] ========================================================================
2026-08-06T17:31:27+02:00 extraction done configuration=11/24 dataset=Traffic model=chronos2 lags=504 horizon=168 retrieval=vanilla

2026-08-06T17:31:27+02:00 extraction start configuration=12/24 dataset=Traffic model=chronos2 lags=504 horizon=168 retrieval=raw_euclidean_3_online period=24 datastore_stride=24 adapt_stride=24 eval_stride=128 max_store_windows=30000 seed=1
2026-08-06 17:31:30,359 INFO [__main__] ========================================================================
2026-08-06 17:31:30,359 INFO [__main__] experiment start kind=extraction dataset=Traffic model=chronos2 lags=504 horizon=168 neighbors=3 distance=raw/euclidean
2026-08-06 17:31:30,723 INFO [__main__] extraction skipped dir=/home/h61084/codes/adapts/outputs/extractions/Traffic/504_168/chronos2/raw_euclidean_3_online/extracted reason=complete
2026-08-06 17:31:30,723 INFO [__main__] ========================================================================
2026-08-06T17:31:31+02:00 extraction done configuration=12/24 dataset=Traffic model=chronos2 lags=504 horizon=168 retrieval=raw_euclidean_3_online

2026-08-06T17:31:31+02:00 extraction start configuration=13/24 dataset=Solar model=chronos2 lags=168 horizon=24 retrieval=vanilla period=24 datastore_stride=24 adapt_stride=24 eval_stride=128 max_store_windows=30000 seed=1
2026-08-06 17:31:33,808 INFO [__main__] ========================================================================
2026-08-06 17:31:33,808 INFO [__main__] experiment start kind=extraction dataset=Solar model=chronos2 lags=168 horizon=24 neighbors=0 distance=raw/euclidean
2026-08-06 17:31:34,141 INFO [__main__] extraction skipped dir=/home/h61084/codes/adapts/outputs/extractions/Solar/168_24/chronos2/vanilla reason=complete
2026-08-06 17:31:34,141 INFO [__main__] ========================================================================
2026-08-06T17:31:34+02:00 extraction done configuration=13/24 dataset=Solar model=chronos2 lags=168 horizon=24 retrieval=vanilla

2026-08-06T17:31:34+02:00 extraction start configuration=14/24 dataset=Solar model=chronos2 lags=168 horizon=24 retrieval=raw_euclidean_3_online period=24 datastore_stride=24 adapt_stride=24 eval_stride=128 max_store_windows=30000 seed=1
2026-08-06 17:31:37,025 INFO [__main__] ========================================================================
2026-08-06 17:31:37,025 INFO [__main__] experiment start kind=extraction dataset=Solar model=chronos2 lags=168 horizon=24 neighbors=3 distance=raw/euclidean
2026-08-06 17:31:37,428 INFO [__main__] extraction skipped dir=/home/h61084/codes/adapts/outputs/extractions/Solar/168_24/chronos2/raw_euclidean_3_online/extracted reason=complete
2026-08-06 17:31:37,428 INFO [__main__] ========================================================================
2026-08-06T17:31:37+02:00 extraction done configuration=14/24 dataset=Solar model=chronos2 lags=168 horizon=24 retrieval=raw_euclidean_3_online

2026-08-06T17:31:37+02:00 extraction start configuration=15/24 dataset=Solar model=chronos2 lags=336 horizon=48 retrieval=vanilla period=24 datastore_stride=24 adapt_stride=24 eval_stride=128 max_store_windows=30000 seed=1
2026-08-06 17:31:40,443 INFO [__main__] ========================================================================
2026-08-06 17:31:40,444 INFO [__main__] experiment start kind=extraction dataset=Solar model=chronos2 lags=336 horizon=48 neighbors=0 distance=raw/euclidean
2026-08-06 17:31:40,820 INFO [__main__] extraction skipped dir=/home/h61084/codes/adapts/outputs/extractions/Solar/336_48/chronos2/vanilla reason=complete
2026-08-06 17:31:40,820 INFO [__main__] ========================================================================
2026-08-06T17:31:41+02:00 extraction done configuration=15/24 dataset=Solar model=chronos2 lags=336 horizon=48 retrieval=vanilla

2026-08-06T17:31:41+02:00 extraction start configuration=16/24 dataset=Solar model=chronos2 lags=336 horizon=48 retrieval=raw_euclidean_3_online period=24 datastore_stride=24 adapt_stride=24 eval_stride=128 max_store_windows=30000 seed=1
2026-08-06 17:31:43,723 INFO [__main__] ========================================================================
2026-08-06 17:31:43,723 INFO [__main__] experiment start kind=extraction dataset=Solar model=chronos2 lags=336 horizon=48 neighbors=3 distance=raw/euclidean
2026-08-06 17:31:44,055 INFO [__main__] extraction skipped dir=/home/h61084/codes/adapts/outputs/extractions/Solar/336_48/chronos2/raw_euclidean_3_online/extracted reason=complete
2026-08-06 17:31:44,055 INFO [__main__] ========================================================================
2026-08-06T17:31:44+02:00 extraction done configuration=16/24 dataset=Solar model=chronos2 lags=336 horizon=48 retrieval=raw_euclidean_3_online

2026-08-06T17:31:44+02:00 extraction start configuration=17/24 dataset=Solar model=chronos2 lags=504 horizon=168 retrieval=vanilla period=24 datastore_stride=24 adapt_stride=24 eval_stride=128 max_store_windows=30000 seed=1
2026-08-06 17:31:46,964 INFO [__main__] ========================================================================
2026-08-06 17:31:46,964 INFO [__main__] experiment start kind=extraction dataset=Solar model=chronos2 lags=504 horizon=168 neighbors=0 distance=raw/euclidean
2026-08-06 17:31:47,373 INFO [__main__] extraction skipped dir=/home/h61084/codes/adapts/outputs/extractions/Solar/504_168/chronos2/vanilla reason=complete
2026-08-06 17:31:47,373 INFO [__main__] ========================================================================
2026-08-06T17:31:47+02:00 extraction done configuration=17/24 dataset=Solar model=chronos2 lags=504 horizon=168 retrieval=vanilla

2026-08-06T17:31:47+02:00 extraction start configuration=18/24 dataset=Solar model=chronos2 lags=504 horizon=168 retrieval=raw_euclidean_3_online period=24 datastore_stride=24 adapt_stride=24 eval_stride=128 max_store_windows=30000 seed=1
2026-08-06 17:31:50,427 INFO [__main__] ========================================================================
2026-08-06 17:31:50,427 INFO [__main__] experiment start kind=extraction dataset=Solar model=chronos2 lags=504 horizon=168 neighbors=3 distance=raw/euclidean
2026-08-06 17:31:50,802 INFO [__main__] extraction skipped dir=/home/h61084/codes/adapts/outputs/extractions/Solar/504_168/chronos2/raw_euclidean_3_online/extracted reason=complete
2026-08-06 17:31:50,802 INFO [__main__] ========================================================================
2026-08-06T17:31:51+02:00 extraction done configuration=18/24 dataset=Solar model=chronos2 lags=504 horizon=168 retrieval=raw_euclidean_3_online

2026-08-06T17:31:51+02:00 extraction start configuration=19/24 dataset=exchange_rate model=chronos2 lags=168 horizon=24 retrieval=vanilla period=24 datastore_stride=24 adapt_stride=24 eval_stride=128 max_store_windows=30000 seed=1
2026-08-06 17:31:53,888 INFO [__main__] ========================================================================
2026-08-06 17:31:53,888 INFO [__main__] experiment start kind=extraction dataset=exchange_rate model=chronos2 lags=168 horizon=24 neighbors=0 distance=raw/euclidean
2026-08-06 17:31:54,233 INFO [__main__] extraction skipped dir=/home/h61084/codes/adapts/outputs/extractions/exchange_rate/168_24/chronos2/vanilla reason=complete
2026-08-06 17:31:54,233 INFO [__main__] ========================================================================
2026-08-06T17:31:54+02:00 extraction done configuration=19/24 dataset=exchange_rate model=chronos2 lags=168 horizon=24 retrieval=vanilla

2026-08-06T17:31:54+02:00 extraction start configuration=20/24 dataset=exchange_rate model=chronos2 lags=168 horizon=24 retrieval=raw_euclidean_3_online period=24 datastore_stride=24 adapt_stride=24 eval_stride=128 max_store_windows=30000 seed=1
2026-08-06 17:31:57,255 INFO [__main__] ========================================================================
2026-08-06 17:31:57,255 INFO [__main__] experiment start kind=extraction dataset=exchange_rate model=chronos2 lags=168 horizon=24 neighbors=3 distance=raw/euclidean
2026-08-06 17:31:57,646 INFO [__main__] extraction skipped dir=/home/h61084/codes/adapts/outputs/extractions/exchange_rate/168_24/chronos2/raw_euclidean_3_online/extracted reason=complete
2026-08-06 17:31:57,647 INFO [__main__] ========================================================================
2026-08-06T17:31:57+02:00 extraction done configuration=20/24 dataset=exchange_rate model=chronos2 lags=168 horizon=24 retrieval=raw_euclidean_3_online

2026-08-06T17:31:57+02:00 extraction start configuration=21/24 dataset=exchange_rate model=chronos2 lags=336 horizon=48 retrieval=vanilla period=24 datastore_stride=24 adapt_stride=24 eval_stride=128 max_store_windows=30000 seed=1
2026-08-06 17:32:00,643 INFO [__main__] ========================================================================
2026-08-06 17:32:00,643 INFO [__main__] experiment start kind=extraction dataset=exchange_rate model=chronos2 lags=336 horizon=48 neighbors=0 distance=raw/euclidean
2026-08-06 17:32:01,005 INFO [__main__] extraction skipped dir=/home/h61084/codes/adapts/outputs/extractions/exchange_rate/336_48/chronos2/vanilla reason=complete
2026-08-06 17:32:01,005 INFO [__main__] ========================================================================
2026-08-06T17:32:01+02:00 extraction done configuration=21/24 dataset=exchange_rate model=chronos2 lags=336 horizon=48 retrieval=vanilla

2026-08-06T17:32:01+02:00 extraction start configuration=22/24 dataset=exchange_rate model=chronos2 lags=336 horizon=48 retrieval=raw_euclidean_3_online period=24 datastore_stride=24 adapt_stride=24 eval_stride=128 max_store_windows=30000 seed=1
2026-08-06 17:32:03,991 INFO [__main__] ========================================================================
2026-08-06 17:32:03,991 INFO [__main__] experiment start kind=extraction dataset=exchange_rate model=chronos2 lags=336 horizon=48 neighbors=3 distance=raw/euclidean
2026-08-06 17:32:04,354 INFO [__main__] extraction skipped dir=/home/h61084/codes/adapts/outputs/extractions/exchange_rate/336_48/chronos2/raw_euclidean_3_online/extracted reason=complete
2026-08-06 17:32:04,354 INFO [__main__] ========================================================================
2026-08-06T17:32:04+02:00 extraction done configuration=22/24 dataset=exchange_rate model=chronos2 lags=336 horizon=48 retrieval=raw_euclidean_3_online

2026-08-06T17:32:04+02:00 extraction start configuration=23/24 dataset=exchange_rate model=chronos2 lags=504 horizon=168 retrieval=vanilla period=24 datastore_stride=24 adapt_stride=24 eval_stride=128 max_store_windows=30000 seed=1
2026-08-06 17:32:07,397 INFO [__main__] ========================================================================
2026-08-06 17:32:07,397 INFO [__main__] experiment start kind=extraction dataset=exchange_rate model=chronos2 lags=504 horizon=168 neighbors=0 distance=raw/euclidean
2026-08-06 17:32:07,787 INFO [__main__] extraction skipped dir=/home/h61084/codes/adapts/outputs/extractions/exchange_rate/504_168/chronos2/vanilla reason=complete
2026-08-06 17:32:07,787 INFO [__main__] ========================================================================
2026-08-06T17:32:08+02:00 extraction done configuration=23/24 dataset=exchange_rate model=chronos2 lags=504 horizon=168 retrieval=vanilla

2026-08-06T17:32:08+02:00 extraction start configuration=24/24 dataset=exchange_rate model=chronos2 lags=504 horizon=168 retrieval=raw_euclidean_3_online period=24 datastore_stride=24 adapt_stride=24 eval_stride=128 max_store_windows=30000 seed=1
2026-08-06 17:32:10,729 INFO [__main__] ========================================================================
2026-08-06 17:32:10,730 INFO [__main__] experiment start kind=extraction dataset=exchange_rate model=chronos2 lags=504 horizon=168 neighbors=3 distance=raw/euclidean
2026-08-06 17:32:11,088 INFO [__main__] extraction skipped dir=/home/h61084/codes/adapts/outputs/extractions/exchange_rate/504_168/chronos2/raw_euclidean_3_online/extracted reason=complete
2026-08-06 17:32:11,088 INFO [__main__] ========================================================================
2026-08-06T17:32:11+02:00 extraction done configuration=24/24 dataset=exchange_rate model=chronos2 lags=504 horizon=168 retrieval=raw_euclidean_3_online

2026-08-06T17:32:11+02:00 job done kind=adaptation_extraction output=outputs/extractions

2026-08-06T17:32:11+02:00 job start kind=baselines experiment_mode=delta_baselines_ablation skip_complete=true tasks=12 datasets=Electricity,Traffic,Solar,exchange_rate models=chronos2 settings=168:24,336:48,504:168 distance_spaces=raw distance_metrics=euclidean neighbors=3 methods=cov_avgy_ridge_shared,cov_avgy_delta_ridge_shared,cov_ridge_shared,cov_delta_ridge_shared results_root=outputs/adaptation_results/delta_baselines_ablation
2026-08-06 17:32:13,619 INFO [__main__] extraction validation directory=outputs/extractions/Electricity/168_24/chronos2/raw_euclidean_3_online/extracted status=complete
2026-08-06T17:32:13+02:00 skip complete family=baselines dataset=Electricity model=chronos2 lags=168 horizon=24 retrieval=raw_euclidean_3_online
2026-08-06 17:32:16,191 INFO [__main__] extraction validation directory=outputs/extractions/Electricity/336_48/chronos2/raw_euclidean_3_online/extracted status=complete
2026-08-06T17:32:16+02:00 skip complete family=baselines dataset=Electricity model=chronos2 lags=336 horizon=48 retrieval=raw_euclidean_3_online
2026-08-06 17:32:18,797 INFO [__main__] extraction validation directory=outputs/extractions/Electricity/504_168/chronos2/raw_euclidean_3_online/extracted status=complete
2026-08-06T17:32:19+02:00 skip complete family=baselines dataset=Electricity model=chronos2 lags=504 horizon=168 retrieval=raw_euclidean_3_online
2026-08-06 17:32:21,292 INFO [__main__] extraction validation directory=outputs/extractions/Traffic/168_24/chronos2/raw_euclidean_3_online/extracted status=complete
2026-08-06T17:32:21+02:00 skip complete family=baselines dataset=Traffic model=chronos2 lags=168 horizon=24 retrieval=raw_euclidean_3_online
2026-08-06 17:32:23,795 INFO [__main__] extraction validation directory=outputs/extractions/Traffic/336_48/chronos2/raw_euclidean_3_online/extracted status=complete
2026-08-06T17:32:24+02:00 skip complete family=baselines dataset=Traffic model=chronos2 lags=336 horizon=48 retrieval=raw_euclidean_3_online
2026-08-06 17:32:26,443 INFO [__main__] extraction validation directory=outputs/extractions/Traffic/504_168/chronos2/raw_euclidean_3_online/extracted status=complete
2026-08-06T17:32:26+02:00 skip complete family=baselines dataset=Traffic model=chronos2 lags=504 horizon=168 retrieval=raw_euclidean_3_online
2026-08-06 17:32:28,965 INFO [__main__] extraction validation directory=outputs/extractions/Solar/168_24/chronos2/raw_euclidean_3_online/extracted status=complete
2026-08-06T17:32:29+02:00 skip complete family=baselines dataset=Solar model=chronos2 lags=168 horizon=24 retrieval=raw_euclidean_3_online
2026-08-06 17:32:31,541 INFO [__main__] extraction validation directory=outputs/extractions/Solar/336_48/chronos2/raw_euclidean_3_online/extracted status=complete
2026-08-06T17:32:31+02:00 skip complete family=baselines dataset=Solar model=chronos2 lags=336 horizon=48 retrieval=raw_euclidean_3_online
2026-08-06 17:32:34,003 INFO [__main__] extraction validation directory=outputs/extractions/Solar/504_168/chronos2/raw_euclidean_3_online/extracted status=complete
2026-08-06T17:32:34+02:00 skip complete family=baselines dataset=Solar model=chronos2 lags=504 horizon=168 retrieval=raw_euclidean_3_online
2026-08-06 17:32:36,531 INFO [__main__] extraction validation directory=outputs/extractions/exchange_rate/168_24/chronos2/raw_euclidean_3_online/extracted status=complete
2026-08-06T17:32:36+02:00 skip complete family=baselines dataset=exchange_rate model=chronos2 lags=168 horizon=24 retrieval=raw_euclidean_3_online
2026-08-06 17:32:39,035 INFO [__main__] extraction validation directory=outputs/extractions/exchange_rate/336_48/chronos2/raw_euclidean_3_online/extracted status=complete
2026-08-06T17:32:39+02:00 skip complete family=baselines dataset=exchange_rate model=chronos2 lags=336 horizon=48 retrieval=raw_euclidean_3_online
2026-08-06 17:32:41,480 INFO [__main__] extraction validation directory=outputs/extractions/exchange_rate/504_168/chronos2/raw_euclidean_3_online/extracted status=complete
2026-08-06T17:32:41+02:00 skip complete family=baselines dataset=exchange_rate model=chronos2 lags=504 horizon=168 retrieval=raw_euclidean_3_online

2026-08-06T17:32:41+02:00 job done kind=baselines output=outputs/adaptation_results/delta_baselines_ablation

2026-08-06T17:32:41+02:00 job start kind=adaptation_tables experiment_mode=delta_baselines_ablation datasets=Electricity,Traffic,Solar,exchange_rate models=chronos2 settings=168_24,336_48,504_168 families=baselines metric=nmse distance_metrics=euclidean methods=full_ridge_shared,full_delta_ridge_shared,y_ridge_shared,y_delta_ridge_shared,cov_y_ridge_shared,cov_y_delta_ridge_shared,residual_ridge_shared,residual_delta_ridge_shared,cov_avgy_ridge_shared,cov_avgy_delta_ridge_shared,cov_ridge_shared,cov_delta_ridge_shared table_kinds=full,average results_root=outputs/adaptation_results/delta_baselines_ablation

2026-08-06T17:32:41+02:00 table start model=chronos2 kind=full metric=nmse split=eval decimals=2 output=outputs/adaptation_results/delta_baselines_ablation/tables/chronos2/full
LaTeX table written to /home/h61084/codes/adapts/outputs/adaptation_results/delta_baselines_ablation/tables/chronos2/full/baselines_results.tex
2026-08-06T17:32:46+02:00 table done model=chronos2 kind=full output=outputs/adaptation_results/delta_baselines_ablation/tables/chronos2/full

2026-08-06T17:32:46+02:00 table start model=chronos2 kind=average metric=nmse split=eval decimals=2 output=outputs/adaptation_results/delta_baselines_ablation/tables/chronos2/average
LaTeX table written to /home/h61084/codes/adapts/outputs/adaptation_results/delta_baselines_ablation/tables/chronos2/average/baselines_results.tex
LaTeX table written to /home/h61084/codes/adapts/outputs/adaptation_results/delta_baselines_ablation/tables/chronos2/average/positive_windows_results.tex
2026-08-06T17:32:51+02:00 table done model=chronos2 kind=average output=outputs/adaptation_results/delta_baselines_ablation/tables/chronos2/average

2026-08-06T17:32:51+02:00 baseline coefficient plots start model=chronos2 output=outputs/adaptation_results/delta_baselines_ablation/tables/chronos2/coefficients
Baseline coefficient outputs written: 288
Coefficient index written to /home/h61084/codes/adapts/outputs/adaptation_results/delta_baselines_ablation/tables/chronos2/coefficients/coefficient_index.csv
2026-08-06T17:33:11+02:00 baseline coefficient plots done model=chronos2 output=outputs/adaptation_results/delta_baselines_ablation/tables/chronos2/coefficients

2026-08-06T17:33:11+02:00 job done kind=adaptation_tables output=outputs/adaptation_results/delta_baselines_ablation/tables
