
2026-08-05T17:41:35+02:00 job start kind=ts_ifa_training variant=joint_neural experiment_mode=full skip_complete=true tasks=6
2026-08-05 17:41:39,021 INFO [__main__] extraction validation directory=outputs/extractions/Electricity/168_24/chronos2/raw_euclidean_3_online/extracted status=complete

2026-08-05T17:41:39+02:00 training start variant=joint_neural configuration=1/6 dataset=Electricity model=chronos2 lags=168 horizon=24 retrieval=raw_euclidean_3_online
2026-08-05 17:41:42,084 INFO [__main__] ========================================================================
2026-08-05 17:41:42,390 INFO [__main__] experiment start kind=ts_ifa variant=joint_neural train_epochs=30000 rooter_epochs=10000
2026-08-05 17:41:46,058 INFO [__main__] payload scale split=T1 samples=136656 std_min=0.28843 std_q001=0.485621 std_q01=4.08462 std_q05=21.4344 std_q10=39.7766 std_median=184.362 below_1e-8=0 below_1e-6=0 below_1e-3=0
2026-08-05 17:41:46,066 INFO [__main__] payload scale split=T2 samples=34320 std_min=0.306533 std_q001=0.471405 std_q01=4.28871 std_q05=22.1471 std_q10=39.1245 std_median=177.6 below_1e-8=0 below_1e-6=0 below_1e-3=0
2026-08-05 17:41:46,068 INFO [__main__] payload scale split=T3 samples=12792 std_min=0.361678 std_q001=0.630142 std_q01=5.04926 std_q05=20.1042 std_q10=36.0183 std_median=181.613 below_1e-8=0 below_1e-6=0 below_1e-3=0
2026-08-05 17:42:00,287 INFO [__main__] stage progress stage=joint step=1000/30000 train_nmse=0.310262 t2_nmse=0.286148
2026-08-05 17:42:13,767 INFO [__main__] stage progress stage=joint step=2000/30000 train_nmse=0.335013 t2_nmse=0.284228
2026-08-05 17:42:27,056 INFO [__main__] stage progress stage=joint step=3000/30000 train_nmse=0.294399 t2_nmse=0.283503
2026-08-05 17:42:40,399 INFO [__main__] stage progress stage=joint step=4000/30000 train_nmse=0.283161 t2_nmse=0.282730
2026-08-05 17:42:53,746 INFO [__main__] stage progress stage=joint step=5000/30000 train_nmse=0.396692 t2_nmse=0.281897
2026-08-05 17:43:07,100 INFO [__main__] stage progress stage=joint step=6000/30000 train_nmse=0.253527 t2_nmse=0.281133
2026-08-05 17:43:20,378 INFO [__main__] stage progress stage=joint step=7000/30000 train_nmse=0.289830 t2_nmse=0.280307
2026-08-05 17:43:33,711 INFO [__main__] stage progress stage=joint step=8000/30000 train_nmse=0.254718 t2_nmse=0.279899
2026-08-05 17:43:46,996 INFO [__main__] stage progress stage=joint step=9000/30000 train_nmse=0.306031 t2_nmse=0.279500
2026-08-05 17:44:00,369 INFO [__main__] stage progress stage=joint step=10000/30000 train_nmse=0.309683 t2_nmse=0.279096
2026-08-05 17:44:13,653 INFO [__main__] stage progress stage=joint step=11000/30000 train_nmse=0.272596 t2_nmse=0.278873
2026-08-05 17:44:26,964 INFO [__main__] stage progress stage=joint step=12000/30000 train_nmse=0.295792 t2_nmse=0.278940
2026-08-05 17:44:40,238 INFO [__main__] stage progress stage=joint step=13000/30000 train_nmse=0.262833 t2_nmse=0.279091
2026-08-05 17:44:53,554 INFO [__main__] stage progress stage=joint step=14000/30000 train_nmse=0.298227 t2_nmse=0.278718
2026-08-05 17:45:06,793 INFO [__main__] stage progress stage=joint step=15000/30000 train_nmse=0.305382 t2_nmse=0.278631
2026-08-05 17:45:20,144 INFO [__main__] stage progress stage=joint step=16000/30000 train_nmse=0.275604 t2_nmse=0.279270
2026-08-05 17:45:33,400 INFO [__main__] stage progress stage=joint step=17000/30000 train_nmse=0.273259 t2_nmse=0.279406
2026-08-05 17:45:46,736 INFO [__main__] stage progress stage=joint step=18000/30000 train_nmse=0.283067 t2_nmse=0.279880
2026-08-05 17:46:00,024 INFO [__main__] stage progress stage=joint step=19000/30000 train_nmse=0.260376 t2_nmse=0.279718
2026-08-05 17:46:13,374 INFO [__main__] stage progress stage=joint step=20000/30000 train_nmse=0.248898 t2_nmse=0.279214
2026-08-05 17:46:26,731 INFO [__main__] stage progress stage=joint step=21000/30000 train_nmse=0.269580 t2_nmse=0.280491
2026-08-05 17:46:40,094 INFO [__main__] stage progress stage=joint step=22000/30000 train_nmse=0.245733 t2_nmse=0.280158
2026-08-05 17:46:53,390 INFO [__main__] stage progress stage=joint step=23000/30000 train_nmse=0.223827 t2_nmse=0.280463
2026-08-05 17:47:06,631 INFO [__main__] stage progress stage=joint step=24000/30000 train_nmse=0.242192 t2_nmse=0.280809
2026-08-05 17:47:19,938 INFO [__main__] stage progress stage=joint step=25000/30000 train_nmse=0.257833 t2_nmse=0.280833
2026-08-05 17:47:33,345 INFO [__main__] stage progress stage=joint step=26000/30000 train_nmse=0.232056 t2_nmse=0.280606
2026-08-05 17:47:46,795 INFO [__main__] stage progress stage=joint step=27000/30000 train_nmse=0.244250 t2_nmse=0.280969
2026-08-05 17:48:00,207 INFO [__main__] stage progress stage=joint step=28000/30000 train_nmse=0.221465 t2_nmse=0.281511
2026-08-05 17:48:13,563 INFO [__main__] stage progress stage=joint step=29000/30000 train_nmse=0.243352 t2_nmse=0.281480
2026-08-05 17:48:26,916 INFO [__main__] stage progress stage=joint step=30000/30000 train_nmse=0.257531 t2_nmse=0.282787
2026-08-05 17:48:28,554 INFO [__main__] outputs saved variant=joint_neural dir=outputs/adaptation_results/ts_ifa_ridge_30k/Electricity/168_24/chronos2/raw_euclidean_3_online/ts_ifa/joint_neural
2026-08-05 17:48:28,554 INFO [__main__] experiment done seconds=406.47
2026-08-05 17:48:28,554 INFO [__main__] ========================================================================
2026-08-05T17:48:29+02:00 training done variant=joint_neural configuration=1/6
2026-08-05 17:48:32,116 INFO [__main__] extraction validation directory=outputs/extractions/Electricity/168_24/chronos2/instance_euclidean_3_online/extracted status=complete

2026-08-05T17:48:32+02:00 training start variant=joint_neural configuration=2/6 dataset=Electricity model=chronos2 lags=168 horizon=24 retrieval=instance_euclidean_3_online
2026-08-05 17:48:35,150 INFO [__main__] ========================================================================
2026-08-05 17:48:35,553 INFO [__main__] experiment start kind=ts_ifa variant=joint_neural train_epochs=30000 rooter_epochs=10000
2026-08-05 17:48:39,181 INFO [__main__] payload scale split=T1 samples=136656 std_min=0.28843 std_q001=0.485621 std_q01=4.08462 std_q05=21.4344 std_q10=39.7766 std_median=184.362 below_1e-8=0 below_1e-6=0 below_1e-3=0
2026-08-05 17:48:39,189 INFO [__main__] payload scale split=T2 samples=34320 std_min=0.306533 std_q001=0.471405 std_q01=4.28871 std_q05=22.1471 std_q10=39.1245 std_median=177.6 below_1e-8=0 below_1e-6=0 below_1e-3=0
2026-08-05 17:48:39,192 INFO [__main__] payload scale split=T3 samples=12792 std_min=0.361678 std_q001=0.630142 std_q01=5.04926 std_q05=20.1042 std_q10=36.0183 std_median=181.613 below_1e-8=0 below_1e-6=0 below_1e-3=0
2026-08-05 17:48:53,515 INFO [__main__] stage progress stage=joint step=1000/30000 train_nmse=0.310261 t2_nmse=0.284684
2026-08-05 17:49:07,164 INFO [__main__] stage progress stage=joint step=2000/30000 train_nmse=0.334542 t2_nmse=0.282848
2026-08-05 17:49:20,576 INFO [__main__] stage progress stage=joint step=3000/30000 train_nmse=0.294197 t2_nmse=0.282049
2026-08-05 17:49:34,118 INFO [__main__] stage progress stage=joint step=4000/30000 train_nmse=0.282194 t2_nmse=0.281297
2026-08-05 17:49:47,567 INFO [__main__] stage progress stage=joint step=5000/30000 train_nmse=0.395104 t2_nmse=0.280433
2026-08-05 17:50:01,014 INFO [__main__] stage progress stage=joint step=6000/30000 train_nmse=0.252492 t2_nmse=0.279757
2026-08-05 17:50:14,428 INFO [__main__] stage progress stage=joint step=7000/30000 train_nmse=0.290002 t2_nmse=0.278959
2026-08-05 17:50:27,842 INFO [__main__] stage progress stage=joint step=8000/30000 train_nmse=0.253428 t2_nmse=0.278814
2026-08-05 17:50:41,222 INFO [__main__] stage progress stage=joint step=9000/30000 train_nmse=0.305011 t2_nmse=0.278154
2026-08-05 17:50:54,635 INFO [__main__] stage progress stage=joint step=10000/30000 train_nmse=0.309856 t2_nmse=0.278440
2026-08-05 17:51:07,668 INFO [__main__] stage progress stage=joint step=11000/30000 train_nmse=0.271939 t2_nmse=0.278165
2026-08-05 17:51:21,111 INFO [__main__] stage progress stage=joint step=12000/30000 train_nmse=0.295815 t2_nmse=0.277907
2026-08-05 17:51:34,536 INFO [__main__] stage progress stage=joint step=13000/30000 train_nmse=0.263520 t2_nmse=0.278286
2026-08-05 17:51:47,877 INFO [__main__] stage progress stage=joint step=14000/30000 train_nmse=0.297337 t2_nmse=0.277153
2026-08-05 17:52:01,142 INFO [__main__] stage progress stage=joint step=15000/30000 train_nmse=0.304591 t2_nmse=0.277547
2026-08-05 17:52:14,514 INFO [__main__] stage progress stage=joint step=16000/30000 train_nmse=0.276555 t2_nmse=0.278717
2026-08-05 17:52:27,902 INFO [__main__] stage progress stage=joint step=17000/30000 train_nmse=0.275632 t2_nmse=0.278733
2026-08-05 17:52:41,388 INFO [__main__] stage progress stage=joint step=18000/30000 train_nmse=0.284861 t2_nmse=0.278982
2026-08-05 17:52:54,782 INFO [__main__] stage progress stage=joint step=19000/30000 train_nmse=0.266656 t2_nmse=0.279008
2026-08-05 17:53:08,228 INFO [__main__] stage progress stage=joint step=20000/30000 train_nmse=0.247279 t2_nmse=0.278881
2026-08-05 17:53:21,702 INFO [__main__] stage progress stage=joint step=21000/30000 train_nmse=0.272706 t2_nmse=0.280350
2026-08-05 17:53:35,149 INFO [__main__] stage progress stage=joint step=22000/30000 train_nmse=0.249209 t2_nmse=0.280012
2026-08-05 17:53:48,520 INFO [__main__] stage progress stage=joint step=23000/30000 train_nmse=0.228075 t2_nmse=0.281075
2026-08-05 17:54:01,890 INFO [__main__] stage progress stage=joint step=24000/30000 train_nmse=0.245733 t2_nmse=0.281164
2026-08-05 17:54:15,242 INFO [__main__] stage progress stage=joint step=25000/30000 train_nmse=0.258532 t2_nmse=0.281617
2026-08-05 17:54:28,629 INFO [__main__] stage progress stage=joint step=26000/30000 train_nmse=0.238714 t2_nmse=0.280644
2026-08-05 17:54:42,006 INFO [__main__] stage progress stage=joint step=27000/30000 train_nmse=0.242136 t2_nmse=0.281441
2026-08-05 17:54:55,406 INFO [__main__] stage progress stage=joint step=28000/30000 train_nmse=0.224673 t2_nmse=0.282946
2026-08-05 17:55:08,795 INFO [__main__] stage progress stage=joint step=29000/30000 train_nmse=0.242589 t2_nmse=0.280930
2026-08-05 17:55:22,188 INFO [__main__] stage progress stage=joint step=30000/30000 train_nmse=0.257602 t2_nmse=0.282088
2026-08-05 17:55:23,685 INFO [__main__] outputs saved variant=joint_neural dir=outputs/adaptation_results/ts_ifa_ridge_30k/Electricity/168_24/chronos2/instance_euclidean_3_online/ts_ifa/joint_neural
2026-08-05 17:55:23,685 INFO [__main__] experiment done seconds=408.53
2026-08-05 17:55:23,685 INFO [__main__] ========================================================================
2026-08-05T17:55:24+02:00 training done variant=joint_neural configuration=2/6
2026-08-05 17:55:26,929 INFO [__main__] extraction validation directory=outputs/extractions/Electricity/336_48/chronos2/raw_euclidean_3_online/extracted status=complete

2026-08-05T17:55:27+02:00 training start variant=joint_neural configuration=3/6 dataset=Electricity model=chronos2 lags=336 horizon=48 retrieval=raw_euclidean_3_online
2026-08-05 17:55:29,668 INFO [__main__] ========================================================================
2026-08-05 17:55:30,066 INFO [__main__] experiment start kind=ts_ifa variant=joint_neural train_epochs=30000 rooter_epochs=10000
2026-08-05 17:55:33,948 INFO [__main__] payload scale split=T1 samples=136656 std_min=0.333426 std_q001=0.604608 std_q01=4.68589 std_q05=22.2151 std_q10=40.6165 std_median=185.89 below_1e-8=0 below_1e-6=0 below_1e-3=0
2026-08-05 17:55:33,957 INFO [__main__] payload scale split=T2 samples=34008 std_min=0.375413 std_q001=0.581196 std_q01=4.58251 std_q05=23.1815 std_q10=40.6876 std_median=179.161 below_1e-8=0 below_1e-6=0 below_1e-3=0
2026-08-05 17:55:33,960 INFO [__main__] payload scale split=T3 samples=12792 std_min=0.403962 std_q001=1.32202 std_q01=6.05807 std_q05=20.6529 std_q10=36.6447 std_median=183.341 below_1e-8=0 below_1e-6=0 below_1e-3=0
2026-08-05 17:55:48,273 INFO [__main__] stage progress stage=joint step=1000/30000 train_nmse=0.303628 t2_nmse=0.203497
2026-08-05 17:56:02,492 INFO [__main__] stage progress stage=joint step=2000/30000 train_nmse=0.295824 t2_nmse=0.202466
2026-08-05 17:56:16,323 INFO [__main__] stage progress stage=joint step=3000/30000 train_nmse=0.294217 t2_nmse=0.201549
2026-08-05 17:56:30,085 INFO [__main__] stage progress stage=joint step=4000/30000 train_nmse=0.344187 t2_nmse=0.200961
2026-08-05 17:56:43,668 INFO [__main__] stage progress stage=joint step=5000/30000 train_nmse=0.371271 t2_nmse=0.200583
2026-08-05 17:56:57,343 INFO [__main__] stage progress stage=joint step=6000/30000 train_nmse=0.310197 t2_nmse=0.200695
2026-08-05 17:57:10,949 INFO [__main__] stage progress stage=joint step=7000/30000 train_nmse=0.286286 t2_nmse=0.200880
2026-08-05 17:57:24,541 INFO [__main__] stage progress stage=joint step=8000/30000 train_nmse=0.291652 t2_nmse=0.200658
2026-08-05 17:57:38,054 INFO [__main__] stage progress stage=joint step=9000/30000 train_nmse=0.330692 t2_nmse=0.201750
2026-08-05 17:57:51,649 INFO [__main__] stage progress stage=joint step=10000/30000 train_nmse=0.268670 t2_nmse=0.202129
2026-08-05 17:58:05,226 INFO [__main__] stage progress stage=joint step=11000/30000 train_nmse=0.241126 t2_nmse=0.202607
2026-08-05 17:58:18,573 INFO [__main__] stage progress stage=joint step=12000/30000 train_nmse=0.274255 t2_nmse=0.203172
2026-08-05 17:58:32,154 INFO [__main__] stage progress stage=joint step=13000/30000 train_nmse=0.269620 t2_nmse=0.203924
2026-08-05 17:58:45,754 INFO [__main__] stage progress stage=joint step=14000/30000 train_nmse=0.234638 t2_nmse=0.204409
2026-08-05 17:58:59,436 INFO [__main__] stage progress stage=joint step=15000/30000 train_nmse=0.294658 t2_nmse=0.204873
2026-08-05 17:59:13,033 INFO [__main__] stage progress stage=joint step=16000/30000 train_nmse=0.229176 t2_nmse=0.206070
2026-08-05 17:59:26,703 INFO [__main__] stage progress stage=joint step=17000/30000 train_nmse=0.254761 t2_nmse=0.206802
2026-08-05 17:59:40,273 INFO [__main__] stage progress stage=joint step=18000/30000 train_nmse=0.215352 t2_nmse=0.206850
2026-08-05 17:59:53,916 INFO [__main__] stage progress stage=joint step=19000/30000 train_nmse=0.217852 t2_nmse=0.207849
2026-08-05 18:00:07,524 INFO [__main__] stage progress stage=joint step=20000/30000 train_nmse=0.213417 t2_nmse=0.209675
2026-08-05 18:00:21,186 INFO [__main__] stage progress stage=joint step=21000/30000 train_nmse=0.227677 t2_nmse=0.209508
2026-08-05 18:00:34,868 INFO [__main__] stage progress stage=joint step=22000/30000 train_nmse=0.211253 t2_nmse=0.210045
2026-08-05 18:00:48,489 INFO [__main__] stage progress stage=joint step=23000/30000 train_nmse=0.218342 t2_nmse=0.210277
2026-08-05 18:01:02,138 INFO [__main__] stage progress stage=joint step=24000/30000 train_nmse=0.216347 t2_nmse=0.210756
2026-08-05 18:01:15,728 INFO [__main__] stage progress stage=joint step=25000/30000 train_nmse=0.207006 t2_nmse=0.212103
2026-08-05 18:01:29,433 INFO [__main__] stage progress stage=joint step=26000/30000 train_nmse=0.220087 t2_nmse=0.213669
2026-08-05 18:01:43,027 INFO [__main__] stage progress stage=joint step=27000/30000 train_nmse=0.214846 t2_nmse=0.212314
2026-08-05 18:01:56,653 INFO [__main__] stage progress stage=joint step=28000/30000 train_nmse=0.210412 t2_nmse=0.212820
2026-08-05 18:02:10,246 INFO [__main__] stage progress stage=joint step=29000/30000 train_nmse=0.213848 t2_nmse=0.213543
2026-08-05 18:02:23,911 INFO [__main__] stage progress stage=joint step=30000/30000 train_nmse=0.240716 t2_nmse=0.212699
2026-08-05 18:02:25,446 INFO [__main__] outputs saved variant=joint_neural dir=outputs/adaptation_results/ts_ifa_ridge_30k/Electricity/336_48/chronos2/raw_euclidean_3_online/ts_ifa/joint_neural
2026-08-05 18:02:25,446 INFO [__main__] experiment done seconds=415.78
2026-08-05 18:02:25,447 INFO [__main__] ========================================================================
2026-08-05T18:02:26+02:00 training done variant=joint_neural configuration=3/6
2026-08-05 18:02:28,779 INFO [__main__] extraction validation directory=outputs/extractions/Electricity/336_48/chronos2/instance_euclidean_3_online/extracted status=complete

2026-08-05T18:02:29+02:00 training start variant=joint_neural configuration=4/6 dataset=Electricity model=chronos2 lags=336 horizon=48 retrieval=instance_euclidean_3_online
2026-08-05 18:02:31,476 INFO [__main__] ========================================================================
2026-08-05 18:02:31,808 INFO [__main__] experiment start kind=ts_ifa variant=joint_neural train_epochs=30000 rooter_epochs=10000
2026-08-05 18:02:35,551 INFO [__main__] payload scale split=T1 samples=136656 std_min=0.333426 std_q001=0.604608 std_q01=4.68589 std_q05=22.2151 std_q10=40.6165 std_median=185.89 below_1e-8=0 below_1e-6=0 below_1e-3=0
2026-08-05 18:02:35,559 INFO [__main__] payload scale split=T2 samples=34008 std_min=0.375413 std_q001=0.581196 std_q01=4.58251 std_q05=23.1815 std_q10=40.6876 std_median=179.161 below_1e-8=0 below_1e-6=0 below_1e-3=0
2026-08-05 18:02:35,562 INFO [__main__] payload scale split=T3 samples=12792 std_min=0.403962 std_q001=1.32202 std_q01=6.05807 std_q05=20.6529 std_q10=36.6447 std_median=183.341 below_1e-8=0 below_1e-6=0 below_1e-3=0
2026-08-05 18:02:50,144 INFO [__main__] stage progress stage=joint step=1000/30000 train_nmse=0.303254 t2_nmse=0.202937
2026-08-05 18:03:03,867 INFO [__main__] stage progress stage=joint step=2000/30000 train_nmse=0.295331 t2_nmse=0.201991
2026-08-05 18:03:17,589 INFO [__main__] stage progress stage=joint step=3000/30000 train_nmse=0.293383 t2_nmse=0.201236
2026-08-05 18:03:31,331 INFO [__main__] stage progress stage=joint step=4000/30000 train_nmse=0.344018 t2_nmse=0.200740
2026-08-05 18:03:45,371 INFO [__main__] stage progress stage=joint step=5000/30000 train_nmse=0.369189 t2_nmse=0.200524
2026-08-05 18:03:59,222 INFO [__main__] stage progress stage=joint step=6000/30000 train_nmse=0.311259 t2_nmse=0.200846
2026-08-05 18:04:12,901 INFO [__main__] stage progress stage=joint step=7000/30000 train_nmse=0.285191 t2_nmse=0.200937
2026-08-05 18:04:26,657 INFO [__main__] stage progress stage=joint step=8000/30000 train_nmse=0.290577 t2_nmse=0.201158
2026-08-05 18:04:40,263 INFO [__main__] stage progress stage=joint step=9000/30000 train_nmse=0.329794 t2_nmse=0.202097
2026-08-05 18:04:54,005 INFO [__main__] stage progress stage=joint step=10000/30000 train_nmse=0.270104 t2_nmse=0.202207
2026-08-05 18:05:07,741 INFO [__main__] stage progress stage=joint step=11000/30000 train_nmse=0.240563 t2_nmse=0.202464
2026-08-05 18:05:21,486 INFO [__main__] stage progress stage=joint step=12000/30000 train_nmse=0.271727 t2_nmse=0.202977
2026-08-05 18:05:35,220 INFO [__main__] stage progress stage=joint step=13000/30000 train_nmse=0.268198 t2_nmse=0.203855
2026-08-05 18:05:48,811 INFO [__main__] stage progress stage=joint step=14000/30000 train_nmse=0.231847 t2_nmse=0.203653
2026-08-05 18:06:02,463 INFO [__main__] stage progress stage=joint step=15000/30000 train_nmse=0.293174 t2_nmse=0.204286
2026-08-05 18:06:16,084 INFO [__main__] stage progress stage=joint step=16000/30000 train_nmse=0.229489 t2_nmse=0.204971
2026-08-05 18:06:29,784 INFO [__main__] stage progress stage=joint step=17000/30000 train_nmse=0.255154 t2_nmse=0.205593
2026-08-05 18:06:43,408 INFO [__main__] stage progress stage=joint step=18000/30000 train_nmse=0.216167 t2_nmse=0.205384
2026-08-05 18:06:57,096 INFO [__main__] stage progress stage=joint step=19000/30000 train_nmse=0.220427 t2_nmse=0.206192
2026-08-05 18:07:10,421 INFO [__main__] stage progress stage=joint step=20000/30000 train_nmse=0.213350 t2_nmse=0.207317
2026-08-05 18:07:23,775 INFO [__main__] stage progress stage=joint step=21000/30000 train_nmse=0.227536 t2_nmse=0.206705
2026-08-05 18:07:37,466 INFO [__main__] stage progress stage=joint step=22000/30000 train_nmse=0.214174 t2_nmse=0.207221
2026-08-05 18:07:51,094 INFO [__main__] stage progress stage=joint step=23000/30000 train_nmse=0.218853 t2_nmse=0.207746
2026-08-05 18:08:04,761 INFO [__main__] stage progress stage=joint step=24000/30000 train_nmse=0.218108 t2_nmse=0.208615
2026-08-05 18:08:18,367 INFO [__main__] stage progress stage=joint step=25000/30000 train_nmse=0.208855 t2_nmse=0.209892
2026-08-05 18:08:32,091 INFO [__main__] stage progress stage=joint step=26000/30000 train_nmse=0.220448 t2_nmse=0.209215
2026-08-05 18:08:45,754 INFO [__main__] stage progress stage=joint step=27000/30000 train_nmse=0.217068 t2_nmse=0.209722
2026-08-05 18:08:59,471 INFO [__main__] stage progress stage=joint step=28000/30000 train_nmse=0.210783 t2_nmse=0.210952
2026-08-05 18:09:13,144 INFO [__main__] stage progress stage=joint step=29000/30000 train_nmse=0.213671 t2_nmse=0.211454
2026-08-05 18:09:26,856 INFO [__main__] stage progress stage=joint step=30000/30000 train_nmse=0.240161 t2_nmse=0.210984
2026-08-05 18:09:28,415 INFO [__main__] outputs saved variant=joint_neural dir=outputs/adaptation_results/ts_ifa_ridge_30k/Electricity/336_48/chronos2/instance_euclidean_3_online/ts_ifa/joint_neural
2026-08-05 18:09:28,415 INFO [__main__] experiment done seconds=416.94
2026-08-05 18:09:28,415 INFO [__main__] ========================================================================
2026-08-05T18:09:29+02:00 training done variant=joint_neural configuration=4/6
2026-08-05 18:09:31,696 INFO [__main__] extraction validation directory=outputs/extractions/Electricity/504_168/chronos2/raw_euclidean_3_online/extracted status=complete

2026-08-05T18:09:32+02:00 training start variant=joint_neural configuration=5/6 dataset=Electricity model=chronos2 lags=504 horizon=168 retrieval=raw_euclidean_3_online
2026-08-05 18:09:34,453 INFO [__main__] ========================================================================
2026-08-05 18:09:34,796 INFO [__main__] experiment start kind=ts_ifa variant=joint_neural train_epochs=30000 rooter_epochs=10000
2026-08-05 18:09:40,545 INFO [__main__] payload scale split=T1 samples=135408 std_min=0.351 std_q001=0.681835 std_q01=5.1929 std_q05=22.9299 std_q10=40.942 std_median=187.009 below_1e-8=0 below_1e-6=0 below_1e-3=0
2026-08-05 18:09:40,555 INFO [__main__] payload scale split=T2 samples=33696 std_min=0.411241 std_q001=0.67151 std_q01=4.46421 std_q05=23.9296 std_q10=42.4786 std_median=180.785 below_1e-8=0 below_1e-6=0 below_1e-3=0
2026-08-05 18:09:40,559 INFO [__main__] payload scale split=T3 samples=12480 std_min=0.508119 std_q001=1.32202 std_q01=6.47204 std_q05=20.6262 std_q10=36.5714 std_median=184.723 below_1e-8=0 below_1e-6=0 below_1e-3=0
2026-08-05 18:09:55,680 INFO [__main__] stage progress stage=joint step=1000/30000 train_nmse=0.284804 t2_nmse=0.242054
2026-08-05 18:10:10,070 INFO [__main__] stage progress stage=joint step=2000/30000 train_nmse=0.291518 t2_nmse=0.239505
2026-08-05 18:10:24,801 INFO [__main__] stage progress stage=joint step=3000/30000 train_nmse=0.258135 t2_nmse=0.238320
2026-08-05 18:10:39,684 INFO [__main__] stage progress stage=joint step=4000/30000 train_nmse=0.290980 t2_nmse=0.238176
2026-08-05 18:10:54,514 INFO [__main__] stage progress stage=joint step=5000/30000 train_nmse=0.268872 t2_nmse=0.238731
2026-08-05 18:11:09,061 INFO [__main__] stage progress stage=joint step=6000/30000 train_nmse=0.262458 t2_nmse=0.240700
2026-08-05 18:11:23,413 INFO [__main__] stage progress stage=joint step=7000/30000 train_nmse=0.278753 t2_nmse=0.240957
2026-08-05 18:11:37,738 INFO [__main__] stage progress stage=joint step=8000/30000 train_nmse=0.256039 t2_nmse=0.242170
2026-08-05 18:11:52,257 INFO [__main__] stage progress stage=joint step=9000/30000 train_nmse=0.248927 t2_nmse=0.242451
2026-08-05 18:12:06,727 INFO [__main__] stage progress stage=joint step=10000/30000 train_nmse=0.240684 t2_nmse=0.243875
2026-08-05 18:12:21,125 INFO [__main__] stage progress stage=joint step=11000/30000 train_nmse=0.254866 t2_nmse=0.243941
2026-08-05 18:12:35,355 INFO [__main__] stage progress stage=joint step=12000/30000 train_nmse=0.256582 t2_nmse=0.245222
2026-08-05 18:12:49,775 INFO [__main__] stage progress stage=joint step=13000/30000 train_nmse=0.225928 t2_nmse=0.246162
2026-08-05 18:13:04,246 INFO [__main__] stage progress stage=joint step=14000/30000 train_nmse=0.233314 t2_nmse=0.246863
2026-08-05 18:13:18,680 INFO [__main__] stage progress stage=joint step=15000/30000 train_nmse=0.226528 t2_nmse=0.248097
2026-08-05 18:13:32,972 INFO [__main__] stage progress stage=joint step=16000/30000 train_nmse=0.256109 t2_nmse=0.247075
2026-08-05 18:13:47,338 INFO [__main__] stage progress stage=joint step=17000/30000 train_nmse=0.219197 t2_nmse=0.247562
2026-08-05 18:14:01,653 INFO [__main__] stage progress stage=joint step=18000/30000 train_nmse=0.226201 t2_nmse=0.247917
2026-08-05 18:14:16,027 INFO [__main__] stage progress stage=joint step=19000/30000 train_nmse=0.229289 t2_nmse=0.251042
2026-08-05 18:14:30,341 INFO [__main__] stage progress stage=joint step=20000/30000 train_nmse=0.241091 t2_nmse=0.247779
2026-08-05 18:14:44,702 INFO [__main__] stage progress stage=joint step=21000/30000 train_nmse=0.232425 t2_nmse=0.250140
2026-08-05 18:14:58,999 INFO [__main__] stage progress stage=joint step=22000/30000 train_nmse=0.217731 t2_nmse=0.249312
2026-08-05 18:15:13,317 INFO [__main__] stage progress stage=joint step=23000/30000 train_nmse=0.245574 t2_nmse=0.252443
2026-08-05 18:15:27,610 INFO [__main__] stage progress stage=joint step=24000/30000 train_nmse=0.223666 t2_nmse=0.249600
2026-08-05 18:15:41,978 INFO [__main__] stage progress stage=joint step=25000/30000 train_nmse=0.230732 t2_nmse=0.251959
2026-08-05 18:15:56,275 INFO [__main__] stage progress stage=joint step=26000/30000 train_nmse=0.214318 t2_nmse=0.252269
2026-08-05 18:16:10,606 INFO [__main__] stage progress stage=joint step=27000/30000 train_nmse=0.215592 t2_nmse=0.251404
2026-08-05 18:16:24,919 INFO [__main__] stage progress stage=joint step=28000/30000 train_nmse=0.235283 t2_nmse=0.252446
2026-08-05 18:16:39,166 INFO [__main__] stage progress stage=joint step=29000/30000 train_nmse=0.228120 t2_nmse=0.253760
2026-08-05 18:16:53,317 INFO [__main__] stage progress stage=joint step=30000/30000 train_nmse=0.215749 t2_nmse=0.255123
2026-08-05 18:16:55,331 INFO [__main__] outputs saved variant=joint_neural dir=outputs/adaptation_results/ts_ifa_ridge_30k/Electricity/504_168/chronos2/raw_euclidean_3_online/ts_ifa/joint_neural
2026-08-05 18:16:55,331 INFO [__main__] experiment done seconds=440.88
2026-08-05 18:16:55,331 INFO [__main__] ========================================================================
2026-08-05T18:16:56+02:00 training done variant=joint_neural configuration=5/6
2026-08-05 18:16:59,113 INFO [__main__] extraction validation directory=outputs/extractions/Electricity/504_168/chronos2/instance_euclidean_3_online/extracted status=complete

2026-08-05T18:16:59+02:00 training start variant=joint_neural configuration=6/6 dataset=Electricity model=chronos2 lags=504 horizon=168 retrieval=instance_euclidean_3_online
2026-08-05 18:17:02,077 INFO [__main__] ========================================================================
2026-08-05 18:17:02,455 INFO [__main__] experiment start kind=ts_ifa variant=joint_neural train_epochs=30000 rooter_epochs=10000
2026-08-05 18:17:08,076 INFO [__main__] payload scale split=T1 samples=135408 std_min=0.351 std_q001=0.681835 std_q01=5.1929 std_q05=22.9299 std_q10=40.942 std_median=187.009 below_1e-8=0 below_1e-6=0 below_1e-3=0
2026-08-05 18:17:08,086 INFO [__main__] payload scale split=T2 samples=33696 std_min=0.411241 std_q001=0.67151 std_q01=4.46421 std_q05=23.9296 std_q10=42.4786 std_median=180.785 below_1e-8=0 below_1e-6=0 below_1e-3=0
2026-08-05 18:17:08,089 INFO [__main__] payload scale split=T3 samples=12480 std_min=0.508119 std_q001=1.32202 std_q01=6.47204 std_q05=20.6262 std_q10=36.5714 std_median=184.723 below_1e-8=0 below_1e-6=0 below_1e-3=0
2026-08-05 18:17:24,411 INFO [__main__] stage progress stage=joint step=1000/30000 train_nmse=0.284655 t2_nmse=0.241247
2026-08-05 18:17:39,665 INFO [__main__] stage progress stage=joint step=2000/30000 train_nmse=0.291110 t2_nmse=0.239139
2026-08-05 18:17:54,438 INFO [__main__] stage progress stage=joint step=3000/30000 train_nmse=0.258027 t2_nmse=0.238457
2026-08-05 18:18:08,977 INFO [__main__] stage progress stage=joint step=4000/30000 train_nmse=0.290683 t2_nmse=0.238702
2026-08-05 18:18:23,491 INFO [__main__] stage progress stage=joint step=5000/30000 train_nmse=0.268929 t2_nmse=0.239295
2026-08-05 18:18:38,022 INFO [__main__] stage progress stage=joint step=6000/30000 train_nmse=0.262977 t2_nmse=0.240995
2026-08-05 18:18:52,557 INFO [__main__] stage progress stage=joint step=7000/30000 train_nmse=0.279681 t2_nmse=0.240703
2026-08-05 18:19:07,074 INFO [__main__] stage progress stage=joint step=8000/30000 train_nmse=0.257658 t2_nmse=0.240916
2026-08-05 18:19:21,598 INFO [__main__] stage progress stage=joint step=9000/30000 train_nmse=0.252206 t2_nmse=0.241794
2026-08-05 18:19:36,138 INFO [__main__] stage progress stage=joint step=10000/30000 train_nmse=0.243109 t2_nmse=0.243017
2026-08-05 18:19:51,165 INFO [__main__] stage progress stage=joint step=11000/30000 train_nmse=0.258852 t2_nmse=0.243178
2026-08-05 18:20:06,080 INFO [__main__] stage progress stage=joint step=12000/30000 train_nmse=0.260536 t2_nmse=0.244733
2026-08-05 18:20:20,871 INFO [__main__] stage progress stage=joint step=13000/30000 train_nmse=0.229820 t2_nmse=0.245257
2026-08-05 18:20:35,492 INFO [__main__] stage progress stage=joint step=14000/30000 train_nmse=0.236705 t2_nmse=0.247277
2026-08-05 18:20:50,348 INFO [__main__] stage progress stage=joint step=15000/30000 train_nmse=0.229794 t2_nmse=0.249157
2026-08-05 18:21:04,846 INFO [__main__] stage progress stage=joint step=16000/30000 train_nmse=0.260627 t2_nmse=0.248201
2026-08-05 18:21:19,389 INFO [__main__] stage progress stage=joint step=17000/30000 train_nmse=0.222868 t2_nmse=0.247771
2026-08-05 18:21:33,791 INFO [__main__] stage progress stage=joint step=18000/30000 train_nmse=0.229324 t2_nmse=0.247726
2026-08-05 18:21:48,242 INFO [__main__] stage progress stage=joint step=19000/30000 train_nmse=0.233125 t2_nmse=0.250025
2026-08-05 18:22:02,655 INFO [__main__] stage progress stage=joint step=20000/30000 train_nmse=0.245041 t2_nmse=0.249722
2026-08-05 18:22:17,483 INFO [__main__] stage progress stage=joint step=21000/30000 train_nmse=0.234444 t2_nmse=0.250615
2026-08-05 18:22:32,016 INFO [__main__] stage progress stage=joint step=22000/30000 train_nmse=0.219739 t2_nmse=0.252260
2026-08-05 18:22:46,814 INFO [__main__] stage progress stage=joint step=23000/30000 train_nmse=0.249368 t2_nmse=0.255983
2026-08-05 18:23:01,302 INFO [__main__] stage progress stage=joint step=24000/30000 train_nmse=0.226528 t2_nmse=0.255384
2026-08-05 18:23:15,813 INFO [__main__] stage progress stage=joint step=25000/30000 train_nmse=0.234716 t2_nmse=0.255604
2026-08-05 18:23:30,237 INFO [__main__] stage progress stage=joint step=26000/30000 train_nmse=0.217830 t2_nmse=0.255357
2026-08-05 18:23:44,704 INFO [__main__] stage progress stage=joint step=27000/30000 train_nmse=0.219464 t2_nmse=0.255672
2026-08-05 18:23:59,094 INFO [__main__] stage progress stage=joint step=28000/30000 train_nmse=0.240476 t2_nmse=0.255487
2026-08-05 18:24:13,607 INFO [__main__] stage progress stage=joint step=29000/30000 train_nmse=0.232494 t2_nmse=0.257035
2026-08-05 18:24:28,069 INFO [__main__] stage progress stage=joint step=30000/30000 train_nmse=0.220539 t2_nmse=0.256342
2026-08-05 18:24:30,200 INFO [__main__] outputs saved variant=joint_neural dir=outputs/adaptation_results/ts_ifa_ridge_30k/Electricity/504_168/chronos2/instance_euclidean_3_online/ts_ifa/joint_neural
2026-08-05 18:24:30,200 INFO [__main__] experiment done seconds=448.12
2026-08-05 18:24:30,200 INFO [__main__] ========================================================================
2026-08-05T18:24:31+02:00 training done variant=joint_neural configuration=6/6

2026-08-05T18:24:31+02:00 job done kind=ts_ifa_training variant=joint_neural output=outputs/adaptation_results/ts_ifa_ridge_30k
