
2026-08-02T18:32:20+02:00 job start kind=ts_ifa_training experiment_mode=test skip_complete=false tasks=1 datasets=Electricity models=chronos2 settings=504:168 distance_spaces=raw distance_metrics=euclidean neighbors=3 results_root=outputs/adaptation_results/test
2026-08-02 18:32:23,048 INFO [__main__] extraction validation directory=outputs/extractions/Electricity/504_168/chronos2/raw_euclidean_3_online/extracted status=complete

2026-08-02T18:32:23+02:00 training start configuration=1/1 dataset=Electricity model=chronos2 lags=504 horizon=168 retrieval=raw_euclidean_3_online validation_fraction=0.2 branch_epochs=2 rooter_epochs=2 batch_size=256 branch_lr=0.00001 rooter_lr=0.00001 weight_decay=0.0001 vanilla_anchor=0.01 coefficient_l2=0.01 horizon_smoothness=0.01 ridge_rooter_alpha=0.01 dropout=0.0 attention_heads=4 attention_dim=32 hidden_dim=128 transformed_expert=false learnable_transformed_covariate=false transformed_hidden_dim=128 vanilla_anchoring_init=true seed=1
2026-08-02 18:32:26,115 INFO [__main__] ========================================================================
2026-08-02 18:32:26,362 INFO [__main__] experiment start kind=ts_ifa_train input=outputs/extractions/Electricity/504_168/chronos2/raw_euclidean_3_online/extracted branch_epochs=2 rooter_epochs=2 batch_size=256
2026-08-02 18:32:30,055 INFO [__main__] payload load done t1_samples=32 t2_samples=32 t3_samples=6240
2026-08-02 18:32:30,057 INFO [__main__] payload scale split=T1 samples=32 std_min=1.50754 std_q001=1.55268 std_q01=1.95891 std_q05=6.04285 std_q10=14.1329 std_median=81.9687 below_1e-8=0 below_1e-6=0 below_1e-3=0
2026-08-02 18:32:30,057 INFO [__main__] payload scale split=T2 samples=32 std_min=1.1749 std_q001=1.28316 std_q01=2.2575 std_q05=8.19271 std_q10=15.1853 std_median=87.5559 below_1e-8=0 below_1e-6=0 below_1e-3=0
2026-08-02 18:32:30,059 INFO [__main__] payload scale split=T3 samples=6240 std_min=0.522813 std_q001=1.32202 std_q01=6.49239 std_q05=20.6298 std_q10=36.2918 std_median=184.592 below_1e-8=0 below_1e-6=0 below_1e-3=0
2026-08-02 18:32:30,266 INFO [__main__] model ready name=TS-IFA device=cuda parameters_total=1,480,896 branches=972,488 neural_rooter=508,408 ridge_rooter=672
2026-08-02 18:32:30,267 INFO [__main__] stage start stage=branches epochs=2 total_steps=2 valid_eval_freq=1 logging_eval_freq=1
2026-08-02 18:32:30,583 INFO [__main__] stage progress stage=branches step=1/2 train_interval_loss=1.792665 t2_focus_nmse=0.255280
2026-08-02 18:32:30,601 INFO [__main__] stage progress stage=branches step=2/2 train_interval_loss=1.753717 t2_focus_nmse=0.255264
2026-08-02 18:32:30,618 INFO [__main__] ridge rooter fit start split=T2 alpha=0.01
2026-08-02 18:32:30,632 INFO [__main__] stage start stage=rooter epochs=2 total_steps=2 valid_eval_freq=1 logging_eval_freq=1
2026-08-02 18:32:30,656 INFO [__main__] stage progress stage=rooter step=1/2 train_interval_loss=0.290537 t2_focus_nmse=0.255121
2026-08-02 18:32:30,671 INFO [__main__] stage progress stage=rooter step=2/2 train_interval_loss=0.204932 t2_focus_nmse=0.254954
2026-08-02 18:32:30,672 INFO [__main__] training done seconds=0.41
2026-08-02 18:32:30,673 INFO [__main__] evaluation start split=T3
2026-08-02 18:32:31,092 INFO [__main__] evaluation done neural_nmse=0.242248 ridge_nmse=0.285230 residual_nmse=0.242249 memory_nmse=0.242168 transformed_nmse=disabled
2026-08-02 18:32:32,213 INFO [__main__] outputs saved dir=outputs/adaptation_results/test/Electricity/504_168/chronos2/raw_euclidean_3_online/ts_ifa/TS-IFA
2026-08-02 18:32:32,213 INFO [__main__] experiment done seconds=6.10
2026-08-02 18:32:32,213 INFO [__main__] ========================================================================
2026-08-02T18:32:32+02:00 training done configuration=1/1 dataset=Electricity model=chronos2 lags=504 horizon=168 retrieval=raw_euclidean_3_online

2026-08-02T18:32:32+02:00 job done kind=ts_ifa_training output=outputs/adaptation_results/test
