
2026-08-05T17:41:51+02:00 job start kind=ts_ifa_training variant=joint_neural experiment_mode=full skip_complete=true tasks=6
2026-08-05 17:41:53,796 INFO [__main__] extraction validation directory=outputs/extractions/Electricity/168_24/chronos2/raw_euclidean_3_online/extracted status=complete

2026-08-05T17:41:54+02:00 training start variant=joint_neural configuration=1/6 dataset=Electricity model=chronos2 lags=168 horizon=24 retrieval=raw_euclidean_3_online
2026-08-05 17:41:56,694 INFO [__main__] ========================================================================
2026-08-05 17:41:57,073 INFO [__main__] experiment start kind=ts_ifa variant=joint_neural train_epochs=30000 rooter_epochs=10000
2026-08-05 17:42:00,138 INFO [__main__] payload scale split=T1 samples=136656 std_min=0.28843 std_q001=0.485621 std_q01=4.08462 std_q05=21.4344 std_q10=39.7766 std_median=184.362 below_1e-8=0 below_1e-6=0 below_1e-3=0
2026-08-05 17:42:00,145 INFO [__main__] payload scale split=T2 samples=34320 std_min=0.306533 std_q001=0.471405 std_q01=4.28871 std_q05=22.1471 std_q10=39.1245 std_median=177.6 below_1e-8=0 below_1e-6=0 below_1e-3=0
2026-08-05 17:42:00,148 INFO [__main__] payload scale split=T3 samples=12792 std_min=0.361678 std_q001=0.630142 std_q01=5.04926 std_q05=20.1042 std_q10=36.0183 std_median=181.613 below_1e-8=0 below_1e-6=0 below_1e-3=0
2026-08-05 17:42:14,300 INFO [__main__] stage progress stage=joint step=1000/30000 train_nmse=0.310262 t2_nmse=0.286148
2026-08-05 17:42:27,851 INFO [__main__] stage progress stage=joint step=2000/30000 train_nmse=0.335013 t2_nmse=0.284228
2026-08-05 17:42:41,308 INFO [__main__] stage progress stage=joint step=3000/30000 train_nmse=0.294399 t2_nmse=0.283503
2026-08-05 17:42:54,941 INFO [__main__] stage progress stage=joint step=4000/30000 train_nmse=0.283161 t2_nmse=0.282730
2026-08-05 17:43:08,459 INFO [__main__] stage progress stage=joint step=5000/30000 train_nmse=0.396692 t2_nmse=0.281897
2026-08-05 17:43:21,824 INFO [__main__] stage progress stage=joint step=6000/30000 train_nmse=0.253527 t2_nmse=0.281133
2026-08-05 17:43:35,171 INFO [__main__] stage progress stage=joint step=7000/30000 train_nmse=0.289830 t2_nmse=0.280307
2026-08-05 17:43:48,585 INFO [__main__] stage progress stage=joint step=8000/30000 train_nmse=0.254718 t2_nmse=0.279899
2026-08-05 17:44:01,922 INFO [__main__] stage progress stage=joint step=9000/30000 train_nmse=0.306031 t2_nmse=0.279500
2026-08-05 17:44:15,314 INFO [__main__] stage progress stage=joint step=10000/30000 train_nmse=0.309683 t2_nmse=0.279096
2026-08-05 17:44:28,623 INFO [__main__] stage progress stage=joint step=11000/30000 train_nmse=0.272596 t2_nmse=0.278873
2026-08-05 17:44:41,768 INFO [__main__] stage progress stage=joint step=12000/30000 train_nmse=0.295792 t2_nmse=0.278940
2026-08-05 17:44:55,270 INFO [__main__] stage progress stage=joint step=13000/30000 train_nmse=0.262833 t2_nmse=0.279091
2026-08-05 17:45:08,765 INFO [__main__] stage progress stage=joint step=14000/30000 train_nmse=0.298227 t2_nmse=0.278718
2026-08-05 17:45:22,193 INFO [__main__] stage progress stage=joint step=15000/30000 train_nmse=0.305382 t2_nmse=0.278631
2026-08-05 17:45:35,519 INFO [__main__] stage progress stage=joint step=16000/30000 train_nmse=0.275604 t2_nmse=0.279270
2026-08-05 17:45:48,844 INFO [__main__] stage progress stage=joint step=17000/30000 train_nmse=0.273259 t2_nmse=0.279406
2026-08-05 17:46:02,358 INFO [__main__] stage progress stage=joint step=18000/30000 train_nmse=0.283067 t2_nmse=0.279880
2026-08-05 17:46:15,836 INFO [__main__] stage progress stage=joint step=19000/30000 train_nmse=0.260376 t2_nmse=0.279718
2026-08-05 17:46:29,402 INFO [__main__] stage progress stage=joint step=20000/30000 train_nmse=0.248898 t2_nmse=0.279214
2026-08-05 17:46:42,624 INFO [__main__] stage progress stage=joint step=21000/30000 train_nmse=0.269580 t2_nmse=0.280491
2026-08-05 17:46:55,883 INFO [__main__] stage progress stage=joint step=22000/30000 train_nmse=0.245733 t2_nmse=0.280158
2026-08-05 17:47:09,233 INFO [__main__] stage progress stage=joint step=23000/30000 train_nmse=0.223827 t2_nmse=0.280463
2026-08-05 17:47:22,674 INFO [__main__] stage progress stage=joint step=24000/30000 train_nmse=0.242192 t2_nmse=0.280809
2026-08-05 17:47:36,068 INFO [__main__] stage progress stage=joint step=25000/30000 train_nmse=0.257833 t2_nmse=0.280833
2026-08-05 17:47:49,526 INFO [__main__] stage progress stage=joint step=26000/30000 train_nmse=0.232056 t2_nmse=0.280606
2026-08-05 17:48:02,870 INFO [__main__] stage progress stage=joint step=27000/30000 train_nmse=0.244250 t2_nmse=0.280969
2026-08-05 17:48:16,266 INFO [__main__] stage progress stage=joint step=28000/30000 train_nmse=0.221465 t2_nmse=0.281511
2026-08-05 17:48:29,691 INFO [__main__] stage progress stage=joint step=29000/30000 train_nmse=0.243352 t2_nmse=0.281480
2026-08-05 17:48:43,126 INFO [__main__] stage progress stage=joint step=30000/30000 train_nmse=0.257531 t2_nmse=0.282787
2026-08-05 17:48:44,567 INFO [__main__] outputs saved variant=joint_neural dir=outputs/adaptation_results/ts_ifa_ridge_inst_30k/Electricity/168_24/chronos2/raw_euclidean_3_online/ts_ifa/joint_neural
2026-08-05 17:48:44,567 INFO [__main__] experiment done seconds=407.87
2026-08-05 17:48:44,567 INFO [__main__] ========================================================================
2026-08-05T17:48:45+02:00 training done variant=joint_neural configuration=1/6
2026-08-05 17:48:47,235 INFO [__main__] extraction validation directory=outputs/extractions/Electricity/168_24/chronos2/instance_euclidean_3_online/extracted status=complete

2026-08-05T17:48:47+02:00 training start variant=joint_neural configuration=2/6 dataset=Electricity model=chronos2 lags=168 horizon=24 retrieval=instance_euclidean_3_online
2026-08-05 17:48:50,192 INFO [__main__] ========================================================================
2026-08-05 17:48:50,539 INFO [__main__] experiment start kind=ts_ifa variant=joint_neural train_epochs=30000 rooter_epochs=10000
2026-08-05 17:48:53,348 INFO [__main__] payload scale split=T1 samples=136656 std_min=0.28843 std_q001=0.485621 std_q01=4.08462 std_q05=21.4344 std_q10=39.7766 std_median=184.362 below_1e-8=0 below_1e-6=0 below_1e-3=0
2026-08-05 17:48:53,355 INFO [__main__] payload scale split=T2 samples=34320 std_min=0.306533 std_q001=0.471405 std_q01=4.28871 std_q05=22.1471 std_q10=39.1245 std_median=177.6 below_1e-8=0 below_1e-6=0 below_1e-3=0
2026-08-05 17:48:53,358 INFO [__main__] payload scale split=T3 samples=12792 std_min=0.361678 std_q001=0.630142 std_q01=5.04926 std_q05=20.1042 std_q10=36.0183 std_median=181.613 below_1e-8=0 below_1e-6=0 below_1e-3=0
2026-08-05 17:49:07,300 INFO [__main__] stage progress stage=joint step=1000/30000 train_nmse=0.310261 t2_nmse=0.284684
2026-08-05 17:49:20,773 INFO [__main__] stage progress stage=joint step=2000/30000 train_nmse=0.334542 t2_nmse=0.282848
2026-08-05 17:49:34,195 INFO [__main__] stage progress stage=joint step=3000/30000 train_nmse=0.294197 t2_nmse=0.282049
2026-08-05 17:49:47,636 INFO [__main__] stage progress stage=joint step=4000/30000 train_nmse=0.282194 t2_nmse=0.281297
2026-08-05 17:50:01,009 INFO [__main__] stage progress stage=joint step=5000/30000 train_nmse=0.395104 t2_nmse=0.280433
2026-08-05 17:50:14,465 INFO [__main__] stage progress stage=joint step=6000/30000 train_nmse=0.252492 t2_nmse=0.279757
2026-08-05 17:50:27,758 INFO [__main__] stage progress stage=joint step=7000/30000 train_nmse=0.290002 t2_nmse=0.278959
2026-08-05 17:50:41,136 INFO [__main__] stage progress stage=joint step=8000/30000 train_nmse=0.253428 t2_nmse=0.278814
2026-08-05 17:50:54,344 INFO [__main__] stage progress stage=joint step=9000/30000 train_nmse=0.305011 t2_nmse=0.278154
2026-08-05 17:51:07,563 INFO [__main__] stage progress stage=joint step=10000/30000 train_nmse=0.309856 t2_nmse=0.278440
2026-08-05 17:51:20,781 INFO [__main__] stage progress stage=joint step=11000/30000 train_nmse=0.271939 t2_nmse=0.278165
2026-08-05 17:51:34,116 INFO [__main__] stage progress stage=joint step=12000/30000 train_nmse=0.295815 t2_nmse=0.277907
2026-08-05 17:51:47,445 INFO [__main__] stage progress stage=joint step=13000/30000 train_nmse=0.263520 t2_nmse=0.278286
2026-08-05 17:52:00,770 INFO [__main__] stage progress stage=joint step=14000/30000 train_nmse=0.297337 t2_nmse=0.277153
2026-08-05 17:52:14,011 INFO [__main__] stage progress stage=joint step=15000/30000 train_nmse=0.304591 t2_nmse=0.277547
2026-08-05 17:52:27,391 INFO [__main__] stage progress stage=joint step=16000/30000 train_nmse=0.276555 t2_nmse=0.278717
2026-08-05 17:52:40,708 INFO [__main__] stage progress stage=joint step=17000/30000 train_nmse=0.275632 t2_nmse=0.278733
2026-08-05 17:52:53,966 INFO [__main__] stage progress stage=joint step=18000/30000 train_nmse=0.284861 t2_nmse=0.278982
2026-08-05 17:53:07,254 INFO [__main__] stage progress stage=joint step=19000/30000 train_nmse=0.266656 t2_nmse=0.279008
2026-08-05 17:53:20,587 INFO [__main__] stage progress stage=joint step=20000/30000 train_nmse=0.247279 t2_nmse=0.278881
2026-08-05 17:53:33,799 INFO [__main__] stage progress stage=joint step=21000/30000 train_nmse=0.272706 t2_nmse=0.280350
2026-08-05 17:53:47,016 INFO [__main__] stage progress stage=joint step=22000/30000 train_nmse=0.249209 t2_nmse=0.280012
2026-08-05 17:54:00,295 INFO [__main__] stage progress stage=joint step=23000/30000 train_nmse=0.228075 t2_nmse=0.281075
2026-08-05 17:54:13,672 INFO [__main__] stage progress stage=joint step=24000/30000 train_nmse=0.245733 t2_nmse=0.281164
2026-08-05 17:54:26,887 INFO [__main__] stage progress stage=joint step=25000/30000 train_nmse=0.258532 t2_nmse=0.281617
2026-08-05 17:54:40,177 INFO [__main__] stage progress stage=joint step=26000/30000 train_nmse=0.238714 t2_nmse=0.280644
2026-08-05 17:54:53,376 INFO [__main__] stage progress stage=joint step=27000/30000 train_nmse=0.242136 t2_nmse=0.281441
2026-08-05 17:55:06,683 INFO [__main__] stage progress stage=joint step=28000/30000 train_nmse=0.224673 t2_nmse=0.282946
2026-08-05 17:55:20,065 INFO [__main__] stage progress stage=joint step=29000/30000 train_nmse=0.242589 t2_nmse=0.280930
2026-08-05 17:55:33,208 INFO [__main__] stage progress stage=joint step=30000/30000 train_nmse=0.257602 t2_nmse=0.282088
2026-08-05 17:55:34,555 INFO [__main__] outputs saved variant=joint_neural dir=outputs/adaptation_results/ts_ifa_ridge_inst_30k/Electricity/168_24/chronos2/instance_euclidean_3_online/ts_ifa/joint_neural
2026-08-05 17:55:34,555 INFO [__main__] experiment done seconds=404.36
2026-08-05 17:55:34,555 INFO [__main__] ========================================================================
2026-08-05T17:55:35+02:00 training done variant=joint_neural configuration=2/6
2026-08-05 17:55:37,303 INFO [__main__] extraction validation directory=outputs/extractions/Electricity/336_48/chronos2/raw_euclidean_3_online/extracted status=complete

2026-08-05T17:55:37+02:00 training start variant=joint_neural configuration=3/6 dataset=Electricity model=chronos2 lags=336 horizon=48 retrieval=raw_euclidean_3_online
2026-08-05 17:55:39,999 INFO [__main__] ========================================================================
2026-08-05 17:55:40,367 INFO [__main__] experiment start kind=ts_ifa variant=joint_neural train_epochs=30000 rooter_epochs=10000
2026-08-05 17:55:43,764 INFO [__main__] payload scale split=T1 samples=136656 std_min=0.333426 std_q001=0.604608 std_q01=4.68589 std_q05=22.2151 std_q10=40.6165 std_median=185.89 below_1e-8=0 below_1e-6=0 below_1e-3=0
2026-08-05 17:55:43,773 INFO [__main__] payload scale split=T2 samples=34008 std_min=0.375413 std_q001=0.581196 std_q01=4.58251 std_q05=23.1815 std_q10=40.6876 std_median=179.161 below_1e-8=0 below_1e-6=0 below_1e-3=0
2026-08-05 17:55:43,776 INFO [__main__] payload scale split=T3 samples=12792 std_min=0.403962 std_q001=1.32202 std_q01=6.05807 std_q05=20.6529 std_q10=36.6447 std_median=183.341 below_1e-8=0 below_1e-6=0 below_1e-3=0
2026-08-05 17:55:58,282 INFO [__main__] stage progress stage=joint step=1000/30000 train_nmse=0.303628 t2_nmse=0.203497
2026-08-05 17:56:11,996 INFO [__main__] stage progress stage=joint step=2000/30000 train_nmse=0.295824 t2_nmse=0.202466
2026-08-05 17:56:25,714 INFO [__main__] stage progress stage=joint step=3000/30000 train_nmse=0.294217 t2_nmse=0.201549
2026-08-05 17:56:39,416 INFO [__main__] stage progress stage=joint step=4000/30000 train_nmse=0.344187 t2_nmse=0.200961
2026-08-05 17:56:53,063 INFO [__main__] stage progress stage=joint step=5000/30000 train_nmse=0.371271 t2_nmse=0.200583
2026-08-05 17:57:06,790 INFO [__main__] stage progress stage=joint step=6000/30000 train_nmse=0.310197 t2_nmse=0.200695
2026-08-05 17:57:20,460 INFO [__main__] stage progress stage=joint step=7000/30000 train_nmse=0.286286 t2_nmse=0.200880
2026-08-05 17:57:34,162 INFO [__main__] stage progress stage=joint step=8000/30000 train_nmse=0.291652 t2_nmse=0.200658
2026-08-05 17:57:47,824 INFO [__main__] stage progress stage=joint step=9000/30000 train_nmse=0.330692 t2_nmse=0.201750
2026-08-05 17:58:01,533 INFO [__main__] stage progress stage=joint step=10000/30000 train_nmse=0.268670 t2_nmse=0.202129
2026-08-05 17:58:15,292 INFO [__main__] stage progress stage=joint step=11000/30000 train_nmse=0.241126 t2_nmse=0.202607
2026-08-05 17:58:28,961 INFO [__main__] stage progress stage=joint step=12000/30000 train_nmse=0.274255 t2_nmse=0.203172
2026-08-05 17:58:42,696 INFO [__main__] stage progress stage=joint step=13000/30000 train_nmse=0.269620 t2_nmse=0.203924
2026-08-05 17:58:56,371 INFO [__main__] stage progress stage=joint step=14000/30000 train_nmse=0.234638 t2_nmse=0.204409
2026-08-05 17:59:10,131 INFO [__main__] stage progress stage=joint step=15000/30000 train_nmse=0.294658 t2_nmse=0.204873
2026-08-05 17:59:23,851 INFO [__main__] stage progress stage=joint step=16000/30000 train_nmse=0.229176 t2_nmse=0.206070
2026-08-05 17:59:37,987 INFO [__main__] stage progress stage=joint step=17000/30000 train_nmse=0.254761 t2_nmse=0.206802
2026-08-05 17:59:51,094 INFO [__main__] stage progress stage=joint step=18000/30000 train_nmse=0.215352 t2_nmse=0.206850
2026-08-05 18:00:04,691 INFO [__main__] stage progress stage=joint step=19000/30000 train_nmse=0.217852 t2_nmse=0.207849
2026-08-05 18:00:18,237 INFO [__main__] stage progress stage=joint step=20000/30000 train_nmse=0.213417 t2_nmse=0.209675
2026-08-05 18:00:32,002 INFO [__main__] stage progress stage=joint step=21000/30000 train_nmse=0.227677 t2_nmse=0.209508
2026-08-05 18:00:45,711 INFO [__main__] stage progress stage=joint step=22000/30000 train_nmse=0.211253 t2_nmse=0.210045
2026-08-05 18:00:59,422 INFO [__main__] stage progress stage=joint step=23000/30000 train_nmse=0.218342 t2_nmse=0.210277
2026-08-05 18:01:13,107 INFO [__main__] stage progress stage=joint step=24000/30000 train_nmse=0.216347 t2_nmse=0.210756
2026-08-05 18:01:26,730 INFO [__main__] stage progress stage=joint step=25000/30000 train_nmse=0.207006 t2_nmse=0.212103
2026-08-05 18:01:40,430 INFO [__main__] stage progress stage=joint step=26000/30000 train_nmse=0.220087 t2_nmse=0.213669
2026-08-05 18:01:54,029 INFO [__main__] stage progress stage=joint step=27000/30000 train_nmse=0.214846 t2_nmse=0.212314
2026-08-05 18:02:07,707 INFO [__main__] stage progress stage=joint step=28000/30000 train_nmse=0.210412 t2_nmse=0.212820
2026-08-05 18:02:21,326 INFO [__main__] stage progress stage=joint step=29000/30000 train_nmse=0.213848 t2_nmse=0.213543
2026-08-05 18:02:34,947 INFO [__main__] stage progress stage=joint step=30000/30000 train_nmse=0.240716 t2_nmse=0.212699
2026-08-05 18:02:36,377 INFO [__main__] outputs saved variant=joint_neural dir=outputs/adaptation_results/ts_ifa_ridge_inst_30k/Electricity/336_48/chronos2/raw_euclidean_3_online/ts_ifa/joint_neural
2026-08-05 18:02:36,377 INFO [__main__] experiment done seconds=416.38
2026-08-05 18:02:36,377 INFO [__main__] ========================================================================
2026-08-05T18:02:37+02:00 training done variant=joint_neural configuration=3/6
2026-08-05 18:02:39,203 INFO [__main__] extraction validation directory=outputs/extractions/Electricity/336_48/chronos2/instance_euclidean_3_online/extracted status=complete

2026-08-05T18:02:39+02:00 training start variant=joint_neural configuration=4/6 dataset=Electricity model=chronos2 lags=336 horizon=48 retrieval=instance_euclidean_3_online
2026-08-05 18:02:41,988 INFO [__main__] ========================================================================
2026-08-05 18:02:42,340 INFO [__main__] experiment start kind=ts_ifa variant=joint_neural train_epochs=30000 rooter_epochs=10000
2026-08-05 18:02:46,359 INFO [__main__] payload scale split=T1 samples=136656 std_min=0.333426 std_q001=0.604608 std_q01=4.68589 std_q05=22.2151 std_q10=40.6165 std_median=185.89 below_1e-8=0 below_1e-6=0 below_1e-3=0
2026-08-05 18:02:46,367 INFO [__main__] payload scale split=T2 samples=34008 std_min=0.375413 std_q001=0.581196 std_q01=4.58251 std_q05=23.1815 std_q10=40.6876 std_median=179.161 below_1e-8=0 below_1e-6=0 below_1e-3=0
2026-08-05 18:02:46,370 INFO [__main__] payload scale split=T3 samples=12792 std_min=0.403962 std_q001=1.32202 std_q01=6.05807 std_q05=20.6529 std_q10=36.6447 std_median=183.341 below_1e-8=0 below_1e-6=0 below_1e-3=0
2026-08-05 18:03:01,133 INFO [__main__] stage progress stage=joint step=1000/30000 train_nmse=0.303254 t2_nmse=0.202937
2026-08-05 18:03:15,000 INFO [__main__] stage progress stage=joint step=2000/30000 train_nmse=0.295331 t2_nmse=0.201991
2026-08-05 18:03:28,804 INFO [__main__] stage progress stage=joint step=3000/30000 train_nmse=0.293383 t2_nmse=0.201236
2026-08-05 18:03:42,573 INFO [__main__] stage progress stage=joint step=4000/30000 train_nmse=0.344018 t2_nmse=0.200740
2026-08-05 18:03:56,284 INFO [__main__] stage progress stage=joint step=5000/30000 train_nmse=0.369189 t2_nmse=0.200524
2026-08-05 18:04:10,025 INFO [__main__] stage progress stage=joint step=6000/30000 train_nmse=0.311259 t2_nmse=0.200846
2026-08-05 18:04:23,702 INFO [__main__] stage progress stage=joint step=7000/30000 train_nmse=0.285191 t2_nmse=0.200937
2026-08-05 18:04:37,321 INFO [__main__] stage progress stage=joint step=8000/30000 train_nmse=0.290577 t2_nmse=0.201158
2026-08-05 18:04:50,851 INFO [__main__] stage progress stage=joint step=9000/30000 train_nmse=0.329794 t2_nmse=0.202097
2026-08-05 18:05:04,382 INFO [__main__] stage progress stage=joint step=10000/30000 train_nmse=0.270104 t2_nmse=0.202207
2026-08-05 18:05:17,856 INFO [__main__] stage progress stage=joint step=11000/30000 train_nmse=0.240563 t2_nmse=0.202464
2026-08-05 18:05:31,302 INFO [__main__] stage progress stage=joint step=12000/30000 train_nmse=0.271727 t2_nmse=0.202977
2026-08-05 18:05:44,818 INFO [__main__] stage progress stage=joint step=13000/30000 train_nmse=0.268198 t2_nmse=0.203855
2026-08-05 18:05:58,271 INFO [__main__] stage progress stage=joint step=14000/30000 train_nmse=0.231847 t2_nmse=0.203653
2026-08-05 18:06:11,798 INFO [__main__] stage progress stage=joint step=15000/30000 train_nmse=0.293174 t2_nmse=0.204286
2026-08-05 18:06:25,245 INFO [__main__] stage progress stage=joint step=16000/30000 train_nmse=0.229489 t2_nmse=0.204971
2026-08-05 18:06:38,750 INFO [__main__] stage progress stage=joint step=17000/30000 train_nmse=0.255154 t2_nmse=0.205593
2026-08-05 18:06:52,222 INFO [__main__] stage progress stage=joint step=18000/30000 train_nmse=0.216167 t2_nmse=0.205384
2026-08-05 18:07:05,719 INFO [__main__] stage progress stage=joint step=19000/30000 train_nmse=0.220427 t2_nmse=0.206192
2026-08-05 18:07:19,163 INFO [__main__] stage progress stage=joint step=20000/30000 train_nmse=0.213350 t2_nmse=0.207317
2026-08-05 18:07:32,661 INFO [__main__] stage progress stage=joint step=21000/30000 train_nmse=0.227536 t2_nmse=0.206705
2026-08-05 18:07:46,201 INFO [__main__] stage progress stage=joint step=22000/30000 train_nmse=0.214174 t2_nmse=0.207221
2026-08-05 18:07:59,605 INFO [__main__] stage progress stage=joint step=23000/30000 train_nmse=0.218853 t2_nmse=0.207746
2026-08-05 18:08:13,110 INFO [__main__] stage progress stage=joint step=24000/30000 train_nmse=0.218108 t2_nmse=0.208615
2026-08-05 18:08:26,592 INFO [__main__] stage progress stage=joint step=25000/30000 train_nmse=0.208855 t2_nmse=0.209892
2026-08-05 18:08:40,158 INFO [__main__] stage progress stage=joint step=26000/30000 train_nmse=0.220448 t2_nmse=0.209215
2026-08-05 18:08:53,618 INFO [__main__] stage progress stage=joint step=27000/30000 train_nmse=0.217068 t2_nmse=0.209722
2026-08-05 18:09:07,138 INFO [__main__] stage progress stage=joint step=28000/30000 train_nmse=0.210783 t2_nmse=0.210952
2026-08-05 18:09:20,600 INFO [__main__] stage progress stage=joint step=29000/30000 train_nmse=0.213671 t2_nmse=0.211454
2026-08-05 18:09:34,185 INFO [__main__] stage progress stage=joint step=30000/30000 train_nmse=0.240161 t2_nmse=0.210984
2026-08-05 18:09:35,592 INFO [__main__] outputs saved variant=joint_neural dir=outputs/adaptation_results/ts_ifa_ridge_inst_30k/Electricity/336_48/chronos2/instance_euclidean_3_online/ts_ifa/joint_neural
2026-08-05 18:09:35,592 INFO [__main__] experiment done seconds=413.60
2026-08-05 18:09:35,592 INFO [__main__] ========================================================================
2026-08-05T18:09:36+02:00 training done variant=joint_neural configuration=4/6
2026-08-05 18:09:38,620 INFO [__main__] extraction validation directory=outputs/extractions/Electricity/504_168/chronos2/raw_euclidean_3_online/extracted status=complete

2026-08-05T18:09:38+02:00 training start variant=joint_neural configuration=5/6 dataset=Electricity model=chronos2 lags=504 horizon=168 retrieval=raw_euclidean_3_online
2026-08-05 18:09:41,425 INFO [__main__] ========================================================================
2026-08-05 18:09:41,774 INFO [__main__] experiment start kind=ts_ifa variant=joint_neural train_epochs=30000 rooter_epochs=10000
2026-08-05 18:09:47,474 INFO [__main__] payload scale split=T1 samples=135408 std_min=0.351 std_q001=0.681835 std_q01=5.1929 std_q05=22.9299 std_q10=40.942 std_median=187.009 below_1e-8=0 below_1e-6=0 below_1e-3=0
2026-08-05 18:09:47,489 INFO [__main__] payload scale split=T2 samples=33696 std_min=0.411241 std_q001=0.67151 std_q01=4.46421 std_q05=23.9296 std_q10=42.4786 std_median=180.785 below_1e-8=0 below_1e-6=0 below_1e-3=0
2026-08-05 18:09:47,493 INFO [__main__] payload scale split=T3 samples=12480 std_min=0.508119 std_q001=1.32202 std_q01=6.47204 std_q05=20.6262 std_q10=36.5714 std_median=184.723 below_1e-8=0 below_1e-6=0 below_1e-3=0
2026-08-05 18:10:02,716 INFO [__main__] stage progress stage=joint step=1000/30000 train_nmse=0.284804 t2_nmse=0.242054
2026-08-05 18:10:17,419 INFO [__main__] stage progress stage=joint step=2000/30000 train_nmse=0.291518 t2_nmse=0.239505
2026-08-05 18:10:31,908 INFO [__main__] stage progress stage=joint step=3000/30000 train_nmse=0.258135 t2_nmse=0.238320
2026-08-05 18:10:46,714 INFO [__main__] stage progress stage=joint step=4000/30000 train_nmse=0.290980 t2_nmse=0.238176
2026-08-05 18:11:01,571 INFO [__main__] stage progress stage=joint step=5000/30000 train_nmse=0.268872 t2_nmse=0.238731
2026-08-05 18:11:16,057 INFO [__main__] stage progress stage=joint step=6000/30000 train_nmse=0.262458 t2_nmse=0.240700
2026-08-05 18:11:30,505 INFO [__main__] stage progress stage=joint step=7000/30000 train_nmse=0.278753 t2_nmse=0.240957
2026-08-05 18:11:44,805 INFO [__main__] stage progress stage=joint step=8000/30000 train_nmse=0.256039 t2_nmse=0.242170
2026-08-05 18:11:59,191 INFO [__main__] stage progress stage=joint step=9000/30000 train_nmse=0.248927 t2_nmse=0.242451
2026-08-05 18:12:13,494 INFO [__main__] stage progress stage=joint step=10000/30000 train_nmse=0.240684 t2_nmse=0.243875
2026-08-05 18:12:27,877 INFO [__main__] stage progress stage=joint step=11000/30000 train_nmse=0.254866 t2_nmse=0.243941
2026-08-05 18:12:42,178 INFO [__main__] stage progress stage=joint step=12000/30000 train_nmse=0.256582 t2_nmse=0.245222
2026-08-05 18:12:56,649 INFO [__main__] stage progress stage=joint step=13000/30000 train_nmse=0.225928 t2_nmse=0.246162
2026-08-05 18:13:11,121 INFO [__main__] stage progress stage=joint step=14000/30000 train_nmse=0.233314 t2_nmse=0.246863
2026-08-05 18:13:25,663 INFO [__main__] stage progress stage=joint step=15000/30000 train_nmse=0.226528 t2_nmse=0.248097
2026-08-05 18:13:40,122 INFO [__main__] stage progress stage=joint step=16000/30000 train_nmse=0.256109 t2_nmse=0.247075
2026-08-05 18:13:54,628 INFO [__main__] stage progress stage=joint step=17000/30000 train_nmse=0.219197 t2_nmse=0.247562
2026-08-05 18:14:09,104 INFO [__main__] stage progress stage=joint step=18000/30000 train_nmse=0.226201 t2_nmse=0.247917
2026-08-05 18:14:23,609 INFO [__main__] stage progress stage=joint step=19000/30000 train_nmse=0.229289 t2_nmse=0.251042
2026-08-05 18:14:38,089 INFO [__main__] stage progress stage=joint step=20000/30000 train_nmse=0.241091 t2_nmse=0.247779
2026-08-05 18:14:52,611 INFO [__main__] stage progress stage=joint step=21000/30000 train_nmse=0.232425 t2_nmse=0.250140
2026-08-05 18:15:07,077 INFO [__main__] stage progress stage=joint step=22000/30000 train_nmse=0.217731 t2_nmse=0.249312
2026-08-05 18:15:21,597 INFO [__main__] stage progress stage=joint step=23000/30000 train_nmse=0.245574 t2_nmse=0.252443
2026-08-05 18:15:36,054 INFO [__main__] stage progress stage=joint step=24000/30000 train_nmse=0.223666 t2_nmse=0.249600
2026-08-05 18:15:50,507 INFO [__main__] stage progress stage=joint step=25000/30000 train_nmse=0.230732 t2_nmse=0.251959
2026-08-05 18:16:04,765 INFO [__main__] stage progress stage=joint step=26000/30000 train_nmse=0.214318 t2_nmse=0.252269
2026-08-05 18:16:19,132 INFO [__main__] stage progress stage=joint step=27000/30000 train_nmse=0.215592 t2_nmse=0.251404
2026-08-05 18:16:33,425 INFO [__main__] stage progress stage=joint step=28000/30000 train_nmse=0.235283 t2_nmse=0.252446
2026-08-05 18:16:47,775 INFO [__main__] stage progress stage=joint step=29000/30000 train_nmse=0.228120 t2_nmse=0.253760
2026-08-05 18:17:02,173 INFO [__main__] stage progress stage=joint step=30000/30000 train_nmse=0.215749 t2_nmse=0.255123
2026-08-05 18:17:04,070 INFO [__main__] outputs saved variant=joint_neural dir=outputs/adaptation_results/ts_ifa_ridge_inst_30k/Electricity/504_168/chronos2/raw_euclidean_3_online/ts_ifa/joint_neural
2026-08-05 18:17:04,070 INFO [__main__] experiment done seconds=442.64
2026-08-05 18:17:04,070 INFO [__main__] ========================================================================
2026-08-05T18:17:04+02:00 training done variant=joint_neural configuration=5/6
2026-08-05 18:17:07,155 INFO [__main__] extraction validation directory=outputs/extractions/Electricity/504_168/chronos2/instance_euclidean_3_online/extracted status=complete

2026-08-05T18:17:07+02:00 training start variant=joint_neural configuration=6/6 dataset=Electricity model=chronos2 lags=504 horizon=168 retrieval=instance_euclidean_3_online
2026-08-05 18:17:09,931 INFO [__main__] ========================================================================
2026-08-05 18:17:10,269 INFO [__main__] experiment start kind=ts_ifa variant=joint_neural train_epochs=30000 rooter_epochs=10000
2026-08-05 18:17:16,586 INFO [__main__] payload scale split=T1 samples=135408 std_min=0.351 std_q001=0.681835 std_q01=5.1929 std_q05=22.9299 std_q10=40.942 std_median=187.009 below_1e-8=0 below_1e-6=0 below_1e-3=0
2026-08-05 18:17:16,601 INFO [__main__] payload scale split=T2 samples=33696 std_min=0.411241 std_q001=0.67151 std_q01=4.46421 std_q05=23.9296 std_q10=42.4786 std_median=180.785 below_1e-8=0 below_1e-6=0 below_1e-3=0
2026-08-05 18:17:16,605 INFO [__main__] payload scale split=T3 samples=12480 std_min=0.508119 std_q001=1.32202 std_q01=6.47204 std_q05=20.6262 std_q10=36.5714 std_median=184.723 below_1e-8=0 below_1e-6=0 below_1e-3=0
2026-08-05 18:17:31,836 INFO [__main__] stage progress stage=joint step=1000/30000 train_nmse=0.284655 t2_nmse=0.241247
2026-08-05 18:17:46,471 INFO [__main__] stage progress stage=joint step=2000/30000 train_nmse=0.291110 t2_nmse=0.239139
2026-08-05 18:18:01,131 INFO [__main__] stage progress stage=joint step=3000/30000 train_nmse=0.258027 t2_nmse=0.238457
2026-08-05 18:18:15,610 INFO [__main__] stage progress stage=joint step=4000/30000 train_nmse=0.290683 t2_nmse=0.238702
2026-08-05 18:18:30,155 INFO [__main__] stage progress stage=joint step=5000/30000 train_nmse=0.268929 t2_nmse=0.239295
2026-08-05 18:18:44,743 INFO [__main__] stage progress stage=joint step=6000/30000 train_nmse=0.262977 t2_nmse=0.240995
2026-08-05 18:18:59,384 INFO [__main__] stage progress stage=joint step=7000/30000 train_nmse=0.279681 t2_nmse=0.240703
2026-08-05 18:19:13,885 INFO [__main__] stage progress stage=joint step=8000/30000 train_nmse=0.257658 t2_nmse=0.240916
2026-08-05 18:19:28,541 INFO [__main__] stage progress stage=joint step=9000/30000 train_nmse=0.252206 t2_nmse=0.241794
2026-08-05 18:19:43,000 INFO [__main__] stage progress stage=joint step=10000/30000 train_nmse=0.243109 t2_nmse=0.243017
2026-08-05 18:19:57,402 INFO [__main__] stage progress stage=joint step=11000/30000 train_nmse=0.258852 t2_nmse=0.243178
2026-08-05 18:20:11,564 INFO [__main__] stage progress stage=joint step=12000/30000 train_nmse=0.260536 t2_nmse=0.244733
2026-08-05 18:20:25,681 INFO [__main__] stage progress stage=joint step=13000/30000 train_nmse=0.229820 t2_nmse=0.245257
2026-08-05 18:20:39,865 INFO [__main__] stage progress stage=joint step=14000/30000 train_nmse=0.236705 t2_nmse=0.247277
2026-08-05 18:20:54,124 INFO [__main__] stage progress stage=joint step=15000/30000 train_nmse=0.229794 t2_nmse=0.249157
2026-08-05 18:21:08,259 INFO [__main__] stage progress stage=joint step=16000/30000 train_nmse=0.260627 t2_nmse=0.248201
2026-08-05 18:21:22,548 INFO [__main__] stage progress stage=joint step=17000/30000 train_nmse=0.222868 t2_nmse=0.247771
2026-08-05 18:21:36,924 INFO [__main__] stage progress stage=joint step=18000/30000 train_nmse=0.229324 t2_nmse=0.247726
2026-08-05 18:21:51,020 INFO [__main__] stage progress stage=joint step=19000/30000 train_nmse=0.233125 t2_nmse=0.250025
2026-08-05 18:22:05,154 INFO [__main__] stage progress stage=joint step=20000/30000 train_nmse=0.245041 t2_nmse=0.249722
2026-08-05 18:22:19,365 INFO [__main__] stage progress stage=joint step=21000/30000 train_nmse=0.234444 t2_nmse=0.250615
2026-08-05 18:22:33,392 INFO [__main__] stage progress stage=joint step=22000/30000 train_nmse=0.219739 t2_nmse=0.252260
2026-08-05 18:22:47,505 INFO [__main__] stage progress stage=joint step=23000/30000 train_nmse=0.249368 t2_nmse=0.255983
2026-08-05 18:23:01,599 INFO [__main__] stage progress stage=joint step=24000/30000 train_nmse=0.226528 t2_nmse=0.255384
2026-08-05 18:23:15,716 INFO [__main__] stage progress stage=joint step=25000/30000 train_nmse=0.234716 t2_nmse=0.255604
2026-08-05 18:23:29,858 INFO [__main__] stage progress stage=joint step=26000/30000 train_nmse=0.217830 t2_nmse=0.255357
2026-08-05 18:23:44,312 INFO [__main__] stage progress stage=joint step=27000/30000 train_nmse=0.219464 t2_nmse=0.255672
2026-08-05 18:23:58,724 INFO [__main__] stage progress stage=joint step=28000/30000 train_nmse=0.240476 t2_nmse=0.255487
2026-08-05 18:24:13,264 INFO [__main__] stage progress stage=joint step=29000/30000 train_nmse=0.232494 t2_nmse=0.257035
2026-08-05 18:24:27,726 INFO [__main__] stage progress stage=joint step=30000/30000 train_nmse=0.220539 t2_nmse=0.256342
2026-08-05 18:24:30,121 INFO [__main__] outputs saved variant=joint_neural dir=outputs/adaptation_results/ts_ifa_ridge_inst_30k/Electricity/504_168/chronos2/instance_euclidean_3_online/ts_ifa/joint_neural
2026-08-05 18:24:30,121 INFO [__main__] experiment done seconds=440.19
2026-08-05 18:24:30,121 INFO [__main__] ========================================================================
2026-08-05T18:24:30+02:00 training done variant=joint_neural configuration=6/6

2026-08-05T18:24:30+02:00 job done kind=ts_ifa_training variant=joint_neural output=outputs/adaptation_results/ts_ifa_ridge_inst_30k
