
2026-08-03T14:22:15+02:00 job start kind=ts_ifa_training experiment_mode=full skip_complete=true tasks=3 datasets=Electricity models=chronos2 settings=168:24,336:48,504:168 distance_spaces=raw distance_metrics=euclidean neighbors=3 results_root=outputs/adaptation_results/full
2026-08-03 14:22:18,060 INFO [__main__] extraction validation directory=outputs/extractions/Electricity/168_24/chronos2/raw_euclidean_3_online/extracted status=complete

2026-08-03T14:22:18+02:00 training start configuration=1/3 dataset=Electricity model=chronos2 lags=168 horizon=24 retrieval=raw_euclidean_3_online validation_fraction=0.2 branch_epochs=10000 rooter_epochs=10000 batch_size=256 branch_lr=0.00001 rooter_lr=0.00001 weight_decay=0.0001 vanilla_anchor=0.01 coefficient_l2=0.01 horizon_smoothness=0.01 ridge_rooter_alpha=0.01 dropout=0.0 attention_heads=4 attention_dim=32 hidden_dim=128 transformed_expert=false learnable_transformed_covariate=false transformed_hidden_dim=128 vanilla_anchoring_init=true seed=1
2026-08-03 14:22:21,187 INFO [__main__] ========================================================================
2026-08-03 14:22:21,529 INFO [__main__] experiment start kind=ts_ifa_train input=outputs/extractions/Electricity/168_24/chronos2/raw_euclidean_3_online/extracted branch_epochs=10000 rooter_epochs=10000 batch_size=256
2026-08-03 14:22:38,867 INFO [__main__] payload load done t1_samples=136656 t2_samples=34320 t3_samples=12792
2026-08-03 14:22:39,039 INFO [__main__] payload scale split=T1 samples=136656 std_min=0.28843 std_q001=0.485621 std_q01=4.08462 std_q05=21.4344 std_q10=39.7766 std_median=184.362 below_1e-8=0 below_1e-6=0 below_1e-3=0
2026-08-03 14:22:39,179 INFO [__main__] payload scale split=T2 samples=34320 std_min=0.306533 std_q001=0.471405 std_q01=4.28871 std_q05=22.1471 std_q10=39.1245 std_median=177.6 below_1e-8=0 below_1e-6=0 below_1e-3=0
2026-08-03 14:22:39,191 INFO [__main__] payload scale split=T3 samples=12792 std_min=0.361678 std_q001=0.630142 std_q01=5.04926 std_q05=20.1042 std_q10=36.0183 std_median=181.613 below_1e-8=0 below_1e-6=0 below_1e-3=0
2026-08-03 14:22:39,397 INFO [__main__] model ready name=TS-IFA device=cuda parameters_total=846,912 branches=523,256 neural_rooter=323,656 ridge_rooter=96
2026-08-03 14:22:39,398 INFO [__main__] stage start stage=branches epochs=10000 total_steps=10000 valid_eval_freq=1000 logging_eval_freq=1000
2026-08-03 14:22:50,904 INFO [__main__] stage progress stage=branches step=1000/10000 train_interval_loss=0.631030 t2_focus_nmse=0.294147
2026-08-03 14:23:02,247 INFO [__main__] stage progress stage=branches step=2000/10000 train_interval_loss=0.683335 t2_focus_nmse=0.292168
2026-08-03 14:23:13,643 INFO [__main__] stage progress stage=branches step=3000/10000 train_interval_loss=0.599010 t2_focus_nmse=0.290779
2026-08-03 14:23:24,706 INFO [__main__] stage progress stage=branches step=4000/10000 train_interval_loss=0.575219 t2_focus_nmse=0.289569
2026-08-03 14:23:35,843 INFO [__main__] stage progress stage=branches step=5000/10000 train_interval_loss=0.806153 t2_focus_nmse=0.288414
2026-08-03 14:23:46,796 INFO [__main__] stage progress stage=branches step=6000/10000 train_interval_loss=0.516394 t2_focus_nmse=0.287691
2026-08-03 14:23:58,266 INFO [__main__] stage progress stage=branches step=7000/10000 train_interval_loss=0.591969 t2_focus_nmse=0.286925
2026-08-03 14:24:09,660 INFO [__main__] stage progress stage=branches step=8000/10000 train_interval_loss=0.530945 t2_focus_nmse=0.286518
2026-08-03 14:24:20,992 INFO [__main__] stage progress stage=branches step=9000/10000 train_interval_loss=0.625101 t2_focus_nmse=0.286114
2026-08-03 14:24:32,008 INFO [__main__] stage progress stage=branches step=10000/10000 train_interval_loss=0.633309 t2_focus_nmse=0.285716
2026-08-03 14:24:32,042 INFO [__main__] ridge rooter fit start split=T2 alpha=0.01
2026-08-03 14:24:32,661 INFO [__main__] stage start stage=rooter epochs=10000 total_steps=10000 valid_eval_freq=1000 logging_eval_freq=1000
2026-08-03 14:24:43,149 INFO [__main__] stage progress stage=rooter step=1000/10000 train_interval_loss=0.301518 t2_focus_nmse=0.289973
2026-08-03 14:24:53,725 INFO [__main__] stage progress stage=rooter step=2000/10000 train_interval_loss=0.289143 t2_focus_nmse=0.281711
2026-08-03 14:25:04,249 INFO [__main__] stage progress stage=rooter step=3000/10000 train_interval_loss=0.274640 t2_focus_nmse=0.278245
2026-08-03 14:25:14,746 INFO [__main__] stage progress stage=rooter step=4000/10000 train_interval_loss=0.312961 t2_focus_nmse=0.275956
2026-08-03 14:25:25,263 INFO [__main__] stage progress stage=rooter step=5000/10000 train_interval_loss=0.277268 t2_focus_nmse=0.274088
2026-08-03 14:25:35,939 INFO [__main__] stage progress stage=rooter step=6000/10000 train_interval_loss=0.297123 t2_focus_nmse=0.271282
2026-08-03 14:25:46,796 INFO [__main__] stage progress stage=rooter step=7000/10000 train_interval_loss=0.225319 t2_focus_nmse=0.268845
2026-08-03 14:25:57,458 INFO [__main__] stage progress stage=rooter step=8000/10000 train_interval_loss=0.258547 t2_focus_nmse=0.266393
2026-08-03 14:26:08,161 INFO [__main__] stage progress stage=rooter step=9000/10000 train_interval_loss=0.268934 t2_focus_nmse=0.263811
2026-08-03 14:26:18,857 INFO [__main__] stage progress stage=rooter step=10000/10000 train_interval_loss=0.215328 t2_focus_nmse=0.261903
2026-08-03 14:26:18,857 INFO [__main__] training done seconds=219.46
2026-08-03 14:26:18,863 INFO [__main__] evaluation start split=T3
2026-08-03 14:26:19,250 INFO [__main__] evaluation done neural_nmse=0.227264 ridge_nmse=0.201326 residual_nmse=0.211483 memory_nmse=0.215098 transformed_nmse=disabled
2026-08-03 14:26:20,322 INFO [__main__] outputs saved dir=outputs/adaptation_results/full/Electricity/168_24/chronos2/raw_euclidean_3_online/ts_ifa/TS-IFA
2026-08-03 14:26:20,322 INFO [__main__] experiment done seconds=239.14
2026-08-03 14:26:20,322 INFO [__main__] ========================================================================
2026-08-03T14:26:21+02:00 training done configuration=1/3 dataset=Electricity model=chronos2 lags=168 horizon=24 retrieval=raw_euclidean_3_online
2026-08-03 14:26:23,895 INFO [__main__] extraction validation directory=outputs/extractions/Electricity/336_48/chronos2/raw_euclidean_3_online/extracted status=complete

2026-08-03T14:26:24+02:00 training start configuration=2/3 dataset=Electricity model=chronos2 lags=336 horizon=48 retrieval=raw_euclidean_3_online validation_fraction=0.2 branch_epochs=10000 rooter_epochs=10000 batch_size=256 branch_lr=0.00001 rooter_lr=0.00001 weight_decay=0.0001 vanilla_anchor=0.01 coefficient_l2=0.01 horizon_smoothness=0.01 ridge_rooter_alpha=0.01 dropout=0.0 attention_heads=4 attention_dim=32 hidden_dim=128 transformed_expert=false learnable_transformed_covariate=false transformed_hidden_dim=128 vanilla_anchoring_init=true seed=1
2026-08-03 14:26:27,040 INFO [__main__] ========================================================================
2026-08-03 14:26:27,383 INFO [__main__] experiment start kind=ts_ifa_train input=outputs/extractions/Electricity/336_48/chronos2/raw_euclidean_3_online/extracted branch_epochs=10000 rooter_epochs=10000 batch_size=256
2026-08-03 14:26:47,569 INFO [__main__] payload load done t1_samples=136656 t2_samples=34008 t3_samples=12792
2026-08-03 14:26:47,772 INFO [__main__] payload scale split=T1 samples=136656 std_min=0.333426 std_q001=0.604608 std_q01=4.68589 std_q05=22.2151 std_q10=40.6165 std_median=185.89 below_1e-8=0 below_1e-6=0 below_1e-3=0
2026-08-03 14:26:47,926 INFO [__main__] payload scale split=T2 samples=34008 std_min=0.375413 std_q001=0.581196 std_q01=4.58251 std_q05=23.1815 std_q10=40.6876 std_median=179.161 below_1e-8=0 below_1e-6=0 below_1e-3=0
2026-08-03 14:26:47,947 INFO [__main__] payload scale split=T3 samples=12792 std_min=0.403962 std_q001=1.32202 std_q01=6.05807 std_q05=20.6529 std_q10=36.6447 std_median=183.341 below_1e-8=0 below_1e-6=0 below_1e-3=0
2026-08-03 14:26:48,147 INFO [__main__] model ready name=TS-IFA device=cuda parameters_total=1,047,168 branches=649,712 neural_rooter=397,456 ridge_rooter=192
2026-08-03 14:26:48,147 INFO [__main__] stage start stage=branches epochs=10000 total_steps=10000 valid_eval_freq=1000 logging_eval_freq=1000
2026-08-03 14:27:00,442 INFO [__main__] stage progress stage=branches step=1000/10000 train_interval_loss=0.603251 t2_focus_nmse=0.204220
2026-08-03 14:27:12,764 INFO [__main__] stage progress stage=branches step=2000/10000 train_interval_loss=0.592194 t2_focus_nmse=0.203471
2026-08-03 14:27:24,749 INFO [__main__] stage progress stage=branches step=3000/10000 train_interval_loss=0.588902 t2_focus_nmse=0.202646
2026-08-03 14:27:36,979 INFO [__main__] stage progress stage=branches step=4000/10000 train_interval_loss=0.719818 t2_focus_nmse=0.202106
2026-08-03 14:27:49,119 INFO [__main__] stage progress stage=branches step=5000/10000 train_interval_loss=0.700078 t2_focus_nmse=0.201768
2026-08-03 14:28:01,389 INFO [__main__] stage progress stage=branches step=6000/10000 train_interval_loss=0.636371 t2_focus_nmse=0.201751
2026-08-03 14:28:13,547 INFO [__main__] stage progress stage=branches step=7000/10000 train_interval_loss=0.562352 t2_focus_nmse=0.201573
2026-08-03 14:28:25,696 INFO [__main__] stage progress stage=branches step=8000/10000 train_interval_loss=0.602674 t2_focus_nmse=0.201552
2026-08-03 14:28:37,807 INFO [__main__] stage progress stage=branches step=9000/10000 train_interval_loss=0.703984 t2_focus_nmse=0.201852
2026-08-03 14:28:49,927 INFO [__main__] stage progress stage=branches step=10000/10000 train_interval_loss=0.576560 t2_focus_nmse=0.201849
2026-08-03 14:28:49,951 INFO [__main__] ridge rooter fit start split=T2 alpha=0.01
2026-08-03 14:28:51,425 INFO [__main__] stage start stage=rooter epochs=10000 total_steps=10000 valid_eval_freq=1000 logging_eval_freq=1000
2026-08-03 14:29:04,534 INFO [__main__] stage progress stage=rooter step=1000/10000 train_interval_loss=0.205493 t2_focus_nmse=0.202404
2026-08-03 14:29:17,084 INFO [__main__] stage progress stage=rooter step=2000/10000 train_interval_loss=0.210971 t2_focus_nmse=0.199636
2026-08-03 14:29:29,340 INFO [__main__] stage progress stage=rooter step=3000/10000 train_interval_loss=0.196224 t2_focus_nmse=0.196972
2026-08-03 14:29:41,633 INFO [__main__] stage progress stage=rooter step=4000/10000 train_interval_loss=0.187144 t2_focus_nmse=0.194577
2026-08-03 14:29:53,854 INFO [__main__] stage progress stage=rooter step=5000/10000 train_interval_loss=0.201106 t2_focus_nmse=0.192280
2026-08-03 14:30:06,107 INFO [__main__] stage progress stage=rooter step=6000/10000 train_interval_loss=0.190521 t2_focus_nmse=0.190086
2026-08-03 14:30:18,502 INFO [__main__] stage progress stage=rooter step=7000/10000 train_interval_loss=0.191014 t2_focus_nmse=0.187725
2026-08-03 14:30:30,878 INFO [__main__] stage progress stage=rooter step=8000/10000 train_interval_loss=0.189974 t2_focus_nmse=0.185539
2026-08-03 14:30:43,237 INFO [__main__] stage progress stage=rooter step=9000/10000 train_interval_loss=0.185864 t2_focus_nmse=0.183857
2026-08-03 14:30:55,512 INFO [__main__] stage progress stage=rooter step=10000/10000 train_interval_loss=0.188801 t2_focus_nmse=0.182166
2026-08-03 14:30:55,512 INFO [__main__] training done seconds=247.37
2026-08-03 14:30:55,521 INFO [__main__] evaluation start split=T3
2026-08-03 14:30:56,102 INFO [__main__] evaluation done neural_nmse=0.242689 ridge_nmse=0.215526 residual_nmse=0.233515 memory_nmse=0.247220 transformed_nmse=disabled
2026-08-03 14:30:57,260 INFO [__main__] outputs saved dir=outputs/adaptation_results/full/Electricity/336_48/chronos2/raw_euclidean_3_online/ts_ifa/TS-IFA
2026-08-03 14:30:57,260 INFO [__main__] experiment done seconds=270.22
2026-08-03 14:30:57,260 INFO [__main__] ========================================================================
2026-08-03T14:30:58+02:00 training done configuration=2/3 dataset=Electricity model=chronos2 lags=336 horizon=48 retrieval=raw_euclidean_3_online
2026-08-03 14:31:01,094 INFO [__main__] extraction validation directory=outputs/extractions/Electricity/504_168/chronos2/raw_euclidean_3_online/extracted status=complete

2026-08-03T14:31:01+02:00 training start configuration=3/3 dataset=Electricity model=chronos2 lags=504 horizon=168 retrieval=raw_euclidean_3_online validation_fraction=0.2 branch_epochs=10000 rooter_epochs=10000 batch_size=256 branch_lr=0.00001 rooter_lr=0.00001 weight_decay=0.0001 vanilla_anchor=0.01 coefficient_l2=0.01 horizon_smoothness=0.01 ridge_rooter_alpha=0.01 dropout=0.0 attention_heads=4 attention_dim=32 hidden_dim=128 transformed_expert=false learnable_transformed_covariate=false transformed_hidden_dim=128 vanilla_anchoring_init=true seed=1
2026-08-03 14:31:04,075 INFO [__main__] ========================================================================
2026-08-03 14:31:04,451 INFO [__main__] experiment start kind=ts_ifa_train input=outputs/extractions/Electricity/504_168/chronos2/raw_euclidean_3_online/extracted branch_epochs=10000 rooter_epochs=10000 batch_size=256
2026-08-03 14:31:28,969 INFO [__main__] payload load done t1_samples=135408 t2_samples=33696 t3_samples=12480
2026-08-03 14:31:29,025 INFO [__main__] payload scale split=T1 samples=135408 std_min=0.351 std_q001=0.681835 std_q01=5.1929 std_q05=22.9299 std_q10=40.942 std_median=187.009 below_1e-8=0 below_1e-6=0 below_1e-3=0
2026-08-03 14:31:29,035 INFO [__main__] payload scale split=T2 samples=33696 std_min=0.411241 std_q001=0.67151 std_q01=4.46421 std_q05=23.9296 std_q10=42.4786 std_median=180.785 below_1e-8=0 below_1e-6=0 below_1e-3=0
2026-08-03 14:31:29,039 INFO [__main__] payload scale split=T3 samples=12480 std_min=0.508119 std_q001=1.32202 std_q01=6.47204 std_q05=20.6262 std_q10=36.5714 std_median=184.723 below_1e-8=0 below_1e-6=0 below_1e-3=0
2026-08-03 14:31:29,229 INFO [__main__] model ready name=TS-IFA device=cuda parameters_total=1,480,896 branches=972,488 neural_rooter=508,408 ridge_rooter=672
2026-08-03 14:31:29,230 INFO [__main__] stage start stage=branches epochs=10000 total_steps=10000 valid_eval_freq=1000 logging_eval_freq=1000
2026-08-03 14:31:45,660 INFO [__main__] stage progress stage=branches step=1000/10000 train_interval_loss=0.560337 t2_focus_nmse=0.241703
2026-08-03 14:32:00,834 INFO [__main__] stage progress stage=branches step=2000/10000 train_interval_loss=0.595328 t2_focus_nmse=0.239843
2026-08-03 14:32:15,830 INFO [__main__] stage progress stage=branches step=3000/10000 train_interval_loss=0.515886 t2_focus_nmse=0.239107
2026-08-03 14:32:30,569 INFO [__main__] stage progress stage=branches step=4000/10000 train_interval_loss=0.577540 t2_focus_nmse=0.238703
2026-08-03 14:32:45,021 INFO [__main__] stage progress stage=branches step=5000/10000 train_interval_loss=0.567255 t2_focus_nmse=0.238969
2026-08-03 14:32:59,481 INFO [__main__] stage progress stage=branches step=6000/10000 train_interval_loss=0.527952 t2_focus_nmse=0.239104
2026-08-03 14:33:13,876 INFO [__main__] stage progress stage=branches step=7000/10000 train_interval_loss=0.564162 t2_focus_nmse=0.239745
2026-08-03 14:33:28,445 INFO [__main__] stage progress stage=branches step=8000/10000 train_interval_loss=0.531218 t2_focus_nmse=0.240642
2026-08-03 14:33:42,617 INFO [__main__] stage progress stage=branches step=9000/10000 train_interval_loss=0.514330 t2_focus_nmse=0.240767
2026-08-03 14:33:57,163 INFO [__main__] stage progress stage=branches step=10000/10000 train_interval_loss=0.506727 t2_focus_nmse=0.241642
2026-08-03 14:33:57,184 INFO [__main__] ridge rooter fit start split=T2 alpha=0.01
2026-08-03 14:33:58,406 INFO [__main__] stage start stage=rooter epochs=10000 total_steps=10000 valid_eval_freq=1000 logging_eval_freq=1000
2026-08-03 14:34:11,440 INFO [__main__] stage progress stage=rooter step=1000/10000 train_interval_loss=0.237813 t2_focus_nmse=0.238466
2026-08-03 14:34:24,353 INFO [__main__] stage progress stage=rooter step=2000/10000 train_interval_loss=0.233835 t2_focus_nmse=0.233120
2026-08-03 14:34:37,151 INFO [__main__] stage progress stage=rooter step=3000/10000 train_interval_loss=0.239272 t2_focus_nmse=0.228873
2026-08-03 14:34:50,050 INFO [__main__] stage progress stage=rooter step=4000/10000 train_interval_loss=0.231170 t2_focus_nmse=0.225313
2026-08-03 14:35:02,977 INFO [__main__] stage progress stage=rooter step=5000/10000 train_interval_loss=0.222431 t2_focus_nmse=0.222163
2026-08-03 14:35:15,734 INFO [__main__] stage progress stage=rooter step=6000/10000 train_interval_loss=0.232022 t2_focus_nmse=0.218399
2026-08-03 14:35:28,768 INFO [__main__] stage progress stage=rooter step=7000/10000 train_interval_loss=0.209441 t2_focus_nmse=0.215308
2026-08-03 14:35:41,716 INFO [__main__] stage progress stage=rooter step=8000/10000 train_interval_loss=0.228933 t2_focus_nmse=0.211193
2026-08-03 14:35:54,841 INFO [__main__] stage progress stage=rooter step=9000/10000 train_interval_loss=0.210970 t2_focus_nmse=0.207639
2026-08-03 14:36:08,485 INFO [__main__] stage progress stage=rooter step=10000/10000 train_interval_loss=0.212651 t2_focus_nmse=0.203971
2026-08-03 14:36:08,485 INFO [__main__] training done seconds=279.26
2026-08-03 14:36:08,490 INFO [__main__] evaluation start split=T3
2026-08-03 14:36:09,442 INFO [__main__] evaluation done neural_nmse=0.363898 ridge_nmse=0.334169 residual_nmse=0.409837 memory_nmse=0.433403 transformed_nmse=disabled
2026-08-03 14:36:10,593 INFO [__main__] outputs saved dir=outputs/adaptation_results/full/Electricity/504_168/chronos2/raw_euclidean_3_online/ts_ifa/TS-IFA
2026-08-03 14:36:10,593 INFO [__main__] experiment done seconds=306.52
2026-08-03 14:36:10,594 INFO [__main__] ========================================================================
2026-08-03T14:36:11+02:00 training done configuration=3/3 dataset=Electricity model=chronos2 lags=504 horizon=168 retrieval=raw_euclidean_3_online

2026-08-03T14:36:11+02:00 job done kind=ts_ifa_training output=outputs/adaptation_results/full
