
2026-08-11T11:29:06+02:00 job start kind=adaptation_extraction family=extraction experiment_mode=test skip_complete=true tasks=2 datasets=Electricity models=chronos2 settings=504:168 distance_spaces=raw distance_metrics=euclidean neighbors=3

2026-08-11T11:29:07+02:00 extraction start configuration=1/2 dataset=Electricity model=chronos2 lags=504 horizon=168 retrieval=vanilla run=/home/h61084/codes/adapts/outputs/extraction/Electricity/504_168/chronos2/none/none/0/none/run_0 computation_signature=d57fa5f3233ae279cb683ec1efbedca3ccc070a0cad753551d18d82975e65d40 period=24 align_period=true datastore_stride=168 adapt_stride=256 eval_stride=256 max_store_windows=2048 seed=1
2026-08-11 11:29:13,588 INFO [__main__] ========================================================================
2026-08-11 11:29:13,588 INFO [__main__] experiment start kind=extraction dataset=Electricity model=chronos2 lags=504 horizon=168 neighbors=0 distance=raw/euclidean
2026-08-11 11:29:13,971 INFO [__main__] dataset load start
2026-08-11 11:29:13,973 INFO [src.data.load_dataset] loaded dataset config path=/home/h61084/codes/datasets/electricity/config.json keys=['aggr', 'date_col', 'drop_users']
2026-08-11 11:29:14,655 INFO [__main__] dataset load done dates=26304 users=312
2026-08-11 11:29:14,655 INFO [__main__] model load start
2026-08-11 11:29:40,448 INFO [__main__] model load done name=chronos2 device=cuda parameters_total=119,477,664 parameters_trainable=0
2026-08-11 11:29:40,449 INFO [__main__] extraction start split=adapt queries=51
2026-08-11 11:29:48,392 INFO [__main__] extraction done split=adapt
2026-08-11 11:29:48,392 INFO [__main__] extraction start split=eval queries=20
2026-08-11 11:29:51,318 INFO [__main__] extraction done split=eval
2026-08-11 11:29:51,357 INFO [__main__] vanilla metrics saved path=/home/h61084/codes/adapts/outputs/extraction/Electricity/504_168/chronos2/none/none/0/none/run_0/vanilla_metrics.json
2026-08-11 11:29:51,455 INFO [__main__] completion marker saved path=/home/h61084/codes/adapts/outputs/extraction/Electricity/504_168/chronos2/none/none/0/none/run_0/extraction_manifest.json
2026-08-11 11:29:51,456 INFO [__main__] outputs saved dir=/home/h61084/codes/adapts/outputs/extraction/Electricity/504_168/chronos2/none/none/0/none/run_0
2026-08-11 11:29:51,456 INFO [__main__] experiment done seconds=37.77
2026-08-11 11:29:51,456 INFO [__main__] ========================================================================
2026-08-11 11:29:54,926 INFO [__main__] extraction validation directory=/home/h61084/codes/adapts/outputs/extraction/Electricity/504_168/chronos2/none/none/0/none/run_0 status=complete
2026-08-11T11:29:55+02:00 extraction done configuration=1/2 dataset=Electricity model=chronos2 lags=504 horizon=168 retrieval=vanilla

2026-08-11T11:29:55+02:00 extraction start configuration=2/2 dataset=Electricity model=chronos2 lags=504 horizon=168 retrieval=raw_euclidean_3_online run=/home/h61084/codes/adapts/outputs/extraction/Electricity/504_168/chronos2/raw/euclidean/3/online/run_0 computation_signature=056cf865e59ef1dc30a497c27455bcb987be3bd9770cef5bf1214a0772206d4c period=24 align_period=true datastore_stride=168 adapt_stride=256 eval_stride=256 max_store_windows=2048 seed=1
2026-08-11 11:29:58,852 INFO [__main__] ========================================================================
2026-08-11 11:29:58,852 INFO [__main__] experiment start kind=extraction dataset=Electricity model=chronos2 lags=504 horizon=168 neighbors=3 distance=raw/euclidean
2026-08-11 11:29:59,287 INFO [__main__] dataset load start
2026-08-11 11:29:59,290 INFO [src.data.load_dataset] loaded dataset config path=/home/h61084/codes/datasets/electricity/config.json keys=['aggr', 'date_col', 'drop_users']
2026-08-11 11:30:00,031 INFO [__main__] dataset load done dates=26304 users=312
2026-08-11 11:30:00,031 INFO [__main__] model load start
2026-08-11 11:30:16,772 INFO [__main__] model load done name=chronos2 device=cuda parameters_total=119,477,664 parameters_trainable=0
2026-08-11 11:30:16,773 INFO [__main__] extraction start split=adapt queries=51
2026-08-11 11:31:19,245 INFO [__main__] extraction done split=adapt
2026-08-11 11:31:19,245 INFO [__main__] extraction start split=eval queries=20
2026-08-11 11:31:41,948 INFO [__main__] extraction done split=eval
2026-08-11 11:31:42,912 INFO [__main__] completion marker saved path=/home/h61084/codes/adapts/outputs/extraction/Electricity/504_168/chronos2/raw/euclidean/3/online/run_0/extraction_manifest.json
2026-08-11 11:31:42,913 INFO [__main__] outputs saved dir=/home/h61084/codes/adapts/outputs/extraction/Electricity/504_168/chronos2/raw/euclidean/3/online/run_0
2026-08-11 11:31:42,913 INFO [__main__] experiment done seconds=104.02
2026-08-11 11:31:42,913 INFO [__main__] ========================================================================
2026-08-11 11:31:47,532 INFO [__main__] extraction validation directory=/home/h61084/codes/adapts/outputs/extraction/Electricity/504_168/chronos2/raw/euclidean/3/online/run_0 status=complete
2026-08-11T11:31:48+02:00 extraction done configuration=2/2 dataset=Electricity model=chronos2 lags=504 horizon=168 retrieval=raw_euclidean_3_online

2026-08-11T11:31:48+02:00 job done kind=adaptation_extraction output=outputs/extraction
2026-08-11T11:31:48+02:00 publish | submitted afterok publisher job=42827 producer=42822
