
2026-07-23T11:25:12+02:00 job start kind=gates experiment_mode=small skip_complete=true tasks=72 datasets=Traffic,Electricity,Solar models=chronos settings=168:24,504:24,504:168,504:504 distance_spaces=raw,instance neighbors=1,3,10
2026-07-23 11:25:15,158 INFO [__main__] extraction validation directory=outputs/adaptation/Traffic/168_24/chronos/raw_euclidean_1_online/extracted status=complete
2026-07-23T11:25:15+02:00 skip complete family=gates dataset=Traffic model=chronos lags=168 horizon=24 retrieval=raw_euclidean_1_online
2026-07-23 11:25:17,339 INFO [__main__] extraction validation directory=outputs/adaptation/Traffic/168_24/chronos/raw_euclidean_3_online/extracted status=complete
2026-07-23T11:25:17+02:00 skip complete family=gates dataset=Traffic model=chronos lags=168 horizon=24 retrieval=raw_euclidean_3_online
2026-07-23 11:25:19,505 INFO [__main__] extraction validation directory=outputs/adaptation/Traffic/168_24/chronos/raw_euclidean_10_online/extracted status=complete
2026-07-23T11:25:19+02:00 skip complete family=gates dataset=Traffic model=chronos lags=168 horizon=24 retrieval=raw_euclidean_10_online
2026-07-23 11:25:21,691 INFO [__main__] extraction validation directory=outputs/adaptation/Traffic/168_24/chronos/instance_euclidean_1_online/extracted status=complete
2026-07-23T11:25:21+02:00 skip complete family=gates dataset=Traffic model=chronos lags=168 horizon=24 retrieval=instance_euclidean_1_online
2026-07-23 11:25:23,895 INFO [__main__] extraction validation directory=outputs/adaptation/Traffic/168_24/chronos/instance_euclidean_3_online/extracted status=complete
2026-07-23T11:25:24+02:00 skip complete family=gates dataset=Traffic model=chronos lags=168 horizon=24 retrieval=instance_euclidean_3_online
2026-07-23 11:25:26,120 INFO [__main__] extraction validation directory=outputs/adaptation/Traffic/168_24/chronos/instance_euclidean_10_online/extracted status=complete
2026-07-23T11:25:26+02:00 skip complete family=gates dataset=Traffic model=chronos lags=168 horizon=24 retrieval=instance_euclidean_10_online
2026-07-23 11:25:28,365 INFO [__main__] extraction validation directory=outputs/adaptation/Traffic/504_24/chronos/raw_euclidean_1_online/extracted status=complete
2026-07-23T11:25:28+02:00 skip complete family=gates dataset=Traffic model=chronos lags=504 horizon=24 retrieval=raw_euclidean_1_online
2026-07-23 11:25:30,580 INFO [__main__] extraction validation directory=outputs/adaptation/Traffic/504_24/chronos/raw_euclidean_3_online/extracted status=complete
2026-07-23T11:25:30+02:00 skip complete family=gates dataset=Traffic model=chronos lags=504 horizon=24 retrieval=raw_euclidean_3_online
2026-07-23 11:25:32,763 INFO [__main__] extraction validation directory=outputs/adaptation/Traffic/504_24/chronos/raw_euclidean_10_online/extracted status=complete
2026-07-23T11:25:33+02:00 skip complete family=gates dataset=Traffic model=chronos lags=504 horizon=24 retrieval=raw_euclidean_10_online
2026-07-23 11:25:34,948 INFO [__main__] extraction validation directory=outputs/adaptation/Traffic/504_24/chronos/instance_euclidean_1_online/extracted status=complete
2026-07-23T11:25:35+02:00 skip complete family=gates dataset=Traffic model=chronos lags=504 horizon=24 retrieval=instance_euclidean_1_online
2026-07-23 11:25:37,116 INFO [__main__] extraction validation directory=outputs/adaptation/Traffic/504_24/chronos/instance_euclidean_3_online/extracted status=complete
2026-07-23T11:25:37+02:00 skip complete family=gates dataset=Traffic model=chronos lags=504 horizon=24 retrieval=instance_euclidean_3_online
2026-07-23 11:25:39,347 INFO [__main__] extraction validation directory=outputs/adaptation/Traffic/504_24/chronos/instance_euclidean_10_online/extracted status=complete
2026-07-23T11:25:39+02:00 skip complete family=gates dataset=Traffic model=chronos lags=504 horizon=24 retrieval=instance_euclidean_10_online
2026-07-23 11:25:41,573 INFO [__main__] extraction validation directory=outputs/adaptation/Traffic/504_168/chronos/raw_euclidean_1_online/extracted status=complete
2026-07-23T11:25:41+02:00 skip complete family=gates dataset=Traffic model=chronos lags=504 horizon=168 retrieval=raw_euclidean_1_online
2026-07-23 11:25:43,803 INFO [__main__] extraction validation directory=outputs/adaptation/Traffic/504_168/chronos/raw_euclidean_3_online/extracted status=complete
2026-07-23T11:25:44+02:00 skip complete family=gates dataset=Traffic model=chronos lags=504 horizon=168 retrieval=raw_euclidean_3_online
2026-07-23 11:25:46,082 INFO [__main__] extraction validation directory=outputs/adaptation/Traffic/504_168/chronos/raw_euclidean_10_online/extracted status=complete
2026-07-23T11:25:46+02:00 skip complete family=gates dataset=Traffic model=chronos lags=504 horizon=168 retrieval=raw_euclidean_10_online
2026-07-23 11:25:48,366 INFO [__main__] extraction validation directory=outputs/adaptation/Traffic/504_168/chronos/instance_euclidean_1_online/extracted status=complete
2026-07-23T11:25:48+02:00 skip complete family=gates dataset=Traffic model=chronos lags=504 horizon=168 retrieval=instance_euclidean_1_online
2026-07-23 11:25:50,689 INFO [__main__] extraction validation directory=outputs/adaptation/Traffic/504_168/chronos/instance_euclidean_3_online/extracted status=complete

2026-07-23T11:25:50+02:00 gates start configuration=17/72 dataset=Traffic model=chronos lags=504 horizon=168 retrieval=instance_euclidean_3_online family=gates iterations=300 learning_rate=0.03 depth=4 seed=1 max_train_fit_samples=none max_oracle_fit_samples=none max_eval_fit_samples=none fit_sample_seed=1
2026-07-23 11:25:53,397 INFO [__main__] ========================================================================
2026-07-23 11:25:53,400 INFO [__main__] experiment start kind=gates input=outputs/adaptation/Traffic/504_168/chronos/instance_euclidean_3_online/extracted
2026-07-23 11:25:53,400 INFO [__main__] payload load start
2026-07-23 11:26:25,673 INFO [__main__] payload load done splits=train,oracle,eval
2026-07-23 11:26:25,673 INFO [__main__] fit sampling split=train available=196080 used=196080 maximum=None seed=1
2026-07-23 11:26:25,673 INFO [__main__] fit sampling split=oracle available=70520 used=70520 maximum=None seed=2
2026-07-23 11:26:25,673 INFO [__main__] fit sampling split=eval available=19780 used=19780 maximum=None seed=3
2026-07-23 11:26:25,673 INFO [__main__] context gate fitting start objectives=classifier,regressor shapes=scalar,horizon
2026-07-23 12:13:27,400 INFO [__main__] context gate fitting done
2026-07-23 12:13:27,400 INFO [__main__] evaluation start split=eval
2026-07-23 12:13:27,497 INFO [__main__] evaluation done rows=9
2026-07-23 12:13:32,436 INFO [__main__] feature-importance plots saved count=8
2026-07-23 12:13:40,370 INFO [__main__] outputs saved dir=outputs/adaptation/Traffic/504_168/chronos/instance_euclidean_3_online/gates
2026-07-23 12:13:40,370 INFO [__main__] experiment done seconds=2866.97
2026-07-23 12:13:40,370 INFO [__main__] ========================================================================
2026-07-23T12:13:41+02:00 gates done configuration=17/72 dataset=Traffic model=chronos lags=504 horizon=168 retrieval=instance_euclidean_3_online
2026-07-23 12:13:43,806 INFO [__main__] extraction validation directory=outputs/adaptation/Traffic/504_168/chronos/instance_euclidean_10_online/extracted status=complete

2026-07-23T12:13:44+02:00 gates start configuration=18/72 dataset=Traffic model=chronos lags=504 horizon=168 retrieval=instance_euclidean_10_online family=gates iterations=300 learning_rate=0.03 depth=4 seed=1 max_train_fit_samples=none max_oracle_fit_samples=none max_eval_fit_samples=none fit_sample_seed=1
2026-07-23 12:13:46,242 INFO [__main__] ========================================================================
2026-07-23 12:13:46,245 INFO [__main__] experiment start kind=gates input=outputs/adaptation/Traffic/504_168/chronos/instance_euclidean_10_online/extracted
2026-07-23 12:13:46,245 INFO [__main__] payload load start
2026-07-23 12:15:20,415 INFO [__main__] payload load done splits=train,oracle,eval
2026-07-23 12:15:20,415 INFO [__main__] fit sampling split=train available=196080 used=196080 maximum=None seed=1
2026-07-23 12:15:20,415 INFO [__main__] fit sampling split=oracle available=70520 used=70520 maximum=None seed=2
2026-07-23 12:15:20,415 INFO [__main__] fit sampling split=eval available=19780 used=19780 maximum=None seed=3
2026-07-23 12:15:20,415 INFO [__main__] context gate fitting start objectives=classifier,regressor shapes=scalar,horizon
2026-07-23 13:02:46,527 INFO [__main__] context gate fitting done
2026-07-23 13:02:46,528 INFO [__main__] evaluation start split=eval
2026-07-23 13:02:46,632 INFO [__main__] evaluation done rows=9
2026-07-23 13:02:51,612 INFO [__main__] feature-importance plots saved count=8
2026-07-23 13:02:59,579 INFO [__main__] outputs saved dir=outputs/adaptation/Traffic/504_168/chronos/instance_euclidean_10_online/gates
2026-07-23 13:02:59,580 INFO [__main__] experiment done seconds=2953.34
2026-07-23 13:02:59,580 INFO [__main__] ========================================================================
2026-07-23T13:03:00+02:00 gates done configuration=18/72 dataset=Traffic model=chronos lags=504 horizon=168 retrieval=instance_euclidean_10_online
2026-07-23 13:03:03,029 INFO [__main__] extraction validation directory=outputs/adaptation/Traffic/504_504/chronos/raw_euclidean_1_online/extracted status=complete

2026-07-23T13:03:03+02:00 gates start configuration=19/72 dataset=Traffic model=chronos lags=504 horizon=504 retrieval=raw_euclidean_1_online family=gates iterations=300 learning_rate=0.03 depth=4 seed=1 max_train_fit_samples=none max_oracle_fit_samples=none max_eval_fit_samples=none fit_sample_seed=1
2026-07-23 13:03:05,426 INFO [__main__] ========================================================================
2026-07-23 13:03:05,429 INFO [__main__] experiment start kind=gates input=outputs/adaptation/Traffic/504_504/chronos/raw_euclidean_1_online/extracted
2026-07-23 13:03:05,429 INFO [__main__] payload load start
2026-07-23 13:03:30,749 INFO [__main__] payload load done splits=train,oracle,eval
2026-07-23 13:03:30,749 INFO [__main__] fit sampling split=train available=184040 used=184040 maximum=None seed=1
2026-07-23 13:03:30,749 INFO [__main__] fit sampling split=oracle available=58480 used=58480 maximum=None seed=2
2026-07-23 13:03:30,749 INFO [__main__] fit sampling split=eval available=17200 used=17200 maximum=None seed=3
2026-07-23 13:03:30,749 INFO [__main__] context gate fitting start objectives=classifier,regressor shapes=scalar,horizon
2026-07-23 18:05:43,156 INFO [__main__] context gate fitting done
2026-07-23 18:05:43,156 INFO [__main__] evaluation start split=eval
2026-07-23 18:05:43,516 INFO [__main__] evaluation done rows=9
2026-07-23 18:05:56,469 INFO [__main__] feature-importance plots saved count=8
2026-07-23 18:06:24,025 INFO [__main__] outputs saved dir=outputs/adaptation/Traffic/504_504/chronos/raw_euclidean_1_online/gates
2026-07-23 18:06:24,025 INFO [__main__] experiment done seconds=18198.60
2026-07-23 18:06:24,025 INFO [__main__] ========================================================================
2026-07-23T18:06:25+02:00 gates done configuration=19/72 dataset=Traffic model=chronos lags=504 horizon=504 retrieval=raw_euclidean_1_online
2026-07-23 18:06:28,468 INFO [__main__] extraction validation directory=outputs/adaptation/Traffic/504_504/chronos/raw_euclidean_3_online/extracted status=complete

2026-07-23T18:06:28+02:00 gates start configuration=20/72 dataset=Traffic model=chronos lags=504 horizon=504 retrieval=raw_euclidean_3_online family=gates iterations=300 learning_rate=0.03 depth=4 seed=1 max_train_fit_samples=none max_oracle_fit_samples=none max_eval_fit_samples=none fit_sample_seed=1
2026-07-23 18:06:31,152 INFO [__main__] ========================================================================
2026-07-23 18:06:31,154 INFO [__main__] experiment start kind=gates input=outputs/adaptation/Traffic/504_504/chronos/raw_euclidean_3_online/extracted
2026-07-23 18:06:31,154 INFO [__main__] payload load start
2026-07-23 18:07:44,227 INFO [__main__] payload load done splits=train,oracle,eval
2026-07-23 18:07:44,227 INFO [__main__] fit sampling split=train available=184040 used=184040 maximum=None seed=1
2026-07-23 18:07:44,227 INFO [__main__] fit sampling split=oracle available=58480 used=58480 maximum=None seed=2
2026-07-23 18:07:44,227 INFO [__main__] fit sampling split=eval available=17200 used=17200 maximum=None seed=3
2026-07-23 18:07:44,227 INFO [__main__] context gate fitting start objectives=classifier,regressor shapes=scalar,horizon
2026-07-23 23:12:17,184 INFO [__main__] context gate fitting done
2026-07-23 23:12:17,184 INFO [__main__] evaluation start split=eval
2026-07-23 23:12:17,517 INFO [__main__] evaluation done rows=9
2026-07-23 23:12:30,166 INFO [__main__] feature-importance plots saved count=8
2026-07-23 23:12:54,703 INFO [__main__] outputs saved dir=outputs/adaptation/Traffic/504_504/chronos/raw_euclidean_3_online/gates
2026-07-23 23:12:54,704 INFO [__main__] experiment done seconds=18383.55
2026-07-23 23:12:54,704 INFO [__main__] ========================================================================
2026-07-23T23:12:56+02:00 gates done configuration=20/72 dataset=Traffic model=chronos lags=504 horizon=504 retrieval=raw_euclidean_3_online
2026-07-23 23:12:58,861 INFO [__main__] extraction validation directory=outputs/adaptation/Traffic/504_504/chronos/raw_euclidean_10_online/extracted status=complete

2026-07-23T23:12:59+02:00 gates start configuration=21/72 dataset=Traffic model=chronos lags=504 horizon=504 retrieval=raw_euclidean_10_online family=gates iterations=300 learning_rate=0.03 depth=4 seed=1 max_train_fit_samples=none max_oracle_fit_samples=none max_eval_fit_samples=none fit_sample_seed=1
2026-07-23 23:13:01,987 INFO [__main__] ========================================================================
2026-07-23 23:13:01,990 INFO [__main__] experiment start kind=gates input=outputs/adaptation/Traffic/504_504/chronos/raw_euclidean_10_online/extracted
2026-07-23 23:13:01,990 INFO [__main__] payload load start
2026-07-23 23:15:52,323 INFO [__main__] payload load done splits=train,oracle,eval
2026-07-23 23:15:52,323 INFO [__main__] fit sampling split=train available=184040 used=184040 maximum=None seed=1
2026-07-23 23:15:52,323 INFO [__main__] fit sampling split=oracle available=58480 used=58480 maximum=None seed=2
2026-07-23 23:15:52,323 INFO [__main__] fit sampling split=eval available=17200 used=17200 maximum=None seed=3
2026-07-23 23:15:52,323 INFO [__main__] context gate fitting start objectives=classifier,regressor shapes=scalar,horizon
2026-07-24 04:18:17,588 INFO [__main__] context gate fitting done
2026-07-24 04:18:17,588 INFO [__main__] evaluation start split=eval
2026-07-24 04:18:17,914 INFO [__main__] evaluation done rows=9
2026-07-24 04:18:30,696 INFO [__main__] feature-importance plots saved count=8
2026-07-24 04:18:54,914 INFO [__main__] outputs saved dir=outputs/adaptation/Traffic/504_504/chronos/raw_euclidean_10_online/gates
2026-07-24 04:18:54,915 INFO [__main__] experiment done seconds=18352.93
2026-07-24 04:18:54,915 INFO [__main__] ========================================================================
2026-07-24T04:18:57+02:00 gates done configuration=21/72 dataset=Traffic model=chronos lags=504 horizon=504 retrieval=raw_euclidean_10_online
2026-07-24 04:18:59,693 INFO [__main__] extraction validation directory=outputs/adaptation/Traffic/504_504/chronos/instance_euclidean_1_online/extracted status=complete

2026-07-24T04:18:59+02:00 gates start configuration=22/72 dataset=Traffic model=chronos lags=504 horizon=504 retrieval=instance_euclidean_1_online family=gates iterations=300 learning_rate=0.03 depth=4 seed=1 max_train_fit_samples=none max_oracle_fit_samples=none max_eval_fit_samples=none fit_sample_seed=1
2026-07-24 04:19:02,124 INFO [__main__] ========================================================================
2026-07-24 04:19:02,127 INFO [__main__] experiment start kind=gates input=outputs/adaptation/Traffic/504_504/chronos/instance_euclidean_1_online/extracted
2026-07-24 04:19:02,127 INFO [__main__] payload load start
2026-07-24 04:19:35,801 INFO [__main__] payload load done splits=train,oracle,eval
2026-07-24 04:19:35,801 INFO [__main__] fit sampling split=train available=184040 used=184040 maximum=None seed=1
2026-07-24 04:19:35,802 INFO [__main__] fit sampling split=oracle available=58480 used=58480 maximum=None seed=2
2026-07-24 04:19:35,802 INFO [__main__] fit sampling split=eval available=17200 used=17200 maximum=None seed=3
2026-07-24 04:19:35,802 INFO [__main__] context gate fitting start objectives=classifier,regressor shapes=scalar,horizon
2026-07-24 09:16:25,102 INFO [__main__] context gate fitting done
2026-07-24 09:16:25,102 INFO [__main__] evaluation start split=eval
2026-07-24 09:16:25,431 INFO [__main__] evaluation done rows=9
2026-07-24 09:16:38,067 INFO [__main__] feature-importance plots saved count=8
2026-07-24 09:17:01,059 INFO [__main__] outputs saved dir=outputs/adaptation/Traffic/504_504/chronos/instance_euclidean_1_online/gates
2026-07-24 09:17:01,060 INFO [__main__] experiment done seconds=17878.94
2026-07-24 09:17:01,060 INFO [__main__] ========================================================================
2026-07-24T09:17:02+02:00 gates done configuration=22/72 dataset=Traffic model=chronos lags=504 horizon=504 retrieval=instance_euclidean_1_online
2026-07-24 09:17:05,708 INFO [__main__] extraction validation directory=outputs/adaptation/Traffic/504_504/chronos/instance_euclidean_3_online/extracted status=complete

2026-07-24T09:17:05+02:00 gates start configuration=23/72 dataset=Traffic model=chronos lags=504 horizon=504 retrieval=instance_euclidean_3_online family=gates iterations=300 learning_rate=0.03 depth=4 seed=1 max_train_fit_samples=none max_oracle_fit_samples=none max_eval_fit_samples=none fit_sample_seed=1
2026-07-24 09:17:08,178 INFO [__main__] ========================================================================
2026-07-24 09:17:08,181 INFO [__main__] experiment start kind=gates input=outputs/adaptation/Traffic/504_504/chronos/instance_euclidean_3_online/extracted
2026-07-24 09:17:08,181 INFO [__main__] payload load start
2026-07-24 09:18:25,920 INFO [__main__] payload load done splits=train,oracle,eval
2026-07-24 09:18:25,921 INFO [__main__] fit sampling split=train available=184040 used=184040 maximum=None seed=1
2026-07-24 09:18:25,921 INFO [__main__] fit sampling split=oracle available=58480 used=58480 maximum=None seed=2
2026-07-24 09:18:25,921 INFO [__main__] fit sampling split=eval available=17200 used=17200 maximum=None seed=3
2026-07-24 09:18:25,921 INFO [__main__] context gate fitting start objectives=classifier,regressor shapes=scalar,horizon
