2026-07-24T17:31:25+02:00 using legacy train+oracle payloads for this timing-only benchmark input=outputs/adaptation/Traffic/504_504/chronos/raw_euclidean_1_online/extracted

2026-07-24T17:31:25+02:00 benchmark start dataset=Traffic model=chronos setting=504:504 retrieval=raw_euclidean_1_online candidate=context objective=regressor iterations=100 output=outputs/gate_compute_benchmark/Traffic/504_504/chronos/raw_euclidean_1_online/41212

2026-07-24T17:31:25+02:00 benchmark case start mode=cpu_serial
2026-07-24 17:31:28,877 INFO [__main__] ========================================================================
2026-07-24 17:31:28,877 INFO [__main__] gate compute benchmark mode=cpu_serial candidate=context objective=regressor
2026-07-24 17:31:28,879 WARNING [__main__] using legacy train+oracle payloads for timing only; official experiments still require a format-v2 extraction
2026-07-24 17:31:57,071 INFO [__main__] fit start mode=cpu_serial execution={'task_type': 'CPU', 'devices': None, 'thread_count': 16, 'horizon_jobs': 1} horizon=504 features=22 t1_samples=50000 t2_samples=10000 refit_samples=50000
2026-07-24 17:33:49,898 INFO [__main__] fit done mode=cpu_serial fit_seconds=112.817 horizons_per_second=4.4674 output=outputs/gate_compute_benchmark/Traffic/504_504/chronos/raw_euclidean_1_online/41212/cpu_serial.json
2026-07-24T17:33:50+02:00 benchmark case done mode=cpu_serial

2026-07-24T17:33:50+02:00 benchmark case start mode=gpu_serial
2026-07-24 17:33:53,466 INFO [__main__] ========================================================================
2026-07-24 17:33:53,466 INFO [__main__] gate compute benchmark mode=gpu_serial candidate=context objective=regressor
2026-07-24 17:33:54,793 WARNING [__main__] using legacy train+oracle payloads for timing only; official experiments still require a format-v2 extraction
2026-07-24 17:34:06,673 INFO [__main__] fit start mode=gpu_serial execution={'task_type': 'GPU', 'devices': '0', 'thread_count': 4, 'horizon_jobs': 1} horizon=504 features=22 t1_samples=50000 t2_samples=10000 refit_samples=50000
2026-07-24 17:50:17,417 INFO [__main__] fit done mode=gpu_serial fit_seconds=970.731 horizons_per_second=0.5192 output=outputs/gate_compute_benchmark/Traffic/504_504/chronos/raw_euclidean_1_online/41212/gpu_serial.json
2026-07-24T17:50:18+02:00 benchmark case done mode=gpu_serial

2026-07-24T17:50:18+02:00 benchmark case start mode=cpu_parallel
2026-07-24 17:50:21,291 INFO [__main__] ========================================================================
2026-07-24 17:50:21,292 INFO [__main__] gate compute benchmark mode=cpu_parallel candidate=context objective=regressor
2026-07-24 17:50:21,299 WARNING [__main__] using legacy train+oracle payloads for timing only; official experiments still require a format-v2 extraction
2026-07-24 17:50:33,023 INFO [__main__] fit start mode=cpu_parallel execution={'task_type': 'CPU', 'devices': None, 'thread_count': 2, 'horizon_jobs': 8} horizon=504 features=22 t1_samples=50000 t2_samples=10000 refit_samples=50000
2026-07-24 17:51:11,104 INFO [__main__] fit done mode=cpu_parallel fit_seconds=38.072 horizons_per_second=13.2379 output=outputs/gate_compute_benchmark/Traffic/504_504/chronos/raw_euclidean_1_online/41212/cpu_parallel.json
2026-07-24T17:51:11+02:00 benchmark case done mode=cpu_parallel

2026-07-24T17:51:11+02:00 benchmark done summary=outputs/gate_compute_benchmark/Traffic/504_504/chronos/raw_euclidean_1_online/41212/summary.csv
fit_rank,mode,task_type,devices,thread_count,horizon_jobs,horizon,feature_count,t1_samples,t2_samples,refit_samples,iterations,constant_models,mean_selected_iterations,fit_seconds,total_seconds,horizons_per_fit_second,speedup_vs_cpu_serial
1,cpu_parallel,CPU,,2,8,504,22,50000,10000,50000,100,0,33.523809523809526,38.07239509373903,49.80432774499059,13.237937848645679,2.9632153528820084
2,cpu_serial,CPU,,16,1,504,22,50000,10000,50000,100,0,33.523809523809526,112.81670566275716,141.01138842478395,4.467423481648246,1.0
3,gpu_serial,GPU,0,4,1,504,22,50000,10000,50000,100,0,37.26587301587302,970.7311364896595,983.9385360628366,0.5191962852067934,0.1162182827170074
