[I 2026-08-18 14:23:10.218 ServerApp] Extension package jupyter_lsp took 0.7453s to import
[I 2026-08-18 14:23:10.664 ServerApp] Extension package jupyter_server_terminals took 0.4451s to import
[I 2026-08-18 14:23:14.855 ServerApp] jupyter_lsp | extension was successfully linked.
[I 2026-08-18 14:23:14.861 ServerApp] jupyter_server_terminals | extension was successfully linked.
[I 2026-08-18 14:23:14.867 ServerApp] jupyterlab | extension was successfully linked.
[I 2026-08-18 14:23:14.873 ServerApp] notebook | extension was successfully linked.
[I 2026-08-18 14:23:19.351 ServerApp] notebook_shim | extension was successfully linked.
[I 2026-08-18 14:23:19.931 ServerApp] notebook_shim | extension was successfully loaded.
[I 2026-08-18 14:23:19.933 ServerApp] jupyter_lsp | extension was successfully loaded.
[I 2026-08-18 14:23:19.935 ServerApp] jupyter_server_terminals | extension was successfully loaded.
[I 2026-08-18 14:23:20.367 LabApp] JupyterLab extension loaded from /home/h61084/codes/adapts/.venv/lib/python3.12/site-packages/jupyterlab
[I 2026-08-18 14:23:20.367 LabApp] JupyterLab application directory is /home/h61084/venvs/adapts/share/jupyter/lab
[I 2026-08-18 14:23:20.375 LabApp] Extension Manager is 'pypi'.
[I 2026-08-18 14:23:20.465 LabApp] Extensions will be fetched using proxy, proxy host and port: ('vip-users.proxy.edf.fr', '3128')
[I 2026-08-18 14:23:20.469 ServerApp] jupyterlab | extension was successfully loaded.
[I 2026-08-18 14:23:20.480 ServerApp] notebook | extension was successfully loaded.
[I 2026-08-18 14:23:20.480 ServerApp] Serving notebooks from local directory: /home/h61084/codes/adapts
[I 2026-08-18 14:23:20.480 ServerApp] Jupyter Server 2.20.0 is running at:
[I 2026-08-18 14:23:20.480 ServerApp] http://0.0.0.0:8888/tree?token=19c929e77ef96a8d350ad09acf03e2065a79e9d7c59f330b
[I 2026-08-18 14:23:20.480 ServerApp]     http://127.0.0.1:8888/tree?token=19c929e77ef96a8d350ad09acf03e2065a79e9d7c59f330b
[I 2026-08-18 14:23:20.480 ServerApp] Use Control-C to stop this server and shut down all kernels (twice to skip confirmation).
[C 2026-08-18 14:23:20.578 ServerApp] 
    
    To access the server, open this file in a browser:
        file:///home/h61084/.local/share/jupyter/runtime/jpserver-482010-open.html
    Or copy and paste one of these URLs:
        http://dgx-a100:8888/tree?token=19c929e77ef96a8d350ad09acf03e2065a79e9d7c59f330b
        http://127.0.0.1:8888/tree?token=19c929e77ef96a8d350ad09acf03e2065a79e9d7c59f330b
    The server is listening on all interfaces, so any hostname or IP of this machine will work.
[I 2026-08-18 14:23:20.734 ServerApp] Skipped non-installed server(s): basedpyright, bash-language-server, dockerfile-language-server-nodejs, javascript-typescript-langserver, jedi-language-server, julia-language-server, pyrefly, pyright, python-language-server, python-lsp-server, r-languageserver, sql-language-server, texlab, typescript-language-server, unified-language-server, vscode-css-languageserver-bin, vscode-html-languageserver-bin, vscode-json-languageserver-bin, yaml-language-server
[I 2026-08-18 14:31:51.158 ServerApp] 302 GET / (@10.52.212.229) 0.38ms
[I 2026-08-18 14:31:51.169 JupyterNotebookApp] 302 GET /tree? (@10.52.212.229) 0.37ms
[I 2026-08-18 14:31:55.475 ServerApp] 302 GET / (@10.52.212.229) 0.22ms
[I 2026-08-18 14:31:55.488 JupyterNotebookApp] 302 GET /tree? (@10.52.212.229) 0.25ms
[I 2026-08-18 14:32:34.727 ServerApp] User 042989b7c61a49278ee22be2239dba8c logged in.
[I 2026-08-18 14:32:34.732 ServerApp] 302 POST /login?next=%2Ftree%3F (042989b7c61a49278ee22be2239dba8c@10.52.212.229) 5.25ms
/home/h61084/codes/adapts/.venv/lib/python3.12/site-packages/nbformat/__init__.py:96: MissingIDFieldWarning: Cell is missing an id field, this will become a hard error in future nbformat versions. You may want to use `normalize()` on your notebooks before validations (available since nbformat 5.1.4). Previous versions of nbformat are fixing this issue transparently, and will stop doing so in the future.
  validate(nb)
[W 2026-08-18 14:33:49.623 ServerApp] Notebook src/visu/retrieval_dashboard.ipynb is not trusted
[W 2026-08-18 14:33:51.423 ServerApp] Notebook src/visu/retrieval_dashboard.ipynb is not trusted
[I 2026-08-18 14:33:52.722 ServerApp] Kernel started: 8c73ac5b-654b-409e-9fc4-22a44749ee3d
[IPKernelApp] WARNING | Kernel is running over TCP without encryption. All communication (including code and outputs) is sent in plain text and is susceptible to eavesdropping. Use IPC transport or launch with kernel manager-provisioned CurveZMQ keys to enable transport encryption.
[I 2026-08-18 14:33:59.394 ServerApp] Adapting from protocol version 5.3 (kernel 8c73ac5b-654b-409e-9fc4-22a44749ee3d) to 5.4 (client).
[I 2026-08-18 14:33:59.395 ServerApp] Connecting to kernel 8c73ac5b-654b-409e-9fc4-22a44749ee3d.
[W 2026-08-18 14:33:59.396 ServerApp] The websocket_ping_timeout (90000) cannot be longer than the websocket_ping_interval (30000).
    Setting websocket_ping_timeout=30000
[I 2026-08-18 14:33:59.495 ServerApp] Starting buffering for 8c73ac5b-654b-409e-9fc4-22a44749ee3d:917bba9d-26a9-47aa-b7b7-30a6078ff0f7
[I 2026-08-18 14:33:59.595 ServerApp] Adapting from protocol version 5.3 (kernel 8c73ac5b-654b-409e-9fc4-22a44749ee3d) to 5.4 (client).
[I 2026-08-18 14:33:59.595 ServerApp] Connecting to kernel 8c73ac5b-654b-409e-9fc4-22a44749ee3d.
[I 2026-08-18 14:33:59.683 ServerApp] Adapting from protocol version 5.3 (kernel 8c73ac5b-654b-409e-9fc4-22a44749ee3d) to 5.4 (client).
[I 2026-08-18 14:33:59.684 ServerApp] Connecting to kernel 8c73ac5b-654b-409e-9fc4-22a44749ee3d.
[I 2026-08-18 14:34:00.338 ServerApp] Adapting from protocol version 5.3 (kernel 8c73ac5b-654b-409e-9fc4-22a44749ee3d) to 5.4 (client).
[I 2026-08-18 14:34:00.338 ServerApp] Connecting to kernel 8c73ac5b-654b-409e-9fc4-22a44749ee3d.
[I 2026-08-18 14:35:51.506 ServerApp] Saving file at /src/visu/retrieval_dashboard.ipynb
[I 2026-08-18 14:37:51.675 ServerApp] Saving file at /src/visu/retrieval_dashboard.ipynb
[I 2026-08-18 14:38:03.128 ServerApp] Starting buffering for 8c73ac5b-654b-409e-9fc4-22a44749ee3d:79a986a5-6102-4382-b880-78f2e35cbb67
slurmstepd: error: *** JOB 44251 ON dgx-a100 CANCELLED AT 2026-08-18T14:38:26 ***
