[I 2026-08-18 15:18:25.633 ServerApp] Extension package jupyter_lsp took 0.2835s to import
[I 2026-08-18 15:18:25.943 ServerApp] Extension package jupyter_server_terminals took 0.3083s to import
[I 2026-08-18 15:18:26.757 ServerApp] jupyter_lsp | extension was successfully linked.
[I 2026-08-18 15:18:26.762 ServerApp] jupyter_server_terminals | extension was successfully linked.
[I 2026-08-18 15:18:26.767 ServerApp] jupyterlab | extension was successfully linked.
[I 2026-08-18 15:18:26.771 ServerApp] notebook | extension was successfully linked.
[I 2026-08-18 15:18:27.652 ServerApp] notebook_shim | extension was successfully linked.
[I 2026-08-18 15:18:27.973 ServerApp] notebook_shim | extension was successfully loaded.
[I 2026-08-18 15:18:27.994 ServerApp] jupyter_lsp | extension was successfully loaded.
[I 2026-08-18 15:18:27.995 ServerApp] jupyter_server_terminals | extension was successfully loaded.
[I 2026-08-18 15:18:28.043 LabApp] JupyterLab extension loaded from /home/h61084/codes/adapts/.venv/lib/python3.12/site-packages/jupyterlab
[I 2026-08-18 15:18:28.043 LabApp] JupyterLab application directory is /home/h61084/venvs/adapts/share/jupyter/lab
[I 2026-08-18 15:18:28.045 LabApp] Extension Manager is 'pypi'.
[I 2026-08-18 15:18:28.135 LabApp] Extensions will be fetched using proxy, proxy host and port: ('vip-users.proxy.edf.fr', '3128')
[I 2026-08-18 15:18:28.138 ServerApp] jupyterlab | extension was successfully loaded.
[I 2026-08-18 15:18:28.149 ServerApp] notebook | extension was successfully loaded.
[I 2026-08-18 15:18:28.149 ServerApp] Serving notebooks from local directory: /home/h61084/codes/adapts
[I 2026-08-18 15:18:28.149 ServerApp] Jupyter Server 2.20.0 is running at:
[I 2026-08-18 15:18:28.149 ServerApp] http://0.0.0.0:8888/tree?token=5707a727b8a54196b3c02c16bba66a608c1a082b7919eafc
[I 2026-08-18 15:18:28.149 ServerApp]     http://127.0.0.1:8888/tree?token=5707a727b8a54196b3c02c16bba66a608c1a082b7919eafc
[I 2026-08-18 15:18:28.149 ServerApp] Use Control-C to stop this server and shut down all kernels (twice to skip confirmation).
[C 2026-08-18 15:18:28.241 ServerApp] 
    
    To access the server, open this file in a browser:
        file:///home/h61084/.local/share/jupyter/runtime/jpserver-509410-open.html
    Or copy and paste one of these URLs:
        http://dgx-a100:8888/tree?token=5707a727b8a54196b3c02c16bba66a608c1a082b7919eafc
        http://127.0.0.1:8888/tree?token=5707a727b8a54196b3c02c16bba66a608c1a082b7919eafc
    The server is listening on all interfaces, so any hostname or IP of this machine will work.
[I 2026-08-18 15:18:28.344 ServerApp] Skipped non-installed server(s): basedpyright, bash-language-server, dockerfile-language-server-nodejs, javascript-typescript-langserver, jedi-language-server, julia-language-server, pyrefly, pyright, python-language-server, python-lsp-server, r-languageserver, sql-language-server, texlab, typescript-language-server, unified-language-server, vscode-css-languageserver-bin, vscode-html-languageserver-bin, vscode-json-languageserver-bin, yaml-language-server
[I 2026-08-18 15:20:39.841 ServerApp] 302 GET / (@10.52.212.229) 0.57ms
/home/h61084/codes/adapts/.venv/lib/python3.12/site-packages/nbformat/__init__.py:96: MissingIDFieldWarning: Cell is missing an id field, this will become a hard error in future nbformat versions. You may want to use `normalize()` on your notebooks before validations (available since nbformat 5.1.4). Previous versions of nbformat are fixing this issue transparently, and will stop doing so in the future.
  validate(nb)
[W 2026-08-18 15:20:52.322 ServerApp] Notebook src/visu/retrieval_dashboard.ipynb is not trusted
[W 2026-08-18 15:20:53.666 ServerApp] Notebook src/visu/retrieval_dashboard.ipynb is not trusted
[I 2026-08-18 15:20:54.511 ServerApp] Kernel started: 72a4f9d5-a466-473d-bf33-b1cbae9b8419
[IPKernelApp] WARNING | Kernel is running over TCP without encryption. All communication (including code and outputs) is sent in plain text and is susceptible to eavesdropping. Use IPC transport or launch with kernel manager-provisioned CurveZMQ keys to enable transport encryption.
[I 2026-08-18 15:20:58.020 ServerApp] Adapting from protocol version 5.3 (kernel 72a4f9d5-a466-473d-bf33-b1cbae9b8419) to 5.4 (client).
[I 2026-08-18 15:20:58.021 ServerApp] Connecting to kernel 72a4f9d5-a466-473d-bf33-b1cbae9b8419.
[W 2026-08-18 15:20:58.023 ServerApp] The websocket_ping_timeout (90000) cannot be longer than the websocket_ping_interval (30000).
    Setting websocket_ping_timeout=30000
[I 2026-08-18 15:20:58.170 ServerApp] Starting buffering for 72a4f9d5-a466-473d-bf33-b1cbae9b8419:2dbbe87d-d102-4710-a000-04f9bcc697b5
[I 2026-08-18 15:20:58.274 ServerApp] Adapting from protocol version 5.3 (kernel 72a4f9d5-a466-473d-bf33-b1cbae9b8419) to 5.4 (client).
[I 2026-08-18 15:20:58.274 ServerApp] Connecting to kernel 72a4f9d5-a466-473d-bf33-b1cbae9b8419.
[I 2026-08-18 15:20:58.389 ServerApp] Adapting from protocol version 5.3 (kernel 72a4f9d5-a466-473d-bf33-b1cbae9b8419) to 5.4 (client).
[I 2026-08-18 15:20:58.390 ServerApp] Connecting to kernel 72a4f9d5-a466-473d-bf33-b1cbae9b8419.
[I 2026-08-18 15:21:46.349 ServerApp] Saving file at /src/visu/retrieval_dashboard.ipynb
[I 2026-08-18 15:23:46.541 ServerApp] Saving file at /src/visu/retrieval_dashboard.ipynb
[I 2026-08-18 15:24:27.862 ServerApp] Adapting from protocol version 5.3 (kernel 72a4f9d5-a466-473d-bf33-b1cbae9b8419) to 5.4 (client).
[I 2026-08-18 15:24:27.863 ServerApp] Connecting to kernel 72a4f9d5-a466-473d-bf33-b1cbae9b8419.
[I 2026-08-18 15:25:46.776 ServerApp] Saving file at /src/visu/retrieval_dashboard.ipynb
slurmstepd: error: *** JOB 44275 ON dgx-a100 CANCELLED AT 2026-08-18T16:18:37 DUE TO TIME LIMIT ***
