
2026-08-06T17:33:12+02:00 job start kind=adaptation_extraction experiment_mode=k_ablation skip_complete=true tasks=96 datasets=Electricity,Traffic,Solar,exchange_rate models=chronos2 settings=168:24,336:48,504:168 distance_spaces=raw distance_metrics=euclidean neighbors=1,3,5,10,15,20,100

2026-08-06T17:33:12+02:00 extraction start configuration=1/96 dataset=Electricity model=chronos2 lags=168 horizon=24 retrieval=vanilla period=24 datastore_stride=24 adapt_stride=24 eval_stride=128 max_store_windows=30000 seed=1
2026-08-06 17:33:14,876 INFO [__main__] ========================================================================
2026-08-06 17:33:14,877 INFO [__main__] experiment start kind=extraction dataset=Electricity model=chronos2 lags=168 horizon=24 neighbors=0 distance=raw/euclidean
2026-08-06 17:33:15,253 INFO [__main__] extraction skipped dir=/home/h61084/codes/adapts/outputs/extractions/Electricity/168_24/chronos2/vanilla reason=complete
2026-08-06 17:33:15,253 INFO [__main__] ========================================================================
2026-08-06T17:33:15+02:00 extraction done configuration=1/96 dataset=Electricity model=chronos2 lags=168 horizon=24 retrieval=vanilla

2026-08-06T17:33:15+02:00 extraction start configuration=2/96 dataset=Electricity model=chronos2 lags=168 horizon=24 retrieval=raw_euclidean_1_online period=24 datastore_stride=24 adapt_stride=24 eval_stride=128 max_store_windows=30000 seed=1
2026-08-06 17:33:18,079 INFO [__main__] ========================================================================
2026-08-06 17:33:18,079 INFO [__main__] experiment start kind=extraction dataset=Electricity model=chronos2 lags=168 horizon=24 neighbors=1 distance=raw/euclidean
2026-08-06 17:33:18,433 INFO [__main__] extraction skipped dir=/home/h61084/codes/adapts/outputs/extractions/Electricity/168_24/chronos2/raw_euclidean_1_online/extracted reason=complete
2026-08-06 17:33:18,433 INFO [__main__] ========================================================================
2026-08-06T17:33:18+02:00 extraction done configuration=2/96 dataset=Electricity model=chronos2 lags=168 horizon=24 retrieval=raw_euclidean_1_online

2026-08-06T17:33:18+02:00 extraction start configuration=3/96 dataset=Electricity model=chronos2 lags=168 horizon=24 retrieval=raw_euclidean_3_online period=24 datastore_stride=24 adapt_stride=24 eval_stride=128 max_store_windows=30000 seed=1
2026-08-06 17:33:21,273 INFO [__main__] ========================================================================
2026-08-06 17:33:21,273 INFO [__main__] experiment start kind=extraction dataset=Electricity model=chronos2 lags=168 horizon=24 neighbors=3 distance=raw/euclidean
2026-08-06 17:33:21,660 INFO [__main__] extraction skipped dir=/home/h61084/codes/adapts/outputs/extractions/Electricity/168_24/chronos2/raw_euclidean_3_online/extracted reason=complete
2026-08-06 17:33:21,660 INFO [__main__] ========================================================================
2026-08-06T17:33:21+02:00 extraction done configuration=3/96 dataset=Electricity model=chronos2 lags=168 horizon=24 retrieval=raw_euclidean_3_online

2026-08-06T17:33:21+02:00 extraction start configuration=4/96 dataset=Electricity model=chronos2 lags=168 horizon=24 retrieval=raw_euclidean_5_online period=24 datastore_stride=24 adapt_stride=24 eval_stride=128 max_store_windows=30000 seed=1
2026-08-06 17:33:24,500 INFO [__main__] ========================================================================
2026-08-06 17:33:24,500 INFO [__main__] experiment start kind=extraction dataset=Electricity model=chronos2 lags=168 horizon=24 neighbors=5 distance=raw/euclidean
2026-08-06 17:33:24,856 INFO [__main__] extraction skipped dir=/home/h61084/codes/adapts/outputs/extractions/Electricity/168_24/chronos2/raw_euclidean_5_online/extracted reason=complete
2026-08-06 17:33:24,856 INFO [__main__] ========================================================================
2026-08-06T17:33:25+02:00 extraction done configuration=4/96 dataset=Electricity model=chronos2 lags=168 horizon=24 retrieval=raw_euclidean_5_online

2026-08-06T17:33:25+02:00 extraction start configuration=5/96 dataset=Electricity model=chronos2 lags=168 horizon=24 retrieval=raw_euclidean_10_online period=24 datastore_stride=24 adapt_stride=24 eval_stride=128 max_store_windows=30000 seed=1
2026-08-06 17:33:27,729 INFO [__main__] ========================================================================
2026-08-06 17:33:27,730 INFO [__main__] experiment start kind=extraction dataset=Electricity model=chronos2 lags=168 horizon=24 neighbors=10 distance=raw/euclidean
2026-08-06 17:33:28,056 INFO [__main__] extraction skipped dir=/home/h61084/codes/adapts/outputs/extractions/Electricity/168_24/chronos2/raw_euclidean_10_online/extracted reason=complete
2026-08-06 17:33:28,056 INFO [__main__] ========================================================================
2026-08-06T17:33:28+02:00 extraction done configuration=5/96 dataset=Electricity model=chronos2 lags=168 horizon=24 retrieval=raw_euclidean_10_online

2026-08-06T17:33:28+02:00 extraction start configuration=6/96 dataset=Electricity model=chronos2 lags=168 horizon=24 retrieval=raw_euclidean_15_online period=24 datastore_stride=24 adapt_stride=24 eval_stride=128 max_store_windows=30000 seed=1
2026-08-06 17:33:30,924 INFO [__main__] ========================================================================
2026-08-06 17:33:30,924 INFO [__main__] experiment start kind=extraction dataset=Electricity model=chronos2 lags=168 horizon=24 neighbors=15 distance=raw/euclidean
2026-08-06 17:33:31,312 INFO [__main__] extraction skipped dir=/home/h61084/codes/adapts/outputs/extractions/Electricity/168_24/chronos2/raw_euclidean_15_online/extracted reason=complete
2026-08-06 17:33:31,312 INFO [__main__] ========================================================================
2026-08-06T17:33:31+02:00 extraction done configuration=6/96 dataset=Electricity model=chronos2 lags=168 horizon=24 retrieval=raw_euclidean_15_online

2026-08-06T17:33:31+02:00 extraction start configuration=7/96 dataset=Electricity model=chronos2 lags=168 horizon=24 retrieval=raw_euclidean_20_online period=24 datastore_stride=24 adapt_stride=24 eval_stride=128 max_store_windows=30000 seed=1
2026-08-06 17:33:34,350 INFO [__main__] ========================================================================
2026-08-06 17:33:34,350 INFO [__main__] experiment start kind=extraction dataset=Electricity model=chronos2 lags=168 horizon=24 neighbors=20 distance=raw/euclidean
2026-08-06 17:33:34,700 INFO [__main__] extraction skipped dir=/home/h61084/codes/adapts/outputs/extractions/Electricity/168_24/chronos2/raw_euclidean_20_online/extracted reason=complete
2026-08-06 17:33:34,700 INFO [__main__] ========================================================================
2026-08-06T17:33:35+02:00 extraction done configuration=7/96 dataset=Electricity model=chronos2 lags=168 horizon=24 retrieval=raw_euclidean_20_online

2026-08-06T17:33:35+02:00 extraction start configuration=8/96 dataset=Electricity model=chronos2 lags=168 horizon=24 retrieval=raw_euclidean_100_online period=24 datastore_stride=24 adapt_stride=24 eval_stride=128 max_store_windows=30000 seed=1
2026-08-06 17:33:37,598 INFO [__main__] ========================================================================
2026-08-06 17:33:37,599 INFO [__main__] experiment start kind=extraction dataset=Electricity model=chronos2 lags=168 horizon=24 neighbors=100 distance=raw/euclidean
2026-08-06 17:33:37,957 INFO [__main__] existing extraction not reusable dir=/home/h61084/codes/adapts/outputs/extractions/Electricity/168_24/chronos2/raw_euclidean_100_online/extracted reason=missing completion marker: /home/h61084/codes/adapts/outputs/extractions/Electricity/168_24/chronos2/raw_euclidean_100_online/extracted/extraction_manifest.json
2026-08-06 17:33:37,957 INFO [__main__] dataset load start
2026-08-06 17:33:37,958 INFO [src.data.load_dataset] loaded dataset config path=/home/h61084/codes/datasets/electricity/config.json keys=['aggr', 'date_col', 'drop_users']
2026-08-06 17:33:38,692 INFO [__main__] dataset load done dates=26304 users=312
2026-08-06 17:33:38,692 INFO [__main__] model load start
2026-08-06 17:34:02,253 INFO [__main__] model load done name=chronos2 device=cuda parameters_total=119,477,664 parameters_trainable=0
2026-08-06 17:34:02,257 INFO [__main__] extraction start split=adapt queries=548
2026-08-06 20:28:07,600 INFO [__main__] extraction done split=adapt
2026-08-06 20:28:07,600 INFO [__main__] extraction start split=eval queries=41
2026-08-06 20:41:42,727 INFO [__main__] extraction done split=eval
2026-08-06 20:41:43,687 WARNING [py.warnings] /home/h61084/codes/adapts/src/visu/plots.py:38: UserWarning: Tight layout not applied. The bottom and top margins cannot be made large enough to accommodate all Axes decorations.
  fig.tight_layout()

2026-08-06 20:41:44,233 INFO [__main__] completion marker saved path=/home/h61084/codes/adapts/outputs/extractions/Electricity/168_24/chronos2/raw_euclidean_100_online/extracted/extraction_manifest.json
2026-08-06 20:41:44,233 INFO [__main__] outputs saved dir=/home/h61084/codes/adapts/outputs/extractions/Electricity/168_24/chronos2/raw_euclidean_100_online/extracted
2026-08-06 20:41:44,233 INFO [__main__] experiment done seconds=11286.63
2026-08-06 20:41:44,233 INFO [__main__] ========================================================================
2026-08-06T20:41:46+02:00 extraction done configuration=8/96 dataset=Electricity model=chronos2 lags=168 horizon=24 retrieval=raw_euclidean_100_online

2026-08-06T20:41:46+02:00 extraction start configuration=9/96 dataset=Electricity model=chronos2 lags=336 horizon=48 retrieval=vanilla period=24 datastore_stride=24 adapt_stride=24 eval_stride=128 max_store_windows=30000 seed=1
2026-08-06 20:41:49,207 INFO [__main__] ========================================================================
2026-08-06 20:41:49,207 INFO [__main__] experiment start kind=extraction dataset=Electricity model=chronos2 lags=336 horizon=48 neighbors=0 distance=raw/euclidean
2026-08-06 20:41:49,543 INFO [__main__] extraction skipped dir=/home/h61084/codes/adapts/outputs/extractions/Electricity/336_48/chronos2/vanilla reason=complete
2026-08-06 20:41:49,544 INFO [__main__] ========================================================================
2026-08-06T20:41:49+02:00 extraction done configuration=9/96 dataset=Electricity model=chronos2 lags=336 horizon=48 retrieval=vanilla

2026-08-06T20:41:49+02:00 extraction start configuration=10/96 dataset=Electricity model=chronos2 lags=336 horizon=48 retrieval=raw_euclidean_1_online period=24 datastore_stride=24 adapt_stride=24 eval_stride=128 max_store_windows=30000 seed=1
2026-08-06 20:41:52,206 INFO [__main__] ========================================================================
2026-08-06 20:41:52,206 INFO [__main__] experiment start kind=extraction dataset=Electricity model=chronos2 lags=336 horizon=48 neighbors=1 distance=raw/euclidean
2026-08-06 20:41:52,536 INFO [__main__] extraction skipped dir=/home/h61084/codes/adapts/outputs/extractions/Electricity/336_48/chronos2/raw_euclidean_1_online/extracted reason=complete
2026-08-06 20:41:52,536 INFO [__main__] ========================================================================
2026-08-06T20:41:52+02:00 extraction done configuration=10/96 dataset=Electricity model=chronos2 lags=336 horizon=48 retrieval=raw_euclidean_1_online

2026-08-06T20:41:52+02:00 extraction start configuration=11/96 dataset=Electricity model=chronos2 lags=336 horizon=48 retrieval=raw_euclidean_3_online period=24 datastore_stride=24 adapt_stride=24 eval_stride=128 max_store_windows=30000 seed=1
2026-08-06 20:41:55,168 INFO [__main__] ========================================================================
2026-08-06 20:41:55,168 INFO [__main__] experiment start kind=extraction dataset=Electricity model=chronos2 lags=336 horizon=48 neighbors=3 distance=raw/euclidean
2026-08-06 20:41:55,536 INFO [__main__] extraction skipped dir=/home/h61084/codes/adapts/outputs/extractions/Electricity/336_48/chronos2/raw_euclidean_3_online/extracted reason=complete
2026-08-06 20:41:55,536 INFO [__main__] ========================================================================
2026-08-06T20:41:55+02:00 extraction done configuration=11/96 dataset=Electricity model=chronos2 lags=336 horizon=48 retrieval=raw_euclidean_3_online

2026-08-06T20:41:55+02:00 extraction start configuration=12/96 dataset=Electricity model=chronos2 lags=336 horizon=48 retrieval=raw_euclidean_5_online period=24 datastore_stride=24 adapt_stride=24 eval_stride=128 max_store_windows=30000 seed=1
2026-08-06 20:41:58,203 INFO [__main__] ========================================================================
2026-08-06 20:41:58,203 INFO [__main__] experiment start kind=extraction dataset=Electricity model=chronos2 lags=336 horizon=48 neighbors=5 distance=raw/euclidean
2026-08-06 20:41:58,528 INFO [__main__] extraction skipped dir=/home/h61084/codes/adapts/outputs/extractions/Electricity/336_48/chronos2/raw_euclidean_5_online/extracted reason=complete
2026-08-06 20:41:58,528 INFO [__main__] ========================================================================
2026-08-06T20:41:58+02:00 extraction done configuration=12/96 dataset=Electricity model=chronos2 lags=336 horizon=48 retrieval=raw_euclidean_5_online

2026-08-06T20:41:58+02:00 extraction start configuration=13/96 dataset=Electricity model=chronos2 lags=336 horizon=48 retrieval=raw_euclidean_10_online period=24 datastore_stride=24 adapt_stride=24 eval_stride=128 max_store_windows=30000 seed=1
2026-08-06 20:42:01,215 INFO [__main__] ========================================================================
2026-08-06 20:42:01,215 INFO [__main__] experiment start kind=extraction dataset=Electricity model=chronos2 lags=336 horizon=48 neighbors=10 distance=raw/euclidean
2026-08-06 20:42:01,546 INFO [__main__] extraction skipped dir=/home/h61084/codes/adapts/outputs/extractions/Electricity/336_48/chronos2/raw_euclidean_10_online/extracted reason=complete
2026-08-06 20:42:01,546 INFO [__main__] ========================================================================
2026-08-06T20:42:01+02:00 extraction done configuration=13/96 dataset=Electricity model=chronos2 lags=336 horizon=48 retrieval=raw_euclidean_10_online

2026-08-06T20:42:01+02:00 extraction start configuration=14/96 dataset=Electricity model=chronos2 lags=336 horizon=48 retrieval=raw_euclidean_15_online period=24 datastore_stride=24 adapt_stride=24 eval_stride=128 max_store_windows=30000 seed=1
2026-08-06 20:42:04,128 INFO [__main__] ========================================================================
2026-08-06 20:42:04,128 INFO [__main__] experiment start kind=extraction dataset=Electricity model=chronos2 lags=336 horizon=48 neighbors=15 distance=raw/euclidean
2026-08-06 20:42:04,451 INFO [__main__] extraction skipped dir=/home/h61084/codes/adapts/outputs/extractions/Electricity/336_48/chronos2/raw_euclidean_15_online/extracted reason=complete
2026-08-06 20:42:04,451 INFO [__main__] ========================================================================
2026-08-06T20:42:04+02:00 extraction done configuration=14/96 dataset=Electricity model=chronos2 lags=336 horizon=48 retrieval=raw_euclidean_15_online

2026-08-06T20:42:04+02:00 extraction start configuration=15/96 dataset=Electricity model=chronos2 lags=336 horizon=48 retrieval=raw_euclidean_20_online period=24 datastore_stride=24 adapt_stride=24 eval_stride=128 max_store_windows=30000 seed=1
2026-08-06 20:42:07,145 INFO [__main__] ========================================================================
2026-08-06 20:42:07,145 INFO [__main__] experiment start kind=extraction dataset=Electricity model=chronos2 lags=336 horizon=48 neighbors=20 distance=raw/euclidean
2026-08-06 20:42:07,516 INFO [__main__] extraction skipped dir=/home/h61084/codes/adapts/outputs/extractions/Electricity/336_48/chronos2/raw_euclidean_20_online/extracted reason=complete
2026-08-06 20:42:07,516 INFO [__main__] ========================================================================
2026-08-06T20:42:07+02:00 extraction done configuration=15/96 dataset=Electricity model=chronos2 lags=336 horizon=48 retrieval=raw_euclidean_20_online

2026-08-06T20:42:07+02:00 extraction start configuration=16/96 dataset=Electricity model=chronos2 lags=336 horizon=48 retrieval=raw_euclidean_100_online period=24 datastore_stride=24 adapt_stride=24 eval_stride=128 max_store_windows=30000 seed=1
2026-08-06 20:42:10,109 INFO [__main__] ========================================================================
2026-08-06 20:42:10,109 INFO [__main__] experiment start kind=extraction dataset=Electricity model=chronos2 lags=336 horizon=48 neighbors=100 distance=raw/euclidean
2026-08-06 20:42:10,428 INFO [__main__] existing extraction not reusable dir=/home/h61084/codes/adapts/outputs/extractions/Electricity/336_48/chronos2/raw_euclidean_100_online/extracted reason=missing completion marker: /home/h61084/codes/adapts/outputs/extractions/Electricity/336_48/chronos2/raw_euclidean_100_online/extracted/extraction_manifest.json
2026-08-06 20:42:10,428 INFO [__main__] dataset load start
2026-08-06 20:42:10,429 INFO [src.data.load_dataset] loaded dataset config path=/home/h61084/codes/datasets/electricity/config.json keys=['aggr', 'date_col', 'drop_users']
2026-08-06 20:42:11,309 INFO [__main__] dataset load done dates=26304 users=312
2026-08-06 20:42:11,309 INFO [__main__] model load start
2026-08-06 20:42:23,458 INFO [__main__] model load done name=chronos2 device=cuda parameters_total=119,477,664 parameters_trainable=0
2026-08-06 20:42:23,462 INFO [__main__] extraction start split=adapt queries=547
2026-08-07 01:57:38,902 INFO [__main__] extraction done split=adapt
2026-08-07 01:57:38,902 INFO [__main__] extraction start split=eval queries=41
2026-08-07 02:20:10,478 INFO [__main__] extraction done split=eval
2026-08-07 02:20:11,423 WARNING [py.warnings] /home/h61084/codes/adapts/src/visu/plots.py:38: UserWarning: Tight layout not applied. The bottom and top margins cannot be made large enough to accommodate all Axes decorations.
  fig.tight_layout()

2026-08-07 02:20:12,020 INFO [__main__] completion marker saved path=/home/h61084/codes/adapts/outputs/extractions/Electricity/336_48/chronos2/raw_euclidean_100_online/extracted/extraction_manifest.json
2026-08-07 02:20:12,020 INFO [__main__] outputs saved dir=/home/h61084/codes/adapts/outputs/extractions/Electricity/336_48/chronos2/raw_euclidean_100_online/extracted
2026-08-07 02:20:12,020 INFO [__main__] experiment done seconds=20281.89
2026-08-07 02:20:12,020 INFO [__main__] ========================================================================
2026-08-07T02:20:15+02:00 extraction done configuration=16/96 dataset=Electricity model=chronos2 lags=336 horizon=48 retrieval=raw_euclidean_100_online

2026-08-07T02:20:15+02:00 extraction start configuration=17/96 dataset=Electricity model=chronos2 lags=504 horizon=168 retrieval=vanilla period=24 datastore_stride=24 adapt_stride=24 eval_stride=128 max_store_windows=30000 seed=1
2026-08-07 02:20:17,896 INFO [__main__] ========================================================================
2026-08-07 02:20:17,896 INFO [__main__] experiment start kind=extraction dataset=Electricity model=chronos2 lags=504 horizon=168 neighbors=0 distance=raw/euclidean
2026-08-07 02:20:18,130 INFO [__main__] extraction skipped dir=/home/h61084/codes/adapts/outputs/extractions/Electricity/504_168/chronos2/vanilla reason=complete
2026-08-07 02:20:18,130 INFO [__main__] ========================================================================
2026-08-07T02:20:18+02:00 extraction done configuration=17/96 dataset=Electricity model=chronos2 lags=504 horizon=168 retrieval=vanilla

2026-08-07T02:20:18+02:00 extraction start configuration=18/96 dataset=Electricity model=chronos2 lags=504 horizon=168 retrieval=raw_euclidean_1_online period=24 datastore_stride=24 adapt_stride=24 eval_stride=128 max_store_windows=30000 seed=1
2026-08-07 02:20:20,662 INFO [__main__] ========================================================================
2026-08-07 02:20:20,662 INFO [__main__] experiment start kind=extraction dataset=Electricity model=chronos2 lags=504 horizon=168 neighbors=1 distance=raw/euclidean
2026-08-07 02:20:20,963 INFO [__main__] extraction skipped dir=/home/h61084/codes/adapts/outputs/extractions/Electricity/504_168/chronos2/raw_euclidean_1_online/extracted reason=complete
2026-08-07 02:20:20,963 INFO [__main__] ========================================================================
2026-08-07T02:20:21+02:00 extraction done configuration=18/96 dataset=Electricity model=chronos2 lags=504 horizon=168 retrieval=raw_euclidean_1_online

2026-08-07T02:20:21+02:00 extraction start configuration=19/96 dataset=Electricity model=chronos2 lags=504 horizon=168 retrieval=raw_euclidean_3_online period=24 datastore_stride=24 adapt_stride=24 eval_stride=128 max_store_windows=30000 seed=1
2026-08-07 02:20:23,577 INFO [__main__] ========================================================================
2026-08-07 02:20:23,577 INFO [__main__] experiment start kind=extraction dataset=Electricity model=chronos2 lags=504 horizon=168 neighbors=3 distance=raw/euclidean
2026-08-07 02:20:23,867 INFO [__main__] extraction skipped dir=/home/h61084/codes/adapts/outputs/extractions/Electricity/504_168/chronos2/raw_euclidean_3_online/extracted reason=complete
2026-08-07 02:20:23,867 INFO [__main__] ========================================================================
2026-08-07T02:20:24+02:00 extraction done configuration=19/96 dataset=Electricity model=chronos2 lags=504 horizon=168 retrieval=raw_euclidean_3_online

2026-08-07T02:20:24+02:00 extraction start configuration=20/96 dataset=Electricity model=chronos2 lags=504 horizon=168 retrieval=raw_euclidean_5_online period=24 datastore_stride=24 adapt_stride=24 eval_stride=128 max_store_windows=30000 seed=1
2026-08-07 02:20:26,413 INFO [__main__] ========================================================================
2026-08-07 02:20:26,413 INFO [__main__] experiment start kind=extraction dataset=Electricity model=chronos2 lags=504 horizon=168 neighbors=5 distance=raw/euclidean
2026-08-07 02:20:26,709 INFO [__main__] extraction skipped dir=/home/h61084/codes/adapts/outputs/extractions/Electricity/504_168/chronos2/raw_euclidean_5_online/extracted reason=complete
2026-08-07 02:20:26,709 INFO [__main__] ========================================================================
2026-08-07T02:20:27+02:00 extraction done configuration=20/96 dataset=Electricity model=chronos2 lags=504 horizon=168 retrieval=raw_euclidean_5_online

2026-08-07T02:20:27+02:00 extraction start configuration=21/96 dataset=Electricity model=chronos2 lags=504 horizon=168 retrieval=raw_euclidean_10_online period=24 datastore_stride=24 adapt_stride=24 eval_stride=128 max_store_windows=30000 seed=1
2026-08-07 02:20:29,256 INFO [__main__] ========================================================================
2026-08-07 02:20:29,256 INFO [__main__] experiment start kind=extraction dataset=Electricity model=chronos2 lags=504 horizon=168 neighbors=10 distance=raw/euclidean
2026-08-07 02:20:29,474 INFO [__main__] extraction skipped dir=/home/h61084/codes/adapts/outputs/extractions/Electricity/504_168/chronos2/raw_euclidean_10_online/extracted reason=complete
2026-08-07 02:20:29,474 INFO [__main__] ========================================================================
2026-08-07T02:20:29+02:00 extraction done configuration=21/96 dataset=Electricity model=chronos2 lags=504 horizon=168 retrieval=raw_euclidean_10_online

2026-08-07T02:20:29+02:00 extraction start configuration=22/96 dataset=Electricity model=chronos2 lags=504 horizon=168 retrieval=raw_euclidean_15_online period=24 datastore_stride=24 adapt_stride=24 eval_stride=128 max_store_windows=30000 seed=1
2026-08-07 02:20:32,082 INFO [__main__] ========================================================================
2026-08-07 02:20:32,083 INFO [__main__] experiment start kind=extraction dataset=Electricity model=chronos2 lags=504 horizon=168 neighbors=15 distance=raw/euclidean
2026-08-07 02:20:32,298 INFO [__main__] extraction skipped dir=/home/h61084/codes/adapts/outputs/extractions/Electricity/504_168/chronos2/raw_euclidean_15_online/extracted reason=complete
2026-08-07 02:20:32,298 INFO [__main__] ========================================================================
2026-08-07T02:20:32+02:00 extraction done configuration=22/96 dataset=Electricity model=chronos2 lags=504 horizon=168 retrieval=raw_euclidean_15_online

2026-08-07T02:20:32+02:00 extraction start configuration=23/96 dataset=Electricity model=chronos2 lags=504 horizon=168 retrieval=raw_euclidean_20_online period=24 datastore_stride=24 adapt_stride=24 eval_stride=128 max_store_windows=30000 seed=1
2026-08-07 02:20:34,884 INFO [__main__] ========================================================================
2026-08-07 02:20:34,884 INFO [__main__] experiment start kind=extraction dataset=Electricity model=chronos2 lags=504 horizon=168 neighbors=20 distance=raw/euclidean
2026-08-07 02:20:35,103 INFO [__main__] extraction skipped dir=/home/h61084/codes/adapts/outputs/extractions/Electricity/504_168/chronos2/raw_euclidean_20_online/extracted reason=complete
2026-08-07 02:20:35,103 INFO [__main__] ========================================================================
2026-08-07T02:20:35+02:00 extraction done configuration=23/96 dataset=Electricity model=chronos2 lags=504 horizon=168 retrieval=raw_euclidean_20_online

2026-08-07T02:20:35+02:00 extraction start configuration=24/96 dataset=Electricity model=chronos2 lags=504 horizon=168 retrieval=raw_euclidean_100_online period=24 datastore_stride=24 adapt_stride=24 eval_stride=128 max_store_windows=30000 seed=1
2026-08-07 02:20:37,669 INFO [__main__] ========================================================================
2026-08-07 02:20:37,669 INFO [__main__] experiment start kind=extraction dataset=Electricity model=chronos2 lags=504 horizon=168 neighbors=100 distance=raw/euclidean
2026-08-07 02:20:37,965 INFO [__main__] existing extraction not reusable dir=/home/h61084/codes/adapts/outputs/extractions/Electricity/504_168/chronos2/raw_euclidean_100_online/extracted reason=missing completion marker: /home/h61084/codes/adapts/outputs/extractions/Electricity/504_168/chronos2/raw_euclidean_100_online/extracted/extraction_manifest.json
2026-08-07 02:20:37,965 INFO [__main__] dataset load start
2026-08-07 02:20:37,966 INFO [src.data.load_dataset] loaded dataset config path=/home/h61084/codes/datasets/electricity/config.json keys=['aggr', 'date_col', 'drop_users']
2026-08-07 02:20:38,731 INFO [__main__] dataset load done dates=26304 users=312
2026-08-07 02:20:38,731 INFO [__main__] model load start
2026-08-07 02:20:53,478 INFO [__main__] model load done name=chronos2 device=cuda parameters_total=119,477,664 parameters_trainable=0
2026-08-07 02:20:53,481 INFO [__main__] extraction start split=adapt queries=542
