
2026-08-14T21:45:12+02:00 job start kind=adaptation_extraction family=k_ablation experiment_mode=full skip_complete=true tasks=96 datasets=Electricity,Traffic,Solar,exchange_rate models=chronos2 settings=168:24,336:48,504:168 distance_spaces=raw distance_metrics=euclidean neighbors=1,3,5,10,15,20,100
2026-08-14T21:45:13+02:00 skip complete family=extraction dataset=Electricity model=chronos2 lags=168 horizon=24 retrieval=vanilla run=/home/h61084/codes/adapts/outputs/extraction/Electricity/168_24/chronos2/none/none/0/none/run_1
2026-08-14T21:45:13+02:00 skip complete family=extraction dataset=Electricity model=chronos2 lags=168 horizon=24 retrieval=raw_euclidean_1_online run=/home/h61084/codes/adapts/outputs/extraction/Electricity/168_24/chronos2/raw/euclidean/1/online/run_1
2026-08-14T21:45:13+02:00 skip complete family=extraction dataset=Electricity model=chronos2 lags=168 horizon=24 retrieval=raw_euclidean_3_online run=/home/h61084/codes/adapts/outputs/extraction/Electricity/168_24/chronos2/raw/euclidean/3/online/run_1

2026-08-14T21:45:13+02:00 extraction start configuration=4/96 dataset=Electricity model=chronos2 lags=168 horizon=24 retrieval=raw_euclidean_5_online run=/home/h61084/codes/adapts/outputs/extraction/Electricity/168_24/chronos2/raw/euclidean/5/online/run_0 computation_signature=e87ad4e8848d075648f437efdf1d19fb3779dc180e2f563010706f738f3feddb period=24 align_period=false datastore_stride=25 adapt_stride=25 eval_stride=127 max_store_windows=30000 seed=1
2026-08-14 21:45:16,059 INFO [__main__] ========================================================================
2026-08-14 21:45:16,059 INFO [__main__] experiment start kind=extraction dataset=Electricity model=chronos2 lags=168 horizon=24 neighbors=5 distance=raw/euclidean
2026-08-14 21:45:16,355 INFO [__main__] dataset load start
2026-08-14 21:45:16,356 INFO [src.data.load_dataset] loaded dataset config path=/home/h61084/codes/datasets/electricity/config.json keys=['aggr', 'date_col', 'drop_users']
2026-08-14 21:45:17,186 INFO [__main__] dataset load done dates=26304 users=312
2026-08-14 21:45:17,186 INFO [__main__] model load start
2026-08-14 21:45:29,191 INFO [__main__] model load done name=chronos2 device=cuda parameters_total=119,477,664 parameters_trainable=0
2026-08-14 21:45:29,194 INFO [__main__] extraction start split=adapt queries=526
2026-08-14 21:53:59,920 INFO [__main__] extraction done split=adapt
2026-08-14 21:53:59,920 INFO [__main__] extraction start split=eval queries=42
2026-08-14 21:54:39,185 INFO [__main__] extraction done split=eval
2026-08-14 21:54:39,868 INFO [__main__] completion marker saved path=/home/h61084/codes/adapts/outputs/extraction/Electricity/168_24/chronos2/raw/euclidean/5/online/run_0/extraction_manifest.json
2026-08-14 21:54:39,869 INFO [__main__] outputs saved dir=/home/h61084/codes/adapts/outputs/extraction/Electricity/168_24/chronos2/raw/euclidean/5/online/run_0
2026-08-14 21:54:39,869 INFO [__main__] experiment done seconds=563.80
2026-08-14 21:54:39,869 INFO [__main__] ========================================================================
2026-08-14 21:54:43,257 INFO [__main__] extraction validation directory=/home/h61084/codes/adapts/outputs/extraction/Electricity/168_24/chronos2/raw/euclidean/5/online/run_0 status=complete
2026-08-14T21:54:43+02:00 extraction done configuration=4/96 dataset=Electricity model=chronos2 lags=168 horizon=24 retrieval=raw_euclidean_5_online

2026-08-14T21:54:43+02:00 extraction start configuration=5/96 dataset=Electricity model=chronos2 lags=168 horizon=24 retrieval=raw_euclidean_10_online run=/home/h61084/codes/adapts/outputs/extraction/Electricity/168_24/chronos2/raw/euclidean/10/online/run_0 computation_signature=81b93f72a96412c7c4c42555b32504bfb209db3f55104cb584af885c6df660f2 period=24 align_period=false datastore_stride=25 adapt_stride=25 eval_stride=127 max_store_windows=30000 seed=1
2026-08-14 21:54:46,188 INFO [__main__] ========================================================================
2026-08-14 21:54:46,188 INFO [__main__] experiment start kind=extraction dataset=Electricity model=chronos2 lags=168 horizon=24 neighbors=10 distance=raw/euclidean
2026-08-14 21:54:46,526 INFO [__main__] dataset load start
2026-08-14 21:54:46,528 INFO [src.data.load_dataset] loaded dataset config path=/home/h61084/codes/datasets/electricity/config.json keys=['aggr', 'date_col', 'drop_users']
2026-08-14 21:54:47,298 INFO [__main__] dataset load done dates=26304 users=312
2026-08-14 21:54:47,298 INFO [__main__] model load start
2026-08-14 21:54:58,576 INFO [__main__] model load done name=chronos2 device=cuda parameters_total=119,477,664 parameters_trainable=0
2026-08-14 21:54:58,579 INFO [__main__] extraction start split=adapt queries=526
2026-08-14 22:08:01,620 INFO [__main__] extraction done split=adapt
2026-08-14 22:08:01,620 INFO [__main__] extraction start split=eval queries=42
2026-08-14 22:09:04,958 INFO [__main__] extraction done split=eval
2026-08-14 22:09:05,785 INFO [__main__] completion marker saved path=/home/h61084/codes/adapts/outputs/extraction/Electricity/168_24/chronos2/raw/euclidean/10/online/run_0/extraction_manifest.json
2026-08-14 22:09:05,785 INFO [__main__] outputs saved dir=/home/h61084/codes/adapts/outputs/extraction/Electricity/168_24/chronos2/raw/euclidean/10/online/run_0
2026-08-14 22:09:05,785 INFO [__main__] experiment done seconds=859.58
2026-08-14 22:09:05,785 INFO [__main__] ========================================================================
2026-08-14 22:09:09,106 INFO [__main__] extraction validation directory=/home/h61084/codes/adapts/outputs/extraction/Electricity/168_24/chronos2/raw/euclidean/10/online/run_0 status=complete
2026-08-14T22:09:09+02:00 extraction done configuration=5/96 dataset=Electricity model=chronos2 lags=168 horizon=24 retrieval=raw_euclidean_10_online

2026-08-14T22:09:09+02:00 extraction start configuration=6/96 dataset=Electricity model=chronos2 lags=168 horizon=24 retrieval=raw_euclidean_15_online run=/home/h61084/codes/adapts/outputs/extraction/Electricity/168_24/chronos2/raw/euclidean/15/online/run_0 computation_signature=e4523fbaae3bfecfe03efafc89103d9a628321ae230dadbb005974ccc123ffbf period=24 align_period=false datastore_stride=25 adapt_stride=25 eval_stride=127 max_store_windows=30000 seed=1
2026-08-14 22:09:12,057 INFO [__main__] ========================================================================
2026-08-14 22:09:12,057 INFO [__main__] experiment start kind=extraction dataset=Electricity model=chronos2 lags=168 horizon=24 neighbors=15 distance=raw/euclidean
2026-08-14 22:09:12,370 INFO [__main__] dataset load start
2026-08-14 22:09:12,372 INFO [src.data.load_dataset] loaded dataset config path=/home/h61084/codes/datasets/electricity/config.json keys=['aggr', 'date_col', 'drop_users']
2026-08-14 22:09:13,066 INFO [__main__] dataset load done dates=26304 users=312
2026-08-14 22:09:13,067 INFO [__main__] model load start
2026-08-14 22:09:24,551 INFO [__main__] model load done name=chronos2 device=cuda parameters_total=119,477,664 parameters_trainable=0
2026-08-14 22:09:24,553 INFO [__main__] extraction start split=adapt queries=526
2026-08-14 22:27:24,896 INFO [__main__] extraction done split=adapt
2026-08-14 22:27:24,896 INFO [__main__] extraction start split=eval queries=42
2026-08-14 22:28:53,470 INFO [__main__] extraction done split=eval
2026-08-14 22:28:54,328 INFO [__main__] completion marker saved path=/home/h61084/codes/adapts/outputs/extraction/Electricity/168_24/chronos2/raw/euclidean/15/online/run_0/extraction_manifest.json
2026-08-14 22:28:54,328 INFO [__main__] outputs saved dir=/home/h61084/codes/adapts/outputs/extraction/Electricity/168_24/chronos2/raw/euclidean/15/online/run_0
2026-08-14 22:28:54,328 INFO [__main__] experiment done seconds=1182.27
2026-08-14 22:28:54,328 INFO [__main__] ========================================================================
2026-08-14 22:28:57,467 INFO [__main__] extraction validation directory=/home/h61084/codes/adapts/outputs/extraction/Electricity/168_24/chronos2/raw/euclidean/15/online/run_0 status=complete
2026-08-14T22:28:57+02:00 extraction done configuration=6/96 dataset=Electricity model=chronos2 lags=168 horizon=24 retrieval=raw_euclidean_15_online

2026-08-14T22:28:58+02:00 extraction start configuration=7/96 dataset=Electricity model=chronos2 lags=168 horizon=24 retrieval=raw_euclidean_20_online run=/home/h61084/codes/adapts/outputs/extraction/Electricity/168_24/chronos2/raw/euclidean/20/online/run_0 computation_signature=4d4f6e6eaa4d849c5b3dd250f2b8ea0be7c85b0f4f50b91cfb7eb744a8b519c4 period=24 align_period=false datastore_stride=25 adapt_stride=25 eval_stride=127 max_store_windows=30000 seed=1
2026-08-14 22:29:00,731 INFO [__main__] ========================================================================
2026-08-14 22:29:00,731 INFO [__main__] experiment start kind=extraction dataset=Electricity model=chronos2 lags=168 horizon=24 neighbors=20 distance=raw/euclidean
2026-08-14 22:29:01,021 INFO [__main__] dataset load start
2026-08-14 22:29:01,022 INFO [src.data.load_dataset] loaded dataset config path=/home/h61084/codes/datasets/electricity/config.json keys=['aggr', 'date_col', 'drop_users']
2026-08-14 22:29:01,821 INFO [__main__] dataset load done dates=26304 users=312
2026-08-14 22:29:01,821 INFO [__main__] model load start
2026-08-14 22:29:10,488 INFO [__main__] model load done name=chronos2 device=cuda parameters_total=119,477,664 parameters_trainable=0
2026-08-14 22:29:10,491 INFO [__main__] extraction start split=adapt queries=526
2026-08-14 22:52:43,165 INFO [__main__] extraction done split=adapt
2026-08-14 22:52:43,166 INFO [__main__] extraction start split=eval queries=42
2026-08-14 22:54:36,342 INFO [__main__] extraction done split=eval
2026-08-14 22:54:37,321 INFO [__main__] completion marker saved path=/home/h61084/codes/adapts/outputs/extraction/Electricity/168_24/chronos2/raw/euclidean/20/online/run_0/extraction_manifest.json
2026-08-14 22:54:37,321 INFO [__main__] outputs saved dir=/home/h61084/codes/adapts/outputs/extraction/Electricity/168_24/chronos2/raw/euclidean/20/online/run_0
2026-08-14 22:54:37,321 INFO [__main__] experiment done seconds=1536.58
2026-08-14 22:54:37,321 INFO [__main__] ========================================================================
2026-08-14 22:54:40,892 INFO [__main__] extraction validation directory=/home/h61084/codes/adapts/outputs/extraction/Electricity/168_24/chronos2/raw/euclidean/20/online/run_0 status=complete
2026-08-14T22:54:41+02:00 extraction done configuration=7/96 dataset=Electricity model=chronos2 lags=168 horizon=24 retrieval=raw_euclidean_20_online

2026-08-14T22:54:41+02:00 extraction start configuration=8/96 dataset=Electricity model=chronos2 lags=168 horizon=24 retrieval=raw_euclidean_100_online run=/home/h61084/codes/adapts/outputs/extraction/Electricity/168_24/chronos2/raw/euclidean/100/online/run_0 computation_signature=519efe845df56e4e6a412aa2e0c7aa4c6b2e7d68d08baa0ca481503901a0c200 period=24 align_period=false datastore_stride=25 adapt_stride=25 eval_stride=127 max_store_windows=30000 seed=1
2026-08-14 22:54:44,153 INFO [__main__] ========================================================================
2026-08-14 22:54:44,153 INFO [__main__] experiment start kind=extraction dataset=Electricity model=chronos2 lags=168 horizon=24 neighbors=100 distance=raw/euclidean
2026-08-14 22:54:44,445 INFO [__main__] dataset load start
2026-08-14 22:54:44,447 INFO [src.data.load_dataset] loaded dataset config path=/home/h61084/codes/datasets/electricity/config.json keys=['aggr', 'date_col', 'drop_users']
2026-08-14 22:54:45,266 INFO [__main__] dataset load done dates=26304 users=312
2026-08-14 22:54:45,266 INFO [__main__] model load start
2026-08-14 22:54:57,480 INFO [__main__] model load done name=chronos2 device=cuda parameters_total=119,477,664 parameters_trainable=0
2026-08-14 22:54:57,483 INFO [__main__] extraction start split=adapt queries=526
2026-08-15 00:38:56,336 INFO [__main__] extraction done split=adapt
2026-08-15 00:38:56,336 INFO [__main__] extraction start split=eval queries=42
2026-08-15 00:47:30,762 INFO [__main__] extraction done split=eval
2026-08-15 00:47:31,564 WARNING [py.warnings] /home/h61084/codes/adapts/src/visu/plots.py:38: UserWarning: Tight layout not applied. The bottom and top margins cannot be made large enough to accommodate all Axes decorations.
  fig.tight_layout()

2026-08-15 00:47:32,080 INFO [__main__] completion marker saved path=/home/h61084/codes/adapts/outputs/extraction/Electricity/168_24/chronos2/raw/euclidean/100/online/run_0/extraction_manifest.json
2026-08-15 00:47:32,081 INFO [__main__] outputs saved dir=/home/h61084/codes/adapts/outputs/extraction/Electricity/168_24/chronos2/raw/euclidean/100/online/run_0
2026-08-15 00:47:32,081 INFO [__main__] experiment done seconds=6767.92
2026-08-15 00:47:32,081 INFO [__main__] ========================================================================
2026-08-15 00:47:36,380 INFO [__main__] extraction validation directory=/home/h61084/codes/adapts/outputs/extraction/Electricity/168_24/chronos2/raw/euclidean/100/online/run_0 status=complete
2026-08-15T00:47:36+02:00 extraction done configuration=8/96 dataset=Electricity model=chronos2 lags=168 horizon=24 retrieval=raw_euclidean_100_online
2026-08-15T00:47:36+02:00 skip complete family=extraction dataset=Electricity model=chronos2 lags=336 horizon=48 retrieval=vanilla run=/home/h61084/codes/adapts/outputs/extraction/Electricity/336_48/chronos2/none/none/0/none/run_1
2026-08-15T00:47:36+02:00 skip complete family=extraction dataset=Electricity model=chronos2 lags=336 horizon=48 retrieval=raw_euclidean_1_online run=/home/h61084/codes/adapts/outputs/extraction/Electricity/336_48/chronos2/raw/euclidean/1/online/run_1
2026-08-15T00:47:37+02:00 skip complete family=extraction dataset=Electricity model=chronos2 lags=336 horizon=48 retrieval=raw_euclidean_3_online run=/home/h61084/codes/adapts/outputs/extraction/Electricity/336_48/chronos2/raw/euclidean/3/online/run_1

2026-08-15T00:47:37+02:00 extraction start configuration=12/96 dataset=Electricity model=chronos2 lags=336 horizon=48 retrieval=raw_euclidean_5_online run=/home/h61084/codes/adapts/outputs/extraction/Electricity/336_48/chronos2/raw/euclidean/5/online/run_0 computation_signature=d88a1efbaf4d35227ed25724ff4a7c48c4d8fd43c6bcb2bcb9d114eba9866897 period=24 align_period=false datastore_stride=25 adapt_stride=25 eval_stride=127 max_store_windows=30000 seed=1
2026-08-15 00:47:39,773 INFO [__main__] ========================================================================
2026-08-15 00:47:39,773 INFO [__main__] experiment start kind=extraction dataset=Electricity model=chronos2 lags=336 horizon=48 neighbors=5 distance=raw/euclidean
2026-08-15 00:47:40,068 INFO [__main__] dataset load start
2026-08-15 00:47:40,070 INFO [src.data.load_dataset] loaded dataset config path=/home/h61084/codes/datasets/electricity/config.json keys=['aggr', 'date_col', 'drop_users']
2026-08-15 00:47:40,772 INFO [__main__] dataset load done dates=26304 users=312
2026-08-15 00:47:40,772 INFO [__main__] model load start
2026-08-15 00:47:52,242 INFO [__main__] model load done name=chronos2 device=cuda parameters_total=119,477,664 parameters_trainable=0
2026-08-15 00:47:52,245 INFO [__main__] extraction start split=adapt queries=525
2026-08-15 01:00:49,291 INFO [__main__] extraction done split=adapt
2026-08-15 01:00:49,291 INFO [__main__] extraction start split=eval queries=42
2026-08-15 01:01:50,075 INFO [__main__] extraction done split=eval
2026-08-15 01:01:50,839 INFO [__main__] completion marker saved path=/home/h61084/codes/adapts/outputs/extraction/Electricity/336_48/chronos2/raw/euclidean/5/online/run_0/extraction_manifest.json
2026-08-15 01:01:50,839 INFO [__main__] outputs saved dir=/home/h61084/codes/adapts/outputs/extraction/Electricity/336_48/chronos2/raw/euclidean/5/online/run_0
2026-08-15 01:01:50,840 INFO [__main__] experiment done seconds=851.06
2026-08-15 01:01:50,840 INFO [__main__] ========================================================================
2026-08-15 01:01:54,062 INFO [__main__] extraction validation directory=/home/h61084/codes/adapts/outputs/extraction/Electricity/336_48/chronos2/raw/euclidean/5/online/run_0 status=complete
2026-08-15T01:01:54+02:00 extraction done configuration=12/96 dataset=Electricity model=chronos2 lags=336 horizon=48 retrieval=raw_euclidean_5_online

2026-08-15T01:01:54+02:00 extraction start configuration=13/96 dataset=Electricity model=chronos2 lags=336 horizon=48 retrieval=raw_euclidean_10_online run=/home/h61084/codes/adapts/outputs/extraction/Electricity/336_48/chronos2/raw/euclidean/10/online/run_0 computation_signature=af8e1a1580b523110d4ed47fa2acf0e203678d53f0344d7c11db35af4e4c2cfd period=24 align_period=false datastore_stride=25 adapt_stride=25 eval_stride=127 max_store_windows=30000 seed=1
2026-08-15 01:01:57,266 INFO [__main__] ========================================================================
2026-08-15 01:01:57,266 INFO [__main__] experiment start kind=extraction dataset=Electricity model=chronos2 lags=336 horizon=48 neighbors=10 distance=raw/euclidean
2026-08-15 01:01:57,532 INFO [__main__] dataset load start
2026-08-15 01:01:57,533 INFO [src.data.load_dataset] loaded dataset config path=/home/h61084/codes/datasets/electricity/config.json keys=['aggr', 'date_col', 'drop_users']
2026-08-15 01:01:58,252 INFO [__main__] dataset load done dates=26304 users=312
2026-08-15 01:01:58,252 INFO [__main__] model load start
2026-08-15 01:02:08,066 INFO [__main__] model load done name=chronos2 device=cuda parameters_total=119,477,664 parameters_trainable=0
2026-08-15 01:02:08,069 INFO [__main__] extraction start split=adapt queries=525
2026-08-15 01:22:11,815 INFO [__main__] extraction done split=adapt
2026-08-15 01:22:11,815 INFO [__main__] extraction start split=eval queries=42
2026-08-15 01:23:51,569 INFO [__main__] extraction done split=eval
2026-08-15 01:23:52,471 INFO [__main__] completion marker saved path=/home/h61084/codes/adapts/outputs/extraction/Electricity/336_48/chronos2/raw/euclidean/10/online/run_0/extraction_manifest.json
2026-08-15 01:23:52,471 INFO [__main__] outputs saved dir=/home/h61084/codes/adapts/outputs/extraction/Electricity/336_48/chronos2/raw/euclidean/10/online/run_0
2026-08-15 01:23:52,471 INFO [__main__] experiment done seconds=1315.20
2026-08-15 01:23:52,471 INFO [__main__] ========================================================================
2026-08-15 01:23:55,961 INFO [__main__] extraction validation directory=/home/h61084/codes/adapts/outputs/extraction/Electricity/336_48/chronos2/raw/euclidean/10/online/run_0 status=complete
2026-08-15T01:23:56+02:00 extraction done configuration=13/96 dataset=Electricity model=chronos2 lags=336 horizon=48 retrieval=raw_euclidean_10_online

2026-08-15T01:23:56+02:00 extraction start configuration=14/96 dataset=Electricity model=chronos2 lags=336 horizon=48 retrieval=raw_euclidean_15_online run=/home/h61084/codes/adapts/outputs/extraction/Electricity/336_48/chronos2/raw/euclidean/15/online/run_0 computation_signature=0f9de9e38f8d6849dd37a7bde211d8ec6b3c1b8e760bf4c620174980ee30baff period=24 align_period=false datastore_stride=25 adapt_stride=25 eval_stride=127 max_store_windows=30000 seed=1
2026-08-15 01:23:58,996 INFO [__main__] ========================================================================
2026-08-15 01:23:58,996 INFO [__main__] experiment start kind=extraction dataset=Electricity model=chronos2 lags=336 horizon=48 neighbors=15 distance=raw/euclidean
2026-08-15 01:23:59,287 INFO [__main__] dataset load start
2026-08-15 01:23:59,289 INFO [src.data.load_dataset] loaded dataset config path=/home/h61084/codes/datasets/electricity/config.json keys=['aggr', 'date_col', 'drop_users']
2026-08-15 01:24:00,051 INFO [__main__] dataset load done dates=26304 users=312
2026-08-15 01:24:00,051 INFO [__main__] model load start
2026-08-15 01:24:11,796 INFO [__main__] model load done name=chronos2 device=cuda parameters_total=119,477,664 parameters_trainable=0
2026-08-15 01:24:11,799 INFO [__main__] extraction start split=adapt queries=525
2026-08-15 01:51:32,582 INFO [__main__] extraction done split=adapt
2026-08-15 01:51:32,583 INFO [__main__] extraction start split=eval queries=42
2026-08-15 01:53:39,707 INFO [__main__] extraction done split=eval
2026-08-15 01:53:40,645 INFO [__main__] completion marker saved path=/home/h61084/codes/adapts/outputs/extraction/Electricity/336_48/chronos2/raw/euclidean/15/online/run_0/extraction_manifest.json
2026-08-15 01:53:40,645 INFO [__main__] outputs saved dir=/home/h61084/codes/adapts/outputs/extraction/Electricity/336_48/chronos2/raw/euclidean/15/online/run_0
2026-08-15 01:53:40,645 INFO [__main__] experiment done seconds=1781.64
2026-08-15 01:53:40,645 INFO [__main__] ========================================================================
2026-08-15 01:53:44,333 INFO [__main__] extraction validation directory=/home/h61084/codes/adapts/outputs/extraction/Electricity/336_48/chronos2/raw/euclidean/15/online/run_0 status=complete
2026-08-15T01:53:44+02:00 extraction done configuration=14/96 dataset=Electricity model=chronos2 lags=336 horizon=48 retrieval=raw_euclidean_15_online

2026-08-15T01:53:44+02:00 extraction start configuration=15/96 dataset=Electricity model=chronos2 lags=336 horizon=48 retrieval=raw_euclidean_20_online run=/home/h61084/codes/adapts/outputs/extraction/Electricity/336_48/chronos2/raw/euclidean/20/online/run_0 computation_signature=807754ea369a28e749585be228caa97a2bcbcac943e94e261e9e687f6ffab53e period=24 align_period=false datastore_stride=25 adapt_stride=25 eval_stride=127 max_store_windows=30000 seed=1
2026-08-15 01:53:47,291 INFO [__main__] ========================================================================
2026-08-15 01:53:47,291 INFO [__main__] experiment start kind=extraction dataset=Electricity model=chronos2 lags=336 horizon=48 neighbors=20 distance=raw/euclidean
2026-08-15 01:53:47,578 INFO [__main__] dataset load start
2026-08-15 01:53:47,580 INFO [src.data.load_dataset] loaded dataset config path=/home/h61084/codes/datasets/electricity/config.json keys=['aggr', 'date_col', 'drop_users']
2026-08-15 01:53:48,307 INFO [__main__] dataset load done dates=26304 users=312
2026-08-15 01:53:48,307 INFO [__main__] model load start
2026-08-15 01:53:59,691 INFO [__main__] model load done name=chronos2 device=cuda parameters_total=119,477,664 parameters_trainable=0
2026-08-15 01:53:59,694 INFO [__main__] extraction start split=adapt queries=525
2026-08-15 02:28:10,727 INFO [__main__] extraction done split=adapt
2026-08-15 02:28:10,727 INFO [__main__] extraction start split=eval queries=42
2026-08-15 02:30:54,595 INFO [__main__] extraction done split=eval
2026-08-15 02:30:55,550 INFO [__main__] completion marker saved path=/home/h61084/codes/adapts/outputs/extraction/Electricity/336_48/chronos2/raw/euclidean/20/online/run_0/extraction_manifest.json
2026-08-15 02:30:55,550 INFO [__main__] outputs saved dir=/home/h61084/codes/adapts/outputs/extraction/Electricity/336_48/chronos2/raw/euclidean/20/online/run_0
2026-08-15 02:30:55,550 INFO [__main__] experiment done seconds=2228.25
2026-08-15 02:30:55,550 INFO [__main__] ========================================================================
2026-08-15 02:30:59,173 INFO [__main__] extraction validation directory=/home/h61084/codes/adapts/outputs/extraction/Electricity/336_48/chronos2/raw/euclidean/20/online/run_0 status=complete
2026-08-15T02:30:59+02:00 extraction done configuration=15/96 dataset=Electricity model=chronos2 lags=336 horizon=48 retrieval=raw_euclidean_20_online

2026-08-15T02:30:59+02:00 extraction start configuration=16/96 dataset=Electricity model=chronos2 lags=336 horizon=48 retrieval=raw_euclidean_100_online run=/home/h61084/codes/adapts/outputs/extraction/Electricity/336_48/chronos2/raw/euclidean/100/online/run_0 computation_signature=fe4ce7b78d93930d9a6955b01161c116f611ceb6b16dd8cbc9d0b7098a23bfe4 period=24 align_period=false datastore_stride=25 adapt_stride=25 eval_stride=127 max_store_windows=30000 seed=1
2026-08-15 02:31:02,133 INFO [__main__] ========================================================================
2026-08-15 02:31:02,133 INFO [__main__] experiment start kind=extraction dataset=Electricity model=chronos2 lags=336 horizon=48 neighbors=100 distance=raw/euclidean
2026-08-15 02:31:02,347 INFO [__main__] dataset load start
2026-08-15 02:31:02,349 INFO [src.data.load_dataset] loaded dataset config path=/home/h61084/codes/datasets/electricity/config.json keys=['aggr', 'date_col', 'drop_users']
2026-08-15 02:31:03,118 INFO [__main__] dataset load done dates=26304 users=312
2026-08-15 02:31:03,118 INFO [__main__] model load start
2026-08-15 02:31:14,409 INFO [__main__] model load done name=chronos2 device=cuda parameters_total=119,477,664 parameters_trainable=0
2026-08-15 02:31:14,412 INFO [__main__] extraction start split=adapt queries=525
2026-08-15 05:04:14,809 INFO [__main__] extraction done split=adapt
2026-08-15 05:04:14,809 INFO [__main__] extraction start split=eval queries=42
2026-08-15 05:16:26,927 INFO [__main__] extraction done split=eval
2026-08-15 05:16:27,797 WARNING [py.warnings] /home/h61084/codes/adapts/src/visu/plots.py:38: UserWarning: Tight layout not applied. The bottom and top margins cannot be made large enough to accommodate all Axes decorations.
  fig.tight_layout()

2026-08-15 05:16:28,371 INFO [__main__] completion marker saved path=/home/h61084/codes/adapts/outputs/extraction/Electricity/336_48/chronos2/raw/euclidean/100/online/run_0/extraction_manifest.json
2026-08-15 05:16:28,371 INFO [__main__] outputs saved dir=/home/h61084/codes/adapts/outputs/extraction/Electricity/336_48/chronos2/raw/euclidean/100/online/run_0
2026-08-15 05:16:28,371 INFO [__main__] experiment done seconds=9926.23
2026-08-15 05:16:28,371 INFO [__main__] ========================================================================
2026-08-15 05:16:33,581 INFO [__main__] extraction validation directory=/home/h61084/codes/adapts/outputs/extraction/Electricity/336_48/chronos2/raw/euclidean/100/online/run_0 status=complete
2026-08-15T05:16:33+02:00 extraction done configuration=16/96 dataset=Electricity model=chronos2 lags=336 horizon=48 retrieval=raw_euclidean_100_online
2026-08-15T05:16:34+02:00 skip complete family=extraction dataset=Electricity model=chronos2 lags=504 horizon=168 retrieval=vanilla run=/home/h61084/codes/adapts/outputs/extraction/Electricity/504_168/chronos2/none/none/0/none/run_2
2026-08-15T05:16:34+02:00 skip complete family=extraction dataset=Electricity model=chronos2 lags=504 horizon=168 retrieval=raw_euclidean_1_online run=/home/h61084/codes/adapts/outputs/extraction/Electricity/504_168/chronos2/raw/euclidean/1/online/run_1
2026-08-15T05:16:34+02:00 skip complete family=extraction dataset=Electricity model=chronos2 lags=504 horizon=168 retrieval=raw_euclidean_3_online run=/home/h61084/codes/adapts/outputs/extraction/Electricity/504_168/chronos2/raw/euclidean/3/online/run_2

2026-08-15T05:16:34+02:00 extraction start configuration=20/96 dataset=Electricity model=chronos2 lags=504 horizon=168 retrieval=raw_euclidean_5_online run=/home/h61084/codes/adapts/outputs/extraction/Electricity/504_168/chronos2/raw/euclidean/5/online/run_0 computation_signature=7645f170a39fb2d0fc26f5565036945ba26e31a1cef954e08a435e38763c15d7 period=24 align_period=false datastore_stride=25 adapt_stride=25 eval_stride=127 max_store_windows=30000 seed=1
2026-08-15 05:16:36,833 INFO [__main__] ========================================================================
2026-08-15 05:16:36,833 INFO [__main__] experiment start kind=extraction dataset=Electricity model=chronos2 lags=504 horizon=168 neighbors=5 distance=raw/euclidean
2026-08-15 05:16:37,047 INFO [__main__] dataset load start
2026-08-15 05:16:37,049 INFO [src.data.load_dataset] loaded dataset config path=/home/h61084/codes/datasets/electricity/config.json keys=['aggr', 'date_col', 'drop_users']
2026-08-15 05:16:37,788 INFO [__main__] dataset load done dates=26304 users=312
2026-08-15 05:16:37,789 INFO [__main__] model load start
2026-08-15 05:16:49,155 INFO [__main__] model load done name=chronos2 device=cuda parameters_total=119,477,664 parameters_trainable=0
2026-08-15 05:16:49,158 INFO [__main__] extraction start split=adapt queries=520
2026-08-15 05:33:32,176 INFO [__main__] extraction done split=adapt
2026-08-15 05:33:32,176 INFO [__main__] extraction start split=eval queries=41
2026-08-15 05:34:50,105 INFO [__main__] extraction done split=eval
2026-08-15 05:34:50,929 INFO [__main__] completion marker saved path=/home/h61084/codes/adapts/outputs/extraction/Electricity/504_168/chronos2/raw/euclidean/5/online/run_0/extraction_manifest.json
2026-08-15 05:34:50,929 INFO [__main__] outputs saved dir=/home/h61084/codes/adapts/outputs/extraction/Electricity/504_168/chronos2/raw/euclidean/5/online/run_0
2026-08-15 05:34:50,929 INFO [__main__] experiment done seconds=1094.09
2026-08-15 05:34:50,929 INFO [__main__] ========================================================================
2026-08-15 05:34:54,466 INFO [__main__] extraction validation directory=/home/h61084/codes/adapts/outputs/extraction/Electricity/504_168/chronos2/raw/euclidean/5/online/run_0 status=complete
2026-08-15T05:34:54+02:00 extraction done configuration=20/96 dataset=Electricity model=chronos2 lags=504 horizon=168 retrieval=raw_euclidean_5_online

2026-08-15T05:34:55+02:00 extraction start configuration=21/96 dataset=Electricity model=chronos2 lags=504 horizon=168 retrieval=raw_euclidean_10_online run=/home/h61084/codes/adapts/outputs/extraction/Electricity/504_168/chronos2/raw/euclidean/10/online/run_0 computation_signature=cd378c965019249b84239d681abaa9432687f0a30a91fffd60f37f404f7db7e3 period=24 align_period=false datastore_stride=25 adapt_stride=25 eval_stride=127 max_store_windows=30000 seed=1
2026-08-15 05:34:57,426 INFO [__main__] ========================================================================
2026-08-15 05:34:57,426 INFO [__main__] experiment start kind=extraction dataset=Electricity model=chronos2 lags=504 horizon=168 neighbors=10 distance=raw/euclidean
2026-08-15 05:34:57,666 INFO [__main__] dataset load start
2026-08-15 05:34:57,667 INFO [src.data.load_dataset] loaded dataset config path=/home/h61084/codes/datasets/electricity/config.json keys=['aggr', 'date_col', 'drop_users']
2026-08-15 05:34:58,363 INFO [__main__] dataset load done dates=26304 users=312
2026-08-15 05:34:58,363 INFO [__main__] model load start
2026-08-15 05:35:09,465 INFO [__main__] model load done name=chronos2 device=cuda parameters_total=119,477,664 parameters_trainable=0
2026-08-15 05:35:09,468 INFO [__main__] extraction start split=adapt queries=520
2026-08-15 06:02:55,855 INFO [__main__] extraction done split=adapt
2026-08-15 06:02:55,855 INFO [__main__] extraction start split=eval queries=41
2026-08-15 06:05:07,635 INFO [__main__] extraction done split=eval
2026-08-15 06:05:08,551 INFO [__main__] completion marker saved path=/home/h61084/codes/adapts/outputs/extraction/Electricity/504_168/chronos2/raw/euclidean/10/online/run_0/extraction_manifest.json
2026-08-15 06:05:08,552 INFO [__main__] outputs saved dir=/home/h61084/codes/adapts/outputs/extraction/Electricity/504_168/chronos2/raw/euclidean/10/online/run_0
2026-08-15 06:05:08,552 INFO [__main__] experiment done seconds=1811.11
2026-08-15 06:05:08,552 INFO [__main__] ========================================================================
2026-08-15 06:05:12,317 INFO [__main__] extraction validation directory=/home/h61084/codes/adapts/outputs/extraction/Electricity/504_168/chronos2/raw/euclidean/10/online/run_0 status=complete
2026-08-15T06:05:12+02:00 extraction done configuration=21/96 dataset=Electricity model=chronos2 lags=504 horizon=168 retrieval=raw_euclidean_10_online

2026-08-15T06:05:12+02:00 extraction start configuration=22/96 dataset=Electricity model=chronos2 lags=504 horizon=168 retrieval=raw_euclidean_15_online run=/home/h61084/codes/adapts/outputs/extraction/Electricity/504_168/chronos2/raw/euclidean/15/online/run_0 computation_signature=7e5e73900b44be8ff2b6e343167f7955fa05244189c8d1e2e3b04b64dd88c114 period=24 align_period=false datastore_stride=25 adapt_stride=25 eval_stride=127 max_store_windows=30000 seed=1
2026-08-15 06:05:15,256 INFO [__main__] ========================================================================
2026-08-15 06:05:15,256 INFO [__main__] experiment start kind=extraction dataset=Electricity model=chronos2 lags=504 horizon=168 neighbors=15 distance=raw/euclidean
2026-08-15 06:05:15,497 INFO [__main__] dataset load start
2026-08-15 06:05:15,499 INFO [src.data.load_dataset] loaded dataset config path=/home/h61084/codes/datasets/electricity/config.json keys=['aggr', 'date_col', 'drop_users']
2026-08-15 06:05:16,265 INFO [__main__] dataset load done dates=26304 users=312
2026-08-15 06:05:16,265 INFO [__main__] model load start
2026-08-15 06:05:27,278 INFO [__main__] model load done name=chronos2 device=cuda parameters_total=119,477,664 parameters_trainable=0
2026-08-15 06:05:27,280 INFO [__main__] extraction start split=adapt queries=520
2026-08-15 06:41:42,465 INFO [__main__] extraction done split=adapt
2026-08-15 06:41:42,466 INFO [__main__] extraction start split=eval queries=41
2026-08-15 06:44:34,537 INFO [__main__] extraction done split=eval
2026-08-15 06:44:35,570 INFO [__main__] completion marker saved path=/home/h61084/codes/adapts/outputs/extraction/Electricity/504_168/chronos2/raw/euclidean/15/online/run_0/extraction_manifest.json
2026-08-15 06:44:35,570 INFO [__main__] outputs saved dir=/home/h61084/codes/adapts/outputs/extraction/Electricity/504_168/chronos2/raw/euclidean/15/online/run_0
2026-08-15 06:44:35,570 INFO [__main__] experiment done seconds=2360.31
2026-08-15 06:44:35,570 INFO [__main__] ========================================================================
2026-08-15 06:44:39,547 INFO [__main__] extraction validation directory=/home/h61084/codes/adapts/outputs/extraction/Electricity/504_168/chronos2/raw/euclidean/15/online/run_0 status=complete
2026-08-15T06:44:40+02:00 extraction done configuration=22/96 dataset=Electricity model=chronos2 lags=504 horizon=168 retrieval=raw_euclidean_15_online

2026-08-15T06:44:40+02:00 extraction start configuration=23/96 dataset=Electricity model=chronos2 lags=504 horizon=168 retrieval=raw_euclidean_20_online run=/home/h61084/codes/adapts/outputs/extraction/Electricity/504_168/chronos2/raw/euclidean/20/online/run_0 computation_signature=d6981978fce2aa42843ea08c8869c6b727e9390ef306830ce6f0d48de462f0ea period=24 align_period=false datastore_stride=25 adapt_stride=25 eval_stride=127 max_store_windows=30000 seed=1
2026-08-15 06:44:42,545 INFO [__main__] ========================================================================
2026-08-15 06:44:42,545 INFO [__main__] experiment start kind=extraction dataset=Electricity model=chronos2 lags=504 horizon=168 neighbors=20 distance=raw/euclidean
2026-08-15 06:44:42,769 INFO [__main__] dataset load start
2026-08-15 06:44:42,771 INFO [src.data.load_dataset] loaded dataset config path=/home/h61084/codes/datasets/electricity/config.json keys=['aggr', 'date_col', 'drop_users']
2026-08-15 06:44:43,470 INFO [__main__] dataset load done dates=26304 users=312
2026-08-15 06:44:43,470 INFO [__main__] model load start
2026-08-15 06:44:54,364 INFO [__main__] model load done name=chronos2 device=cuda parameters_total=119,477,664 parameters_trainable=0
2026-08-15 06:44:54,367 INFO [__main__] extraction start split=adapt queries=520
2026-08-15 07:34:48,650 INFO [__main__] extraction done split=adapt
2026-08-15 07:34:48,650 INFO [__main__] extraction start split=eval queries=41
2026-08-15 07:38:41,951 INFO [__main__] extraction done split=eval
2026-08-15 07:38:43,007 INFO [__main__] completion marker saved path=/home/h61084/codes/adapts/outputs/extraction/Electricity/504_168/chronos2/raw/euclidean/20/online/run_0/extraction_manifest.json
2026-08-15 07:38:43,007 INFO [__main__] outputs saved dir=/home/h61084/codes/adapts/outputs/extraction/Electricity/504_168/chronos2/raw/euclidean/20/online/run_0
2026-08-15 07:38:43,007 INFO [__main__] experiment done seconds=3240.45
2026-08-15 07:38:43,007 INFO [__main__] ========================================================================
2026-08-15 07:38:46,933 INFO [__main__] extraction validation directory=/home/h61084/codes/adapts/outputs/extraction/Electricity/504_168/chronos2/raw/euclidean/20/online/run_0 status=complete
2026-08-15T07:38:47+02:00 extraction done configuration=23/96 dataset=Electricity model=chronos2 lags=504 horizon=168 retrieval=raw_euclidean_20_online

2026-08-15T07:38:47+02:00 extraction start configuration=24/96 dataset=Electricity model=chronos2 lags=504 horizon=168 retrieval=raw_euclidean_100_online run=/home/h61084/codes/adapts/outputs/extraction/Electricity/504_168/chronos2/raw/euclidean/100/online/run_0 computation_signature=5242c8e98bdc14e25904a4efa107c0408ffe08e67587ff1bc31d7e452581539c period=24 align_period=false datastore_stride=25 adapt_stride=25 eval_stride=127 max_store_windows=30000 seed=1
2026-08-15 07:38:49,799 INFO [__main__] ========================================================================
2026-08-15 07:38:49,799 INFO [__main__] experiment start kind=extraction dataset=Electricity model=chronos2 lags=504 horizon=168 neighbors=100 distance=raw/euclidean
2026-08-15 07:38:50,027 INFO [__main__] dataset load start
2026-08-15 07:38:50,028 INFO [src.data.load_dataset] loaded dataset config path=/home/h61084/codes/datasets/electricity/config.json keys=['aggr', 'date_col', 'drop_users']
2026-08-15 07:38:50,720 INFO [__main__] dataset load done dates=26304 users=312
2026-08-15 07:38:50,720 INFO [__main__] model load start
2026-08-15 07:39:01,419 INFO [__main__] model load done name=chronos2 device=cuda parameters_total=119,477,664 parameters_trainable=0
2026-08-15 07:39:01,422 INFO [__main__] extraction start split=adapt queries=520
/home/h61084/codes/adapts/outputs/extraction/Electricity/504_168/chronos2/raw/euclidean/100/online/run_0
