add 'logs/extraction_42822.err'
add 'logs/extraction_42822.out'
add 'outputs/extraction/Electricity/504_168/chronos2/none/none/0/none/run_0/extraction_manifest.json'
add 'outputs/extraction/Electricity/504_168/chronos2/none/none/0/none/run_0/extraction_timing.json'
add 'outputs/extraction/Electricity/504_168/chronos2/none/none/0/none/run_0/manifest.json'
add 'outputs/extraction/Electricity/504_168/chronos2/none/none/0/none/run_0/vanilla_metrics.json'
add 'outputs/extraction/Electricity/504_168/chronos2/raw/euclidean/3/online/run_0/extraction_manifest.json'
add 'outputs/extraction/Electricity/504_168/chronos2/raw/euclidean/3/online/run_0/extraction_timing.json'
add 'outputs/extraction/Electricity/504_168/chronos2/raw/euclidean/3/online/run_0/manifest.json'
add 'outputs/extraction/Electricity/504_168/chronos2/raw/euclidean/3/online/run_0/plots/neighbors.png'
[main 9931509b] slurm: publish extraction 42822
 10 files changed, 481 insertions(+)
 create mode 100644 logs/extraction_42822.err
 create mode 100644 logs/extraction_42822.out
 create mode 100644 outputs/extraction/Electricity/504_168/chronos2/none/none/0/none/run_0/extraction_manifest.json
 create mode 100644 outputs/extraction/Electricity/504_168/chronos2/none/none/0/none/run_0/extraction_timing.json
 create mode 100644 outputs/extraction/Electricity/504_168/chronos2/none/none/0/none/run_0/manifest.json
 create mode 100644 outputs/extraction/Electricity/504_168/chronos2/none/none/0/none/run_0/vanilla_metrics.json
 create mode 100644 outputs/extraction/Electricity/504_168/chronos2/raw/euclidean/3/online/run_0/extraction_manifest.json
 create mode 100644 outputs/extraction/Electricity/504_168/chronos2/raw/euclidean/3/online/run_0/extraction_timing.json
 create mode 100644 outputs/extraction/Electricity/504_168/chronos2/raw/euclidean/3/online/run_0/manifest.json
 create mode 100644 outputs/extraction/Electricity/504_168/chronos2/raw/euclidean/3/online/run_0/plots/neighbors.png
HTTP/1.1 401 authenticationrequired
Date: Tue, 11 Aug 2026 09:32:03 GMT
Connection: Keep-Alive
Content-Type: text/html
Cache-Control: no-cache
X-Frame-Options: deny
WWW-Authenticate: Basic realm="LDAPS Gardian Sesame"


Proxy environment configured.
export http_proxy=http://vip-users.proxy.edf.fr:3128
export https_proxy=http://vip-users.proxy.edf.fr:3128
export ftp_proxy=http://vip-users.proxy.edf.fr:3128
export no_proxy=.edf.fr
