2026-08-13T00:51:42+02:00 publish | acquired repository publisher lock
add 'logs/crossrag_43060.err'
add 'logs/crossrag_43060.out'
add 'outputs/adaptation/crossrag/Electricity/512_64/chronos-bolt/crossrag/minmax/cosine/15/online/run_0/manifest.json'
add 'outputs/adaptation/crossrag/Electricity/512_64/chronos-bolt/full_ridge_shared/instance/euclidean/15/online/run_0/baseline_metrics.csv'
add 'outputs/adaptation/crossrag/Electricity/512_64/chronos-bolt/full_ridge_shared/instance/euclidean/15/online/run_0/baseline_metrics.json'
add 'outputs/adaptation/crossrag/Electricity/512_64/chronos-bolt/full_ridge_shared/instance/euclidean/15/online/run_0/baseline_timing.json'
add 'outputs/adaptation/crossrag/Electricity/512_64/chronos-bolt/full_ridge_shared/instance/euclidean/15/online/run_0/full_ridge_shared/baseline_metrics.csv'
add 'outputs/adaptation/crossrag/Electricity/512_64/chronos-bolt/full_ridge_shared/instance/euclidean/15/online/run_0/full_ridge_shared/baseline_metrics.json'
add 'outputs/adaptation/crossrag/Electricity/512_64/chronos-bolt/full_ridge_shared/instance/euclidean/15/online/run_0/manifest.json'
add 'outputs/adaptation/crossrag/Electricity/512_64/chronos-bolt/full_ridge_shared/instance/euclidean/15/online/run_0/prediction_manifest.json'
add 'outputs/adaptation/crossrag/Electricity/512_64/chronos-bolt/full_ridge_shared/instance/euclidean/15/online/run_0/result_manifest.json'
add 'outputs/adaptation/crossrag/Electricity/512_64/chronos-bolt/full_ridge_shared/instance/euclidean/15/online/run_0/vanilla/baseline_metrics.csv'
add 'outputs/adaptation/crossrag/Electricity/512_64/chronos-bolt/full_ridge_shared/instance/euclidean/15/online/run_0/vanilla/baseline_metrics.json'
add 'outputs/adaptation/crossrag/Electricity/512_64/chronos2/full_ridge_shared/instance/euclidean/10/online/run_0/baseline_metrics.csv'
add 'outputs/adaptation/crossrag/Electricity/512_64/chronos2/full_ridge_shared/instance/euclidean/10/online/run_0/baseline_metrics.json'
add 'outputs/adaptation/crossrag/Electricity/512_64/chronos2/full_ridge_shared/instance/euclidean/10/online/run_0/baseline_timing.json'
add 'outputs/adaptation/crossrag/Electricity/512_64/chronos2/full_ridge_shared/instance/euclidean/10/online/run_0/full_ridge_shared/baseline_metrics.csv'
add 'outputs/adaptation/crossrag/Electricity/512_64/chronos2/full_ridge_shared/instance/euclidean/10/online/run_0/full_ridge_shared/baseline_metrics.json'
add 'outputs/adaptation/crossrag/Electricity/512_64/chronos2/full_ridge_shared/instance/euclidean/10/online/run_0/manifest.json'
add 'outputs/adaptation/crossrag/Electricity/512_64/chronos2/full_ridge_shared/instance/euclidean/10/online/run_0/prediction_manifest.json'
add 'outputs/adaptation/crossrag/Electricity/512_64/chronos2/full_ridge_shared/instance/euclidean/10/online/run_0/result_manifest.json'
add 'outputs/adaptation/crossrag/Electricity/512_64/chronos2/full_ridge_shared/instance/euclidean/10/online/run_0/vanilla/baseline_metrics.csv'
add 'outputs/adaptation/crossrag/Electricity/512_64/chronos2/full_ridge_shared/instance/euclidean/10/online/run_0/vanilla/baseline_metrics.json'
add 'outputs/adaptation/crossrag/Solar/512_64/chronos-bolt/full_ridge_shared/instance/euclidean/15/online/run_0/baseline_metrics.csv'
add 'outputs/adaptation/crossrag/Solar/512_64/chronos-bolt/full_ridge_shared/instance/euclidean/15/online/run_0/baseline_metrics.json'
add 'outputs/adaptation/crossrag/Solar/512_64/chronos-bolt/full_ridge_shared/instance/euclidean/15/online/run_0/baseline_timing.json'
add 'outputs/adaptation/crossrag/Solar/512_64/chronos-bolt/full_ridge_shared/instance/euclidean/15/online/run_0/full_ridge_shared/baseline_metrics.csv'
add 'outputs/adaptation/crossrag/Solar/512_64/chronos-bolt/full_ridge_shared/instance/euclidean/15/online/run_0/full_ridge_shared/baseline_metrics.json'
add 'outputs/adaptation/crossrag/Solar/512_64/chronos-bolt/full_ridge_shared/instance/euclidean/15/online/run_0/manifest.json'
add 'outputs/adaptation/crossrag/Solar/512_64/chronos-bolt/full_ridge_shared/instance/euclidean/15/online/run_0/prediction_manifest.json'
add 'outputs/adaptation/crossrag/Solar/512_64/chronos-bolt/full_ridge_shared/instance/euclidean/15/online/run_0/result_manifest.json'
add 'outputs/adaptation/crossrag/Solar/512_64/chronos-bolt/full_ridge_shared/instance/euclidean/15/online/run_0/vanilla/baseline_metrics.csv'
add 'outputs/adaptation/crossrag/Solar/512_64/chronos-bolt/full_ridge_shared/instance/euclidean/15/online/run_0/vanilla/baseline_metrics.json'
add 'outputs/adaptation/crossrag/Solar/512_64/chronos2/full_ridge_shared/instance/euclidean/10/online/run_0/baseline_metrics.csv'
add 'outputs/adaptation/crossrag/Solar/512_64/chronos2/full_ridge_shared/instance/euclidean/10/online/run_0/baseline_metrics.json'
add 'outputs/adaptation/crossrag/Solar/512_64/chronos2/full_ridge_shared/instance/euclidean/10/online/run_0/baseline_timing.json'
add 'outputs/adaptation/crossrag/Solar/512_64/chronos2/full_ridge_shared/instance/euclidean/10/online/run_0/full_ridge_shared/baseline_metrics.csv'
add 'outputs/adaptation/crossrag/Solar/512_64/chronos2/full_ridge_shared/instance/euclidean/10/online/run_0/full_ridge_shared/baseline_metrics.json'
add 'outputs/adaptation/crossrag/Solar/512_64/chronos2/full_ridge_shared/instance/euclidean/10/online/run_0/manifest.json'
add 'outputs/adaptation/crossrag/Solar/512_64/chronos2/full_ridge_shared/instance/euclidean/10/online/run_0/prediction_manifest.json'
add 'outputs/adaptation/crossrag/Solar/512_64/chronos2/full_ridge_shared/instance/euclidean/10/online/run_0/result_manifest.json'
add 'outputs/adaptation/crossrag/Solar/512_64/chronos2/full_ridge_shared/instance/euclidean/10/online/run_0/vanilla/baseline_metrics.csv'
add 'outputs/adaptation/crossrag/Solar/512_64/chronos2/full_ridge_shared/instance/euclidean/10/online/run_0/vanilla/baseline_metrics.json'
add 'outputs/adaptation/crossrag/Traffic/512_64/chronos-bolt/full_ridge_shared/instance/euclidean/15/online/run_0/baseline_metrics.csv'
add 'outputs/adaptation/crossrag/Traffic/512_64/chronos-bolt/full_ridge_shared/instance/euclidean/15/online/run_0/baseline_metrics.json'
add 'outputs/adaptation/crossrag/Traffic/512_64/chronos-bolt/full_ridge_shared/instance/euclidean/15/online/run_0/baseline_timing.json'
add 'outputs/adaptation/crossrag/Traffic/512_64/chronos-bolt/full_ridge_shared/instance/euclidean/15/online/run_0/full_ridge_shared/baseline_metrics.csv'
add 'outputs/adaptation/crossrag/Traffic/512_64/chronos-bolt/full_ridge_shared/instance/euclidean/15/online/run_0/full_ridge_shared/baseline_metrics.json'
add 'outputs/adaptation/crossrag/Traffic/512_64/chronos-bolt/full_ridge_shared/instance/euclidean/15/online/run_0/manifest.json'
add 'outputs/adaptation/crossrag/Traffic/512_64/chronos-bolt/full_ridge_shared/instance/euclidean/15/online/run_0/prediction_manifest.json'
add 'outputs/adaptation/crossrag/Traffic/512_64/chronos-bolt/full_ridge_shared/instance/euclidean/15/online/run_0/result_manifest.json'
add 'outputs/adaptation/crossrag/Traffic/512_64/chronos-bolt/full_ridge_shared/instance/euclidean/15/online/run_0/vanilla/baseline_metrics.csv'
add 'outputs/adaptation/crossrag/Traffic/512_64/chronos-bolt/full_ridge_shared/instance/euclidean/15/online/run_0/vanilla/baseline_metrics.json'
add 'outputs/adaptation/crossrag/Traffic/512_64/chronos2/full_ridge_shared/instance/euclidean/10/online/run_0/baseline_metrics.csv'
add 'outputs/adaptation/crossrag/Traffic/512_64/chronos2/full_ridge_shared/instance/euclidean/10/online/run_0/baseline_metrics.json'
add 'outputs/adaptation/crossrag/Traffic/512_64/chronos2/full_ridge_shared/instance/euclidean/10/online/run_0/baseline_timing.json'
add 'outputs/adaptation/crossrag/Traffic/512_64/chronos2/full_ridge_shared/instance/euclidean/10/online/run_0/full_ridge_shared/baseline_metrics.csv'
add 'outputs/adaptation/crossrag/Traffic/512_64/chronos2/full_ridge_shared/instance/euclidean/10/online/run_0/full_ridge_shared/baseline_metrics.json'
add 'outputs/adaptation/crossrag/Traffic/512_64/chronos2/full_ridge_shared/instance/euclidean/10/online/run_0/manifest.json'
add 'outputs/adaptation/crossrag/Traffic/512_64/chronos2/full_ridge_shared/instance/euclidean/10/online/run_0/prediction_manifest.json'
add 'outputs/adaptation/crossrag/Traffic/512_64/chronos2/full_ridge_shared/instance/euclidean/10/online/run_0/result_manifest.json'
add 'outputs/adaptation/crossrag/Traffic/512_64/chronos2/full_ridge_shared/instance/euclidean/10/online/run_0/vanilla/baseline_metrics.csv'
add 'outputs/adaptation/crossrag/Traffic/512_64/chronos2/full_ridge_shared/instance/euclidean/10/online/run_0/vanilla/baseline_metrics.json'
add 'outputs/adaptation/crossrag/exchange_rate/512_64/chronos-bolt/full_ridge_shared/instance/euclidean/15/online/run_0/baseline_metrics.csv'
add 'outputs/adaptation/crossrag/exchange_rate/512_64/chronos-bolt/full_ridge_shared/instance/euclidean/15/online/run_0/baseline_metrics.json'
add 'outputs/adaptation/crossrag/exchange_rate/512_64/chronos-bolt/full_ridge_shared/instance/euclidean/15/online/run_0/baseline_timing.json'
add 'outputs/adaptation/crossrag/exchange_rate/512_64/chronos-bolt/full_ridge_shared/instance/euclidean/15/online/run_0/full_ridge_shared/baseline_metrics.csv'
add 'outputs/adaptation/crossrag/exchange_rate/512_64/chronos-bolt/full_ridge_shared/instance/euclidean/15/online/run_0/full_ridge_shared/baseline_metrics.json'
add 'outputs/adaptation/crossrag/exchange_rate/512_64/chronos-bolt/full_ridge_shared/instance/euclidean/15/online/run_0/manifest.json'
add 'outputs/adaptation/crossrag/exchange_rate/512_64/chronos-bolt/full_ridge_shared/instance/euclidean/15/online/run_0/prediction_manifest.json'
add 'outputs/adaptation/crossrag/exchange_rate/512_64/chronos-bolt/full_ridge_shared/instance/euclidean/15/online/run_0/result_manifest.json'
add 'outputs/adaptation/crossrag/exchange_rate/512_64/chronos-bolt/full_ridge_shared/instance/euclidean/15/online/run_0/vanilla/baseline_metrics.csv'
add 'outputs/adaptation/crossrag/exchange_rate/512_64/chronos-bolt/full_ridge_shared/instance/euclidean/15/online/run_0/vanilla/baseline_metrics.json'
add 'outputs/adaptation/crossrag/exchange_rate/512_64/chronos2/full_ridge_shared/instance/euclidean/10/online/run_0/baseline_metrics.csv'
add 'outputs/adaptation/crossrag/exchange_rate/512_64/chronos2/full_ridge_shared/instance/euclidean/10/online/run_0/baseline_metrics.json'
add 'outputs/adaptation/crossrag/exchange_rate/512_64/chronos2/full_ridge_shared/instance/euclidean/10/online/run_0/baseline_timing.json'
add 'outputs/adaptation/crossrag/exchange_rate/512_64/chronos2/full_ridge_shared/instance/euclidean/10/online/run_0/full_ridge_shared/baseline_metrics.csv'
add 'outputs/adaptation/crossrag/exchange_rate/512_64/chronos2/full_ridge_shared/instance/euclidean/10/online/run_0/full_ridge_shared/baseline_metrics.json'
add 'outputs/adaptation/crossrag/exchange_rate/512_64/chronos2/full_ridge_shared/instance/euclidean/10/online/run_0/manifest.json'
add 'outputs/adaptation/crossrag/exchange_rate/512_64/chronos2/full_ridge_shared/instance/euclidean/10/online/run_0/prediction_manifest.json'
add 'outputs/adaptation/crossrag/exchange_rate/512_64/chronos2/full_ridge_shared/instance/euclidean/10/online/run_0/result_manifest.json'
add 'outputs/adaptation/crossrag/exchange_rate/512_64/chronos2/full_ridge_shared/instance/euclidean/10/online/run_0/vanilla/baseline_metrics.csv'
add 'outputs/adaptation/crossrag/exchange_rate/512_64/chronos2/full_ridge_shared/instance/euclidean/10/online/run_0/vanilla/baseline_metrics.json'
add 'outputs/extraction/Electricity/512_64/chronos-bolt/instance/euclidean/15/online/run_0/extraction_manifest.json'
add 'outputs/extraction/Electricity/512_64/chronos-bolt/instance/euclidean/15/online/run_0/extraction_timing.json'
add 'outputs/extraction/Electricity/512_64/chronos-bolt/instance/euclidean/15/online/run_0/manifest.json'
add 'outputs/extraction/Electricity/512_64/chronos-bolt/instance/euclidean/15/online/run_0/plots/neighbors.png'
add 'outputs/extraction/Electricity/512_64/chronos-bolt/minmax/cosine/15/online/run_0/extraction_manifest.json'
add 'outputs/extraction/Electricity/512_64/chronos-bolt/minmax/cosine/15/online/run_0/extraction_timing.json'
add 'outputs/extraction/Electricity/512_64/chronos-bolt/minmax/cosine/15/online/run_0/manifest.json'
add 'outputs/extraction/Electricity/512_64/chronos-bolt/minmax/cosine/15/online/run_0/plots/neighbors.png'
add 'outputs/extraction/Electricity/512_64/chronos-bolt/none/none/0/none/run_0/extraction_manifest.json'
add 'outputs/extraction/Electricity/512_64/chronos-bolt/none/none/0/none/run_0/extraction_timing.json'
add 'outputs/extraction/Electricity/512_64/chronos-bolt/none/none/0/none/run_0/manifest.json'
add 'outputs/extraction/Electricity/512_64/chronos-bolt/none/none/0/none/run_0/manifest_history/20260812214136071908_43060.json'
add 'outputs/extraction/Electricity/512_64/chronos-bolt/none/none/0/none/run_0/vanilla_metrics.json'
add 'outputs/extraction/Electricity/512_64/chronos2/instance/euclidean/10/online/run_0/extraction_manifest.json'
add 'outputs/extraction/Electricity/512_64/chronos2/instance/euclidean/10/online/run_0/extraction_timing.json'
add 'outputs/extraction/Electricity/512_64/chronos2/instance/euclidean/10/online/run_0/manifest.json'
add 'outputs/extraction/Electricity/512_64/chronos2/instance/euclidean/10/online/run_0/plots/neighbors.png'
add 'outputs/extraction/Electricity/512_64/chronos2/none/none/0/none/run_0/extraction_manifest.json'
add 'outputs/extraction/Electricity/512_64/chronos2/none/none/0/none/run_0/extraction_timing.json'
add 'outputs/extraction/Electricity/512_64/chronos2/none/none/0/none/run_0/manifest.json'
add 'outputs/extraction/Electricity/512_64/chronos2/none/none/0/none/run_0/vanilla_metrics.json'
add 'outputs/extraction/Solar/512_64/chronos-bolt/instance/euclidean/15/online/run_0/extraction_manifest.json'
add 'outputs/extraction/Solar/512_64/chronos-bolt/instance/euclidean/15/online/run_0/extraction_timing.json'
add 'outputs/extraction/Solar/512_64/chronos-bolt/instance/euclidean/15/online/run_0/manifest.json'
add 'outputs/extraction/Solar/512_64/chronos-bolt/instance/euclidean/15/online/run_0/plots/neighbors.png'
add 'outputs/extraction/Solar/512_64/chronos-bolt/minmax/cosine/15/online/run_0/extraction_manifest.json'
add 'outputs/extraction/Solar/512_64/chronos-bolt/minmax/cosine/15/online/run_0/extraction_timing.json'
add 'outputs/extraction/Solar/512_64/chronos-bolt/minmax/cosine/15/online/run_0/manifest.json'
add 'outputs/extraction/Solar/512_64/chronos-bolt/minmax/cosine/15/online/run_0/plots/neighbors.png'
add 'outputs/extraction/Solar/512_64/chronos-bolt/none/none/0/none/run_0/extraction_manifest.json'
add 'outputs/extraction/Solar/512_64/chronos-bolt/none/none/0/none/run_0/extraction_timing.json'
add 'outputs/extraction/Solar/512_64/chronos-bolt/none/none/0/none/run_0/manifest.json'
add 'outputs/extraction/Solar/512_64/chronos-bolt/none/none/0/none/run_0/manifest_history/20260812224546376654_43060.json'
add 'outputs/extraction/Solar/512_64/chronos-bolt/none/none/0/none/run_0/vanilla_metrics.json'
add 'outputs/extraction/Solar/512_64/chronos2/instance/euclidean/10/online/run_0/extraction_manifest.json'
add 'outputs/extraction/Solar/512_64/chronos2/instance/euclidean/10/online/run_0/extraction_timing.json'
add 'outputs/extraction/Solar/512_64/chronos2/instance/euclidean/10/online/run_0/manifest.json'
add 'outputs/extraction/Solar/512_64/chronos2/instance/euclidean/10/online/run_0/plots/neighbors.png'
add 'outputs/extraction/Solar/512_64/chronos2/none/none/0/none/run_0/extraction_manifest.json'
add 'outputs/extraction/Solar/512_64/chronos2/none/none/0/none/run_0/extraction_timing.json'
add 'outputs/extraction/Solar/512_64/chronos2/none/none/0/none/run_0/manifest.json'
add 'outputs/extraction/Solar/512_64/chronos2/none/none/0/none/run_0/vanilla_metrics.json'
add 'outputs/extraction/Traffic/512_64/chronos-bolt/instance/euclidean/15/online/run_0/extraction_manifest.json'
add 'outputs/extraction/Traffic/512_64/chronos-bolt/instance/euclidean/15/online/run_0/extraction_timing.json'
add 'outputs/extraction/Traffic/512_64/chronos-bolt/instance/euclidean/15/online/run_0/manifest.json'
add 'outputs/extraction/Traffic/512_64/chronos-bolt/instance/euclidean/15/online/run_0/plots/neighbors.png'
add 'outputs/extraction/Traffic/512_64/chronos-bolt/minmax/cosine/15/online/run_0/extraction_manifest.json'
add 'outputs/extraction/Traffic/512_64/chronos-bolt/minmax/cosine/15/online/run_0/extraction_timing.json'
add 'outputs/extraction/Traffic/512_64/chronos-bolt/minmax/cosine/15/online/run_0/manifest.json'
add 'outputs/extraction/Traffic/512_64/chronos-bolt/minmax/cosine/15/online/run_0/plots/neighbors.png'
add 'outputs/extraction/Traffic/512_64/chronos-bolt/none/none/0/none/run_0/extraction_manifest.json'
add 'outputs/extraction/Traffic/512_64/chronos-bolt/none/none/0/none/run_0/extraction_timing.json'
add 'outputs/extraction/Traffic/512_64/chronos-bolt/none/none/0/none/run_0/manifest.json'
add 'outputs/extraction/Traffic/512_64/chronos-bolt/none/none/0/none/run_0/manifest_history/20260812220502630487_43060.json'
add 'outputs/extraction/Traffic/512_64/chronos-bolt/none/none/0/none/run_0/vanilla_metrics.json'
add 'outputs/extraction/Traffic/512_64/chronos2/instance/euclidean/10/online/run_0/extraction_manifest.json'
add 'outputs/extraction/Traffic/512_64/chronos2/instance/euclidean/10/online/run_0/extraction_timing.json'
add 'outputs/extraction/Traffic/512_64/chronos2/instance/euclidean/10/online/run_0/manifest.json'
add 'outputs/extraction/Traffic/512_64/chronos2/instance/euclidean/10/online/run_0/plots/neighbors.png'
add 'outputs/extraction/Traffic/512_64/chronos2/none/none/0/none/run_0/extraction_manifest.json'
add 'outputs/extraction/Traffic/512_64/chronos2/none/none/0/none/run_0/extraction_timing.json'
add 'outputs/extraction/Traffic/512_64/chronos2/none/none/0/none/run_0/manifest.json'
add 'outputs/extraction/Traffic/512_64/chronos2/none/none/0/none/run_0/vanilla_metrics.json'
add 'outputs/extraction/exchange_rate/512_64/chronos-bolt/instance/euclidean/15/online/run_0/extraction_manifest.json'
add 'outputs/extraction/exchange_rate/512_64/chronos-bolt/instance/euclidean/15/online/run_0/extraction_timing.json'
add 'outputs/extraction/exchange_rate/512_64/chronos-bolt/instance/euclidean/15/online/run_0/manifest.json'
add 'outputs/extraction/exchange_rate/512_64/chronos-bolt/instance/euclidean/15/online/run_0/plots/neighbors.png'
add 'outputs/extraction/exchange_rate/512_64/chronos-bolt/minmax/cosine/15/online/run_0/extraction_manifest.json'
add 'outputs/extraction/exchange_rate/512_64/chronos-bolt/minmax/cosine/15/online/run_0/extraction_timing.json'
add 'outputs/extraction/exchange_rate/512_64/chronos-bolt/minmax/cosine/15/online/run_0/manifest.json'
add 'outputs/extraction/exchange_rate/512_64/chronos-bolt/minmax/cosine/15/online/run_0/plots/neighbors.png'
add 'outputs/extraction/exchange_rate/512_64/chronos-bolt/none/none/0/none/run_0/extraction_manifest.json'
add 'outputs/extraction/exchange_rate/512_64/chronos-bolt/none/none/0/none/run_0/extraction_timing.json'
add 'outputs/extraction/exchange_rate/512_64/chronos-bolt/none/none/0/none/run_0/manifest.json'
add 'outputs/extraction/exchange_rate/512_64/chronos-bolt/none/none/0/none/run_0/manifest_history/20260812224934193753_43060.json'
add 'outputs/extraction/exchange_rate/512_64/chronos-bolt/none/none/0/none/run_0/vanilla_metrics.json'
add 'outputs/extraction/exchange_rate/512_64/chronos2/instance/euclidean/10/online/run_0/extraction_manifest.json'
add 'outputs/extraction/exchange_rate/512_64/chronos2/instance/euclidean/10/online/run_0/extraction_timing.json'
add 'outputs/extraction/exchange_rate/512_64/chronos2/instance/euclidean/10/online/run_0/manifest.json'
add 'outputs/extraction/exchange_rate/512_64/chronos2/instance/euclidean/10/online/run_0/plots/neighbors.png'
add 'outputs/extraction/exchange_rate/512_64/chronos2/none/none/0/none/run_0/extraction_manifest.json'
add 'outputs/extraction/exchange_rate/512_64/chronos2/none/none/0/none/run_0/extraction_timing.json'
add 'outputs/extraction/exchange_rate/512_64/chronos2/none/none/0/none/run_0/manifest.json'
add 'outputs/extraction/exchange_rate/512_64/chronos2/none/none/0/none/run_0/vanilla_metrics.json'
[main 2fb95092] slurm: publish crossrag 43060
 167 files changed, 7962 insertions(+)
 create mode 100644 logs/crossrag_43060.err
 create mode 100644 logs/crossrag_43060.out
 create mode 100644 outputs/adaptation/crossrag/Electricity/512_64/chronos-bolt/crossrag/minmax/cosine/15/online/run_0/manifest.json
 create mode 100644 outputs/adaptation/crossrag/Electricity/512_64/chronos-bolt/full_ridge_shared/instance/euclidean/15/online/run_0/baseline_metrics.csv
 create mode 100644 outputs/adaptation/crossrag/Electricity/512_64/chronos-bolt/full_ridge_shared/instance/euclidean/15/online/run_0/baseline_metrics.json
 create mode 100644 outputs/adaptation/crossrag/Electricity/512_64/chronos-bolt/full_ridge_shared/instance/euclidean/15/online/run_0/baseline_timing.json
 create mode 100644 outputs/adaptation/crossrag/Electricity/512_64/chronos-bolt/full_ridge_shared/instance/euclidean/15/online/run_0/full_ridge_shared/baseline_metrics.csv
 create mode 100644 outputs/adaptation/crossrag/Electricity/512_64/chronos-bolt/full_ridge_shared/instance/euclidean/15/online/run_0/full_ridge_shared/baseline_metrics.json
 create mode 100644 outputs/adaptation/crossrag/Electricity/512_64/chronos-bolt/full_ridge_shared/instance/euclidean/15/online/run_0/manifest.json
 create mode 100644 outputs/adaptation/crossrag/Electricity/512_64/chronos-bolt/full_ridge_shared/instance/euclidean/15/online/run_0/prediction_manifest.json
 create mode 100644 outputs/adaptation/crossrag/Electricity/512_64/chronos-bolt/full_ridge_shared/instance/euclidean/15/online/run_0/result_manifest.json
 create mode 100644 outputs/adaptation/crossrag/Electricity/512_64/chronos-bolt/full_ridge_shared/instance/euclidean/15/online/run_0/vanilla/baseline_metrics.csv
 create mode 100644 outputs/adaptation/crossrag/Electricity/512_64/chronos-bolt/full_ridge_shared/instance/euclidean/15/online/run_0/vanilla/baseline_metrics.json
 create mode 100644 outputs/adaptation/crossrag/Electricity/512_64/chronos2/full_ridge_shared/instance/euclidean/10/online/run_0/baseline_metrics.csv
 create mode 100644 outputs/adaptation/crossrag/Electricity/512_64/chronos2/full_ridge_shared/instance/euclidean/10/online/run_0/baseline_metrics.json
 create mode 100644 outputs/adaptation/crossrag/Electricity/512_64/chronos2/full_ridge_shared/instance/euclidean/10/online/run_0/baseline_timing.json
 create mode 100644 outputs/adaptation/crossrag/Electricity/512_64/chronos2/full_ridge_shared/instance/euclidean/10/online/run_0/full_ridge_shared/baseline_metrics.csv
 create mode 100644 outputs/adaptation/crossrag/Electricity/512_64/chronos2/full_ridge_shared/instance/euclidean/10/online/run_0/full_ridge_shared/baseline_metrics.json
 create mode 100644 outputs/adaptation/crossrag/Electricity/512_64/chronos2/full_ridge_shared/instance/euclidean/10/online/run_0/manifest.json
 create mode 100644 outputs/adaptation/crossrag/Electricity/512_64/chronos2/full_ridge_shared/instance/euclidean/10/online/run_0/prediction_manifest.json
 create mode 100644 outputs/adaptation/crossrag/Electricity/512_64/chronos2/full_ridge_shared/instance/euclidean/10/online/run_0/result_manifest.json
 create mode 100644 outputs/adaptation/crossrag/Electricity/512_64/chronos2/full_ridge_shared/instance/euclidean/10/online/run_0/vanilla/baseline_metrics.csv
 create mode 100644 outputs/adaptation/crossrag/Electricity/512_64/chronos2/full_ridge_shared/instance/euclidean/10/online/run_0/vanilla/baseline_metrics.json
 create mode 100644 outputs/adaptation/crossrag/Solar/512_64/chronos-bolt/full_ridge_shared/instance/euclidean/15/online/run_0/baseline_metrics.csv
 create mode 100644 outputs/adaptation/crossrag/Solar/512_64/chronos-bolt/full_ridge_shared/instance/euclidean/15/online/run_0/baseline_metrics.json
 create mode 100644 outputs/adaptation/crossrag/Solar/512_64/chronos-bolt/full_ridge_shared/instance/euclidean/15/online/run_0/baseline_timing.json
 create mode 100644 outputs/adaptation/crossrag/Solar/512_64/chronos-bolt/full_ridge_shared/instance/euclidean/15/online/run_0/full_ridge_shared/baseline_metrics.csv
 create mode 100644 outputs/adaptation/crossrag/Solar/512_64/chronos-bolt/full_ridge_shared/instance/euclidean/15/online/run_0/full_ridge_shared/baseline_metrics.json
 create mode 100644 outputs/adaptation/crossrag/Solar/512_64/chronos-bolt/full_ridge_shared/instance/euclidean/15/online/run_0/manifest.json
 create mode 100644 outputs/adaptation/crossrag/Solar/512_64/chronos-bolt/full_ridge_shared/instance/euclidean/15/online/run_0/prediction_manifest.json
 create mode 100644 outputs/adaptation/crossrag/Solar/512_64/chronos-bolt/full_ridge_shared/instance/euclidean/15/online/run_0/result_manifest.json
 create mode 100644 outputs/adaptation/crossrag/Solar/512_64/chronos-bolt/full_ridge_shared/instance/euclidean/15/online/run_0/vanilla/baseline_metrics.csv
 create mode 100644 outputs/adaptation/crossrag/Solar/512_64/chronos-bolt/full_ridge_shared/instance/euclidean/15/online/run_0/vanilla/baseline_metrics.json
 create mode 100644 outputs/adaptation/crossrag/Solar/512_64/chronos2/full_ridge_shared/instance/euclidean/10/online/run_0/baseline_metrics.csv
 create mode 100644 outputs/adaptation/crossrag/Solar/512_64/chronos2/full_ridge_shared/instance/euclidean/10/online/run_0/baseline_metrics.json
 create mode 100644 outputs/adaptation/crossrag/Solar/512_64/chronos2/full_ridge_shared/instance/euclidean/10/online/run_0/baseline_timing.json
 create mode 100644 outputs/adaptation/crossrag/Solar/512_64/chronos2/full_ridge_shared/instance/euclidean/10/online/run_0/full_ridge_shared/baseline_metrics.csv
 create mode 100644 outputs/adaptation/crossrag/Solar/512_64/chronos2/full_ridge_shared/instance/euclidean/10/online/run_0/full_ridge_shared/baseline_metrics.json
 create mode 100644 outputs/adaptation/crossrag/Solar/512_64/chronos2/full_ridge_shared/instance/euclidean/10/online/run_0/manifest.json
 create mode 100644 outputs/adaptation/crossrag/Solar/512_64/chronos2/full_ridge_shared/instance/euclidean/10/online/run_0/prediction_manifest.json
 create mode 100644 outputs/adaptation/crossrag/Solar/512_64/chronos2/full_ridge_shared/instance/euclidean/10/online/run_0/result_manifest.json
 create mode 100644 outputs/adaptation/crossrag/Solar/512_64/chronos2/full_ridge_shared/instance/euclidean/10/online/run_0/vanilla/baseline_metrics.csv
 create mode 100644 outputs/adaptation/crossrag/Solar/512_64/chronos2/full_ridge_shared/instance/euclidean/10/online/run_0/vanilla/baseline_metrics.json
 create mode 100644 outputs/adaptation/crossrag/Traffic/512_64/chronos-bolt/full_ridge_shared/instance/euclidean/15/online/run_0/baseline_metrics.csv
 create mode 100644 outputs/adaptation/crossrag/Traffic/512_64/chronos-bolt/full_ridge_shared/instance/euclidean/15/online/run_0/baseline_metrics.json
 create mode 100644 outputs/adaptation/crossrag/Traffic/512_64/chronos-bolt/full_ridge_shared/instance/euclidean/15/online/run_0/baseline_timing.json
 create mode 100644 outputs/adaptation/crossrag/Traffic/512_64/chronos-bolt/full_ridge_shared/instance/euclidean/15/online/run_0/full_ridge_shared/baseline_metrics.csv
 create mode 100644 outputs/adaptation/crossrag/Traffic/512_64/chronos-bolt/full_ridge_shared/instance/euclidean/15/online/run_0/full_ridge_shared/baseline_metrics.json
 create mode 100644 outputs/adaptation/crossrag/Traffic/512_64/chronos-bolt/full_ridge_shared/instance/euclidean/15/online/run_0/manifest.json
 create mode 100644 outputs/adaptation/crossrag/Traffic/512_64/chronos-bolt/full_ridge_shared/instance/euclidean/15/online/run_0/prediction_manifest.json
 create mode 100644 outputs/adaptation/crossrag/Traffic/512_64/chronos-bolt/full_ridge_shared/instance/euclidean/15/online/run_0/result_manifest.json
 create mode 100644 outputs/adaptation/crossrag/Traffic/512_64/chronos-bolt/full_ridge_shared/instance/euclidean/15/online/run_0/vanilla/baseline_metrics.csv
 create mode 100644 outputs/adaptation/crossrag/Traffic/512_64/chronos-bolt/full_ridge_shared/instance/euclidean/15/online/run_0/vanilla/baseline_metrics.json
 create mode 100644 outputs/adaptation/crossrag/Traffic/512_64/chronos2/full_ridge_shared/instance/euclidean/10/online/run_0/baseline_metrics.csv
 create mode 100644 outputs/adaptation/crossrag/Traffic/512_64/chronos2/full_ridge_shared/instance/euclidean/10/online/run_0/baseline_metrics.json
 create mode 100644 outputs/adaptation/crossrag/Traffic/512_64/chronos2/full_ridge_shared/instance/euclidean/10/online/run_0/baseline_timing.json
 create mode 100644 outputs/adaptation/crossrag/Traffic/512_64/chronos2/full_ridge_shared/instance/euclidean/10/online/run_0/full_ridge_shared/baseline_metrics.csv
 create mode 100644 outputs/adaptation/crossrag/Traffic/512_64/chronos2/full_ridge_shared/instance/euclidean/10/online/run_0/full_ridge_shared/baseline_metrics.json
 create mode 100644 outputs/adaptation/crossrag/Traffic/512_64/chronos2/full_ridge_shared/instance/euclidean/10/online/run_0/manifest.json
 create mode 100644 outputs/adaptation/crossrag/Traffic/512_64/chronos2/full_ridge_shared/instance/euclidean/10/online/run_0/prediction_manifest.json
 create mode 100644 outputs/adaptation/crossrag/Traffic/512_64/chronos2/full_ridge_shared/instance/euclidean/10/online/run_0/result_manifest.json
 create mode 100644 outputs/adaptation/crossrag/Traffic/512_64/chronos2/full_ridge_shared/instance/euclidean/10/online/run_0/vanilla/baseline_metrics.csv
 create mode 100644 outputs/adaptation/crossrag/Traffic/512_64/chronos2/full_ridge_shared/instance/euclidean/10/online/run_0/vanilla/baseline_metrics.json
 create mode 100644 outputs/adaptation/crossrag/exchange_rate/512_64/chronos-bolt/full_ridge_shared/instance/euclidean/15/online/run_0/baseline_metrics.csv
 create mode 100644 outputs/adaptation/crossrag/exchange_rate/512_64/chronos-bolt/full_ridge_shared/instance/euclidean/15/online/run_0/baseline_metrics.json
 create mode 100644 outputs/adaptation/crossrag/exchange_rate/512_64/chronos-bolt/full_ridge_shared/instance/euclidean/15/online/run_0/baseline_timing.json
 create mode 100644 outputs/adaptation/crossrag/exchange_rate/512_64/chronos-bolt/full_ridge_shared/instance/euclidean/15/online/run_0/full_ridge_shared/baseline_metrics.csv
 create mode 100644 outputs/adaptation/crossrag/exchange_rate/512_64/chronos-bolt/full_ridge_shared/instance/euclidean/15/online/run_0/full_ridge_shared/baseline_metrics.json
 create mode 100644 outputs/adaptation/crossrag/exchange_rate/512_64/chronos-bolt/full_ridge_shared/instance/euclidean/15/online/run_0/manifest.json
 create mode 100644 outputs/adaptation/crossrag/exchange_rate/512_64/chronos-bolt/full_ridge_shared/instance/euclidean/15/online/run_0/prediction_manifest.json
 create mode 100644 outputs/adaptation/crossrag/exchange_rate/512_64/chronos-bolt/full_ridge_shared/instance/euclidean/15/online/run_0/result_manifest.json
 create mode 100644 outputs/adaptation/crossrag/exchange_rate/512_64/chronos-bolt/full_ridge_shared/instance/euclidean/15/online/run_0/vanilla/baseline_metrics.csv
 create mode 100644 outputs/adaptation/crossrag/exchange_rate/512_64/chronos-bolt/full_ridge_shared/instance/euclidean/15/online/run_0/vanilla/baseline_metrics.json
 create mode 100644 outputs/adaptation/crossrag/exchange_rate/512_64/chronos2/full_ridge_shared/instance/euclidean/10/online/run_0/baseline_metrics.csv
 create mode 100644 outputs/adaptation/crossrag/exchange_rate/512_64/chronos2/full_ridge_shared/instance/euclidean/10/online/run_0/baseline_metrics.json
 create mode 100644 outputs/adaptation/crossrag/exchange_rate/512_64/chronos2/full_ridge_shared/instance/euclidean/10/online/run_0/baseline_timing.json
 create mode 100644 outputs/adaptation/crossrag/exchange_rate/512_64/chronos2/full_ridge_shared/instance/euclidean/10/online/run_0/full_ridge_shared/baseline_metrics.csv
 create mode 100644 outputs/adaptation/crossrag/exchange_rate/512_64/chronos2/full_ridge_shared/instance/euclidean/10/online/run_0/full_ridge_shared/baseline_metrics.json
 create mode 100644 outputs/adaptation/crossrag/exchange_rate/512_64/chronos2/full_ridge_shared/instance/euclidean/10/online/run_0/manifest.json
 create mode 100644 outputs/adaptation/crossrag/exchange_rate/512_64/chronos2/full_ridge_shared/instance/euclidean/10/online/run_0/prediction_manifest.json
 create mode 100644 outputs/adaptation/crossrag/exchange_rate/512_64/chronos2/full_ridge_shared/instance/euclidean/10/online/run_0/result_manifest.json
 create mode 100644 outputs/adaptation/crossrag/exchange_rate/512_64/chronos2/full_ridge_shared/instance/euclidean/10/online/run_0/vanilla/baseline_metrics.csv
 create mode 100644 outputs/adaptation/crossrag/exchange_rate/512_64/chronos2/full_ridge_shared/instance/euclidean/10/online/run_0/vanilla/baseline_metrics.json
 create mode 100644 outputs/extraction/Electricity/512_64/chronos-bolt/instance/euclidean/15/online/run_0/extraction_manifest.json
 create mode 100644 outputs/extraction/Electricity/512_64/chronos-bolt/instance/euclidean/15/online/run_0/extraction_timing.json
 create mode 100644 outputs/extraction/Electricity/512_64/chronos-bolt/instance/euclidean/15/online/run_0/manifest.json
 create mode 100644 outputs/extraction/Electricity/512_64/chronos-bolt/instance/euclidean/15/online/run_0/plots/neighbors.png
 create mode 100644 outputs/extraction/Electricity/512_64/chronos-bolt/minmax/cosine/15/online/run_0/extraction_manifest.json
 create mode 100644 outputs/extraction/Electricity/512_64/chronos-bolt/minmax/cosine/15/online/run_0/extraction_timing.json
 create mode 100644 outputs/extraction/Electricity/512_64/chronos-bolt/minmax/cosine/15/online/run_0/manifest.json
 create mode 100644 outputs/extraction/Electricity/512_64/chronos-bolt/minmax/cosine/15/online/run_0/plots/neighbors.png
 create mode 100644 outputs/extraction/Electricity/512_64/chronos-bolt/none/none/0/none/run_0/extraction_manifest.json
 create mode 100644 outputs/extraction/Electricity/512_64/chronos-bolt/none/none/0/none/run_0/extraction_timing.json
 create mode 100644 outputs/extraction/Electricity/512_64/chronos-bolt/none/none/0/none/run_0/manifest.json
 create mode 100644 outputs/extraction/Electricity/512_64/chronos-bolt/none/none/0/none/run_0/manifest_history/20260812214136071908_43060.json
 create mode 100644 outputs/extraction/Electricity/512_64/chronos-bolt/none/none/0/none/run_0/vanilla_metrics.json
 create mode 100644 outputs/extraction/Electricity/512_64/chronos2/instance/euclidean/10/online/run_0/extraction_manifest.json
 create mode 100644 outputs/extraction/Electricity/512_64/chronos2/instance/euclidean/10/online/run_0/extraction_timing.json
 create mode 100644 outputs/extraction/Electricity/512_64/chronos2/instance/euclidean/10/online/run_0/manifest.json
 create mode 100644 outputs/extraction/Electricity/512_64/chronos2/instance/euclidean/10/online/run_0/plots/neighbors.png
 create mode 100644 outputs/extraction/Electricity/512_64/chronos2/none/none/0/none/run_0/extraction_manifest.json
 create mode 100644 outputs/extraction/Electricity/512_64/chronos2/none/none/0/none/run_0/extraction_timing.json
 create mode 100644 outputs/extraction/Electricity/512_64/chronos2/none/none/0/none/run_0/manifest.json
 create mode 100644 outputs/extraction/Electricity/512_64/chronos2/none/none/0/none/run_0/vanilla_metrics.json
 create mode 100644 outputs/extraction/Solar/512_64/chronos-bolt/instance/euclidean/15/online/run_0/extraction_manifest.json
 create mode 100644 outputs/extraction/Solar/512_64/chronos-bolt/instance/euclidean/15/online/run_0/extraction_timing.json
 create mode 100644 outputs/extraction/Solar/512_64/chronos-bolt/instance/euclidean/15/online/run_0/manifest.json
 create mode 100644 outputs/extraction/Solar/512_64/chronos-bolt/instance/euclidean/15/online/run_0/plots/neighbors.png
 create mode 100644 outputs/extraction/Solar/512_64/chronos-bolt/minmax/cosine/15/online/run_0/extraction_manifest.json
 create mode 100644 outputs/extraction/Solar/512_64/chronos-bolt/minmax/cosine/15/online/run_0/extraction_timing.json
 create mode 100644 outputs/extraction/Solar/512_64/chronos-bolt/minmax/cosine/15/online/run_0/manifest.json
 create mode 100644 outputs/extraction/Solar/512_64/chronos-bolt/minmax/cosine/15/online/run_0/plots/neighbors.png
 create mode 100644 outputs/extraction/Solar/512_64/chronos-bolt/none/none/0/none/run_0/extraction_manifest.json
 create mode 100644 outputs/extraction/Solar/512_64/chronos-bolt/none/none/0/none/run_0/extraction_timing.json
 create mode 100644 outputs/extraction/Solar/512_64/chronos-bolt/none/none/0/none/run_0/manifest.json
 create mode 100644 outputs/extraction/Solar/512_64/chronos-bolt/none/none/0/none/run_0/manifest_history/20260812224546376654_43060.json
 create mode 100644 outputs/extraction/Solar/512_64/chronos-bolt/none/none/0/none/run_0/vanilla_metrics.json
 create mode 100644 outputs/extraction/Solar/512_64/chronos2/instance/euclidean/10/online/run_0/extraction_manifest.json
 create mode 100644 outputs/extraction/Solar/512_64/chronos2/instance/euclidean/10/online/run_0/extraction_timing.json
 create mode 100644 outputs/extraction/Solar/512_64/chronos2/instance/euclidean/10/online/run_0/manifest.json
 create mode 100644 outputs/extraction/Solar/512_64/chronos2/instance/euclidean/10/online/run_0/plots/neighbors.png
 create mode 100644 outputs/extraction/Solar/512_64/chronos2/none/none/0/none/run_0/extraction_manifest.json
 create mode 100644 outputs/extraction/Solar/512_64/chronos2/none/none/0/none/run_0/extraction_timing.json
 create mode 100644 outputs/extraction/Solar/512_64/chronos2/none/none/0/none/run_0/manifest.json
 create mode 100644 outputs/extraction/Solar/512_64/chronos2/none/none/0/none/run_0/vanilla_metrics.json
 create mode 100644 outputs/extraction/Traffic/512_64/chronos-bolt/instance/euclidean/15/online/run_0/extraction_manifest.json
 create mode 100644 outputs/extraction/Traffic/512_64/chronos-bolt/instance/euclidean/15/online/run_0/extraction_timing.json
 create mode 100644 outputs/extraction/Traffic/512_64/chronos-bolt/instance/euclidean/15/online/run_0/manifest.json
 create mode 100644 outputs/extraction/Traffic/512_64/chronos-bolt/instance/euclidean/15/online/run_0/plots/neighbors.png
 create mode 100644 outputs/extraction/Traffic/512_64/chronos-bolt/minmax/cosine/15/online/run_0/extraction_manifest.json
 create mode 100644 outputs/extraction/Traffic/512_64/chronos-bolt/minmax/cosine/15/online/run_0/extraction_timing.json
 create mode 100644 outputs/extraction/Traffic/512_64/chronos-bolt/minmax/cosine/15/online/run_0/manifest.json
 create mode 100644 outputs/extraction/Traffic/512_64/chronos-bolt/minmax/cosine/15/online/run_0/plots/neighbors.png
 create mode 100644 outputs/extraction/Traffic/512_64/chronos-bolt/none/none/0/none/run_0/extraction_manifest.json
 create mode 100644 outputs/extraction/Traffic/512_64/chronos-bolt/none/none/0/none/run_0/extraction_timing.json
 create mode 100644 outputs/extraction/Traffic/512_64/chronos-bolt/none/none/0/none/run_0/manifest.json
 create mode 100644 outputs/extraction/Traffic/512_64/chronos-bolt/none/none/0/none/run_0/manifest_history/20260812220502630487_43060.json
 create mode 100644 outputs/extraction/Traffic/512_64/chronos-bolt/none/none/0/none/run_0/vanilla_metrics.json
 create mode 100644 outputs/extraction/Traffic/512_64/chronos2/instance/euclidean/10/online/run_0/extraction_manifest.json
 create mode 100644 outputs/extraction/Traffic/512_64/chronos2/instance/euclidean/10/online/run_0/extraction_timing.json
 create mode 100644 outputs/extraction/Traffic/512_64/chronos2/instance/euclidean/10/online/run_0/manifest.json
 create mode 100644 outputs/extraction/Traffic/512_64/chronos2/instance/euclidean/10/online/run_0/plots/neighbors.png
 create mode 100644 outputs/extraction/Traffic/512_64/chronos2/none/none/0/none/run_0/extraction_manifest.json
 create mode 100644 outputs/extraction/Traffic/512_64/chronos2/none/none/0/none/run_0/extraction_timing.json
 create mode 100644 outputs/extraction/Traffic/512_64/chronos2/none/none/0/none/run_0/manifest.json
 create mode 100644 outputs/extraction/Traffic/512_64/chronos2/none/none/0/none/run_0/vanilla_metrics.json
 create mode 100644 outputs/extraction/exchange_rate/512_64/chronos-bolt/instance/euclidean/15/online/run_0/extraction_manifest.json
 create mode 100644 outputs/extraction/exchange_rate/512_64/chronos-bolt/instance/euclidean/15/online/run_0/extraction_timing.json
 create mode 100644 outputs/extraction/exchange_rate/512_64/chronos-bolt/instance/euclidean/15/online/run_0/manifest.json
 create mode 100644 outputs/extraction/exchange_rate/512_64/chronos-bolt/instance/euclidean/15/online/run_0/plots/neighbors.png
 create mode 100644 outputs/extraction/exchange_rate/512_64/chronos-bolt/minmax/cosine/15/online/run_0/extraction_manifest.json
 create mode 100644 outputs/extraction/exchange_rate/512_64/chronos-bolt/minmax/cosine/15/online/run_0/extraction_timing.json
 create mode 100644 outputs/extraction/exchange_rate/512_64/chronos-bolt/minmax/cosine/15/online/run_0/manifest.json
 create mode 100644 outputs/extraction/exchange_rate/512_64/chronos-bolt/minmax/cosine/15/online/run_0/plots/neighbors.png
 create mode 100644 outputs/extraction/exchange_rate/512_64/chronos-bolt/none/none/0/none/run_0/extraction_manifest.json
 create mode 100644 outputs/extraction/exchange_rate/512_64/chronos-bolt/none/none/0/none/run_0/extraction_timing.json
 create mode 100644 outputs/extraction/exchange_rate/512_64/chronos-bolt/none/none/0/none/run_0/manifest.json
 create mode 100644 outputs/extraction/exchange_rate/512_64/chronos-bolt/none/none/0/none/run_0/manifest_history/20260812224934193753_43060.json
 create mode 100644 outputs/extraction/exchange_rate/512_64/chronos-bolt/none/none/0/none/run_0/vanilla_metrics.json
 create mode 100644 outputs/extraction/exchange_rate/512_64/chronos2/instance/euclidean/10/online/run_0/extraction_manifest.json
 create mode 100644 outputs/extraction/exchange_rate/512_64/chronos2/instance/euclidean/10/online/run_0/extraction_timing.json
 create mode 100644 outputs/extraction/exchange_rate/512_64/chronos2/instance/euclidean/10/online/run_0/manifest.json
 create mode 100644 outputs/extraction/exchange_rate/512_64/chronos2/instance/euclidean/10/online/run_0/plots/neighbors.png
 create mode 100644 outputs/extraction/exchange_rate/512_64/chronos2/none/none/0/none/run_0/extraction_manifest.json
 create mode 100644 outputs/extraction/exchange_rate/512_64/chronos2/none/none/0/none/run_0/extraction_timing.json
 create mode 100644 outputs/extraction/exchange_rate/512_64/chronos2/none/none/0/none/run_0/manifest.json
 create mode 100644 outputs/extraction/exchange_rate/512_64/chronos2/none/none/0/none/run_0/vanilla_metrics.json
HTTP/1.1 302 redirected
Location: http://nonexistentdomain.domain/
Connection: Keep-Alive
Content-Type: text/html
Cache-Control: no-cache
X-Frame-Options: deny


Proxy environment configured.
export http_proxy=http://vip-users.proxy.edf.fr:3128
export https_proxy=http://vip-users.proxy.edf.fr:3128
export ftp_proxy=http://vip-users.proxy.edf.fr:3128
export no_proxy=.edf.fr
