add 'logs/tables_42825.err'
add 'logs/tables_42825.out'
add 'outputs/reports/tables/test/chronos2/average/baselines_results.tex'
add 'outputs/reports/tables/test/chronos2/average/gates_results.tex'
add 'outputs/reports/tables/test/chronos2/average/pipeline_ranking.csv'
add 'outputs/reports/tables/test/chronos2/average/pipeline_ranking.json'
add 'outputs/reports/tables/test/chronos2/average/positive_windows_results.tex'
add 'outputs/reports/tables/test/chronos2/average/report_manifest.json'
add 'outputs/reports/tables/test/chronos2/coefficients/Electricity/504_168/raw_euclidean_3_online/avgy_ridge_shared.csv'
add 'outputs/reports/tables/test/chronos2/coefficients/Electricity/504_168/raw_euclidean_3_online/avgy_ridge_shared.png'
add 'outputs/reports/tables/test/chronos2/coefficients/Electricity/504_168/raw_euclidean_3_online/cov_avgy_ridge_shared.csv'
add 'outputs/reports/tables/test/chronos2/coefficients/Electricity/504_168/raw_euclidean_3_online/cov_avgy_ridge_shared.png'
add 'outputs/reports/tables/test/chronos2/coefficients/Electricity/504_168/raw_euclidean_3_online/cov_ridge_shared.csv'
add 'outputs/reports/tables/test/chronos2/coefficients/Electricity/504_168/raw_euclidean_3_online/cov_ridge_shared.png'
add 'outputs/reports/tables/test/chronos2/coefficients/Electricity/504_168/raw_euclidean_3_online/cov_y_ridge_shared.csv'
add 'outputs/reports/tables/test/chronos2/coefficients/Electricity/504_168/raw_euclidean_3_online/cov_y_ridge_shared.png'
add 'outputs/reports/tables/test/chronos2/coefficients/Electricity/504_168/raw_euclidean_3_online/full_ridge_shared.csv'
add 'outputs/reports/tables/test/chronos2/coefficients/Electricity/504_168/raw_euclidean_3_online/full_ridge_shared.png'
add 'outputs/reports/tables/test/chronos2/coefficients/Electricity/504_168/raw_euclidean_3_online/residual_ridge_shared.csv'
add 'outputs/reports/tables/test/chronos2/coefficients/Electricity/504_168/raw_euclidean_3_online/residual_ridge_shared.png'
add 'outputs/reports/tables/test/chronos2/coefficients/Electricity/504_168/raw_euclidean_3_online/y_ridge_shared.csv'
add 'outputs/reports/tables/test/chronos2/coefficients/Electricity/504_168/raw_euclidean_3_online/y_ridge_shared.png'
add 'outputs/reports/tables/test/chronos2/coefficients/coefficient_index.csv'
add 'outputs/reports/tables/test/chronos2/coefficients/report_manifest.json'
add 'outputs/reports/tables/test/chronos2/full/baselines_results.tex'
add 'outputs/reports/tables/test/chronos2/full/gates_results.tex'
add 'outputs/reports/tables/test/chronos2/full/report_manifest.json'
[main 1524b359] slurm: publish tables 42825
 27 files changed, 1266 insertions(+)
 create mode 100644 logs/tables_42825.err
 create mode 100644 logs/tables_42825.out
 create mode 100644 outputs/reports/tables/test/chronos2/average/baselines_results.tex
 create mode 100644 outputs/reports/tables/test/chronos2/average/gates_results.tex
 create mode 100644 outputs/reports/tables/test/chronos2/average/pipeline_ranking.csv
 create mode 100644 outputs/reports/tables/test/chronos2/average/pipeline_ranking.json
 create mode 100644 outputs/reports/tables/test/chronos2/average/positive_windows_results.tex
 create mode 100644 outputs/reports/tables/test/chronos2/average/report_manifest.json
 create mode 100644 outputs/reports/tables/test/chronos2/coefficients/Electricity/504_168/raw_euclidean_3_online/avgy_ridge_shared.csv
 create mode 100644 outputs/reports/tables/test/chronos2/coefficients/Electricity/504_168/raw_euclidean_3_online/avgy_ridge_shared.png
 create mode 100644 outputs/reports/tables/test/chronos2/coefficients/Electricity/504_168/raw_euclidean_3_online/cov_avgy_ridge_shared.csv
 create mode 100644 outputs/reports/tables/test/chronos2/coefficients/Electricity/504_168/raw_euclidean_3_online/cov_avgy_ridge_shared.png
 create mode 100644 outputs/reports/tables/test/chronos2/coefficients/Electricity/504_168/raw_euclidean_3_online/cov_ridge_shared.csv
 create mode 100644 outputs/reports/tables/test/chronos2/coefficients/Electricity/504_168/raw_euclidean_3_online/cov_ridge_shared.png
 create mode 100644 outputs/reports/tables/test/chronos2/coefficients/Electricity/504_168/raw_euclidean_3_online/cov_y_ridge_shared.csv
 create mode 100644 outputs/reports/tables/test/chronos2/coefficients/Electricity/504_168/raw_euclidean_3_online/cov_y_ridge_shared.png
 create mode 100644 outputs/reports/tables/test/chronos2/coefficients/Electricity/504_168/raw_euclidean_3_online/full_ridge_shared.csv
 create mode 100644 outputs/reports/tables/test/chronos2/coefficients/Electricity/504_168/raw_euclidean_3_online/full_ridge_shared.png
 create mode 100644 outputs/reports/tables/test/chronos2/coefficients/Electricity/504_168/raw_euclidean_3_online/residual_ridge_shared.csv
 create mode 100644 outputs/reports/tables/test/chronos2/coefficients/Electricity/504_168/raw_euclidean_3_online/residual_ridge_shared.png
 create mode 100644 outputs/reports/tables/test/chronos2/coefficients/Electricity/504_168/raw_euclidean_3_online/y_ridge_shared.csv
 create mode 100644 outputs/reports/tables/test/chronos2/coefficients/Electricity/504_168/raw_euclidean_3_online/y_ridge_shared.png
 create mode 100644 outputs/reports/tables/test/chronos2/coefficients/coefficient_index.csv
 create mode 100644 outputs/reports/tables/test/chronos2/coefficients/report_manifest.json
 create mode 100644 outputs/reports/tables/test/chronos2/full/baselines_results.tex
 create mode 100644 outputs/reports/tables/test/chronos2/full/gates_results.tex
 create mode 100644 outputs/reports/tables/test/chronos2/full/report_manifest.json
HTTP/1.1 401 authenticationrequired
Date: Tue, 11 Aug 2026 09:34:45 GMT
Connection: Keep-Alive
Content-Type: text/html
Cache-Control: no-cache
X-Frame-Options: deny
WWW-Authenticate: Basic realm="LDAPS Gardian Sesame"


Proxy environment configured.
export http_proxy=http://vip-users.proxy.edf.fr:3128
export https_proxy=http://vip-users.proxy.edf.fr:3128
export ftp_proxy=http://vip-users.proxy.edf.fr:3128
export no_proxy=.edf.fr
