Auto packing the repository in background for optimum performance.
See "git help gc" for manual housekeeping.
  % Total    % Received % Xferd  Average Speed   Time    Time     Time  Current
                                 Dload  Upload   Total   Spent    Left  Speed
  0     0    0     0    0     0      0      0 --:--:-- --:--:-- --:--:--     0  0     0    0     0    0     0      0      0 --:--:-- --:--:-- --:--:--     0  0     0    0     0    0     0      0      0 --:--:--  0:00:01 --:--:--     0  0     0    0     0    0     0      0      0 --:--:--  0:00:02 --:--:--     0  0     0    0     0    0     0      0      0 --:--:--  0:00:03 --:--:--     0  0     0    0     0    0     0      0      0 --:--:--  0:00:04 --:--:--     0  0     0    0     0    0     0      0      0 --:--:--  0:00:05 --:--:--     0  0     0    0     0    0     0      0      0 --:--:--  0:00:06 --:--:--     0  0     0    0     0    0     0      0      0 --:--:--  0:00:07 --:--:--     0  0     0    0     0    0     0      0      0 --:--:--  0:00:08 --:--:--     0  0     0    0     0    0     0      0      0 --:--:--  0:00:09 --:--:--     0  0     0    0     0    0     0      0      0 --:--:--  0:00:10 --:--:--     0  0     0    0     0    0     0      0      0 --:--:--  0:00:11 --:--:--     0  0     0    0     0    0     0      0      0 --:--:--  0:00:11 --:--:--     0
Missing or invalid credentials.
Error: connect ECONNREFUSED /home/h61084/.tmp/vscode-git-f3744710d5.sock
    at PipeConnectWrap.afterConnect [as oncomplete] (node:net:1706:16) {
  errno: -111,
  code: 'ECONNREFUSED',
  syscall: 'connect',
  address: '/home/h61084/.tmp/vscode-git-f3744710d5.sock'
}
Missing or invalid credentials.
Error: connect ECONNREFUSED /home/h61084/.tmp/vscode-git-f3744710d5.sock
    at PipeConnectWrap.afterConnect [as oncomplete] (node:net:1706:16) {
  errno: -111,
  code: 'ECONNREFUSED',
  syscall: 'connect',
  address: '/home/h61084/.tmp/vscode-git-f3744710d5.sock'
}
remote: No anonymous write access.
fatal: Authentication failed for 'https://github.com/3gaspo/adapts.git/'
