add 'logs/gates_42824.err'
add 'logs/gates_42824.out'
add 'outputs/adaptation/gates/Electricity/504_168/chronos2/avgy/raw/euclidean/3/online/run_0/avgy/gate_metrics.csv'
add 'outputs/adaptation/gates/Electricity/504_168/chronos2/avgy/raw/euclidean/3/online/run_0/avgy/gate_metrics.json'
add 'outputs/adaptation/gates/Electricity/504_168/chronos2/avgy/raw/euclidean/3/online/run_0/gate_artifacts.json'
add 'outputs/adaptation/gates/Electricity/504_168/chronos2/avgy/raw/euclidean/3/online/run_0/gate_metrics.csv'
add 'outputs/adaptation/gates/Electricity/504_168/chronos2/avgy/raw/euclidean/3/online/run_0/gate_metrics.json'
add 'outputs/adaptation/gates/Electricity/504_168/chronos2/avgy/raw/euclidean/3/online/run_0/gate_timing.json'
add 'outputs/adaptation/gates/Electricity/504_168/chronos2/avgy/raw/euclidean/3/online/run_0/manifest.json'
add 'outputs/adaptation/gates/Electricity/504_168/chronos2/avgy/raw/euclidean/3/online/run_0/prediction_manifest.json'
add 'outputs/adaptation/gates/Electricity/504_168/chronos2/avgy/raw/euclidean/3/online/run_0/result_manifest.json'
add 'outputs/adaptation/gates/Electricity/504_168/chronos2/avgy/raw/euclidean/3/online/run_0/vanilla/gate_metrics.csv'
add 'outputs/adaptation/gates/Electricity/504_168/chronos2/avgy/raw/euclidean/3/online/run_0/vanilla/gate_metrics.json'
add 'outputs/adaptation/gates/Electricity/504_168/chronos2/bayes_avgy_shared/raw/euclidean/3/online/run_0/bayes_avgy_shared/gate_metrics.csv'
add 'outputs/adaptation/gates/Electricity/504_168/chronos2/bayes_avgy_shared/raw/euclidean/3/online/run_0/bayes_avgy_shared/gate_metrics.json'
add 'outputs/adaptation/gates/Electricity/504_168/chronos2/bayes_avgy_shared/raw/euclidean/3/online/run_0/gate_artifacts.json'
add 'outputs/adaptation/gates/Electricity/504_168/chronos2/bayes_avgy_shared/raw/euclidean/3/online/run_0/gate_metrics.csv'
add 'outputs/adaptation/gates/Electricity/504_168/chronos2/bayes_avgy_shared/raw/euclidean/3/online/run_0/gate_metrics.json'
add 'outputs/adaptation/gates/Electricity/504_168/chronos2/bayes_avgy_shared/raw/euclidean/3/online/run_0/gate_timing.json'
add 'outputs/adaptation/gates/Electricity/504_168/chronos2/bayes_avgy_shared/raw/euclidean/3/online/run_0/manifest.json'
add 'outputs/adaptation/gates/Electricity/504_168/chronos2/bayes_avgy_shared/raw/euclidean/3/online/run_0/prediction_manifest.json'
add 'outputs/adaptation/gates/Electricity/504_168/chronos2/bayes_avgy_shared/raw/euclidean/3/online/run_0/result_manifest.json'
add 'outputs/adaptation/gates/Electricity/504_168/chronos2/bayes_avgy_shared/raw/euclidean/3/online/run_0/vanilla/gate_metrics.csv'
add 'outputs/adaptation/gates/Electricity/504_168/chronos2/bayes_avgy_shared/raw/euclidean/3/online/run_0/vanilla/gate_metrics.json'
add 'outputs/adaptation/gates/Electricity/504_168/chronos2/bayes_cov_shared/raw/euclidean/3/online/run_0/bayes_cov_shared/gate_metrics.csv'
add 'outputs/adaptation/gates/Electricity/504_168/chronos2/bayes_cov_shared/raw/euclidean/3/online/run_0/bayes_cov_shared/gate_metrics.json'
add 'outputs/adaptation/gates/Electricity/504_168/chronos2/bayes_cov_shared/raw/euclidean/3/online/run_0/gate_artifacts.json'
add 'outputs/adaptation/gates/Electricity/504_168/chronos2/bayes_cov_shared/raw/euclidean/3/online/run_0/gate_metrics.csv'
add 'outputs/adaptation/gates/Electricity/504_168/chronos2/bayes_cov_shared/raw/euclidean/3/online/run_0/gate_metrics.json'
add 'outputs/adaptation/gates/Electricity/504_168/chronos2/bayes_cov_shared/raw/euclidean/3/online/run_0/gate_timing.json'
add 'outputs/adaptation/gates/Electricity/504_168/chronos2/bayes_cov_shared/raw/euclidean/3/online/run_0/manifest.json'
add 'outputs/adaptation/gates/Electricity/504_168/chronos2/bayes_cov_shared/raw/euclidean/3/online/run_0/prediction_manifest.json'
add 'outputs/adaptation/gates/Electricity/504_168/chronos2/bayes_cov_shared/raw/euclidean/3/online/run_0/result_manifest.json'
add 'outputs/adaptation/gates/Electricity/504_168/chronos2/bayes_cov_shared/raw/euclidean/3/online/run_0/vanilla/gate_metrics.csv'
add 'outputs/adaptation/gates/Electricity/504_168/chronos2/bayes_cov_shared/raw/euclidean/3/online/run_0/vanilla/gate_metrics.json'
add 'outputs/adaptation/gates/Electricity/504_168/chronos2/catboost_avgy_regressor_shared/raw/euclidean/3/online/run_0/catboost_avgy_regressor_shared/gate_metrics.csv'
add 'outputs/adaptation/gates/Electricity/504_168/chronos2/catboost_avgy_regressor_shared/raw/euclidean/3/online/run_0/catboost_avgy_regressor_shared/gate_metrics.json'
add 'outputs/adaptation/gates/Electricity/504_168/chronos2/catboost_avgy_regressor_shared/raw/euclidean/3/online/run_0/gate_artifacts.json'
add 'outputs/adaptation/gates/Electricity/504_168/chronos2/catboost_avgy_regressor_shared/raw/euclidean/3/online/run_0/gate_metrics.csv'
add 'outputs/adaptation/gates/Electricity/504_168/chronos2/catboost_avgy_regressor_shared/raw/euclidean/3/online/run_0/gate_metrics.json'
add 'outputs/adaptation/gates/Electricity/504_168/chronos2/catboost_avgy_regressor_shared/raw/euclidean/3/online/run_0/gate_timing.json'
add 'outputs/adaptation/gates/Electricity/504_168/chronos2/catboost_avgy_regressor_shared/raw/euclidean/3/online/run_0/manifest.json'
add 'outputs/adaptation/gates/Electricity/504_168/chronos2/catboost_avgy_regressor_shared/raw/euclidean/3/online/run_0/plots/feature_importance_avgy_regressor_shared.csv'
add 'outputs/adaptation/gates/Electricity/504_168/chronos2/catboost_avgy_regressor_shared/raw/euclidean/3/online/run_0/plots/feature_importance_avgy_regressor_shared.png'
add 'outputs/adaptation/gates/Electricity/504_168/chronos2/catboost_avgy_regressor_shared/raw/euclidean/3/online/run_0/prediction_manifest.json'
add 'outputs/adaptation/gates/Electricity/504_168/chronos2/catboost_avgy_regressor_shared/raw/euclidean/3/online/run_0/result_manifest.json'
add 'outputs/adaptation/gates/Electricity/504_168/chronos2/catboost_avgy_regressor_shared/raw/euclidean/3/online/run_0/vanilla/gate_metrics.csv'
add 'outputs/adaptation/gates/Electricity/504_168/chronos2/catboost_avgy_regressor_shared/raw/euclidean/3/online/run_0/vanilla/gate_metrics.json'
add 'outputs/adaptation/gates/Electricity/504_168/chronos2/catboost_cov_regressor_shared/raw/euclidean/3/online/run_0/catboost_cov_regressor_shared/gate_metrics.csv'
add 'outputs/adaptation/gates/Electricity/504_168/chronos2/catboost_cov_regressor_shared/raw/euclidean/3/online/run_0/catboost_cov_regressor_shared/gate_metrics.json'
add 'outputs/adaptation/gates/Electricity/504_168/chronos2/catboost_cov_regressor_shared/raw/euclidean/3/online/run_0/gate_artifacts.json'
add 'outputs/adaptation/gates/Electricity/504_168/chronos2/catboost_cov_regressor_shared/raw/euclidean/3/online/run_0/gate_metrics.csv'
add 'outputs/adaptation/gates/Electricity/504_168/chronos2/catboost_cov_regressor_shared/raw/euclidean/3/online/run_0/gate_metrics.json'
add 'outputs/adaptation/gates/Electricity/504_168/chronos2/catboost_cov_regressor_shared/raw/euclidean/3/online/run_0/gate_timing.json'
add 'outputs/adaptation/gates/Electricity/504_168/chronos2/catboost_cov_regressor_shared/raw/euclidean/3/online/run_0/manifest.json'
add 'outputs/adaptation/gates/Electricity/504_168/chronos2/catboost_cov_regressor_shared/raw/euclidean/3/online/run_0/plots/feature_importance_cov_regressor_shared.csv'
add 'outputs/adaptation/gates/Electricity/504_168/chronos2/catboost_cov_regressor_shared/raw/euclidean/3/online/run_0/plots/feature_importance_cov_regressor_shared.png'
add 'outputs/adaptation/gates/Electricity/504_168/chronos2/catboost_cov_regressor_shared/raw/euclidean/3/online/run_0/prediction_manifest.json'
add 'outputs/adaptation/gates/Electricity/504_168/chronos2/catboost_cov_regressor_shared/raw/euclidean/3/online/run_0/result_manifest.json'
add 'outputs/adaptation/gates/Electricity/504_168/chronos2/catboost_cov_regressor_shared/raw/euclidean/3/online/run_0/vanilla/gate_metrics.csv'
add 'outputs/adaptation/gates/Electricity/504_168/chronos2/catboost_cov_regressor_shared/raw/euclidean/3/online/run_0/vanilla/gate_metrics.json'
add 'outputs/adaptation/gates/Electricity/504_168/chronos2/cov_forecast/raw/euclidean/3/online/run_0/cov_forecast/gate_metrics.csv'
add 'outputs/adaptation/gates/Electricity/504_168/chronos2/cov_forecast/raw/euclidean/3/online/run_0/cov_forecast/gate_metrics.json'
add 'outputs/adaptation/gates/Electricity/504_168/chronos2/cov_forecast/raw/euclidean/3/online/run_0/gate_artifacts.json'
add 'outputs/adaptation/gates/Electricity/504_168/chronos2/cov_forecast/raw/euclidean/3/online/run_0/gate_metrics.csv'
add 'outputs/adaptation/gates/Electricity/504_168/chronos2/cov_forecast/raw/euclidean/3/online/run_0/gate_metrics.json'
add 'outputs/adaptation/gates/Electricity/504_168/chronos2/cov_forecast/raw/euclidean/3/online/run_0/gate_timing.json'
add 'outputs/adaptation/gates/Electricity/504_168/chronos2/cov_forecast/raw/euclidean/3/online/run_0/manifest.json'
add 'outputs/adaptation/gates/Electricity/504_168/chronos2/cov_forecast/raw/euclidean/3/online/run_0/prediction_manifest.json'
add 'outputs/adaptation/gates/Electricity/504_168/chronos2/cov_forecast/raw/euclidean/3/online/run_0/result_manifest.json'
add 'outputs/adaptation/gates/Electricity/504_168/chronos2/cov_forecast/raw/euclidean/3/online/run_0/vanilla/gate_metrics.csv'
add 'outputs/adaptation/gates/Electricity/504_168/chronos2/cov_forecast/raw/euclidean/3/online/run_0/vanilla/gate_metrics.json'
add 'outputs/adaptation/gates/Electricity/504_168/chronos2/oracle_avgy_shared/raw/euclidean/3/online/run_0/gate_artifacts.json'
add 'outputs/adaptation/gates/Electricity/504_168/chronos2/oracle_avgy_shared/raw/euclidean/3/online/run_0/gate_metrics.csv'
add 'outputs/adaptation/gates/Electricity/504_168/chronos2/oracle_avgy_shared/raw/euclidean/3/online/run_0/gate_metrics.json'
add 'outputs/adaptation/gates/Electricity/504_168/chronos2/oracle_avgy_shared/raw/euclidean/3/online/run_0/gate_timing.json'
add 'outputs/adaptation/gates/Electricity/504_168/chronos2/oracle_avgy_shared/raw/euclidean/3/online/run_0/manifest.json'
add 'outputs/adaptation/gates/Electricity/504_168/chronos2/oracle_avgy_shared/raw/euclidean/3/online/run_0/oracle_avgy_shared/gate_metrics.csv'
add 'outputs/adaptation/gates/Electricity/504_168/chronos2/oracle_avgy_shared/raw/euclidean/3/online/run_0/oracle_avgy_shared/gate_metrics.json'
add 'outputs/adaptation/gates/Electricity/504_168/chronos2/oracle_avgy_shared/raw/euclidean/3/online/run_0/prediction_manifest.json'
add 'outputs/adaptation/gates/Electricity/504_168/chronos2/oracle_avgy_shared/raw/euclidean/3/online/run_0/result_manifest.json'
add 'outputs/adaptation/gates/Electricity/504_168/chronos2/oracle_avgy_shared/raw/euclidean/3/online/run_0/vanilla/gate_metrics.csv'
add 'outputs/adaptation/gates/Electricity/504_168/chronos2/oracle_avgy_shared/raw/euclidean/3/online/run_0/vanilla/gate_metrics.json'
add 'outputs/adaptation/gates/Electricity/504_168/chronos2/oracle_cov_shared/raw/euclidean/3/online/run_0/gate_artifacts.json'
add 'outputs/adaptation/gates/Electricity/504_168/chronos2/oracle_cov_shared/raw/euclidean/3/online/run_0/gate_metrics.csv'
add 'outputs/adaptation/gates/Electricity/504_168/chronos2/oracle_cov_shared/raw/euclidean/3/online/run_0/gate_metrics.json'
add 'outputs/adaptation/gates/Electricity/504_168/chronos2/oracle_cov_shared/raw/euclidean/3/online/run_0/gate_timing.json'
add 'outputs/adaptation/gates/Electricity/504_168/chronos2/oracle_cov_shared/raw/euclidean/3/online/run_0/manifest.json'
add 'outputs/adaptation/gates/Electricity/504_168/chronos2/oracle_cov_shared/raw/euclidean/3/online/run_0/oracle_cov_shared/gate_metrics.csv'
add 'outputs/adaptation/gates/Electricity/504_168/chronos2/oracle_cov_shared/raw/euclidean/3/online/run_0/oracle_cov_shared/gate_metrics.json'
add 'outputs/adaptation/gates/Electricity/504_168/chronos2/oracle_cov_shared/raw/euclidean/3/online/run_0/prediction_manifest.json'
add 'outputs/adaptation/gates/Electricity/504_168/chronos2/oracle_cov_shared/raw/euclidean/3/online/run_0/result_manifest.json'
add 'outputs/adaptation/gates/Electricity/504_168/chronos2/oracle_cov_shared/raw/euclidean/3/online/run_0/vanilla/gate_metrics.csv'
add 'outputs/adaptation/gates/Electricity/504_168/chronos2/oracle_cov_shared/raw/euclidean/3/online/run_0/vanilla/gate_metrics.json'
[main fbf745cc] slurm: publish gates 42824
 94 files changed, 3352 insertions(+)
 create mode 100644 logs/gates_42824.err
 create mode 100644 logs/gates_42824.out
 create mode 100644 outputs/adaptation/gates/Electricity/504_168/chronos2/avgy/raw/euclidean/3/online/run_0/avgy/gate_metrics.csv
 create mode 100644 outputs/adaptation/gates/Electricity/504_168/chronos2/avgy/raw/euclidean/3/online/run_0/avgy/gate_metrics.json
 create mode 100644 outputs/adaptation/gates/Electricity/504_168/chronos2/avgy/raw/euclidean/3/online/run_0/gate_artifacts.json
 create mode 100644 outputs/adaptation/gates/Electricity/504_168/chronos2/avgy/raw/euclidean/3/online/run_0/gate_metrics.csv
 create mode 100644 outputs/adaptation/gates/Electricity/504_168/chronos2/avgy/raw/euclidean/3/online/run_0/gate_metrics.json
 create mode 100644 outputs/adaptation/gates/Electricity/504_168/chronos2/avgy/raw/euclidean/3/online/run_0/gate_timing.json
 create mode 100644 outputs/adaptation/gates/Electricity/504_168/chronos2/avgy/raw/euclidean/3/online/run_0/manifest.json
 create mode 100644 outputs/adaptation/gates/Electricity/504_168/chronos2/avgy/raw/euclidean/3/online/run_0/prediction_manifest.json
 create mode 100644 outputs/adaptation/gates/Electricity/504_168/chronos2/avgy/raw/euclidean/3/online/run_0/result_manifest.json
 create mode 100644 outputs/adaptation/gates/Electricity/504_168/chronos2/avgy/raw/euclidean/3/online/run_0/vanilla/gate_metrics.csv
 create mode 100644 outputs/adaptation/gates/Electricity/504_168/chronos2/avgy/raw/euclidean/3/online/run_0/vanilla/gate_metrics.json
 create mode 100644 outputs/adaptation/gates/Electricity/504_168/chronos2/bayes_avgy_shared/raw/euclidean/3/online/run_0/bayes_avgy_shared/gate_metrics.csv
 create mode 100644 outputs/adaptation/gates/Electricity/504_168/chronos2/bayes_avgy_shared/raw/euclidean/3/online/run_0/bayes_avgy_shared/gate_metrics.json
 create mode 100644 outputs/adaptation/gates/Electricity/504_168/chronos2/bayes_avgy_shared/raw/euclidean/3/online/run_0/gate_artifacts.json
 create mode 100644 outputs/adaptation/gates/Electricity/504_168/chronos2/bayes_avgy_shared/raw/euclidean/3/online/run_0/gate_metrics.csv
 create mode 100644 outputs/adaptation/gates/Electricity/504_168/chronos2/bayes_avgy_shared/raw/euclidean/3/online/run_0/gate_metrics.json
 create mode 100644 outputs/adaptation/gates/Electricity/504_168/chronos2/bayes_avgy_shared/raw/euclidean/3/online/run_0/gate_timing.json
 create mode 100644 outputs/adaptation/gates/Electricity/504_168/chronos2/bayes_avgy_shared/raw/euclidean/3/online/run_0/manifest.json
 create mode 100644 outputs/adaptation/gates/Electricity/504_168/chronos2/bayes_avgy_shared/raw/euclidean/3/online/run_0/prediction_manifest.json
 create mode 100644 outputs/adaptation/gates/Electricity/504_168/chronos2/bayes_avgy_shared/raw/euclidean/3/online/run_0/result_manifest.json
 create mode 100644 outputs/adaptation/gates/Electricity/504_168/chronos2/bayes_avgy_shared/raw/euclidean/3/online/run_0/vanilla/gate_metrics.csv
 create mode 100644 outputs/adaptation/gates/Electricity/504_168/chronos2/bayes_avgy_shared/raw/euclidean/3/online/run_0/vanilla/gate_metrics.json
 create mode 100644 outputs/adaptation/gates/Electricity/504_168/chronos2/bayes_cov_shared/raw/euclidean/3/online/run_0/bayes_cov_shared/gate_metrics.csv
 create mode 100644 outputs/adaptation/gates/Electricity/504_168/chronos2/bayes_cov_shared/raw/euclidean/3/online/run_0/bayes_cov_shared/gate_metrics.json
 create mode 100644 outputs/adaptation/gates/Electricity/504_168/chronos2/bayes_cov_shared/raw/euclidean/3/online/run_0/gate_artifacts.json
 create mode 100644 outputs/adaptation/gates/Electricity/504_168/chronos2/bayes_cov_shared/raw/euclidean/3/online/run_0/gate_metrics.csv
 create mode 100644 outputs/adaptation/gates/Electricity/504_168/chronos2/bayes_cov_shared/raw/euclidean/3/online/run_0/gate_metrics.json
 create mode 100644 outputs/adaptation/gates/Electricity/504_168/chronos2/bayes_cov_shared/raw/euclidean/3/online/run_0/gate_timing.json
 create mode 100644 outputs/adaptation/gates/Electricity/504_168/chronos2/bayes_cov_shared/raw/euclidean/3/online/run_0/manifest.json
 create mode 100644 outputs/adaptation/gates/Electricity/504_168/chronos2/bayes_cov_shared/raw/euclidean/3/online/run_0/prediction_manifest.json
 create mode 100644 outputs/adaptation/gates/Electricity/504_168/chronos2/bayes_cov_shared/raw/euclidean/3/online/run_0/result_manifest.json
 create mode 100644 outputs/adaptation/gates/Electricity/504_168/chronos2/bayes_cov_shared/raw/euclidean/3/online/run_0/vanilla/gate_metrics.csv
 create mode 100644 outputs/adaptation/gates/Electricity/504_168/chronos2/bayes_cov_shared/raw/euclidean/3/online/run_0/vanilla/gate_metrics.json
 create mode 100644 outputs/adaptation/gates/Electricity/504_168/chronos2/catboost_avgy_regressor_shared/raw/euclidean/3/online/run_0/catboost_avgy_regressor_shared/gate_metrics.csv
 create mode 100644 outputs/adaptation/gates/Electricity/504_168/chronos2/catboost_avgy_regressor_shared/raw/euclidean/3/online/run_0/catboost_avgy_regressor_shared/gate_metrics.json
 create mode 100644 outputs/adaptation/gates/Electricity/504_168/chronos2/catboost_avgy_regressor_shared/raw/euclidean/3/online/run_0/gate_artifacts.json
 create mode 100644 outputs/adaptation/gates/Electricity/504_168/chronos2/catboost_avgy_regressor_shared/raw/euclidean/3/online/run_0/gate_metrics.csv
 create mode 100644 outputs/adaptation/gates/Electricity/504_168/chronos2/catboost_avgy_regressor_shared/raw/euclidean/3/online/run_0/gate_metrics.json
 create mode 100644 outputs/adaptation/gates/Electricity/504_168/chronos2/catboost_avgy_regressor_shared/raw/euclidean/3/online/run_0/gate_timing.json
 create mode 100644 outputs/adaptation/gates/Electricity/504_168/chronos2/catboost_avgy_regressor_shared/raw/euclidean/3/online/run_0/manifest.json
 create mode 100644 outputs/adaptation/gates/Electricity/504_168/chronos2/catboost_avgy_regressor_shared/raw/euclidean/3/online/run_0/plots/feature_importance_avgy_regressor_shared.csv
 create mode 100644 outputs/adaptation/gates/Electricity/504_168/chronos2/catboost_avgy_regressor_shared/raw/euclidean/3/online/run_0/plots/feature_importance_avgy_regressor_shared.png
 create mode 100644 outputs/adaptation/gates/Electricity/504_168/chronos2/catboost_avgy_regressor_shared/raw/euclidean/3/online/run_0/prediction_manifest.json
 create mode 100644 outputs/adaptation/gates/Electricity/504_168/chronos2/catboost_avgy_regressor_shared/raw/euclidean/3/online/run_0/result_manifest.json
 create mode 100644 outputs/adaptation/gates/Electricity/504_168/chronos2/catboost_avgy_regressor_shared/raw/euclidean/3/online/run_0/vanilla/gate_metrics.csv
 create mode 100644 outputs/adaptation/gates/Electricity/504_168/chronos2/catboost_avgy_regressor_shared/raw/euclidean/3/online/run_0/vanilla/gate_metrics.json
 create mode 100644 outputs/adaptation/gates/Electricity/504_168/chronos2/catboost_cov_regressor_shared/raw/euclidean/3/online/run_0/catboost_cov_regressor_shared/gate_metrics.csv
 create mode 100644 outputs/adaptation/gates/Electricity/504_168/chronos2/catboost_cov_regressor_shared/raw/euclidean/3/online/run_0/catboost_cov_regressor_shared/gate_metrics.json
 create mode 100644 outputs/adaptation/gates/Electricity/504_168/chronos2/catboost_cov_regressor_shared/raw/euclidean/3/online/run_0/gate_artifacts.json
 create mode 100644 outputs/adaptation/gates/Electricity/504_168/chronos2/catboost_cov_regressor_shared/raw/euclidean/3/online/run_0/gate_metrics.csv
 create mode 100644 outputs/adaptation/gates/Electricity/504_168/chronos2/catboost_cov_regressor_shared/raw/euclidean/3/online/run_0/gate_metrics.json
 create mode 100644 outputs/adaptation/gates/Electricity/504_168/chronos2/catboost_cov_regressor_shared/raw/euclidean/3/online/run_0/gate_timing.json
 create mode 100644 outputs/adaptation/gates/Electricity/504_168/chronos2/catboost_cov_regressor_shared/raw/euclidean/3/online/run_0/manifest.json
 create mode 100644 outputs/adaptation/gates/Electricity/504_168/chronos2/catboost_cov_regressor_shared/raw/euclidean/3/online/run_0/plots/feature_importance_cov_regressor_shared.csv
 create mode 100644 outputs/adaptation/gates/Electricity/504_168/chronos2/catboost_cov_regressor_shared/raw/euclidean/3/online/run_0/plots/feature_importance_cov_regressor_shared.png
 create mode 100644 outputs/adaptation/gates/Electricity/504_168/chronos2/catboost_cov_regressor_shared/raw/euclidean/3/online/run_0/prediction_manifest.json
 create mode 100644 outputs/adaptation/gates/Electricity/504_168/chronos2/catboost_cov_regressor_shared/raw/euclidean/3/online/run_0/result_manifest.json
 create mode 100644 outputs/adaptation/gates/Electricity/504_168/chronos2/catboost_cov_regressor_shared/raw/euclidean/3/online/run_0/vanilla/gate_metrics.csv
 create mode 100644 outputs/adaptation/gates/Electricity/504_168/chronos2/catboost_cov_regressor_shared/raw/euclidean/3/online/run_0/vanilla/gate_metrics.json
 create mode 100644 outputs/adaptation/gates/Electricity/504_168/chronos2/cov_forecast/raw/euclidean/3/online/run_0/cov_forecast/gate_metrics.csv
 create mode 100644 outputs/adaptation/gates/Electricity/504_168/chronos2/cov_forecast/raw/euclidean/3/online/run_0/cov_forecast/gate_metrics.json
 create mode 100644 outputs/adaptation/gates/Electricity/504_168/chronos2/cov_forecast/raw/euclidean/3/online/run_0/gate_artifacts.json
 create mode 100644 outputs/adaptation/gates/Electricity/504_168/chronos2/cov_forecast/raw/euclidean/3/online/run_0/gate_metrics.csv
 create mode 100644 outputs/adaptation/gates/Electricity/504_168/chronos2/cov_forecast/raw/euclidean/3/online/run_0/gate_metrics.json
 create mode 100644 outputs/adaptation/gates/Electricity/504_168/chronos2/cov_forecast/raw/euclidean/3/online/run_0/gate_timing.json
 create mode 100644 outputs/adaptation/gates/Electricity/504_168/chronos2/cov_forecast/raw/euclidean/3/online/run_0/manifest.json
 create mode 100644 outputs/adaptation/gates/Electricity/504_168/chronos2/cov_forecast/raw/euclidean/3/online/run_0/prediction_manifest.json
 create mode 100644 outputs/adaptation/gates/Electricity/504_168/chronos2/cov_forecast/raw/euclidean/3/online/run_0/result_manifest.json
 create mode 100644 outputs/adaptation/gates/Electricity/504_168/chronos2/cov_forecast/raw/euclidean/3/online/run_0/vanilla/gate_metrics.csv
 create mode 100644 outputs/adaptation/gates/Electricity/504_168/chronos2/cov_forecast/raw/euclidean/3/online/run_0/vanilla/gate_metrics.json
 create mode 100644 outputs/adaptation/gates/Electricity/504_168/chronos2/oracle_avgy_shared/raw/euclidean/3/online/run_0/gate_artifacts.json
 create mode 100644 outputs/adaptation/gates/Electricity/504_168/chronos2/oracle_avgy_shared/raw/euclidean/3/online/run_0/gate_metrics.csv
 create mode 100644 outputs/adaptation/gates/Electricity/504_168/chronos2/oracle_avgy_shared/raw/euclidean/3/online/run_0/gate_metrics.json
 create mode 100644 outputs/adaptation/gates/Electricity/504_168/chronos2/oracle_avgy_shared/raw/euclidean/3/online/run_0/gate_timing.json
 create mode 100644 outputs/adaptation/gates/Electricity/504_168/chronos2/oracle_avgy_shared/raw/euclidean/3/online/run_0/manifest.json
 create mode 100644 outputs/adaptation/gates/Electricity/504_168/chronos2/oracle_avgy_shared/raw/euclidean/3/online/run_0/oracle_avgy_shared/gate_metrics.csv
 create mode 100644 outputs/adaptation/gates/Electricity/504_168/chronos2/oracle_avgy_shared/raw/euclidean/3/online/run_0/oracle_avgy_shared/gate_metrics.json
 create mode 100644 outputs/adaptation/gates/Electricity/504_168/chronos2/oracle_avgy_shared/raw/euclidean/3/online/run_0/prediction_manifest.json
 create mode 100644 outputs/adaptation/gates/Electricity/504_168/chronos2/oracle_avgy_shared/raw/euclidean/3/online/run_0/result_manifest.json
 create mode 100644 outputs/adaptation/gates/Electricity/504_168/chronos2/oracle_avgy_shared/raw/euclidean/3/online/run_0/vanilla/gate_metrics.csv
 create mode 100644 outputs/adaptation/gates/Electricity/504_168/chronos2/oracle_avgy_shared/raw/euclidean/3/online/run_0/vanilla/gate_metrics.json
 create mode 100644 outputs/adaptation/gates/Electricity/504_168/chronos2/oracle_cov_shared/raw/euclidean/3/online/run_0/gate_artifacts.json
 create mode 100644 outputs/adaptation/gates/Electricity/504_168/chronos2/oracle_cov_shared/raw/euclidean/3/online/run_0/gate_metrics.csv
 create mode 100644 outputs/adaptation/gates/Electricity/504_168/chronos2/oracle_cov_shared/raw/euclidean/3/online/run_0/gate_metrics.json
 create mode 100644 outputs/adaptation/gates/Electricity/504_168/chronos2/oracle_cov_shared/raw/euclidean/3/online/run_0/gate_timing.json
 create mode 100644 outputs/adaptation/gates/Electricity/504_168/chronos2/oracle_cov_shared/raw/euclidean/3/online/run_0/manifest.json
 create mode 100644 outputs/adaptation/gates/Electricity/504_168/chronos2/oracle_cov_shared/raw/euclidean/3/online/run_0/oracle_cov_shared/gate_metrics.csv
 create mode 100644 outputs/adaptation/gates/Electricity/504_168/chronos2/oracle_cov_shared/raw/euclidean/3/online/run_0/oracle_cov_shared/gate_metrics.json
 create mode 100644 outputs/adaptation/gates/Electricity/504_168/chronos2/oracle_cov_shared/raw/euclidean/3/online/run_0/prediction_manifest.json
 create mode 100644 outputs/adaptation/gates/Electricity/504_168/chronos2/oracle_cov_shared/raw/euclidean/3/online/run_0/result_manifest.json
 create mode 100644 outputs/adaptation/gates/Electricity/504_168/chronos2/oracle_cov_shared/raw/euclidean/3/online/run_0/vanilla/gate_metrics.csv
 create mode 100644 outputs/adaptation/gates/Electricity/504_168/chronos2/oracle_cov_shared/raw/euclidean/3/online/run_0/vanilla/gate_metrics.json
HTTP/1.1 401 authenticationrequired
Date: Tue, 11 Aug 2026 09:33:46 GMT
Connection: Keep-Alive
Content-Type: text/html
Cache-Control: no-cache
X-Frame-Options: deny
WWW-Authenticate: Basic realm="LDAPS Gardian Sesame"


Proxy environment configured.
export http_proxy=http://vip-users.proxy.edf.fr:3128
export https_proxy=http://vip-users.proxy.edf.fr:3128
export ftp_proxy=http://vip-users.proxy.edf.fr:3128
export no_proxy=.edf.fr
