
2026-07-30T23:07:46+02:00 job start kind=adaptation_extraction experiment_mode=screen skip_complete=true compute_transformed_prediction=false tasks=90 datasets=ETTh1,Electricity,Traffic,Solar,Weather,exchange_rate models=chronos2 settings=168:24,336:48,504:168 distance_spaces=raw,instance distance_metrics=euclidean neighbors=1,10

2026-07-30T23:07:46+02:00 extraction start configuration=1/90 dataset=ETTh1 model=chronos2 lags=168 horizon=24 retrieval=vanilla datastore_stride=24 adapt_stride=24 eval_stride=128 max_store_windows=30000 compute_transformed_prediction=false seed=1
2026-07-30 23:07:48,921 INFO [__main__] ========================================================================
2026-07-30 23:07:48,922 INFO [__main__] experiment start kind=extraction dataset=ETTh1 model=chronos2 lags=168 horizon=24 neighbors=0 distance=raw/euclidean
2026-07-30 23:07:49,187 INFO [__main__] extraction skipped dir=/home/h61084/codes/adapts/outputs/adaptation/ETTh1/168_24/chronos2/vanilla reason=complete
2026-07-30 23:07:49,187 INFO [__main__] ========================================================================
2026-07-30T23:07:49+02:00 extraction done configuration=1/90 dataset=ETTh1 model=chronos2 lags=168 horizon=24 retrieval=vanilla

2026-07-30T23:07:49+02:00 extraction start configuration=2/90 dataset=ETTh1 model=chronos2 lags=168 horizon=24 retrieval=raw_euclidean_1_online datastore_stride=24 adapt_stride=24 eval_stride=128 max_store_windows=30000 compute_transformed_prediction=false seed=1
2026-07-30 23:07:51,763 INFO [__main__] ========================================================================
2026-07-30 23:07:51,763 INFO [__main__] experiment start kind=extraction dataset=ETTh1 model=chronos2 lags=168 horizon=24 neighbors=1 distance=raw/euclidean
2026-07-30 23:07:52,105 INFO [__main__] extraction skipped dir=/home/h61084/codes/adapts/outputs/adaptation/ETTh1/168_24/chronos2/raw_euclidean_1_online/extracted reason=complete
2026-07-30 23:07:52,105 INFO [__main__] ========================================================================
2026-07-30T23:07:52+02:00 extraction done configuration=2/90 dataset=ETTh1 model=chronos2 lags=168 horizon=24 retrieval=raw_euclidean_1_online

2026-07-30T23:07:52+02:00 extraction start configuration=3/90 dataset=ETTh1 model=chronos2 lags=168 horizon=24 retrieval=raw_euclidean_10_online datastore_stride=24 adapt_stride=24 eval_stride=128 max_store_windows=30000 compute_transformed_prediction=false seed=1
2026-07-30 23:07:54,724 INFO [__main__] ========================================================================
2026-07-30 23:07:54,724 INFO [__main__] experiment start kind=extraction dataset=ETTh1 model=chronos2 lags=168 horizon=24 neighbors=10 distance=raw/euclidean
2026-07-30 23:07:55,000 INFO [__main__] extraction skipped dir=/home/h61084/codes/adapts/outputs/adaptation/ETTh1/168_24/chronos2/raw_euclidean_10_online/extracted reason=complete
2026-07-30 23:07:55,000 INFO [__main__] ========================================================================
2026-07-30T23:07:55+02:00 extraction done configuration=3/90 dataset=ETTh1 model=chronos2 lags=168 horizon=24 retrieval=raw_euclidean_10_online

2026-07-30T23:07:55+02:00 extraction start configuration=4/90 dataset=ETTh1 model=chronos2 lags=168 horizon=24 retrieval=instance_euclidean_1_online datastore_stride=24 adapt_stride=24 eval_stride=128 max_store_windows=30000 compute_transformed_prediction=false seed=1
2026-07-30 23:07:57,600 INFO [__main__] ========================================================================
2026-07-30 23:07:57,600 INFO [__main__] experiment start kind=extraction dataset=ETTh1 model=chronos2 lags=168 horizon=24 neighbors=1 distance=instance/euclidean
2026-07-30 23:07:57,898 INFO [__main__] extraction skipped dir=/home/h61084/codes/adapts/outputs/adaptation/ETTh1/168_24/chronos2/instance_euclidean_1_online/extracted reason=complete
2026-07-30 23:07:57,898 INFO [__main__] ========================================================================
2026-07-30T23:07:58+02:00 extraction done configuration=4/90 dataset=ETTh1 model=chronos2 lags=168 horizon=24 retrieval=instance_euclidean_1_online

2026-07-30T23:07:58+02:00 extraction start configuration=5/90 dataset=ETTh1 model=chronos2 lags=168 horizon=24 retrieval=instance_euclidean_10_online datastore_stride=24 adapt_stride=24 eval_stride=128 max_store_windows=30000 compute_transformed_prediction=false seed=1
2026-07-30 23:08:00,560 INFO [__main__] ========================================================================
2026-07-30 23:08:00,560 INFO [__main__] experiment start kind=extraction dataset=ETTh1 model=chronos2 lags=168 horizon=24 neighbors=10 distance=instance/euclidean
2026-07-30 23:08:00,848 INFO [__main__] extraction skipped dir=/home/h61084/codes/adapts/outputs/adaptation/ETTh1/168_24/chronos2/instance_euclidean_10_online/extracted reason=complete
2026-07-30 23:08:00,849 INFO [__main__] ========================================================================
2026-07-30T23:08:01+02:00 extraction done configuration=5/90 dataset=ETTh1 model=chronos2 lags=168 horizon=24 retrieval=instance_euclidean_10_online

2026-07-30T23:08:01+02:00 extraction start configuration=6/90 dataset=ETTh1 model=chronos2 lags=336 horizon=48 retrieval=vanilla datastore_stride=24 adapt_stride=24 eval_stride=128 max_store_windows=30000 compute_transformed_prediction=false seed=1
2026-07-30 23:08:03,433 INFO [__main__] ========================================================================
2026-07-30 23:08:03,433 INFO [__main__] experiment start kind=extraction dataset=ETTh1 model=chronos2 lags=336 horizon=48 neighbors=0 distance=raw/euclidean
2026-07-30 23:08:03,739 INFO [__main__] extraction skipped dir=/home/h61084/codes/adapts/outputs/adaptation/ETTh1/336_48/chronos2/vanilla reason=complete
2026-07-30 23:08:03,739 INFO [__main__] ========================================================================
2026-07-30T23:08:04+02:00 extraction done configuration=6/90 dataset=ETTh1 model=chronos2 lags=336 horizon=48 retrieval=vanilla

2026-07-30T23:08:04+02:00 extraction start configuration=7/90 dataset=ETTh1 model=chronos2 lags=336 horizon=48 retrieval=raw_euclidean_1_online datastore_stride=24 adapt_stride=24 eval_stride=128 max_store_windows=30000 compute_transformed_prediction=false seed=1
2026-07-30 23:08:06,246 INFO [__main__] ========================================================================
2026-07-30 23:08:06,246 INFO [__main__] experiment start kind=extraction dataset=ETTh1 model=chronos2 lags=336 horizon=48 neighbors=1 distance=raw/euclidean
2026-07-30 23:08:06,627 INFO [__main__] extraction skipped dir=/home/h61084/codes/adapts/outputs/adaptation/ETTh1/336_48/chronos2/raw_euclidean_1_online/extracted reason=complete
2026-07-30 23:08:06,627 INFO [__main__] ========================================================================
2026-07-30T23:08:06+02:00 extraction done configuration=7/90 dataset=ETTh1 model=chronos2 lags=336 horizon=48 retrieval=raw_euclidean_1_online

2026-07-30T23:08:06+02:00 extraction start configuration=8/90 dataset=ETTh1 model=chronos2 lags=336 horizon=48 retrieval=raw_euclidean_10_online datastore_stride=24 adapt_stride=24 eval_stride=128 max_store_windows=30000 compute_transformed_prediction=false seed=1
2026-07-30 23:08:09,247 INFO [__main__] ========================================================================
2026-07-30 23:08:09,247 INFO [__main__] experiment start kind=extraction dataset=ETTh1 model=chronos2 lags=336 horizon=48 neighbors=10 distance=raw/euclidean
2026-07-30 23:08:09,535 INFO [__main__] extraction skipped dir=/home/h61084/codes/adapts/outputs/adaptation/ETTh1/336_48/chronos2/raw_euclidean_10_online/extracted reason=complete
2026-07-30 23:08:09,535 INFO [__main__] ========================================================================
2026-07-30T23:08:09+02:00 extraction done configuration=8/90 dataset=ETTh1 model=chronos2 lags=336 horizon=48 retrieval=raw_euclidean_10_online

2026-07-30T23:08:09+02:00 extraction start configuration=9/90 dataset=ETTh1 model=chronos2 lags=336 horizon=48 retrieval=instance_euclidean_1_online datastore_stride=24 adapt_stride=24 eval_stride=128 max_store_windows=30000 compute_transformed_prediction=false seed=1
2026-07-30 23:08:12,355 INFO [__main__] ========================================================================
2026-07-30 23:08:12,356 INFO [__main__] experiment start kind=extraction dataset=ETTh1 model=chronos2 lags=336 horizon=48 neighbors=1 distance=instance/euclidean
2026-07-30 23:08:12,713 INFO [__main__] extraction skipped dir=/home/h61084/codes/adapts/outputs/adaptation/ETTh1/336_48/chronos2/instance_euclidean_1_online/extracted reason=complete
2026-07-30 23:08:12,713 INFO [__main__] ========================================================================
2026-07-30T23:08:13+02:00 extraction done configuration=9/90 dataset=ETTh1 model=chronos2 lags=336 horizon=48 retrieval=instance_euclidean_1_online

2026-07-30T23:08:13+02:00 extraction start configuration=10/90 dataset=ETTh1 model=chronos2 lags=336 horizon=48 retrieval=instance_euclidean_10_online datastore_stride=24 adapt_stride=24 eval_stride=128 max_store_windows=30000 compute_transformed_prediction=false seed=1
2026-07-30 23:08:15,336 INFO [__main__] ========================================================================
2026-07-30 23:08:15,336 INFO [__main__] experiment start kind=extraction dataset=ETTh1 model=chronos2 lags=336 horizon=48 neighbors=10 distance=instance/euclidean
2026-07-30 23:08:15,642 INFO [__main__] extraction skipped dir=/home/h61084/codes/adapts/outputs/adaptation/ETTh1/336_48/chronos2/instance_euclidean_10_online/extracted reason=complete
2026-07-30 23:08:15,642 INFO [__main__] ========================================================================
2026-07-30T23:08:16+02:00 extraction done configuration=10/90 dataset=ETTh1 model=chronos2 lags=336 horizon=48 retrieval=instance_euclidean_10_online

2026-07-30T23:08:16+02:00 extraction start configuration=11/90 dataset=ETTh1 model=chronos2 lags=504 horizon=168 retrieval=vanilla datastore_stride=24 adapt_stride=24 eval_stride=128 max_store_windows=30000 compute_transformed_prediction=false seed=1
2026-07-30 23:08:18,303 INFO [__main__] ========================================================================
2026-07-30 23:08:18,304 INFO [__main__] experiment start kind=extraction dataset=ETTh1 model=chronos2 lags=504 horizon=168 neighbors=0 distance=raw/euclidean
2026-07-30 23:08:18,641 INFO [__main__] extraction skipped dir=/home/h61084/codes/adapts/outputs/adaptation/ETTh1/504_168/chronos2/vanilla reason=complete
2026-07-30 23:08:18,641 INFO [__main__] ========================================================================
2026-07-30T23:08:19+02:00 extraction done configuration=11/90 dataset=ETTh1 model=chronos2 lags=504 horizon=168 retrieval=vanilla

2026-07-30T23:08:19+02:00 extraction start configuration=12/90 dataset=ETTh1 model=chronos2 lags=504 horizon=168 retrieval=raw_euclidean_1_online datastore_stride=24 adapt_stride=24 eval_stride=128 max_store_windows=30000 compute_transformed_prediction=false seed=1
2026-07-30 23:08:21,230 INFO [__main__] ========================================================================
2026-07-30 23:08:21,230 INFO [__main__] experiment start kind=extraction dataset=ETTh1 model=chronos2 lags=504 horizon=168 neighbors=1 distance=raw/euclidean
2026-07-30 23:08:21,714 INFO [__main__] extraction skipped dir=/home/h61084/codes/adapts/outputs/adaptation/ETTh1/504_168/chronos2/raw_euclidean_1_online/extracted reason=complete
2026-07-30 23:08:21,714 INFO [__main__] ========================================================================
2026-07-30T23:08:22+02:00 extraction done configuration=12/90 dataset=ETTh1 model=chronos2 lags=504 horizon=168 retrieval=raw_euclidean_1_online

2026-07-30T23:08:22+02:00 extraction start configuration=13/90 dataset=ETTh1 model=chronos2 lags=504 horizon=168 retrieval=raw_euclidean_10_online datastore_stride=24 adapt_stride=24 eval_stride=128 max_store_windows=30000 compute_transformed_prediction=false seed=1
2026-07-30 23:08:24,461 INFO [__main__] ========================================================================
2026-07-30 23:08:24,462 INFO [__main__] experiment start kind=extraction dataset=ETTh1 model=chronos2 lags=504 horizon=168 neighbors=10 distance=raw/euclidean
2026-07-30 23:08:24,832 INFO [__main__] extraction skipped dir=/home/h61084/codes/adapts/outputs/adaptation/ETTh1/504_168/chronos2/raw_euclidean_10_online/extracted reason=complete
2026-07-30 23:08:24,832 INFO [__main__] ========================================================================
2026-07-30T23:08:25+02:00 extraction done configuration=13/90 dataset=ETTh1 model=chronos2 lags=504 horizon=168 retrieval=raw_euclidean_10_online

2026-07-30T23:08:25+02:00 extraction start configuration=14/90 dataset=ETTh1 model=chronos2 lags=504 horizon=168 retrieval=instance_euclidean_1_online datastore_stride=24 adapt_stride=24 eval_stride=128 max_store_windows=30000 compute_transformed_prediction=false seed=1
2026-07-30 23:08:27,687 INFO [__main__] ========================================================================
2026-07-30 23:08:27,687 INFO [__main__] experiment start kind=extraction dataset=ETTh1 model=chronos2 lags=504 horizon=168 neighbors=1 distance=instance/euclidean
2026-07-30 23:08:28,033 INFO [__main__] extraction skipped dir=/home/h61084/codes/adapts/outputs/adaptation/ETTh1/504_168/chronos2/instance_euclidean_1_online/extracted reason=complete
2026-07-30 23:08:28,033 INFO [__main__] ========================================================================
2026-07-30T23:08:28+02:00 extraction done configuration=14/90 dataset=ETTh1 model=chronos2 lags=504 horizon=168 retrieval=instance_euclidean_1_online

2026-07-30T23:08:28+02:00 extraction start configuration=15/90 dataset=ETTh1 model=chronos2 lags=504 horizon=168 retrieval=instance_euclidean_10_online datastore_stride=24 adapt_stride=24 eval_stride=128 max_store_windows=30000 compute_transformed_prediction=false seed=1
2026-07-30 23:08:30,711 INFO [__main__] ========================================================================
2026-07-30 23:08:30,711 INFO [__main__] experiment start kind=extraction dataset=ETTh1 model=chronos2 lags=504 horizon=168 neighbors=10 distance=instance/euclidean
2026-07-30 23:08:30,999 INFO [__main__] extraction skipped dir=/home/h61084/codes/adapts/outputs/adaptation/ETTh1/504_168/chronos2/instance_euclidean_10_online/extracted reason=complete
2026-07-30 23:08:30,999 INFO [__main__] ========================================================================
2026-07-30T23:08:31+02:00 extraction done configuration=15/90 dataset=ETTh1 model=chronos2 lags=504 horizon=168 retrieval=instance_euclidean_10_online

2026-07-30T23:08:31+02:00 extraction start configuration=16/90 dataset=Electricity model=chronos2 lags=168 horizon=24 retrieval=vanilla datastore_stride=24 adapt_stride=24 eval_stride=128 max_store_windows=30000 compute_transformed_prediction=false seed=1
2026-07-30 23:08:33,579 INFO [__main__] ========================================================================
2026-07-30 23:08:33,579 INFO [__main__] experiment start kind=extraction dataset=Electricity model=chronos2 lags=168 horizon=24 neighbors=0 distance=raw/euclidean
2026-07-30 23:08:33,899 INFO [__main__] extraction skipped dir=/home/h61084/codes/adapts/outputs/adaptation/Electricity/168_24/chronos2/vanilla reason=complete
2026-07-30 23:08:33,899 INFO [__main__] ========================================================================
2026-07-30T23:08:34+02:00 extraction done configuration=16/90 dataset=Electricity model=chronos2 lags=168 horizon=24 retrieval=vanilla

2026-07-30T23:08:34+02:00 extraction start configuration=17/90 dataset=Electricity model=chronos2 lags=168 horizon=24 retrieval=raw_euclidean_1_online datastore_stride=24 adapt_stride=24 eval_stride=128 max_store_windows=30000 compute_transformed_prediction=false seed=1
2026-07-30 23:08:36,764 INFO [__main__] ========================================================================
2026-07-30 23:08:36,764 INFO [__main__] experiment start kind=extraction dataset=Electricity model=chronos2 lags=168 horizon=24 neighbors=1 distance=raw/euclidean
2026-07-30 23:08:37,047 INFO [__main__] extraction skipped dir=/home/h61084/codes/adapts/outputs/adaptation/Electricity/168_24/chronos2/raw_euclidean_1_online/extracted reason=complete
2026-07-30 23:08:37,047 INFO [__main__] ========================================================================
2026-07-30T23:08:37+02:00 extraction done configuration=17/90 dataset=Electricity model=chronos2 lags=168 horizon=24 retrieval=raw_euclidean_1_online

2026-07-30T23:08:37+02:00 extraction start configuration=18/90 dataset=Electricity model=chronos2 lags=168 horizon=24 retrieval=raw_euclidean_10_online datastore_stride=24 adapt_stride=24 eval_stride=128 max_store_windows=30000 compute_transformed_prediction=false seed=1
2026-07-30 23:08:39,864 INFO [__main__] ========================================================================
2026-07-30 23:08:39,865 INFO [__main__] experiment start kind=extraction dataset=Electricity model=chronos2 lags=168 horizon=24 neighbors=10 distance=raw/euclidean
2026-07-30 23:08:40,211 INFO [__main__] extraction skipped dir=/home/h61084/codes/adapts/outputs/adaptation/Electricity/168_24/chronos2/raw_euclidean_10_online/extracted reason=complete
2026-07-30 23:08:40,211 INFO [__main__] ========================================================================
2026-07-30T23:08:40+02:00 extraction done configuration=18/90 dataset=Electricity model=chronos2 lags=168 horizon=24 retrieval=raw_euclidean_10_online

2026-07-30T23:08:40+02:00 extraction start configuration=19/90 dataset=Electricity model=chronos2 lags=168 horizon=24 retrieval=instance_euclidean_1_online datastore_stride=24 adapt_stride=24 eval_stride=128 max_store_windows=30000 compute_transformed_prediction=false seed=1
2026-07-30 23:08:42,827 INFO [__main__] ========================================================================
2026-07-30 23:08:42,827 INFO [__main__] experiment start kind=extraction dataset=Electricity model=chronos2 lags=168 horizon=24 neighbors=1 distance=instance/euclidean
2026-07-30 23:08:43,101 INFO [__main__] extraction skipped dir=/home/h61084/codes/adapts/outputs/adaptation/Electricity/168_24/chronos2/instance_euclidean_1_online/extracted reason=complete
2026-07-30 23:08:43,101 INFO [__main__] ========================================================================
2026-07-30T23:08:43+02:00 extraction done configuration=19/90 dataset=Electricity model=chronos2 lags=168 horizon=24 retrieval=instance_euclidean_1_online

2026-07-30T23:08:43+02:00 extraction start configuration=20/90 dataset=Electricity model=chronos2 lags=168 horizon=24 retrieval=instance_euclidean_10_online datastore_stride=24 adapt_stride=24 eval_stride=128 max_store_windows=30000 compute_transformed_prediction=false seed=1
2026-07-30 23:08:45,721 INFO [__main__] ========================================================================
2026-07-30 23:08:45,721 INFO [__main__] experiment start kind=extraction dataset=Electricity model=chronos2 lags=168 horizon=24 neighbors=10 distance=instance/euclidean
2026-07-30 23:08:46,038 INFO [__main__] extraction skipped dir=/home/h61084/codes/adapts/outputs/adaptation/Electricity/168_24/chronos2/instance_euclidean_10_online/extracted reason=complete
2026-07-30 23:08:46,039 INFO [__main__] ========================================================================
2026-07-30T23:08:46+02:00 extraction done configuration=20/90 dataset=Electricity model=chronos2 lags=168 horizon=24 retrieval=instance_euclidean_10_online

2026-07-30T23:08:46+02:00 extraction start configuration=21/90 dataset=Electricity model=chronos2 lags=336 horizon=48 retrieval=vanilla datastore_stride=24 adapt_stride=24 eval_stride=128 max_store_windows=30000 compute_transformed_prediction=false seed=1
2026-07-30 23:08:48,838 INFO [__main__] ========================================================================
2026-07-30 23:08:48,838 INFO [__main__] experiment start kind=extraction dataset=Electricity model=chronos2 lags=336 horizon=48 neighbors=0 distance=raw/euclidean
2026-07-30 23:08:49,112 INFO [__main__] extraction skipped dir=/home/h61084/codes/adapts/outputs/adaptation/Electricity/336_48/chronos2/vanilla reason=complete
2026-07-30 23:08:49,112 INFO [__main__] ========================================================================
2026-07-30T23:08:49+02:00 extraction done configuration=21/90 dataset=Electricity model=chronos2 lags=336 horizon=48 retrieval=vanilla

2026-07-30T23:08:49+02:00 extraction start configuration=22/90 dataset=Electricity model=chronos2 lags=336 horizon=48 retrieval=raw_euclidean_1_online datastore_stride=24 adapt_stride=24 eval_stride=128 max_store_windows=30000 compute_transformed_prediction=false seed=1
2026-07-30 23:08:51,767 INFO [__main__] ========================================================================
2026-07-30 23:08:51,768 INFO [__main__] experiment start kind=extraction dataset=Electricity model=chronos2 lags=336 horizon=48 neighbors=1 distance=raw/euclidean
2026-07-30 23:08:52,095 INFO [__main__] extraction skipped dir=/home/h61084/codes/adapts/outputs/adaptation/Electricity/336_48/chronos2/raw_euclidean_1_online/extracted reason=complete
2026-07-30 23:08:52,095 INFO [__main__] ========================================================================
2026-07-30T23:08:52+02:00 extraction done configuration=22/90 dataset=Electricity model=chronos2 lags=336 horizon=48 retrieval=raw_euclidean_1_online

2026-07-30T23:08:52+02:00 extraction start configuration=23/90 dataset=Electricity model=chronos2 lags=336 horizon=48 retrieval=raw_euclidean_10_online datastore_stride=24 adapt_stride=24 eval_stride=128 max_store_windows=30000 compute_transformed_prediction=false seed=1
2026-07-30 23:08:54,689 INFO [__main__] ========================================================================
2026-07-30 23:08:54,689 INFO [__main__] experiment start kind=extraction dataset=Electricity model=chronos2 lags=336 horizon=48 neighbors=10 distance=raw/euclidean
2026-07-30 23:08:54,956 INFO [__main__] extraction skipped dir=/home/h61084/codes/adapts/outputs/adaptation/Electricity/336_48/chronos2/raw_euclidean_10_online/extracted reason=complete
2026-07-30 23:08:54,956 INFO [__main__] ========================================================================
2026-07-30T23:08:55+02:00 extraction done configuration=23/90 dataset=Electricity model=chronos2 lags=336 horizon=48 retrieval=raw_euclidean_10_online

2026-07-30T23:08:55+02:00 extraction start configuration=24/90 dataset=Electricity model=chronos2 lags=336 horizon=48 retrieval=instance_euclidean_1_online datastore_stride=24 adapt_stride=24 eval_stride=128 max_store_windows=30000 compute_transformed_prediction=false seed=1
2026-07-30 23:08:57,490 INFO [__main__] ========================================================================
2026-07-30 23:08:57,490 INFO [__main__] experiment start kind=extraction dataset=Electricity model=chronos2 lags=336 horizon=48 neighbors=1 distance=instance/euclidean
2026-07-30 23:08:57,790 INFO [__main__] extraction skipped dir=/home/h61084/codes/adapts/outputs/adaptation/Electricity/336_48/chronos2/instance_euclidean_1_online/extracted reason=complete
2026-07-30 23:08:57,790 INFO [__main__] ========================================================================
2026-07-30T23:08:58+02:00 extraction done configuration=24/90 dataset=Electricity model=chronos2 lags=336 horizon=48 retrieval=instance_euclidean_1_online

2026-07-30T23:08:58+02:00 extraction start configuration=25/90 dataset=Electricity model=chronos2 lags=336 horizon=48 retrieval=instance_euclidean_10_online datastore_stride=24 adapt_stride=24 eval_stride=128 max_store_windows=30000 compute_transformed_prediction=false seed=1
2026-07-30 23:09:00,431 INFO [__main__] ========================================================================
2026-07-30 23:09:00,431 INFO [__main__] experiment start kind=extraction dataset=Electricity model=chronos2 lags=336 horizon=48 neighbors=10 distance=instance/euclidean
2026-07-30 23:09:00,774 INFO [__main__] extraction skipped dir=/home/h61084/codes/adapts/outputs/adaptation/Electricity/336_48/chronos2/instance_euclidean_10_online/extracted reason=complete
2026-07-30 23:09:00,774 INFO [__main__] ========================================================================
2026-07-30T23:09:01+02:00 extraction done configuration=25/90 dataset=Electricity model=chronos2 lags=336 horizon=48 retrieval=instance_euclidean_10_online

2026-07-30T23:09:01+02:00 extraction start configuration=26/90 dataset=Electricity model=chronos2 lags=504 horizon=168 retrieval=vanilla datastore_stride=24 adapt_stride=24 eval_stride=128 max_store_windows=30000 compute_transformed_prediction=false seed=1
2026-07-30 23:09:03,309 INFO [__main__] ========================================================================
2026-07-30 23:09:03,309 INFO [__main__] experiment start kind=extraction dataset=Electricity model=chronos2 lags=504 horizon=168 neighbors=0 distance=raw/euclidean
2026-07-30 23:09:03,590 INFO [__main__] extraction skipped dir=/home/h61084/codes/adapts/outputs/adaptation/Electricity/504_168/chronos2/vanilla reason=complete
2026-07-30 23:09:03,590 INFO [__main__] ========================================================================
2026-07-30T23:09:03+02:00 extraction done configuration=26/90 dataset=Electricity model=chronos2 lags=504 horizon=168 retrieval=vanilla

2026-07-30T23:09:03+02:00 extraction start configuration=27/90 dataset=Electricity model=chronos2 lags=504 horizon=168 retrieval=raw_euclidean_1_online datastore_stride=24 adapt_stride=24 eval_stride=128 max_store_windows=30000 compute_transformed_prediction=false seed=1
2026-07-30 23:09:06,215 INFO [__main__] ========================================================================
2026-07-30 23:09:06,216 INFO [__main__] experiment start kind=extraction dataset=Electricity model=chronos2 lags=504 horizon=168 neighbors=1 distance=raw/euclidean
2026-07-30 23:09:06,516 INFO [__main__] extraction skipped dir=/home/h61084/codes/adapts/outputs/adaptation/Electricity/504_168/chronos2/raw_euclidean_1_online/extracted reason=complete
2026-07-30 23:09:06,516 INFO [__main__] ========================================================================
2026-07-30T23:09:06+02:00 extraction done configuration=27/90 dataset=Electricity model=chronos2 lags=504 horizon=168 retrieval=raw_euclidean_1_online

2026-07-30T23:09:06+02:00 extraction start configuration=28/90 dataset=Electricity model=chronos2 lags=504 horizon=168 retrieval=raw_euclidean_10_online datastore_stride=24 adapt_stride=24 eval_stride=128 max_store_windows=30000 compute_transformed_prediction=false seed=1
2026-07-30 23:09:09,178 INFO [__main__] ========================================================================
2026-07-30 23:09:09,178 INFO [__main__] experiment start kind=extraction dataset=Electricity model=chronos2 lags=504 horizon=168 neighbors=10 distance=raw/euclidean
2026-07-30 23:09:09,455 INFO [__main__] extraction skipped dir=/home/h61084/codes/adapts/outputs/adaptation/Electricity/504_168/chronos2/raw_euclidean_10_online/extracted reason=complete
2026-07-30 23:09:09,455 INFO [__main__] ========================================================================
2026-07-30T23:09:09+02:00 extraction done configuration=28/90 dataset=Electricity model=chronos2 lags=504 horizon=168 retrieval=raw_euclidean_10_online

2026-07-30T23:09:09+02:00 extraction start configuration=29/90 dataset=Electricity model=chronos2 lags=504 horizon=168 retrieval=instance_euclidean_1_online datastore_stride=24 adapt_stride=24 eval_stride=128 max_store_windows=30000 compute_transformed_prediction=false seed=1
2026-07-30 23:09:12,125 INFO [__main__] ========================================================================
2026-07-30 23:09:12,126 INFO [__main__] experiment start kind=extraction dataset=Electricity model=chronos2 lags=504 horizon=168 neighbors=1 distance=instance/euclidean
2026-07-30 23:09:12,448 INFO [__main__] extraction skipped dir=/home/h61084/codes/adapts/outputs/adaptation/Electricity/504_168/chronos2/instance_euclidean_1_online/extracted reason=complete
2026-07-30 23:09:12,448 INFO [__main__] ========================================================================
2026-07-30T23:09:12+02:00 extraction done configuration=29/90 dataset=Electricity model=chronos2 lags=504 horizon=168 retrieval=instance_euclidean_1_online

2026-07-30T23:09:12+02:00 extraction start configuration=30/90 dataset=Electricity model=chronos2 lags=504 horizon=168 retrieval=instance_euclidean_10_online datastore_stride=24 adapt_stride=24 eval_stride=128 max_store_windows=30000 compute_transformed_prediction=false seed=1
2026-07-30 23:09:15,012 INFO [__main__] ========================================================================
2026-07-30 23:09:15,012 INFO [__main__] experiment start kind=extraction dataset=Electricity model=chronos2 lags=504 horizon=168 neighbors=10 distance=instance/euclidean
2026-07-30 23:09:15,276 INFO [__main__] extraction skipped dir=/home/h61084/codes/adapts/outputs/adaptation/Electricity/504_168/chronos2/instance_euclidean_10_online/extracted reason=complete
2026-07-30 23:09:15,276 INFO [__main__] ========================================================================
2026-07-30T23:09:15+02:00 extraction done configuration=30/90 dataset=Electricity model=chronos2 lags=504 horizon=168 retrieval=instance_euclidean_10_online

2026-07-30T23:09:15+02:00 extraction start configuration=31/90 dataset=Traffic model=chronos2 lags=168 horizon=24 retrieval=vanilla datastore_stride=24 adapt_stride=24 eval_stride=128 max_store_windows=30000 compute_transformed_prediction=false seed=1
2026-07-30 23:09:17,915 INFO [__main__] ========================================================================
2026-07-30 23:09:17,915 INFO [__main__] experiment start kind=extraction dataset=Traffic model=chronos2 lags=168 horizon=24 neighbors=0 distance=raw/euclidean
2026-07-30 23:09:18,238 INFO [__main__] extraction skipped dir=/home/h61084/codes/adapts/outputs/adaptation/Traffic/168_24/chronos2/vanilla reason=complete
2026-07-30 23:09:18,238 INFO [__main__] ========================================================================
2026-07-30T23:09:18+02:00 extraction done configuration=31/90 dataset=Traffic model=chronos2 lags=168 horizon=24 retrieval=vanilla

2026-07-30T23:09:18+02:00 extraction start configuration=32/90 dataset=Traffic model=chronos2 lags=168 horizon=24 retrieval=raw_euclidean_1_online datastore_stride=24 adapt_stride=24 eval_stride=128 max_store_windows=30000 compute_transformed_prediction=false seed=1
2026-07-30 23:09:20,908 INFO [__main__] ========================================================================
2026-07-30 23:09:20,908 INFO [__main__] experiment start kind=extraction dataset=Traffic model=chronos2 lags=168 horizon=24 neighbors=1 distance=raw/euclidean
2026-07-30 23:09:21,185 INFO [__main__] extraction skipped dir=/home/h61084/codes/adapts/outputs/adaptation/Traffic/168_24/chronos2/raw_euclidean_1_online/extracted reason=complete
2026-07-30 23:09:21,185 INFO [__main__] ========================================================================
2026-07-30T23:09:21+02:00 extraction done configuration=32/90 dataset=Traffic model=chronos2 lags=168 horizon=24 retrieval=raw_euclidean_1_online

2026-07-30T23:09:21+02:00 extraction start configuration=33/90 dataset=Traffic model=chronos2 lags=168 horizon=24 retrieval=raw_euclidean_10_online datastore_stride=24 adapt_stride=24 eval_stride=128 max_store_windows=30000 compute_transformed_prediction=false seed=1
2026-07-30 23:09:23,814 INFO [__main__] ========================================================================
2026-07-30 23:09:23,814 INFO [__main__] experiment start kind=extraction dataset=Traffic model=chronos2 lags=168 horizon=24 neighbors=10 distance=raw/euclidean
2026-07-30 23:09:24,145 INFO [__main__] extraction skipped dir=/home/h61084/codes/adapts/outputs/adaptation/Traffic/168_24/chronos2/raw_euclidean_10_online/extracted reason=complete
2026-07-30 23:09:24,145 INFO [__main__] ========================================================================
2026-07-30T23:09:24+02:00 extraction done configuration=33/90 dataset=Traffic model=chronos2 lags=168 horizon=24 retrieval=raw_euclidean_10_online

2026-07-30T23:09:24+02:00 extraction start configuration=34/90 dataset=Traffic model=chronos2 lags=168 horizon=24 retrieval=instance_euclidean_1_online datastore_stride=24 adapt_stride=24 eval_stride=128 max_store_windows=30000 compute_transformed_prediction=false seed=1
2026-07-30 23:09:26,860 INFO [__main__] ========================================================================
2026-07-30 23:09:26,860 INFO [__main__] experiment start kind=extraction dataset=Traffic model=chronos2 lags=168 horizon=24 neighbors=1 distance=instance/euclidean
2026-07-30 23:09:27,140 INFO [__main__] extraction skipped dir=/home/h61084/codes/adapts/outputs/adaptation/Traffic/168_24/chronos2/instance_euclidean_1_online/extracted reason=complete
2026-07-30 23:09:27,140 INFO [__main__] ========================================================================
2026-07-30T23:09:27+02:00 extraction done configuration=34/90 dataset=Traffic model=chronos2 lags=168 horizon=24 retrieval=instance_euclidean_1_online

2026-07-30T23:09:27+02:00 extraction start configuration=35/90 dataset=Traffic model=chronos2 lags=168 horizon=24 retrieval=instance_euclidean_10_online datastore_stride=24 adapt_stride=24 eval_stride=128 max_store_windows=30000 compute_transformed_prediction=false seed=1
2026-07-30 23:09:29,766 INFO [__main__] ========================================================================
2026-07-30 23:09:29,766 INFO [__main__] experiment start kind=extraction dataset=Traffic model=chronos2 lags=168 horizon=24 neighbors=10 distance=instance/euclidean
2026-07-30 23:09:30,068 INFO [__main__] extraction skipped dir=/home/h61084/codes/adapts/outputs/adaptation/Traffic/168_24/chronos2/instance_euclidean_10_online/extracted reason=complete
2026-07-30 23:09:30,069 INFO [__main__] ========================================================================
2026-07-30T23:09:30+02:00 extraction done configuration=35/90 dataset=Traffic model=chronos2 lags=168 horizon=24 retrieval=instance_euclidean_10_online

2026-07-30T23:09:30+02:00 extraction start configuration=36/90 dataset=Traffic model=chronos2 lags=336 horizon=48 retrieval=vanilla datastore_stride=24 adapt_stride=24 eval_stride=128 max_store_windows=30000 compute_transformed_prediction=false seed=1
2026-07-30 23:09:32,677 INFO [__main__] ========================================================================
2026-07-30 23:09:32,677 INFO [__main__] experiment start kind=extraction dataset=Traffic model=chronos2 lags=336 horizon=48 neighbors=0 distance=raw/euclidean
2026-07-30 23:09:32,979 INFO [__main__] extraction skipped dir=/home/h61084/codes/adapts/outputs/adaptation/Traffic/336_48/chronos2/vanilla reason=complete
2026-07-30 23:09:32,979 INFO [__main__] ========================================================================
2026-07-30T23:09:33+02:00 extraction done configuration=36/90 dataset=Traffic model=chronos2 lags=336 horizon=48 retrieval=vanilla

2026-07-30T23:09:33+02:00 extraction start configuration=37/90 dataset=Traffic model=chronos2 lags=336 horizon=48 retrieval=raw_euclidean_1_online datastore_stride=24 adapt_stride=24 eval_stride=128 max_store_windows=30000 compute_transformed_prediction=false seed=1
2026-07-30 23:09:35,565 INFO [__main__] ========================================================================
2026-07-30 23:09:35,565 INFO [__main__] experiment start kind=extraction dataset=Traffic model=chronos2 lags=336 horizon=48 neighbors=1 distance=raw/euclidean
2026-07-30 23:09:35,874 INFO [__main__] extraction skipped dir=/home/h61084/codes/adapts/outputs/adaptation/Traffic/336_48/chronos2/raw_euclidean_1_online/extracted reason=complete
2026-07-30 23:09:35,874 INFO [__main__] ========================================================================
2026-07-30T23:09:36+02:00 extraction done configuration=37/90 dataset=Traffic model=chronos2 lags=336 horizon=48 retrieval=raw_euclidean_1_online

2026-07-30T23:09:36+02:00 extraction start configuration=38/90 dataset=Traffic model=chronos2 lags=336 horizon=48 retrieval=raw_euclidean_10_online datastore_stride=24 adapt_stride=24 eval_stride=128 max_store_windows=30000 compute_transformed_prediction=false seed=1
2026-07-30 23:09:38,621 INFO [__main__] ========================================================================
2026-07-30 23:09:38,621 INFO [__main__] experiment start kind=extraction dataset=Traffic model=chronos2 lags=336 horizon=48 neighbors=10 distance=raw/euclidean
2026-07-30 23:09:39,488 INFO [__main__] extraction skipped dir=/home/h61084/codes/adapts/outputs/adaptation/Traffic/336_48/chronos2/raw_euclidean_10_online/extracted reason=complete
2026-07-30 23:09:39,488 INFO [__main__] ========================================================================
2026-07-30T23:09:40+02:00 extraction done configuration=38/90 dataset=Traffic model=chronos2 lags=336 horizon=48 retrieval=raw_euclidean_10_online

2026-07-30T23:09:40+02:00 extraction start configuration=39/90 dataset=Traffic model=chronos2 lags=336 horizon=48 retrieval=instance_euclidean_1_online datastore_stride=24 adapt_stride=24 eval_stride=128 max_store_windows=30000 compute_transformed_prediction=false seed=1
2026-07-30 23:09:42,318 INFO [__main__] ========================================================================
2026-07-30 23:09:42,318 INFO [__main__] experiment start kind=extraction dataset=Traffic model=chronos2 lags=336 horizon=48 neighbors=1 distance=instance/euclidean
2026-07-30 23:09:42,646 INFO [__main__] extraction skipped dir=/home/h61084/codes/adapts/outputs/adaptation/Traffic/336_48/chronos2/instance_euclidean_1_online/extracted reason=complete
2026-07-30 23:09:42,646 INFO [__main__] ========================================================================
2026-07-30T23:09:42+02:00 extraction done configuration=39/90 dataset=Traffic model=chronos2 lags=336 horizon=48 retrieval=instance_euclidean_1_online

2026-07-30T23:09:43+02:00 extraction start configuration=40/90 dataset=Traffic model=chronos2 lags=336 horizon=48 retrieval=instance_euclidean_10_online datastore_stride=24 adapt_stride=24 eval_stride=128 max_store_windows=30000 compute_transformed_prediction=false seed=1
2026-07-30 23:09:45,323 INFO [__main__] ========================================================================
2026-07-30 23:09:45,324 INFO [__main__] experiment start kind=extraction dataset=Traffic model=chronos2 lags=336 horizon=48 neighbors=10 distance=instance/euclidean
2026-07-30 23:09:45,603 INFO [__main__] extraction skipped dir=/home/h61084/codes/adapts/outputs/adaptation/Traffic/336_48/chronos2/instance_euclidean_10_online/extracted reason=complete
2026-07-30 23:09:45,603 INFO [__main__] ========================================================================
2026-07-30T23:09:45+02:00 extraction done configuration=40/90 dataset=Traffic model=chronos2 lags=336 horizon=48 retrieval=instance_euclidean_10_online

2026-07-30T23:09:45+02:00 extraction start configuration=41/90 dataset=Traffic model=chronos2 lags=504 horizon=168 retrieval=vanilla datastore_stride=24 adapt_stride=24 eval_stride=128 max_store_windows=30000 compute_transformed_prediction=false seed=1
2026-07-30 23:09:48,648 INFO [__main__] ========================================================================
2026-07-30 23:09:48,648 INFO [__main__] experiment start kind=extraction dataset=Traffic model=chronos2 lags=504 horizon=168 neighbors=0 distance=raw/euclidean
2026-07-30 23:09:48,971 INFO [__main__] extraction skipped dir=/home/h61084/codes/adapts/outputs/adaptation/Traffic/504_168/chronos2/vanilla reason=complete
2026-07-30 23:09:48,971 INFO [__main__] ========================================================================
2026-07-30T23:09:49+02:00 extraction done configuration=41/90 dataset=Traffic model=chronos2 lags=504 horizon=168 retrieval=vanilla

2026-07-30T23:09:49+02:00 extraction start configuration=42/90 dataset=Traffic model=chronos2 lags=504 horizon=168 retrieval=raw_euclidean_1_online datastore_stride=24 adapt_stride=24 eval_stride=128 max_store_windows=30000 compute_transformed_prediction=false seed=1
2026-07-30 23:09:51,588 INFO [__main__] ========================================================================
2026-07-30 23:09:51,588 INFO [__main__] experiment start kind=extraction dataset=Traffic model=chronos2 lags=504 horizon=168 neighbors=1 distance=raw/euclidean
2026-07-30 23:09:51,890 INFO [__main__] extraction skipped dir=/home/h61084/codes/adapts/outputs/adaptation/Traffic/504_168/chronos2/raw_euclidean_1_online/extracted reason=complete
2026-07-30 23:09:51,890 INFO [__main__] ========================================================================
2026-07-30T23:09:52+02:00 extraction done configuration=42/90 dataset=Traffic model=chronos2 lags=504 horizon=168 retrieval=raw_euclidean_1_online

2026-07-30T23:09:52+02:00 extraction start configuration=43/90 dataset=Traffic model=chronos2 lags=504 horizon=168 retrieval=raw_euclidean_10_online datastore_stride=24 adapt_stride=24 eval_stride=128 max_store_windows=30000 compute_transformed_prediction=false seed=1
2026-07-30 23:09:54,602 INFO [__main__] ========================================================================
2026-07-30 23:09:54,602 INFO [__main__] experiment start kind=extraction dataset=Traffic model=chronos2 lags=504 horizon=168 neighbors=10 distance=raw/euclidean
2026-07-30 23:09:54,929 INFO [__main__] extraction skipped dir=/home/h61084/codes/adapts/outputs/adaptation/Traffic/504_168/chronos2/raw_euclidean_10_online/extracted reason=complete
2026-07-30 23:09:54,929 INFO [__main__] ========================================================================
2026-07-30T23:09:55+02:00 extraction done configuration=43/90 dataset=Traffic model=chronos2 lags=504 horizon=168 retrieval=raw_euclidean_10_online

2026-07-30T23:09:55+02:00 extraction start configuration=44/90 dataset=Traffic model=chronos2 lags=504 horizon=168 retrieval=instance_euclidean_1_online datastore_stride=24 adapt_stride=24 eval_stride=128 max_store_windows=30000 compute_transformed_prediction=false seed=1
2026-07-30 23:09:57,665 INFO [__main__] ========================================================================
2026-07-30 23:09:57,666 INFO [__main__] experiment start kind=extraction dataset=Traffic model=chronos2 lags=504 horizon=168 neighbors=1 distance=instance/euclidean
2026-07-30 23:09:57,961 INFO [__main__] extraction skipped dir=/home/h61084/codes/adapts/outputs/adaptation/Traffic/504_168/chronos2/instance_euclidean_1_online/extracted reason=complete
2026-07-30 23:09:57,961 INFO [__main__] ========================================================================
2026-07-30T23:09:58+02:00 extraction done configuration=44/90 dataset=Traffic model=chronos2 lags=504 horizon=168 retrieval=instance_euclidean_1_online

2026-07-30T23:09:58+02:00 extraction start configuration=45/90 dataset=Traffic model=chronos2 lags=504 horizon=168 retrieval=instance_euclidean_10_online datastore_stride=24 adapt_stride=24 eval_stride=128 max_store_windows=30000 compute_transformed_prediction=false seed=1
2026-07-30 23:10:00,774 INFO [__main__] ========================================================================
2026-07-30 23:10:00,774 INFO [__main__] experiment start kind=extraction dataset=Traffic model=chronos2 lags=504 horizon=168 neighbors=10 distance=instance/euclidean
2026-07-30 23:10:01,099 INFO [__main__] extraction skipped dir=/home/h61084/codes/adapts/outputs/adaptation/Traffic/504_168/chronos2/instance_euclidean_10_online/extracted reason=complete
2026-07-30 23:10:01,099 INFO [__main__] ========================================================================
2026-07-30T23:10:01+02:00 extraction done configuration=45/90 dataset=Traffic model=chronos2 lags=504 horizon=168 retrieval=instance_euclidean_10_online

2026-07-30T23:10:01+02:00 extraction start configuration=46/90 dataset=Solar model=chronos2 lags=168 horizon=24 retrieval=vanilla datastore_stride=24 adapt_stride=24 eval_stride=128 max_store_windows=30000 compute_transformed_prediction=false seed=1
2026-07-30 23:10:03,867 INFO [__main__] ========================================================================
2026-07-30 23:10:03,868 INFO [__main__] experiment start kind=extraction dataset=Solar model=chronos2 lags=168 horizon=24 neighbors=0 distance=raw/euclidean
2026-07-30 23:10:04,183 INFO [__main__] extraction skipped dir=/home/h61084/codes/adapts/outputs/adaptation/Solar/168_24/chronos2/vanilla reason=complete
2026-07-30 23:10:04,183 INFO [__main__] ========================================================================
2026-07-30T23:10:04+02:00 extraction done configuration=46/90 dataset=Solar model=chronos2 lags=168 horizon=24 retrieval=vanilla

2026-07-30T23:10:04+02:00 extraction start configuration=47/90 dataset=Solar model=chronos2 lags=168 horizon=24 retrieval=raw_euclidean_1_online datastore_stride=24 adapt_stride=24 eval_stride=128 max_store_windows=30000 compute_transformed_prediction=false seed=1
2026-07-30 23:10:06,857 INFO [__main__] ========================================================================
2026-07-30 23:10:06,857 INFO [__main__] experiment start kind=extraction dataset=Solar model=chronos2 lags=168 horizon=24 neighbors=1 distance=raw/euclidean
2026-07-30 23:10:07,153 INFO [__main__] extraction skipped dir=/home/h61084/codes/adapts/outputs/adaptation/Solar/168_24/chronos2/raw_euclidean_1_online/extracted reason=complete
2026-07-30 23:10:07,153 INFO [__main__] ========================================================================
2026-07-30T23:10:07+02:00 extraction done configuration=47/90 dataset=Solar model=chronos2 lags=168 horizon=24 retrieval=raw_euclidean_1_online

2026-07-30T23:10:07+02:00 extraction start configuration=48/90 dataset=Solar model=chronos2 lags=168 horizon=24 retrieval=raw_euclidean_10_online datastore_stride=24 adapt_stride=24 eval_stride=128 max_store_windows=30000 compute_transformed_prediction=false seed=1
2026-07-30 23:10:09,835 INFO [__main__] ========================================================================
2026-07-30 23:10:09,836 INFO [__main__] experiment start kind=extraction dataset=Solar model=chronos2 lags=168 horizon=24 neighbors=10 distance=raw/euclidean
2026-07-30 23:10:10,159 INFO [__main__] extraction skipped dir=/home/h61084/codes/adapts/outputs/adaptation/Solar/168_24/chronos2/raw_euclidean_10_online/extracted reason=complete
2026-07-30 23:10:10,159 INFO [__main__] ========================================================================
2026-07-30T23:10:10+02:00 extraction done configuration=48/90 dataset=Solar model=chronos2 lags=168 horizon=24 retrieval=raw_euclidean_10_online

2026-07-30T23:10:10+02:00 extraction start configuration=49/90 dataset=Solar model=chronos2 lags=168 horizon=24 retrieval=instance_euclidean_1_online datastore_stride=24 adapt_stride=24 eval_stride=128 max_store_windows=30000 compute_transformed_prediction=false seed=1
2026-07-30 23:10:12,933 INFO [__main__] ========================================================================
2026-07-30 23:10:12,933 INFO [__main__] experiment start kind=extraction dataset=Solar model=chronos2 lags=168 horizon=24 neighbors=1 distance=instance/euclidean
2026-07-30 23:10:13,227 INFO [__main__] extraction skipped dir=/home/h61084/codes/adapts/outputs/adaptation/Solar/168_24/chronos2/instance_euclidean_1_online/extracted reason=complete
2026-07-30 23:10:13,227 INFO [__main__] ========================================================================
2026-07-30T23:10:13+02:00 extraction done configuration=49/90 dataset=Solar model=chronos2 lags=168 horizon=24 retrieval=instance_euclidean_1_online

2026-07-30T23:10:13+02:00 extraction start configuration=50/90 dataset=Solar model=chronos2 lags=168 horizon=24 retrieval=instance_euclidean_10_online datastore_stride=24 adapt_stride=24 eval_stride=128 max_store_windows=30000 compute_transformed_prediction=false seed=1
2026-07-30 23:10:15,942 INFO [__main__] ========================================================================
2026-07-30 23:10:15,942 INFO [__main__] experiment start kind=extraction dataset=Solar model=chronos2 lags=168 horizon=24 neighbors=10 distance=instance/euclidean
2026-07-30 23:10:16,264 INFO [__main__] extraction skipped dir=/home/h61084/codes/adapts/outputs/adaptation/Solar/168_24/chronos2/instance_euclidean_10_online/extracted reason=complete
2026-07-30 23:10:16,264 INFO [__main__] ========================================================================
2026-07-30T23:10:16+02:00 extraction done configuration=50/90 dataset=Solar model=chronos2 lags=168 horizon=24 retrieval=instance_euclidean_10_online

2026-07-30T23:10:16+02:00 extraction start configuration=51/90 dataset=Solar model=chronos2 lags=336 horizon=48 retrieval=vanilla datastore_stride=24 adapt_stride=24 eval_stride=128 max_store_windows=30000 compute_transformed_prediction=false seed=1
2026-07-30 23:10:18,995 INFO [__main__] ========================================================================
2026-07-30 23:10:18,995 INFO [__main__] experiment start kind=extraction dataset=Solar model=chronos2 lags=336 horizon=48 neighbors=0 distance=raw/euclidean
2026-07-30 23:10:19,276 INFO [__main__] extraction skipped dir=/home/h61084/codes/adapts/outputs/adaptation/Solar/336_48/chronos2/vanilla reason=complete
2026-07-30 23:10:19,276 INFO [__main__] ========================================================================
2026-07-30T23:10:19+02:00 extraction done configuration=51/90 dataset=Solar model=chronos2 lags=336 horizon=48 retrieval=vanilla

2026-07-30T23:10:19+02:00 extraction start configuration=52/90 dataset=Solar model=chronos2 lags=336 horizon=48 retrieval=raw_euclidean_1_online datastore_stride=24 adapt_stride=24 eval_stride=128 max_store_windows=30000 compute_transformed_prediction=false seed=1
2026-07-30 23:10:22,036 INFO [__main__] ========================================================================
2026-07-30 23:10:22,036 INFO [__main__] experiment start kind=extraction dataset=Solar model=chronos2 lags=336 horizon=48 neighbors=1 distance=raw/euclidean
2026-07-30 23:10:22,397 INFO [__main__] extraction skipped dir=/home/h61084/codes/adapts/outputs/adaptation/Solar/336_48/chronos2/raw_euclidean_1_online/extracted reason=complete
2026-07-30 23:10:22,397 INFO [__main__] ========================================================================
2026-07-30T23:10:22+02:00 extraction done configuration=52/90 dataset=Solar model=chronos2 lags=336 horizon=48 retrieval=raw_euclidean_1_online

2026-07-30T23:10:22+02:00 extraction start configuration=53/90 dataset=Solar model=chronos2 lags=336 horizon=48 retrieval=raw_euclidean_10_online datastore_stride=24 adapt_stride=24 eval_stride=128 max_store_windows=30000 compute_transformed_prediction=false seed=1
2026-07-30 23:10:24,973 INFO [__main__] ========================================================================
2026-07-30 23:10:24,973 INFO [__main__] experiment start kind=extraction dataset=Solar model=chronos2 lags=336 horizon=48 neighbors=10 distance=raw/euclidean
2026-07-30 23:10:25,271 INFO [__main__] extraction skipped dir=/home/h61084/codes/adapts/outputs/adaptation/Solar/336_48/chronos2/raw_euclidean_10_online/extracted reason=complete
2026-07-30 23:10:25,271 INFO [__main__] ========================================================================
2026-07-30T23:10:25+02:00 extraction done configuration=53/90 dataset=Solar model=chronos2 lags=336 horizon=48 retrieval=raw_euclidean_10_online

2026-07-30T23:10:25+02:00 extraction start configuration=54/90 dataset=Solar model=chronos2 lags=336 horizon=48 retrieval=instance_euclidean_1_online datastore_stride=24 adapt_stride=24 eval_stride=128 max_store_windows=30000 compute_transformed_prediction=false seed=1
2026-07-30 23:10:27,898 INFO [__main__] ========================================================================
2026-07-30 23:10:27,898 INFO [__main__] experiment start kind=extraction dataset=Solar model=chronos2 lags=336 horizon=48 neighbors=1 distance=instance/euclidean
2026-07-30 23:10:28,203 INFO [__main__] extraction skipped dir=/home/h61084/codes/adapts/outputs/adaptation/Solar/336_48/chronos2/instance_euclidean_1_online/extracted reason=complete
2026-07-30 23:10:28,203 INFO [__main__] ========================================================================
2026-07-30T23:10:28+02:00 extraction done configuration=54/90 dataset=Solar model=chronos2 lags=336 horizon=48 retrieval=instance_euclidean_1_online

2026-07-30T23:10:28+02:00 extraction start configuration=55/90 dataset=Solar model=chronos2 lags=336 horizon=48 retrieval=instance_euclidean_10_online datastore_stride=24 adapt_stride=24 eval_stride=128 max_store_windows=30000 compute_transformed_prediction=false seed=1
2026-07-30 23:10:30,966 INFO [__main__] ========================================================================
2026-07-30 23:10:30,966 INFO [__main__] experiment start kind=extraction dataset=Solar model=chronos2 lags=336 horizon=48 neighbors=10 distance=instance/euclidean
2026-07-30 23:10:31,260 INFO [__main__] extraction skipped dir=/home/h61084/codes/adapts/outputs/adaptation/Solar/336_48/chronos2/instance_euclidean_10_online/extracted reason=complete
2026-07-30 23:10:31,260 INFO [__main__] ========================================================================
2026-07-30T23:10:31+02:00 extraction done configuration=55/90 dataset=Solar model=chronos2 lags=336 horizon=48 retrieval=instance_euclidean_10_online

2026-07-30T23:10:31+02:00 extraction start configuration=56/90 dataset=Solar model=chronos2 lags=504 horizon=168 retrieval=vanilla datastore_stride=24 adapt_stride=24 eval_stride=128 max_store_windows=30000 compute_transformed_prediction=false seed=1
2026-07-30 23:10:33,899 INFO [__main__] ========================================================================
2026-07-30 23:10:33,900 INFO [__main__] experiment start kind=extraction dataset=Solar model=chronos2 lags=504 horizon=168 neighbors=0 distance=raw/euclidean
2026-07-30 23:10:34,177 INFO [__main__] extraction skipped dir=/home/h61084/codes/adapts/outputs/adaptation/Solar/504_168/chronos2/vanilla reason=complete
2026-07-30 23:10:34,178 INFO [__main__] ========================================================================
2026-07-30T23:10:34+02:00 extraction done configuration=56/90 dataset=Solar model=chronos2 lags=504 horizon=168 retrieval=vanilla

2026-07-30T23:10:34+02:00 extraction start configuration=57/90 dataset=Solar model=chronos2 lags=504 horizon=168 retrieval=raw_euclidean_1_online datastore_stride=24 adapt_stride=24 eval_stride=128 max_store_windows=30000 compute_transformed_prediction=false seed=1
2026-07-30 23:10:36,866 INFO [__main__] ========================================================================
2026-07-30 23:10:36,866 INFO [__main__] experiment start kind=extraction dataset=Solar model=chronos2 lags=504 horizon=168 neighbors=1 distance=raw/euclidean
2026-07-30 23:10:37,148 INFO [__main__] extraction skipped dir=/home/h61084/codes/adapts/outputs/adaptation/Solar/504_168/chronos2/raw_euclidean_1_online/extracted reason=complete
2026-07-30 23:10:37,148 INFO [__main__] ========================================================================
2026-07-30T23:10:37+02:00 extraction done configuration=57/90 dataset=Solar model=chronos2 lags=504 horizon=168 retrieval=raw_euclidean_1_online

2026-07-30T23:10:37+02:00 extraction start configuration=58/90 dataset=Solar model=chronos2 lags=504 horizon=168 retrieval=raw_euclidean_10_online datastore_stride=24 adapt_stride=24 eval_stride=128 max_store_windows=30000 compute_transformed_prediction=false seed=1
2026-07-30 23:10:39,889 INFO [__main__] ========================================================================
2026-07-30 23:10:39,889 INFO [__main__] experiment start kind=extraction dataset=Solar model=chronos2 lags=504 horizon=168 neighbors=10 distance=raw/euclidean
2026-07-30 23:10:40,171 INFO [__main__] extraction skipped dir=/home/h61084/codes/adapts/outputs/adaptation/Solar/504_168/chronos2/raw_euclidean_10_online/extracted reason=complete
2026-07-30 23:10:40,171 INFO [__main__] ========================================================================
2026-07-30T23:10:40+02:00 extraction done configuration=58/90 dataset=Solar model=chronos2 lags=504 horizon=168 retrieval=raw_euclidean_10_online

2026-07-30T23:10:40+02:00 extraction start configuration=59/90 dataset=Solar model=chronos2 lags=504 horizon=168 retrieval=instance_euclidean_1_online datastore_stride=24 adapt_stride=24 eval_stride=128 max_store_windows=30000 compute_transformed_prediction=false seed=1
2026-07-30 23:10:42,881 INFO [__main__] ========================================================================
2026-07-30 23:10:42,881 INFO [__main__] experiment start kind=extraction dataset=Solar model=chronos2 lags=504 horizon=168 neighbors=1 distance=instance/euclidean
2026-07-30 23:10:43,179 INFO [__main__] extraction skipped dir=/home/h61084/codes/adapts/outputs/adaptation/Solar/504_168/chronos2/instance_euclidean_1_online/extracted reason=complete
2026-07-30 23:10:43,179 INFO [__main__] ========================================================================
2026-07-30T23:10:43+02:00 extraction done configuration=59/90 dataset=Solar model=chronos2 lags=504 horizon=168 retrieval=instance_euclidean_1_online

2026-07-30T23:10:43+02:00 extraction start configuration=60/90 dataset=Solar model=chronos2 lags=504 horizon=168 retrieval=instance_euclidean_10_online datastore_stride=24 adapt_stride=24 eval_stride=128 max_store_windows=30000 compute_transformed_prediction=false seed=1
2026-07-30 23:10:45,780 INFO [__main__] ========================================================================
2026-07-30 23:10:45,780 INFO [__main__] experiment start kind=extraction dataset=Solar model=chronos2 lags=504 horizon=168 neighbors=10 distance=instance/euclidean
2026-07-30 23:10:46,085 INFO [__main__] extraction skipped dir=/home/h61084/codes/adapts/outputs/adaptation/Solar/504_168/chronos2/instance_euclidean_10_online/extracted reason=complete
2026-07-30 23:10:46,085 INFO [__main__] ========================================================================
2026-07-30T23:10:46+02:00 extraction done configuration=60/90 dataset=Solar model=chronos2 lags=504 horizon=168 retrieval=instance_euclidean_10_online

2026-07-30T23:10:46+02:00 extraction start configuration=61/90 dataset=Weather model=chronos2 lags=168 horizon=24 retrieval=vanilla datastore_stride=24 adapt_stride=24 eval_stride=128 max_store_windows=30000 compute_transformed_prediction=false seed=1
2026-07-30 23:10:49,156 INFO [__main__] ========================================================================
2026-07-30 23:10:49,156 INFO [__main__] experiment start kind=extraction dataset=Weather model=chronos2 lags=168 horizon=24 neighbors=0 distance=raw/euclidean
2026-07-30 23:10:49,429 INFO [__main__] extraction skipped dir=/home/h61084/codes/adapts/outputs/adaptation/Weather/168_24/chronos2/vanilla reason=complete
2026-07-30 23:10:49,429 INFO [__main__] ========================================================================
2026-07-30T23:10:49+02:00 extraction done configuration=61/90 dataset=Weather model=chronos2 lags=168 horizon=24 retrieval=vanilla

2026-07-30T23:10:49+02:00 extraction start configuration=62/90 dataset=Weather model=chronos2 lags=168 horizon=24 retrieval=raw_euclidean_1_online datastore_stride=24 adapt_stride=24 eval_stride=128 max_store_windows=30000 compute_transformed_prediction=false seed=1
2026-07-30 23:10:52,148 INFO [__main__] ========================================================================
2026-07-30 23:10:52,148 INFO [__main__] experiment start kind=extraction dataset=Weather model=chronos2 lags=168 horizon=24 neighbors=1 distance=raw/euclidean
2026-07-30 23:10:52,539 INFO [__main__] extraction skipped dir=/home/h61084/codes/adapts/outputs/adaptation/Weather/168_24/chronos2/raw_euclidean_1_online/extracted reason=complete
2026-07-30 23:10:52,539 INFO [__main__] ========================================================================
2026-07-30T23:10:52+02:00 extraction done configuration=62/90 dataset=Weather model=chronos2 lags=168 horizon=24 retrieval=raw_euclidean_1_online

2026-07-30T23:10:52+02:00 extraction start configuration=63/90 dataset=Weather model=chronos2 lags=168 horizon=24 retrieval=raw_euclidean_10_online datastore_stride=24 adapt_stride=24 eval_stride=128 max_store_windows=30000 compute_transformed_prediction=false seed=1
2026-07-30 23:10:55,218 INFO [__main__] ========================================================================
2026-07-30 23:10:55,218 INFO [__main__] experiment start kind=extraction dataset=Weather model=chronos2 lags=168 horizon=24 neighbors=10 distance=raw/euclidean
2026-07-30 23:10:55,490 INFO [__main__] extraction skipped dir=/home/h61084/codes/adapts/outputs/adaptation/Weather/168_24/chronos2/raw_euclidean_10_online/extracted reason=complete
2026-07-30 23:10:55,490 INFO [__main__] ========================================================================
2026-07-30T23:10:55+02:00 extraction done configuration=63/90 dataset=Weather model=chronos2 lags=168 horizon=24 retrieval=raw_euclidean_10_online

2026-07-30T23:10:55+02:00 extraction start configuration=64/90 dataset=Weather model=chronos2 lags=168 horizon=24 retrieval=instance_euclidean_1_online datastore_stride=24 adapt_stride=24 eval_stride=128 max_store_windows=30000 compute_transformed_prediction=false seed=1
2026-07-30 23:10:58,083 INFO [__main__] ========================================================================
2026-07-30 23:10:58,083 INFO [__main__] experiment start kind=extraction dataset=Weather model=chronos2 lags=168 horizon=24 neighbors=1 distance=instance/euclidean
2026-07-30 23:10:58,441 INFO [__main__] extraction skipped dir=/home/h61084/codes/adapts/outputs/adaptation/Weather/168_24/chronos2/instance_euclidean_1_online/extracted reason=complete
2026-07-30 23:10:58,441 INFO [__main__] ========================================================================
2026-07-30T23:10:58+02:00 extraction done configuration=64/90 dataset=Weather model=chronos2 lags=168 horizon=24 retrieval=instance_euclidean_1_online

2026-07-30T23:10:58+02:00 extraction start configuration=65/90 dataset=Weather model=chronos2 lags=168 horizon=24 retrieval=instance_euclidean_10_online datastore_stride=24 adapt_stride=24 eval_stride=128 max_store_windows=30000 compute_transformed_prediction=false seed=1
2026-07-30 23:11:01,123 INFO [__main__] ========================================================================
2026-07-30 23:11:01,123 INFO [__main__] experiment start kind=extraction dataset=Weather model=chronos2 lags=168 horizon=24 neighbors=10 distance=instance/euclidean
2026-07-30 23:11:01,414 INFO [__main__] extraction skipped dir=/home/h61084/codes/adapts/outputs/adaptation/Weather/168_24/chronos2/instance_euclidean_10_online/extracted reason=complete
2026-07-30 23:11:01,414 INFO [__main__] ========================================================================
2026-07-30T23:11:01+02:00 extraction done configuration=65/90 dataset=Weather model=chronos2 lags=168 horizon=24 retrieval=instance_euclidean_10_online

2026-07-30T23:11:01+02:00 extraction start configuration=66/90 dataset=Weather model=chronos2 lags=336 horizon=48 retrieval=vanilla datastore_stride=24 adapt_stride=24 eval_stride=128 max_store_windows=30000 compute_transformed_prediction=false seed=1
2026-07-30 23:11:04,195 INFO [__main__] ========================================================================
2026-07-30 23:11:04,195 INFO [__main__] experiment start kind=extraction dataset=Weather model=chronos2 lags=336 horizon=48 neighbors=0 distance=raw/euclidean
2026-07-30 23:11:04,584 INFO [__main__] extraction skipped dir=/home/h61084/codes/adapts/outputs/adaptation/Weather/336_48/chronos2/vanilla reason=complete
2026-07-30 23:11:04,584 INFO [__main__] ========================================================================
2026-07-30T23:11:04+02:00 extraction done configuration=66/90 dataset=Weather model=chronos2 lags=336 horizon=48 retrieval=vanilla

2026-07-30T23:11:04+02:00 extraction start configuration=67/90 dataset=Weather model=chronos2 lags=336 horizon=48 retrieval=raw_euclidean_1_online datastore_stride=24 adapt_stride=24 eval_stride=128 max_store_windows=30000 compute_transformed_prediction=false seed=1
2026-07-30 23:11:07,312 INFO [__main__] ========================================================================
2026-07-30 23:11:07,312 INFO [__main__] experiment start kind=extraction dataset=Weather model=chronos2 lags=336 horizon=48 neighbors=1 distance=raw/euclidean
2026-07-30 23:11:07,590 INFO [__main__] extraction skipped dir=/home/h61084/codes/adapts/outputs/adaptation/Weather/336_48/chronos2/raw_euclidean_1_online/extracted reason=complete
2026-07-30 23:11:07,590 INFO [__main__] ========================================================================
2026-07-30T23:11:07+02:00 extraction done configuration=67/90 dataset=Weather model=chronos2 lags=336 horizon=48 retrieval=raw_euclidean_1_online

2026-07-30T23:11:07+02:00 extraction start configuration=68/90 dataset=Weather model=chronos2 lags=336 horizon=48 retrieval=raw_euclidean_10_online datastore_stride=24 adapt_stride=24 eval_stride=128 max_store_windows=30000 compute_transformed_prediction=false seed=1
2026-07-30 23:11:10,230 INFO [__main__] ========================================================================
2026-07-30 23:11:10,231 INFO [__main__] experiment start kind=extraction dataset=Weather model=chronos2 lags=336 horizon=48 neighbors=10 distance=raw/euclidean
2026-07-30 23:11:10,607 INFO [__main__] extraction skipped dir=/home/h61084/codes/adapts/outputs/adaptation/Weather/336_48/chronos2/raw_euclidean_10_online/extracted reason=complete
2026-07-30 23:11:10,607 INFO [__main__] ========================================================================
2026-07-30T23:11:10+02:00 extraction done configuration=68/90 dataset=Weather model=chronos2 lags=336 horizon=48 retrieval=raw_euclidean_10_online

2026-07-30T23:11:10+02:00 extraction start configuration=69/90 dataset=Weather model=chronos2 lags=336 horizon=48 retrieval=instance_euclidean_1_online datastore_stride=24 adapt_stride=24 eval_stride=128 max_store_windows=30000 compute_transformed_prediction=false seed=1
2026-07-30 23:11:13,206 INFO [__main__] ========================================================================
2026-07-30 23:11:13,206 INFO [__main__] experiment start kind=extraction dataset=Weather model=chronos2 lags=336 horizon=48 neighbors=1 distance=instance/euclidean
2026-07-30 23:11:13,479 INFO [__main__] extraction skipped dir=/home/h61084/codes/adapts/outputs/adaptation/Weather/336_48/chronos2/instance_euclidean_1_online/extracted reason=complete
2026-07-30 23:11:13,479 INFO [__main__] ========================================================================
2026-07-30T23:11:13+02:00 extraction done configuration=69/90 dataset=Weather model=chronos2 lags=336 horizon=48 retrieval=instance_euclidean_1_online

2026-07-30T23:11:13+02:00 extraction start configuration=70/90 dataset=Weather model=chronos2 lags=336 horizon=48 retrieval=instance_euclidean_10_online datastore_stride=24 adapt_stride=24 eval_stride=128 max_store_windows=30000 compute_transformed_prediction=false seed=1
2026-07-30 23:11:16,145 INFO [__main__] ========================================================================
2026-07-30 23:11:16,145 INFO [__main__] experiment start kind=extraction dataset=Weather model=chronos2 lags=336 horizon=48 neighbors=10 distance=instance/euclidean
2026-07-30 23:11:16,493 INFO [__main__] extraction skipped dir=/home/h61084/codes/adapts/outputs/adaptation/Weather/336_48/chronos2/instance_euclidean_10_online/extracted reason=complete
2026-07-30 23:11:16,493 INFO [__main__] ========================================================================
2026-07-30T23:11:16+02:00 extraction done configuration=70/90 dataset=Weather model=chronos2 lags=336 horizon=48 retrieval=instance_euclidean_10_online

2026-07-30T23:11:16+02:00 extraction start configuration=71/90 dataset=Weather model=chronos2 lags=504 horizon=168 retrieval=vanilla datastore_stride=24 adapt_stride=24 eval_stride=128 max_store_windows=30000 compute_transformed_prediction=false seed=1
2026-07-30 23:11:19,217 INFO [__main__] ========================================================================
2026-07-30 23:11:19,217 INFO [__main__] experiment start kind=extraction dataset=Weather model=chronos2 lags=504 horizon=168 neighbors=0 distance=raw/euclidean
2026-07-30 23:11:19,488 INFO [__main__] extraction skipped dir=/home/h61084/codes/adapts/outputs/adaptation/Weather/504_168/chronos2/vanilla reason=complete
2026-07-30 23:11:19,488 INFO [__main__] ========================================================================
2026-07-30T23:11:19+02:00 extraction done configuration=71/90 dataset=Weather model=chronos2 lags=504 horizon=168 retrieval=vanilla

2026-07-30T23:11:19+02:00 extraction start configuration=72/90 dataset=Weather model=chronos2 lags=504 horizon=168 retrieval=raw_euclidean_1_online datastore_stride=24 adapt_stride=24 eval_stride=128 max_store_windows=30000 compute_transformed_prediction=false seed=1
2026-07-30 23:11:22,173 INFO [__main__] ========================================================================
2026-07-30 23:11:22,173 INFO [__main__] experiment start kind=extraction dataset=Weather model=chronos2 lags=504 horizon=168 neighbors=1 distance=raw/euclidean
2026-07-30 23:11:22,516 INFO [__main__] extraction skipped dir=/home/h61084/codes/adapts/outputs/adaptation/Weather/504_168/chronos2/raw_euclidean_1_online/extracted reason=complete
2026-07-30 23:11:22,516 INFO [__main__] ========================================================================
2026-07-30T23:11:22+02:00 extraction done configuration=72/90 dataset=Weather model=chronos2 lags=504 horizon=168 retrieval=raw_euclidean_1_online

2026-07-30T23:11:22+02:00 extraction start configuration=73/90 dataset=Weather model=chronos2 lags=504 horizon=168 retrieval=raw_euclidean_10_online datastore_stride=24 adapt_stride=24 eval_stride=128 max_store_windows=30000 compute_transformed_prediction=false seed=1
2026-07-30 23:11:25,250 INFO [__main__] ========================================================================
2026-07-30 23:11:25,250 INFO [__main__] experiment start kind=extraction dataset=Weather model=chronos2 lags=504 horizon=168 neighbors=10 distance=raw/euclidean
2026-07-30 23:11:25,534 INFO [__main__] extraction skipped dir=/home/h61084/codes/adapts/outputs/adaptation/Weather/504_168/chronos2/raw_euclidean_10_online/extracted reason=complete
2026-07-30 23:11:25,534 INFO [__main__] ========================================================================
2026-07-30T23:11:25+02:00 extraction done configuration=73/90 dataset=Weather model=chronos2 lags=504 horizon=168 retrieval=raw_euclidean_10_online

2026-07-30T23:11:25+02:00 extraction start configuration=74/90 dataset=Weather model=chronos2 lags=504 horizon=168 retrieval=instance_euclidean_1_online datastore_stride=24 adapt_stride=24 eval_stride=128 max_store_windows=30000 compute_transformed_prediction=false seed=1
2026-07-30 23:11:28,142 INFO [__main__] ========================================================================
2026-07-30 23:11:28,142 INFO [__main__] experiment start kind=extraction dataset=Weather model=chronos2 lags=504 horizon=168 neighbors=1 distance=instance/euclidean
2026-07-30 23:11:28,480 INFO [__main__] extraction skipped dir=/home/h61084/codes/adapts/outputs/adaptation/Weather/504_168/chronos2/instance_euclidean_1_online/extracted reason=complete
2026-07-30 23:11:28,480 INFO [__main__] ========================================================================
2026-07-30T23:11:28+02:00 extraction done configuration=74/90 dataset=Weather model=chronos2 lags=504 horizon=168 retrieval=instance_euclidean_1_online

2026-07-30T23:11:28+02:00 extraction start configuration=75/90 dataset=Weather model=chronos2 lags=504 horizon=168 retrieval=instance_euclidean_10_online datastore_stride=24 adapt_stride=24 eval_stride=128 max_store_windows=30000 compute_transformed_prediction=false seed=1
2026-07-30 23:11:31,027 INFO [__main__] ========================================================================
2026-07-30 23:11:31,027 INFO [__main__] experiment start kind=extraction dataset=Weather model=chronos2 lags=504 horizon=168 neighbors=10 distance=instance/euclidean
2026-07-30 23:11:31,316 INFO [__main__] extraction skipped dir=/home/h61084/codes/adapts/outputs/adaptation/Weather/504_168/chronos2/instance_euclidean_10_online/extracted reason=complete
2026-07-30 23:11:31,316 INFO [__main__] ========================================================================
2026-07-30T23:11:31+02:00 extraction done configuration=75/90 dataset=Weather model=chronos2 lags=504 horizon=168 retrieval=instance_euclidean_10_online

2026-07-30T23:11:31+02:00 extraction start configuration=76/90 dataset=exchange_rate model=chronos2 lags=168 horizon=24 retrieval=vanilla datastore_stride=24 adapt_stride=24 eval_stride=128 max_store_windows=30000 compute_transformed_prediction=false seed=1
2026-07-30 23:11:33,872 INFO [__main__] ========================================================================
2026-07-30 23:11:33,872 INFO [__main__] experiment start kind=extraction dataset=exchange_rate model=chronos2 lags=168 horizon=24 neighbors=0 distance=raw/euclidean
2026-07-30 23:11:34,171 INFO [__main__] extraction skipped dir=/home/h61084/codes/adapts/outputs/adaptation/exchange_rate/168_24/chronos2/vanilla reason=complete
2026-07-30 23:11:34,171 INFO [__main__] ========================================================================
2026-07-30T23:11:34+02:00 extraction done configuration=76/90 dataset=exchange_rate model=chronos2 lags=168 horizon=24 retrieval=vanilla

2026-07-30T23:11:34+02:00 extraction start configuration=77/90 dataset=exchange_rate model=chronos2 lags=168 horizon=24 retrieval=raw_euclidean_1_online datastore_stride=24 adapt_stride=24 eval_stride=128 max_store_windows=30000 compute_transformed_prediction=false seed=1
2026-07-30 23:11:36,831 INFO [__main__] ========================================================================
2026-07-30 23:11:36,831 INFO [__main__] experiment start kind=extraction dataset=exchange_rate model=chronos2 lags=168 horizon=24 neighbors=1 distance=raw/euclidean
2026-07-30 23:11:37,102 INFO [__main__] extraction skipped dir=/home/h61084/codes/adapts/outputs/adaptation/exchange_rate/168_24/chronos2/raw_euclidean_1_online/extracted reason=complete
2026-07-30 23:11:37,102 INFO [__main__] ========================================================================
2026-07-30T23:11:37+02:00 extraction done configuration=77/90 dataset=exchange_rate model=chronos2 lags=168 horizon=24 retrieval=raw_euclidean_1_online

2026-07-30T23:11:37+02:00 extraction start configuration=78/90 dataset=exchange_rate model=chronos2 lags=168 horizon=24 retrieval=raw_euclidean_10_online datastore_stride=24 adapt_stride=24 eval_stride=128 max_store_windows=30000 compute_transformed_prediction=false seed=1
2026-07-30 23:11:39,678 INFO [__main__] ========================================================================
2026-07-30 23:11:39,678 INFO [__main__] experiment start kind=extraction dataset=exchange_rate model=chronos2 lags=168 horizon=24 neighbors=10 distance=raw/euclidean
2026-07-30 23:11:39,979 INFO [__main__] extraction skipped dir=/home/h61084/codes/adapts/outputs/adaptation/exchange_rate/168_24/chronos2/raw_euclidean_10_online/extracted reason=complete
2026-07-30 23:11:39,979 INFO [__main__] ========================================================================
2026-07-30T23:11:40+02:00 extraction done configuration=78/90 dataset=exchange_rate model=chronos2 lags=168 horizon=24 retrieval=raw_euclidean_10_online

2026-07-30T23:11:40+02:00 extraction start configuration=79/90 dataset=exchange_rate model=chronos2 lags=168 horizon=24 retrieval=instance_euclidean_1_online datastore_stride=24 adapt_stride=24 eval_stride=128 max_store_windows=30000 compute_transformed_prediction=false seed=1
2026-07-30 23:11:42,567 INFO [__main__] ========================================================================
2026-07-30 23:11:42,567 INFO [__main__] experiment start kind=extraction dataset=exchange_rate model=chronos2 lags=168 horizon=24 neighbors=1 distance=instance/euclidean
2026-07-30 23:11:42,925 INFO [__main__] extraction skipped dir=/home/h61084/codes/adapts/outputs/adaptation/exchange_rate/168_24/chronos2/instance_euclidean_1_online/extracted reason=complete
2026-07-30 23:11:42,925 INFO [__main__] ========================================================================
2026-07-30T23:11:43+02:00 extraction done configuration=79/90 dataset=exchange_rate model=chronos2 lags=168 horizon=24 retrieval=instance_euclidean_1_online

2026-07-30T23:11:43+02:00 extraction start configuration=80/90 dataset=exchange_rate model=chronos2 lags=168 horizon=24 retrieval=instance_euclidean_10_online datastore_stride=24 adapt_stride=24 eval_stride=128 max_store_windows=30000 compute_transformed_prediction=false seed=1
2026-07-30 23:11:45,605 INFO [__main__] ========================================================================
2026-07-30 23:11:45,606 INFO [__main__] experiment start kind=extraction dataset=exchange_rate model=chronos2 lags=168 horizon=24 neighbors=10 distance=instance/euclidean
2026-07-30 23:11:45,913 INFO [__main__] extraction skipped dir=/home/h61084/codes/adapts/outputs/adaptation/exchange_rate/168_24/chronos2/instance_euclidean_10_online/extracted reason=complete
2026-07-30 23:11:45,913 INFO [__main__] ========================================================================
2026-07-30T23:11:46+02:00 extraction done configuration=80/90 dataset=exchange_rate model=chronos2 lags=168 horizon=24 retrieval=instance_euclidean_10_online

2026-07-30T23:11:46+02:00 extraction start configuration=81/90 dataset=exchange_rate model=chronos2 lags=336 horizon=48 retrieval=vanilla datastore_stride=24 adapt_stride=24 eval_stride=128 max_store_windows=30000 compute_transformed_prediction=false seed=1
2026-07-30 23:11:48,598 INFO [__main__] ========================================================================
2026-07-30 23:11:48,598 INFO [__main__] experiment start kind=extraction dataset=exchange_rate model=chronos2 lags=336 horizon=48 neighbors=0 distance=raw/euclidean
2026-07-30 23:11:48,937 INFO [__main__] extraction skipped dir=/home/h61084/codes/adapts/outputs/adaptation/exchange_rate/336_48/chronos2/vanilla reason=complete
2026-07-30 23:11:48,937 INFO [__main__] ========================================================================
2026-07-30T23:11:49+02:00 extraction done configuration=81/90 dataset=exchange_rate model=chronos2 lags=336 horizon=48 retrieval=vanilla

2026-07-30T23:11:49+02:00 extraction start configuration=82/90 dataset=exchange_rate model=chronos2 lags=336 horizon=48 retrieval=raw_euclidean_1_online datastore_stride=24 adapt_stride=24 eval_stride=128 max_store_windows=30000 compute_transformed_prediction=false seed=1
2026-07-30 23:11:51,875 INFO [__main__] ========================================================================
2026-07-30 23:11:51,875 INFO [__main__] experiment start kind=extraction dataset=exchange_rate model=chronos2 lags=336 horizon=48 neighbors=1 distance=raw/euclidean
2026-07-30 23:11:52,181 INFO [__main__] extraction skipped dir=/home/h61084/codes/adapts/outputs/adaptation/exchange_rate/336_48/chronos2/raw_euclidean_1_online/extracted reason=complete
2026-07-30 23:11:52,181 INFO [__main__] ========================================================================
2026-07-30T23:11:52+02:00 extraction done configuration=82/90 dataset=exchange_rate model=chronos2 lags=336 horizon=48 retrieval=raw_euclidean_1_online

2026-07-30T23:11:52+02:00 extraction start configuration=83/90 dataset=exchange_rate model=chronos2 lags=336 horizon=48 retrieval=raw_euclidean_10_online datastore_stride=24 adapt_stride=24 eval_stride=128 max_store_windows=30000 compute_transformed_prediction=false seed=1
2026-07-30 23:11:54,976 INFO [__main__] ========================================================================
2026-07-30 23:11:54,977 INFO [__main__] experiment start kind=extraction dataset=exchange_rate model=chronos2 lags=336 horizon=48 neighbors=10 distance=raw/euclidean
2026-07-30 23:11:55,273 INFO [__main__] extraction skipped dir=/home/h61084/codes/adapts/outputs/adaptation/exchange_rate/336_48/chronos2/raw_euclidean_10_online/extracted reason=complete
2026-07-30 23:11:55,273 INFO [__main__] ========================================================================
2026-07-30T23:11:55+02:00 extraction done configuration=83/90 dataset=exchange_rate model=chronos2 lags=336 horizon=48 retrieval=raw_euclidean_10_online

2026-07-30T23:11:55+02:00 extraction start configuration=84/90 dataset=exchange_rate model=chronos2 lags=336 horizon=48 retrieval=instance_euclidean_1_online datastore_stride=24 adapt_stride=24 eval_stride=128 max_store_windows=30000 compute_transformed_prediction=false seed=1
2026-07-30 23:11:57,978 INFO [__main__] ========================================================================
2026-07-30 23:11:57,979 INFO [__main__] experiment start kind=extraction dataset=exchange_rate model=chronos2 lags=336 horizon=48 neighbors=1 distance=instance/euclidean
2026-07-30 23:11:58,265 INFO [__main__] extraction skipped dir=/home/h61084/codes/adapts/outputs/adaptation/exchange_rate/336_48/chronos2/instance_euclidean_1_online/extracted reason=complete
2026-07-30 23:11:58,265 INFO [__main__] ========================================================================
2026-07-30T23:11:58+02:00 extraction done configuration=84/90 dataset=exchange_rate model=chronos2 lags=336 horizon=48 retrieval=instance_euclidean_1_online

2026-07-30T23:11:58+02:00 extraction start configuration=85/90 dataset=exchange_rate model=chronos2 lags=336 horizon=48 retrieval=instance_euclidean_10_online datastore_stride=24 adapt_stride=24 eval_stride=128 max_store_windows=30000 compute_transformed_prediction=false seed=1
2026-07-30 23:12:00,963 INFO [__main__] ========================================================================
2026-07-30 23:12:00,963 INFO [__main__] experiment start kind=extraction dataset=exchange_rate model=chronos2 lags=336 horizon=48 neighbors=10 distance=instance/euclidean
2026-07-30 23:12:01,267 INFO [__main__] extraction skipped dir=/home/h61084/codes/adapts/outputs/adaptation/exchange_rate/336_48/chronos2/instance_euclidean_10_online/extracted reason=complete
2026-07-30 23:12:01,267 INFO [__main__] ========================================================================
2026-07-30T23:12:01+02:00 extraction done configuration=85/90 dataset=exchange_rate model=chronos2 lags=336 horizon=48 retrieval=instance_euclidean_10_online

2026-07-30T23:12:01+02:00 extraction start configuration=86/90 dataset=exchange_rate model=chronos2 lags=504 horizon=168 retrieval=vanilla datastore_stride=24 adapt_stride=24 eval_stride=128 max_store_windows=30000 compute_transformed_prediction=false seed=1
2026-07-30 23:12:04,025 INFO [__main__] ========================================================================
2026-07-30 23:12:04,025 INFO [__main__] experiment start kind=extraction dataset=exchange_rate model=chronos2 lags=504 horizon=168 neighbors=0 distance=raw/euclidean
2026-07-30 23:12:04,326 INFO [__main__] extraction skipped dir=/home/h61084/codes/adapts/outputs/adaptation/exchange_rate/504_168/chronos2/vanilla reason=complete
2026-07-30 23:12:04,326 INFO [__main__] ========================================================================
2026-07-30T23:12:04+02:00 extraction done configuration=86/90 dataset=exchange_rate model=chronos2 lags=504 horizon=168 retrieval=vanilla

2026-07-30T23:12:04+02:00 extraction start configuration=87/90 dataset=exchange_rate model=chronos2 lags=504 horizon=168 retrieval=raw_euclidean_1_online datastore_stride=24 adapt_stride=24 eval_stride=128 max_store_windows=30000 compute_transformed_prediction=false seed=1
2026-07-30 23:12:07,081 INFO [__main__] ========================================================================
2026-07-30 23:12:07,081 INFO [__main__] experiment start kind=extraction dataset=exchange_rate model=chronos2 lags=504 horizon=168 neighbors=1 distance=raw/euclidean
2026-07-30 23:12:07,369 INFO [__main__] extraction skipped dir=/home/h61084/codes/adapts/outputs/adaptation/exchange_rate/504_168/chronos2/raw_euclidean_1_online/extracted reason=complete
2026-07-30 23:12:07,369 INFO [__main__] ========================================================================
2026-07-30T23:12:07+02:00 extraction done configuration=87/90 dataset=exchange_rate model=chronos2 lags=504 horizon=168 retrieval=raw_euclidean_1_online

2026-07-30T23:12:07+02:00 extraction start configuration=88/90 dataset=exchange_rate model=chronos2 lags=504 horizon=168 retrieval=raw_euclidean_10_online datastore_stride=24 adapt_stride=24 eval_stride=128 max_store_windows=30000 compute_transformed_prediction=false seed=1
2026-07-30 23:12:09,924 INFO [__main__] ========================================================================
2026-07-30 23:12:09,924 INFO [__main__] experiment start kind=extraction dataset=exchange_rate model=chronos2 lags=504 horizon=168 neighbors=10 distance=raw/euclidean
2026-07-30 23:12:10,217 INFO [__main__] extraction skipped dir=/home/h61084/codes/adapts/outputs/adaptation/exchange_rate/504_168/chronos2/raw_euclidean_10_online/extracted reason=complete
2026-07-30 23:12:10,217 INFO [__main__] ========================================================================
2026-07-30T23:12:10+02:00 extraction done configuration=88/90 dataset=exchange_rate model=chronos2 lags=504 horizon=168 retrieval=raw_euclidean_10_online

2026-07-30T23:12:10+02:00 extraction start configuration=89/90 dataset=exchange_rate model=chronos2 lags=504 horizon=168 retrieval=instance_euclidean_1_online datastore_stride=24 adapt_stride=24 eval_stride=128 max_store_windows=30000 compute_transformed_prediction=false seed=1
2026-07-30 23:12:12,720 INFO [__main__] ========================================================================
2026-07-30 23:12:12,720 INFO [__main__] experiment start kind=extraction dataset=exchange_rate model=chronos2 lags=504 horizon=168 neighbors=1 distance=instance/euclidean
2026-07-30 23:12:13,031 INFO [__main__] extraction skipped dir=/home/h61084/codes/adapts/outputs/adaptation/exchange_rate/504_168/chronos2/instance_euclidean_1_online/extracted reason=complete
2026-07-30 23:12:13,031 INFO [__main__] ========================================================================
2026-07-30T23:12:13+02:00 extraction done configuration=89/90 dataset=exchange_rate model=chronos2 lags=504 horizon=168 retrieval=instance_euclidean_1_online

2026-07-30T23:12:13+02:00 extraction start configuration=90/90 dataset=exchange_rate model=chronos2 lags=504 horizon=168 retrieval=instance_euclidean_10_online datastore_stride=24 adapt_stride=24 eval_stride=128 max_store_windows=30000 compute_transformed_prediction=false seed=1
2026-07-30 23:12:15,565 INFO [__main__] ========================================================================
2026-07-30 23:12:15,566 INFO [__main__] experiment start kind=extraction dataset=exchange_rate model=chronos2 lags=504 horizon=168 neighbors=10 distance=instance/euclidean
2026-07-30 23:12:15,845 INFO [__main__] extraction skipped dir=/home/h61084/codes/adapts/outputs/adaptation/exchange_rate/504_168/chronos2/instance_euclidean_10_online/extracted reason=complete
2026-07-30 23:12:15,845 INFO [__main__] ========================================================================
2026-07-30T23:12:16+02:00 extraction done configuration=90/90 dataset=exchange_rate model=chronos2 lags=504 horizon=168 retrieval=instance_euclidean_10_online

2026-07-30T23:12:16+02:00 job done kind=adaptation_extraction output=outputs/adaptation

2026-07-30T23:12:16+02:00 job start kind=baselines experiment_mode=screen skip_complete=true tasks=72 datasets=ETTh1,Electricity,Traffic,Solar,Weather,exchange_rate models=chronos2 settings=168:24,336:48,504:168 distance_spaces=raw,instance distance_metrics=euclidean neighbors=1,10 methods=all results_root=outputs/adaptation_results/screen
2026-07-30 23:12:18,154 INFO [__main__] extraction validation directory=outputs/adaptation/ETTh1/168_24/chronos2/raw_euclidean_1_online/extracted status=complete

2026-07-30T23:12:18+02:00 baselines start configuration=1/72 dataset=ETTh1 model=chronos2 lags=168 horizon=24 retrieval=raw_euclidean_1_online family=baselines l2_grid=0,1e-6,1e-5,1e-4,1e-3,1e-2,1e-1,1,10 validation_fraction=0.2 fit_baselines_on_eval=false seed=1 max_t1_fit_samples=none max_t2_valid_samples=none max_adapt_refit_samples=none max_eval_fit_samples=none fit_sample_seed=1
2026-07-30 23:12:20,781 INFO [__main__] ========================================================================
2026-07-30 23:12:20,781 INFO [__main__] selected methods=('aggr_y', 'aggr_y_mix_horizon', 'aggr_y_mix_shared', 'aggr_y_ridge_horizon', 'aggr_y_ridge_shared', 'context_forecast', 'context_ridge_horizon', 'context_ridge_shared', 'cov_horizon_ridge_horizon', 'cov_horizon_ridge_shared', 'cov_y_ridge_shared', 'full_ridge_horizon', 'full_ridge_shared', 'residual_ridge_horizon', 'residual_ridge_shared', 'y_mean', 'y_ridge_horizon', 'y_ridge_shared')
2026-07-30 23:12:22,517 INFO [__main__] baseline selection start l2_grid=(0.0, 1e-06, 1e-05, 0.0001, 0.001, 0.01, 0.1, 1.0, 10.0)
2026-07-30 23:12:22,857 INFO [__main__] baseline selection done
2026-07-30 23:12:22,953 INFO [__main__] experiment done seconds=2.17
2026-07-30 23:12:22,953 INFO [__main__] ========================================================================
2026-07-30T23:12:23+02:00 baselines done configuration=1/72 dataset=ETTh1 model=chronos2 lags=168 horizon=24 retrieval=raw_euclidean_1_online
2026-07-30 23:12:25,257 INFO [__main__] extraction validation directory=outputs/adaptation/ETTh1/168_24/chronos2/raw_euclidean_10_online/extracted status=complete
