
2026-08-14T18:26:22+02:00 job start kind=adaptation_extraction family=sota_benchmark experiment_mode=full skip_complete=true tasks=2 datasets=ETTh1 models=chronos-bolt settings=512:64 distance_spaces=instance distance_metrics=euclidean neighbors=10
2026-08-14T18:26:22+02:00 skip complete family=extraction dataset=ETTh1 model=chronos-bolt lags=512 horizon=64 retrieval=vanilla run=/home/h61084/codes/adapts/outputs/extraction/ETTh1/512_64/chronos-bolt/none/none/0/none/run_0
2026-08-14T18:26:23+02:00 skip complete family=extraction dataset=ETTh1 model=chronos-bolt lags=512 horizon=64 retrieval=instance_euclidean_10_online run=/home/h61084/codes/adapts/outputs/extraction/ETTh1/512_64/chronos-bolt/instance/euclidean/10/online/run_0

2026-08-14T18:26:23+02:00 job done kind=adaptation_extraction output=outputs/extraction

2026-08-14T18:26:23+02:00 job start kind=baselines family=sota_benchmark experiment_mode=full skip_complete=true tasks=1 datasets=ETTh1 models=chronos-bolt settings=512:64 distance_spaces=instance distance_metrics=euclidean neighbors=10 methods=full_ridge_shared results_root=outputs/adaptation/sota_benchmark
2026-08-14 18:26:25,600 INFO [__main__] extraction validation directory=/home/h61084/codes/adapts/outputs/extraction/ETTh1/512_64/chronos-bolt/instance/euclidean/10/online/run_0 status=complete
2026-08-14T18:26:26+02:00 skip complete family=baselines dataset=ETTh1 model=chronos-bolt formula=full_ridge_shared lags=512 horizon=64 retrieval=instance_euclidean_10_online run=/home/h61084/codes/adapts/outputs/adaptation/sota_benchmark/ETTh1/512_64/chronos-bolt/full_ridge_shared/instance/euclidean/10/online/run_0

2026-08-14T18:26:26+02:00 job done kind=baselines output=outputs/adaptation/sota_benchmark

2026-08-14T18:26:26+02:00 job start kind=adaptation_extraction family=sota_benchmark experiment_mode=full skip_complete=true tasks=2 datasets=ETTh2 models=chronos-bolt settings=512:64 distance_spaces=instance distance_metrics=euclidean neighbors=10

2026-08-14T18:26:26+02:00 extraction start configuration=1/2 dataset=ETTh2 model=chronos-bolt lags=512 horizon=64 retrieval=vanilla run=/home/h61084/codes/adapts/outputs/extraction/ETTh2/512_64/chronos-bolt/none/none/0/none/run_0 computation_signature=61f60db721b53659584fe95a1cf44eb6d6737c8765280e5c2530e9ea436e1293 period=24 align_period=false datastore_stride=25 adapt_stride=25 eval_stride=1 max_store_windows=30000 seed=1
2026-08-14 18:26:29,325 INFO [__main__] ========================================================================
2026-08-14 18:26:29,326 INFO [__main__] experiment start kind=extraction dataset=ETTh2 model=chronos-bolt lags=512 horizon=64 neighbors=0 distance=raw/euclidean
2026-08-14 18:26:29,600 INFO [__main__] dataset load start
2026-08-14 18:26:29,622 INFO [src.data.load_dataset] loaded dataset config path=/home/h61084/codes/datasets/ETTh2/config.json keys=['aggr', 'date_col', 'drop_users']
2026-08-14 18:26:29,778 INFO [__main__] dataset standardized train_boundary=8640
2026-08-14 18:26:29,778 INFO [__main__] dataset load done dates=17420 users=7
2026-08-14 18:26:29,778 INFO [__main__] model load start
2026-08-14 18:26:40,038 INFO [__main__] model load done name=chronos-bolt device=cuda parameters_total=205,292,928 parameters_trainable=0
2026-08-14 18:26:40,050 INFO [__main__] extraction start split=adapt queries=286
2026-08-14 18:26:46,573 INFO [__main__] extraction done split=adapt
2026-08-14 18:26:46,573 INFO [__main__] extraction start split=eval queries=2817
2026-08-14 18:27:44,817 INFO [__main__] extraction done split=eval
2026-08-14 18:27:44,826 INFO [__main__] vanilla metrics saved path=/home/h61084/codes/adapts/outputs/extraction/ETTh2/512_64/chronos-bolt/none/none/0/none/run_0/vanilla_metrics.json
2026-08-14 18:27:44,832 INFO [__main__] completion marker saved path=/home/h61084/codes/adapts/outputs/extraction/ETTh2/512_64/chronos-bolt/none/none/0/none/run_0/extraction_manifest.json
2026-08-14 18:27:44,832 INFO [__main__] outputs saved dir=/home/h61084/codes/adapts/outputs/extraction/ETTh2/512_64/chronos-bolt/none/none/0/none/run_0
2026-08-14 18:27:44,832 INFO [__main__] experiment done seconds=75.50
2026-08-14 18:27:44,832 INFO [__main__] ========================================================================
2026-08-14 18:27:48,054 INFO [__main__] extraction validation directory=/home/h61084/codes/adapts/outputs/extraction/ETTh2/512_64/chronos-bolt/none/none/0/none/run_0 status=complete
2026-08-14T18:27:48+02:00 extraction done configuration=1/2 dataset=ETTh2 model=chronos-bolt lags=512 horizon=64 retrieval=vanilla

2026-08-14T18:27:48+02:00 extraction start configuration=2/2 dataset=ETTh2 model=chronos-bolt lags=512 horizon=64 retrieval=instance_euclidean_10_online run=/home/h61084/codes/adapts/outputs/extraction/ETTh2/512_64/chronos-bolt/instance/euclidean/10/online/run_0 computation_signature=4f27507906038ab5425d8bc6cf1f12858290cb1abb2c92c0dc28e77eb1d7d8b3 period=24 align_period=false datastore_stride=25 adapt_stride=25 eval_stride=1 max_store_windows=30000 seed=1
2026-08-14 18:27:51,373 INFO [__main__] ========================================================================
2026-08-14 18:27:51,374 INFO [__main__] experiment start kind=extraction dataset=ETTh2 model=chronos-bolt lags=512 horizon=64 neighbors=10 distance=instance/euclidean
2026-08-14 18:27:51,658 INFO [__main__] dataset load start
2026-08-14 18:27:51,660 INFO [src.data.load_dataset] loaded dataset config path=/home/h61084/codes/datasets/ETTh2/config.json keys=['aggr', 'date_col', 'drop_users']
2026-08-14 18:27:51,693 INFO [__main__] dataset standardized train_boundary=8640
2026-08-14 18:27:51,693 INFO [__main__] dataset load done dates=17420 users=7
2026-08-14 18:27:51,693 INFO [__main__] model load start
2026-08-14 18:28:05,203 INFO [__main__] model load done name=chronos-bolt device=cuda parameters_total=205,292,928 parameters_trainable=0
2026-08-14 18:28:05,215 INFO [__main__] extraction start split=adapt queries=286
2026-08-14 18:28:50,011 INFO [__main__] extraction done split=adapt
2026-08-14 18:28:50,011 INFO [__main__] extraction start split=eval queries=2817
2026-08-14 18:35:51,451 INFO [__main__] extraction done split=eval
2026-08-14 18:35:52,238 INFO [__main__] completion marker saved path=/home/h61084/codes/adapts/outputs/extraction/ETTh2/512_64/chronos-bolt/instance/euclidean/10/online/run_0/extraction_manifest.json
2026-08-14 18:35:52,239 INFO [__main__] outputs saved dir=/home/h61084/codes/adapts/outputs/extraction/ETTh2/512_64/chronos-bolt/instance/euclidean/10/online/run_0
2026-08-14 18:35:52,239 INFO [__main__] experiment done seconds=480.86
2026-08-14 18:35:52,239 INFO [__main__] ========================================================================
2026-08-14 18:35:55,633 INFO [__main__] extraction validation directory=/home/h61084/codes/adapts/outputs/extraction/ETTh2/512_64/chronos-bolt/instance/euclidean/10/online/run_0 status=complete
2026-08-14T18:35:56+02:00 extraction done configuration=2/2 dataset=ETTh2 model=chronos-bolt lags=512 horizon=64 retrieval=instance_euclidean_10_online

2026-08-14T18:35:56+02:00 job done kind=adaptation_extraction output=outputs/extraction

2026-08-14T18:35:56+02:00 job start kind=baselines family=sota_benchmark experiment_mode=full skip_complete=true tasks=1 datasets=ETTh2 models=chronos-bolt settings=512:64 distance_spaces=instance distance_metrics=euclidean neighbors=10 methods=full_ridge_shared results_root=outputs/adaptation/sota_benchmark
2026-08-14 18:35:58,692 INFO [__main__] extraction validation directory=/home/h61084/codes/adapts/outputs/extraction/ETTh2/512_64/chronos-bolt/instance/euclidean/10/online/run_0 status=complete

2026-08-14T18:35:59+02:00 baselines start configuration=1/1 dataset=ETTh2 model=chronos-bolt formula=full_ridge_shared lags=512 horizon=64 retrieval=instance_euclidean_10_online run=/home/h61084/codes/adapts/outputs/adaptation/sota_benchmark/ETTh2/512_64/chronos-bolt/full_ridge_shared/instance/euclidean/10/online/run_0 computation_signature=63e08fcb399457a0e13ba6d73b87ab3c7d6356d6a7704ee49d456bbd2ef4e6f6 l2_grid=0,1e-6,1e-5,1e-4,1e-3,1e-2,1e-1,1,10 validation_fraction=0.2 fit_baselines_on_eval=false seed=1
2026-08-14 18:36:02,076 INFO [__main__] ========================================================================
2026-08-14 18:36:02,076 INFO [__main__] selected methods=('full_ridge_shared',)
2026-08-14 18:36:08,212 INFO [__main__] baseline selection start l2_grid=(0.0, 1e-06, 1e-05, 0.0001, 0.001, 0.01, 0.1, 1.0, 10.0)
2026-08-14 18:36:08,646 INFO [__main__] baseline selection done
2026-08-14 18:36:08,679 INFO [__main__] experiment done seconds=6.60
2026-08-14 18:36:08,679 INFO [__main__] ========================================================================
2026-08-14T18:36:09+02:00 baselines done configuration=1/1 dataset=ETTh2 model=chronos-bolt formula=full_ridge_shared lags=512 horizon=64 retrieval=instance_euclidean_10_online

2026-08-14T18:36:09+02:00 job done kind=baselines output=outputs/adaptation/sota_benchmark

2026-08-14T18:36:09+02:00 job start kind=adaptation_extraction family=sota_benchmark experiment_mode=full skip_complete=true tasks=2 datasets=ETTm1 models=chronos-bolt settings=512:64 distance_spaces=instance distance_metrics=euclidean neighbors=10

2026-08-14T18:36:09+02:00 extraction start configuration=1/2 dataset=ETTm1 model=chronos-bolt lags=512 horizon=64 retrieval=vanilla run=/home/h61084/codes/adapts/outputs/extraction/ETTm1/512_64/chronos-bolt/none/none/0/none/run_0 computation_signature=28301adc1c510b6bcd5c447dd2d18c3909347315097d53316c2f7c4360e3a62d period=96 align_period=false datastore_stride=25 adapt_stride=25 eval_stride=1 max_store_windows=30000 seed=1
2026-08-14 18:36:12,200 INFO [__main__] ========================================================================
2026-08-14 18:36:12,200 INFO [__main__] experiment start kind=extraction dataset=ETTm1 model=chronos-bolt lags=512 horizon=64 neighbors=0 distance=raw/euclidean
2026-08-14 18:36:12,466 INFO [__main__] dataset load start
2026-08-14 18:36:12,484 INFO [src.data.load_dataset] loaded dataset config path=/home/h61084/codes/datasets/ETTm1/config.json keys=['aggr', 'date_col', 'drop_users']
2026-08-14 18:36:12,833 INFO [__main__] dataset standardized train_boundary=34560
2026-08-14 18:36:12,833 INFO [__main__] dataset load done dates=69680 users=7
2026-08-14 18:36:12,833 INFO [__main__] model load start
2026-08-14 18:36:26,436 INFO [__main__] model load done name=chronos-bolt device=cuda parameters_total=205,292,928 parameters_trainable=0
2026-08-14 18:36:26,494 INFO [__main__] extraction start split=adapt queries=1150
2026-08-14 18:37:21,204 INFO [__main__] extraction done split=adapt
2026-08-14 18:37:21,204 INFO [__main__] extraction start split=eval queries=11457
2026-08-14 18:46:25,927 INFO [__main__] extraction done split=eval
2026-08-14 18:46:26,101 INFO [__main__] vanilla metrics saved path=/home/h61084/codes/adapts/outputs/extraction/ETTm1/512_64/chronos-bolt/none/none/0/none/run_0/vanilla_metrics.json
2026-08-14 18:46:26,107 INFO [__main__] completion marker saved path=/home/h61084/codes/adapts/outputs/extraction/ETTm1/512_64/chronos-bolt/none/none/0/none/run_0/extraction_manifest.json
2026-08-14 18:46:26,107 INFO [__main__] outputs saved dir=/home/h61084/codes/adapts/outputs/extraction/ETTm1/512_64/chronos-bolt/none/none/0/none/run_0
2026-08-14 18:46:26,107 INFO [__main__] experiment done seconds=613.90
2026-08-14 18:46:26,107 INFO [__main__] ========================================================================
2026-08-14 18:46:29,251 INFO [__main__] extraction validation directory=/home/h61084/codes/adapts/outputs/extraction/ETTm1/512_64/chronos-bolt/none/none/0/none/run_0 status=complete
2026-08-14T18:46:29+02:00 extraction done configuration=1/2 dataset=ETTm1 model=chronos-bolt lags=512 horizon=64 retrieval=vanilla

2026-08-14T18:46:29+02:00 extraction start configuration=2/2 dataset=ETTm1 model=chronos-bolt lags=512 horizon=64 retrieval=instance_euclidean_10_online run=/home/h61084/codes/adapts/outputs/extraction/ETTm1/512_64/chronos-bolt/instance/euclidean/10/online/run_0 computation_signature=93e355c4a1a88166d22db6b862e7aa4d5852940f84937eed5a7c6160835c127a period=96 align_period=false datastore_stride=25 adapt_stride=25 eval_stride=1 max_store_windows=30000 seed=1
2026-08-14 18:46:32,318 INFO [__main__] ========================================================================
2026-08-14 18:46:32,318 INFO [__main__] experiment start kind=extraction dataset=ETTm1 model=chronos-bolt lags=512 horizon=64 neighbors=10 distance=instance/euclidean
2026-08-14 18:46:32,643 INFO [__main__] dataset load start
2026-08-14 18:46:32,645 INFO [src.data.load_dataset] loaded dataset config path=/home/h61084/codes/datasets/ETTm1/config.json keys=['aggr', 'date_col', 'drop_users']
2026-08-14 18:46:32,750 INFO [__main__] dataset standardized train_boundary=34560
2026-08-14 18:46:32,750 INFO [__main__] dataset load done dates=69680 users=7
2026-08-14 18:46:32,750 INFO [__main__] model load start
2026-08-14 18:46:44,425 INFO [__main__] model load done name=chronos-bolt device=cuda parameters_total=205,292,928 parameters_trainable=0
2026-08-14 18:46:44,482 INFO [__main__] extraction start split=adapt queries=1150
2026-08-14 18:50:29,850 INFO [__main__] extraction done split=adapt
2026-08-14 18:50:29,850 INFO [__main__] extraction start split=eval queries=11457
2026-08-14 19:27:09,821 INFO [__main__] extraction done split=eval
2026-08-14 19:27:10,689 INFO [__main__] completion marker saved path=/home/h61084/codes/adapts/outputs/extraction/ETTm1/512_64/chronos-bolt/instance/euclidean/10/online/run_0/extraction_manifest.json
2026-08-14 19:27:10,689 INFO [__main__] outputs saved dir=/home/h61084/codes/adapts/outputs/extraction/ETTm1/512_64/chronos-bolt/instance/euclidean/10/online/run_0
2026-08-14 19:27:10,689 INFO [__main__] experiment done seconds=2438.37
2026-08-14 19:27:10,689 INFO [__main__] ========================================================================
2026-08-14 19:27:14,383 INFO [__main__] extraction validation directory=/home/h61084/codes/adapts/outputs/extraction/ETTm1/512_64/chronos-bolt/instance/euclidean/10/online/run_0 status=complete
2026-08-14T19:27:14+02:00 extraction done configuration=2/2 dataset=ETTm1 model=chronos-bolt lags=512 horizon=64 retrieval=instance_euclidean_10_online

2026-08-14T19:27:14+02:00 job done kind=adaptation_extraction output=outputs/extraction

2026-08-14T19:27:14+02:00 job start kind=baselines family=sota_benchmark experiment_mode=full skip_complete=true tasks=1 datasets=ETTm1 models=chronos-bolt settings=512:64 distance_spaces=instance distance_metrics=euclidean neighbors=10 methods=full_ridge_shared results_root=outputs/adaptation/sota_benchmark
2026-08-14 19:27:16,978 INFO [__main__] extraction validation directory=/home/h61084/codes/adapts/outputs/extraction/ETTm1/512_64/chronos-bolt/instance/euclidean/10/online/run_0 status=complete

2026-08-14T19:27:17+02:00 baselines start configuration=1/1 dataset=ETTm1 model=chronos-bolt formula=full_ridge_shared lags=512 horizon=64 retrieval=instance_euclidean_10_online run=/home/h61084/codes/adapts/outputs/adaptation/sota_benchmark/ETTm1/512_64/chronos-bolt/full_ridge_shared/instance/euclidean/10/online/run_0 computation_signature=8720c9636a71c8ee1ad9e61e35e2f935782b69c20de628a228319f084c419a64 l2_grid=0,1e-6,1e-5,1e-4,1e-3,1e-2,1e-1,1,10 validation_fraction=0.2 fit_baselines_on_eval=false seed=1
2026-08-14 19:27:20,074 INFO [__main__] ========================================================================
2026-08-14 19:27:20,074 INFO [__main__] selected methods=('full_ridge_shared',)
2026-08-14 19:27:39,248 INFO [__main__] baseline selection start l2_grid=(0.0, 1e-06, 1e-05, 0.0001, 0.001, 0.01, 0.1, 1.0, 10.0)
2026-08-14 19:27:40,450 INFO [__main__] baseline selection done
2026-08-14 19:27:40,476 INFO [__main__] experiment done seconds=20.40
2026-08-14 19:27:40,476 INFO [__main__] ========================================================================
2026-08-14T19:27:41+02:00 baselines done configuration=1/1 dataset=ETTm1 model=chronos-bolt formula=full_ridge_shared lags=512 horizon=64 retrieval=instance_euclidean_10_online

2026-08-14T19:27:41+02:00 job done kind=baselines output=outputs/adaptation/sota_benchmark

2026-08-14T19:27:41+02:00 job start kind=adaptation_extraction family=sota_benchmark experiment_mode=full skip_complete=true tasks=2 datasets=ETTm2 models=chronos-bolt settings=512:64 distance_spaces=instance distance_metrics=euclidean neighbors=10

2026-08-14T19:27:41+02:00 extraction start configuration=1/2 dataset=ETTm2 model=chronos-bolt lags=512 horizon=64 retrieval=vanilla run=/home/h61084/codes/adapts/outputs/extraction/ETTm2/512_64/chronos-bolt/none/none/0/none/run_0 computation_signature=526a94530c4c7d5d6bf64a1bc87b934740725a52a000348ae1916980957ab009 period=96 align_period=false datastore_stride=25 adapt_stride=25 eval_stride=1 max_store_windows=30000 seed=1
2026-08-14 19:27:43,523 INFO [__main__] ========================================================================
2026-08-14 19:27:43,524 INFO [__main__] experiment start kind=extraction dataset=ETTm2 model=chronos-bolt lags=512 horizon=64 neighbors=0 distance=raw/euclidean
2026-08-14 19:27:43,825 INFO [__main__] dataset load start
2026-08-14 19:27:43,838 INFO [src.data.load_dataset] loaded dataset config path=/home/h61084/codes/datasets/ETTm2/config.json keys=['aggr', 'date_col', 'drop_users']
2026-08-14 19:27:44,143 INFO [__main__] dataset standardized train_boundary=34560
2026-08-14 19:27:44,143 INFO [__main__] dataset load done dates=69680 users=7
2026-08-14 19:27:44,143 INFO [__main__] model load start
2026-08-14 19:27:55,433 INFO [__main__] model load done name=chronos-bolt device=cuda parameters_total=205,292,928 parameters_trainable=0
2026-08-14 19:27:55,494 INFO [__main__] extraction start split=adapt queries=1150
2026-08-14 19:28:50,613 INFO [__main__] extraction done split=adapt
2026-08-14 19:28:50,613 INFO [__main__] extraction start split=eval queries=11457
2026-08-14 19:37:53,421 INFO [__main__] extraction done split=eval
2026-08-14 19:37:53,479 INFO [__main__] vanilla metrics saved path=/home/h61084/codes/adapts/outputs/extraction/ETTm2/512_64/chronos-bolt/none/none/0/none/run_0/vanilla_metrics.json
2026-08-14 19:37:54,528 INFO [__main__] completion marker saved path=/home/h61084/codes/adapts/outputs/extraction/ETTm2/512_64/chronos-bolt/none/none/0/none/run_0/extraction_manifest.json
2026-08-14 19:37:54,529 INFO [__main__] outputs saved dir=/home/h61084/codes/adapts/outputs/extraction/ETTm2/512_64/chronos-bolt/none/none/0/none/run_0
2026-08-14 19:37:54,529 INFO [__main__] experiment done seconds=609.96
2026-08-14 19:37:54,529 INFO [__main__] ========================================================================
2026-08-14 19:38:06,634 INFO [__main__] extraction validation directory=/home/h61084/codes/adapts/outputs/extraction/ETTm2/512_64/chronos-bolt/none/none/0/none/run_0 status=complete
2026-08-14T19:38:07+02:00 extraction done configuration=1/2 dataset=ETTm2 model=chronos-bolt lags=512 horizon=64 retrieval=vanilla

2026-08-14T19:38:07+02:00 extraction start configuration=2/2 dataset=ETTm2 model=chronos-bolt lags=512 horizon=64 retrieval=instance_euclidean_10_online run=/home/h61084/codes/adapts/outputs/extraction/ETTm2/512_64/chronos-bolt/instance/euclidean/10/online/run_0 computation_signature=39383b1b551960befb79ee4d82f8cd32b2d6fe7021408d28aeb48fd7e1e09338 period=96 align_period=false datastore_stride=25 adapt_stride=25 eval_stride=1 max_store_windows=30000 seed=1
2026-08-14 19:38:09,703 INFO [__main__] ========================================================================
2026-08-14 19:38:09,704 INFO [__main__] experiment start kind=extraction dataset=ETTm2 model=chronos-bolt lags=512 horizon=64 neighbors=10 distance=instance/euclidean
2026-08-14 19:38:10,031 INFO [__main__] dataset load start
2026-08-14 19:38:10,033 INFO [src.data.load_dataset] loaded dataset config path=/home/h61084/codes/datasets/ETTm2/config.json keys=['aggr', 'date_col', 'drop_users']
2026-08-14 19:38:10,133 INFO [__main__] dataset standardized train_boundary=34560
2026-08-14 19:38:10,133 INFO [__main__] dataset load done dates=69680 users=7
2026-08-14 19:38:10,133 INFO [__main__] model load start
2026-08-14 19:38:18,145 INFO [__main__] model load done name=chronos-bolt device=cuda parameters_total=205,292,928 parameters_trainable=0
2026-08-14 19:38:18,202 INFO [__main__] extraction start split=adapt queries=1150
2026-08-14 19:41:59,267 INFO [__main__] extraction done split=adapt
2026-08-14 19:41:59,267 INFO [__main__] extraction start split=eval queries=11457
2026-08-14 20:18:14,807 INFO [__main__] extraction done split=eval
2026-08-14 20:18:15,722 INFO [__main__] completion marker saved path=/home/h61084/codes/adapts/outputs/extraction/ETTm2/512_64/chronos-bolt/instance/euclidean/10/online/run_0/extraction_manifest.json
2026-08-14 20:18:15,722 INFO [__main__] outputs saved dir=/home/h61084/codes/adapts/outputs/extraction/ETTm2/512_64/chronos-bolt/instance/euclidean/10/online/run_0
2026-08-14 20:18:15,722 INFO [__main__] experiment done seconds=2406.01
2026-08-14 20:18:15,722 INFO [__main__] ========================================================================
2026-08-14 20:18:18,943 INFO [__main__] extraction validation directory=/home/h61084/codes/adapts/outputs/extraction/ETTm2/512_64/chronos-bolt/instance/euclidean/10/online/run_0 status=complete
2026-08-14T20:18:19+02:00 extraction done configuration=2/2 dataset=ETTm2 model=chronos-bolt lags=512 horizon=64 retrieval=instance_euclidean_10_online

2026-08-14T20:18:19+02:00 job done kind=adaptation_extraction output=outputs/extraction

2026-08-14T20:18:19+02:00 job start kind=baselines family=sota_benchmark experiment_mode=full skip_complete=true tasks=1 datasets=ETTm2 models=chronos-bolt settings=512:64 distance_spaces=instance distance_metrics=euclidean neighbors=10 methods=full_ridge_shared results_root=outputs/adaptation/sota_benchmark
2026-08-14 20:18:21,490 INFO [__main__] extraction validation directory=/home/h61084/codes/adapts/outputs/extraction/ETTm2/512_64/chronos-bolt/instance/euclidean/10/online/run_0 status=complete

2026-08-14T20:18:22+02:00 baselines start configuration=1/1 dataset=ETTm2 model=chronos-bolt formula=full_ridge_shared lags=512 horizon=64 retrieval=instance_euclidean_10_online run=/home/h61084/codes/adapts/outputs/adaptation/sota_benchmark/ETTm2/512_64/chronos-bolt/full_ridge_shared/instance/euclidean/10/online/run_0 computation_signature=793e039a712aee01fbd1d497fdb613267d7773a051149bdee29118a1b0cf27b5 l2_grid=0,1e-6,1e-5,1e-4,1e-3,1e-2,1e-1,1,10 validation_fraction=0.2 fit_baselines_on_eval=false seed=1
2026-08-14 20:18:24,344 INFO [__main__] ========================================================================
2026-08-14 20:18:24,344 INFO [__main__] selected methods=('full_ridge_shared',)
2026-08-14 20:18:39,835 INFO [__main__] baseline selection start l2_grid=(0.0, 1e-06, 1e-05, 0.0001, 0.001, 0.01, 0.1, 1.0, 10.0)
2026-08-14 20:18:40,840 INFO [__main__] baseline selection done
2026-08-14 20:18:40,865 INFO [__main__] experiment done seconds=16.52
2026-08-14 20:18:40,865 INFO [__main__] ========================================================================
2026-08-14T20:18:41+02:00 baselines done configuration=1/1 dataset=ETTm2 model=chronos-bolt formula=full_ridge_shared lags=512 horizon=64 retrieval=instance_euclidean_10_online

2026-08-14T20:18:41+02:00 job done kind=baselines output=outputs/adaptation/sota_benchmark

2026-08-14T20:18:41+02:00 job start kind=adaptation_extraction family=sota_benchmark experiment_mode=full skip_complete=true tasks=2 datasets=Weather models=chronos-bolt settings=512:64 distance_spaces=instance distance_metrics=euclidean neighbors=10

2026-08-14T20:18:41+02:00 extraction start configuration=1/2 dataset=Weather model=chronos-bolt lags=512 horizon=64 retrieval=vanilla run=/home/h61084/codes/adapts/outputs/extraction/Weather/512_64/chronos-bolt/none/none/0/none/run_0 computation_signature=de2aeddf1492c4febe871346d7e1e6b68332e493a927dbf8383577abd8e4f422 period=24 align_period=false datastore_stride=25 adapt_stride=25 eval_stride=1 max_store_windows=30000 seed=1
2026-08-14 20:18:44,195 INFO [__main__] ========================================================================
2026-08-14 20:18:44,196 INFO [__main__] experiment start kind=extraction dataset=Weather model=chronos-bolt lags=512 horizon=64 neighbors=0 distance=raw/euclidean
2026-08-14 20:18:44,536 INFO [__main__] dataset load start
2026-08-14 20:18:44,538 INFO [src.data.load_dataset] loaded dataset config path=/home/h61084/codes/datasets/weather/config.json keys=['aggr', 'aggr_period', 'date_col', 'drop_users']
2026-08-14 20:18:44,831 INFO [__main__] dataset standardized train_boundary=6148
2026-08-14 20:18:44,831 INFO [__main__] dataset load done dates=8784 users=17
2026-08-14 20:18:44,831 INFO [__main__] model load start
2026-08-14 20:18:53,044 INFO [__main__] model load done name=chronos-bolt device=cuda parameters_total=205,292,928 parameters_trainable=0
2026-08-14 20:18:53,052 INFO [__main__] extraction start split=adapt queries=174
2026-08-14 20:18:56,393 INFO [__main__] extraction done split=adapt
2026-08-14 20:18:56,393 INFO [__main__] extraction start split=eval queries=1694
2026-08-14 20:19:25,693 INFO [__main__] extraction done split=eval
2026-08-14 20:19:25,843 INFO [__main__] vanilla metrics saved path=/home/h61084/codes/adapts/outputs/extraction/Weather/512_64/chronos-bolt/none/none/0/none/run_0/vanilla_metrics.json
2026-08-14 20:19:25,848 INFO [__main__] completion marker saved path=/home/h61084/codes/adapts/outputs/extraction/Weather/512_64/chronos-bolt/none/none/0/none/run_0/extraction_manifest.json
2026-08-14 20:19:25,848 INFO [__main__] outputs saved dir=/home/h61084/codes/adapts/outputs/extraction/Weather/512_64/chronos-bolt/none/none/0/none/run_0
2026-08-14 20:19:25,849 INFO [__main__] experiment done seconds=41.65
2026-08-14 20:19:25,849 INFO [__main__] ========================================================================
2026-08-14 20:19:28,682 INFO [__main__] extraction validation directory=/home/h61084/codes/adapts/outputs/extraction/Weather/512_64/chronos-bolt/none/none/0/none/run_0 status=complete
2026-08-14T20:19:29+02:00 extraction done configuration=1/2 dataset=Weather model=chronos-bolt lags=512 horizon=64 retrieval=vanilla

2026-08-14T20:19:29+02:00 extraction start configuration=2/2 dataset=Weather model=chronos-bolt lags=512 horizon=64 retrieval=instance_euclidean_10_online run=/home/h61084/codes/adapts/outputs/extraction/Weather/512_64/chronos-bolt/instance/euclidean/10/online/run_0 computation_signature=c19fade71fc7c02224109f1babbea94d6b99c70778687599a38272fbf52f3482 period=24 align_period=false datastore_stride=25 adapt_stride=25 eval_stride=1 max_store_windows=30000 seed=1
2026-08-14 20:19:31,664 INFO [__main__] ========================================================================
2026-08-14 20:19:31,664 INFO [__main__] experiment start kind=extraction dataset=Weather model=chronos-bolt lags=512 horizon=64 neighbors=10 distance=instance/euclidean
2026-08-14 20:19:31,948 INFO [__main__] dataset load start
2026-08-14 20:19:31,949 INFO [src.data.load_dataset] loaded dataset config path=/home/h61084/codes/datasets/weather/config.json keys=['aggr', 'aggr_period', 'date_col', 'drop_users']
2026-08-14 20:19:32,053 INFO [__main__] dataset standardized train_boundary=6148
2026-08-14 20:19:32,053 INFO [__main__] dataset load done dates=8784 users=17
2026-08-14 20:19:32,053 INFO [__main__] model load start
2026-08-14 20:19:40,120 INFO [__main__] model load done name=chronos-bolt device=cuda parameters_total=205,292,928 parameters_trainable=0
2026-08-14 20:19:40,128 INFO [__main__] extraction start split=adapt queries=174
2026-08-14 20:20:07,793 INFO [__main__] extraction done split=adapt
2026-08-14 20:20:07,793 INFO [__main__] extraction start split=eval queries=1694
2026-08-14 20:24:26,855 INFO [__main__] extraction done split=eval
2026-08-14 20:24:27,653 INFO [__main__] completion marker saved path=/home/h61084/codes/adapts/outputs/extraction/Weather/512_64/chronos-bolt/instance/euclidean/10/online/run_0/extraction_manifest.json
2026-08-14 20:24:27,653 INFO [__main__] outputs saved dir=/home/h61084/codes/adapts/outputs/extraction/Weather/512_64/chronos-bolt/instance/euclidean/10/online/run_0
2026-08-14 20:24:27,653 INFO [__main__] experiment done seconds=295.98
2026-08-14 20:24:27,654 INFO [__main__] ========================================================================
2026-08-14 20:24:31,090 INFO [__main__] extraction validation directory=/home/h61084/codes/adapts/outputs/extraction/Weather/512_64/chronos-bolt/instance/euclidean/10/online/run_0 status=complete
2026-08-14T20:24:31+02:00 extraction done configuration=2/2 dataset=Weather model=chronos-bolt lags=512 horizon=64 retrieval=instance_euclidean_10_online

2026-08-14T20:24:31+02:00 job done kind=adaptation_extraction output=outputs/extraction

2026-08-14T20:24:31+02:00 job start kind=baselines family=sota_benchmark experiment_mode=full skip_complete=true tasks=1 datasets=Weather models=chronos-bolt settings=512:64 distance_spaces=instance distance_metrics=euclidean neighbors=10 methods=full_ridge_shared results_root=outputs/adaptation/sota_benchmark
2026-08-14 20:24:33,598 INFO [__main__] extraction validation directory=/home/h61084/codes/adapts/outputs/extraction/Weather/512_64/chronos-bolt/instance/euclidean/10/online/run_0 status=complete

2026-08-14T20:24:34+02:00 baselines start configuration=1/1 dataset=Weather model=chronos-bolt formula=full_ridge_shared lags=512 horizon=64 retrieval=instance_euclidean_10_online run=/home/h61084/codes/adapts/outputs/adaptation/sota_benchmark/Weather/512_64/chronos-bolt/full_ridge_shared/instance/euclidean/10/online/run_0 computation_signature=5a82b074fe16ff436e845cb436c04d5a76a1c87249e6d3516d13836ed69bb259 l2_grid=0,1e-6,1e-5,1e-4,1e-3,1e-2,1e-1,1,10 validation_fraction=0.2 fit_baselines_on_eval=false seed=1
2026-08-14 20:24:36,560 INFO [__main__] ========================================================================
2026-08-14 20:24:36,560 INFO [__main__] selected methods=('full_ridge_shared',)
2026-08-14 20:24:43,672 INFO [__main__] baseline selection start l2_grid=(0.0, 1e-06, 1e-05, 0.0001, 0.001, 0.01, 0.1, 1.0, 10.0)
2026-08-14 20:24:44,183 INFO [__main__] baseline selection done
2026-08-14 20:24:44,209 INFO [__main__] experiment done seconds=7.64
2026-08-14 20:24:44,209 INFO [__main__] ========================================================================
2026-08-14T20:24:44+02:00 baselines done configuration=1/1 dataset=Weather model=chronos-bolt formula=full_ridge_shared lags=512 horizon=64 retrieval=instance_euclidean_10_online

2026-08-14T20:24:44+02:00 job done kind=baselines output=outputs/adaptation/sota_benchmark

2026-08-14T20:24:44+02:00 job start kind=adaptation_extraction family=sota_benchmark experiment_mode=full skip_complete=true tasks=2 datasets=Electricity models=chronos-bolt settings=512:64 distance_spaces=instance distance_metrics=euclidean neighbors=10

2026-08-14T20:24:44+02:00 extraction start configuration=1/2 dataset=Electricity model=chronos-bolt lags=512 horizon=64 retrieval=vanilla run=/home/h61084/codes/adapts/outputs/extraction/Electricity/512_64/chronos-bolt/none/none/0/none/run_2 computation_signature=d3984b58157c61c23fe87360b851b8acd68e924acc93f1a93818f6daa5120e81 period=24 align_period=false datastore_stride=25 adapt_stride=25 eval_stride=1 max_store_windows=30000 seed=1
2026-08-14 20:24:47,288 INFO [__main__] ========================================================================
2026-08-14 20:24:47,288 INFO [__main__] experiment start kind=extraction dataset=Electricity model=chronos-bolt lags=512 horizon=64 neighbors=0 distance=raw/euclidean
2026-08-14 20:24:47,602 INFO [__main__] dataset load start
2026-08-14 20:24:47,603 INFO [src.data.load_dataset] loaded dataset config path=/home/h61084/codes/datasets/electricity/config.json keys=['aggr', 'date_col', 'drop_users']
2026-08-14 20:24:48,453 INFO [__main__] dataset standardized train_boundary=18412
2026-08-14 20:24:48,453 INFO [__main__] dataset load done dates=26304 users=312
2026-08-14 20:24:48,453 INFO [__main__] model load start
2026-08-14 20:24:59,978 INFO [__main__] model load done name=chronos-bolt device=cuda parameters_total=205,292,928 parameters_trainable=0
2026-08-14 20:25:00,003 INFO [__main__] extraction start split=adapt queries=524
2026-08-14 20:25:44,381 INFO [__main__] extraction done split=adapt
2026-08-14 20:25:44,381 INFO [__main__] extraction start split=eval queries=5198
2026-08-14 20:33:09,094 INFO [__main__] extraction done split=eval
2026-08-14 20:33:09,771 INFO [__main__] vanilla metrics saved path=/home/h61084/codes/adapts/outputs/extraction/Electricity/512_64/chronos-bolt/none/none/0/none/run_2/vanilla_metrics.json
2026-08-14 20:33:09,777 INFO [__main__] completion marker saved path=/home/h61084/codes/adapts/outputs/extraction/Electricity/512_64/chronos-bolt/none/none/0/none/run_2/extraction_manifest.json
2026-08-14 20:33:09,777 INFO [__main__] outputs saved dir=/home/h61084/codes/adapts/outputs/extraction/Electricity/512_64/chronos-bolt/none/none/0/none/run_2
2026-08-14 20:33:09,777 INFO [__main__] experiment done seconds=502.48
2026-08-14 20:33:09,778 INFO [__main__] ========================================================================
2026-08-14 20:33:13,425 INFO [__main__] extraction validation directory=/home/h61084/codes/adapts/outputs/extraction/Electricity/512_64/chronos-bolt/none/none/0/none/run_2 status=complete
2026-08-14T20:33:13+02:00 extraction done configuration=1/2 dataset=Electricity model=chronos-bolt lags=512 horizon=64 retrieval=vanilla

2026-08-14T20:33:14+02:00 extraction start configuration=2/2 dataset=Electricity model=chronos-bolt lags=512 horizon=64 retrieval=instance_euclidean_10_online run=/home/h61084/codes/adapts/outputs/extraction/Electricity/512_64/chronos-bolt/instance/euclidean/10/online/run_0 computation_signature=e36c1091815c98a1a2f99978f8681fb9886bbc1cab6db2e5c38cb8b00d75326e period=24 align_period=false datastore_stride=25 adapt_stride=25 eval_stride=1 max_store_windows=30000 seed=1
2026-08-14 20:33:16,448 INFO [__main__] ========================================================================
2026-08-14 20:33:16,449 INFO [__main__] experiment start kind=extraction dataset=Electricity model=chronos-bolt lags=512 horizon=64 neighbors=10 distance=instance/euclidean
2026-08-14 20:33:16,788 INFO [__main__] dataset load start
2026-08-14 20:33:16,790 INFO [src.data.load_dataset] loaded dataset config path=/home/h61084/codes/datasets/electricity/config.json keys=['aggr', 'date_col', 'drop_users']
2026-08-14 20:33:17,609 INFO [__main__] dataset standardized train_boundary=18412
2026-08-14 20:33:17,610 INFO [__main__] dataset load done dates=26304 users=312
2026-08-14 20:33:17,610 INFO [__main__] model load start
2026-08-14 20:33:29,652 INFO [__main__] model load done name=chronos-bolt device=cuda parameters_total=205,292,928 parameters_trainable=0
2026-08-14 20:33:29,676 INFO [__main__] extraction start split=adapt queries=524
2026-08-14 20:42:18,293 INFO [__main__] extraction done split=adapt
2026-08-14 20:42:18,293 INFO [__main__] extraction start split=eval queries=5198
/home/h61084/codes/adapts/outputs/extraction/Electricity/512_64/chronos-bolt/instance/euclidean/10/online/run_0
