
2026-08-15T19:46:42+02:00 job start kind=adaptation_extraction family=sota_benchmark experiment_mode=full skip_complete=true tasks=2 datasets=ETTh1 models=chronos-bolt settings=512:64 distance_spaces=instance distance_metrics=euclidean neighbors=10
2026-08-15T19:46:42+02:00 skip complete family=extraction dataset=ETTh1 model=chronos-bolt lags=512 horizon=64 retrieval=vanilla run=/home/h61084/codes/adapts/outputs/extraction/ETTh1/512_64/chronos-bolt/none/none/0/none/run_0
2026-08-15T19:46:42+02:00 skip complete family=extraction dataset=ETTh1 model=chronos-bolt lags=512 horizon=64 retrieval=instance_euclidean_10_online run=/home/h61084/codes/adapts/outputs/extraction/ETTh1/512_64/chronos-bolt/instance/euclidean/10/online/run_0

2026-08-15T19:46:42+02:00 job done kind=adaptation_extraction output=outputs/extraction

2026-08-15T19:46:42+02:00 job start kind=baselines family=sota_benchmark experiment_mode=full skip_complete=true tasks=1 datasets=ETTh1 models=chronos-bolt settings=512:64 distance_spaces=instance distance_metrics=euclidean neighbors=10 methods=full_ridge_shared results_root=outputs/adaptation/sota_benchmark
2026-08-15 19:46:45,040 INFO [__main__] extraction validation directory=/home/h61084/codes/adapts/outputs/extraction/ETTh1/512_64/chronos-bolt/instance/euclidean/10/online/run_0 status=complete
2026-08-15T19:46:45+02:00 skip complete family=baselines dataset=ETTh1 model=chronos-bolt formula=full_ridge_shared lags=512 horizon=64 retrieval=instance_euclidean_10_online run=/home/h61084/codes/adapts/outputs/adaptation/sota_benchmark/ETTh1/512_64/chronos-bolt/full_ridge_shared/instance/euclidean/10/online/run_0

2026-08-15T19:46:45+02:00 job done kind=baselines output=outputs/adaptation/sota_benchmark

2026-08-15T19:46:45+02:00 job start kind=adaptation_extraction family=sota_benchmark experiment_mode=full skip_complete=true tasks=2 datasets=ETTh2 models=chronos-bolt settings=512:64 distance_spaces=instance distance_metrics=euclidean neighbors=10
2026-08-15T19:46:45+02:00 skip complete family=extraction dataset=ETTh2 model=chronos-bolt lags=512 horizon=64 retrieval=vanilla run=/home/h61084/codes/adapts/outputs/extraction/ETTh2/512_64/chronos-bolt/none/none/0/none/run_0
2026-08-15T19:46:45+02:00 skip complete family=extraction dataset=ETTh2 model=chronos-bolt lags=512 horizon=64 retrieval=instance_euclidean_10_online run=/home/h61084/codes/adapts/outputs/extraction/ETTh2/512_64/chronos-bolt/instance/euclidean/10/online/run_0

2026-08-15T19:46:45+02:00 job done kind=adaptation_extraction output=outputs/extraction

2026-08-15T19:46:45+02:00 job start kind=baselines family=sota_benchmark experiment_mode=full skip_complete=true tasks=1 datasets=ETTh2 models=chronos-bolt settings=512:64 distance_spaces=instance distance_metrics=euclidean neighbors=10 methods=full_ridge_shared results_root=outputs/adaptation/sota_benchmark
2026-08-15 19:46:47,750 INFO [__main__] extraction validation directory=/home/h61084/codes/adapts/outputs/extraction/ETTh2/512_64/chronos-bolt/instance/euclidean/10/online/run_0 status=complete
2026-08-15T19:46:48+02:00 skip complete family=baselines dataset=ETTh2 model=chronos-bolt formula=full_ridge_shared lags=512 horizon=64 retrieval=instance_euclidean_10_online run=/home/h61084/codes/adapts/outputs/adaptation/sota_benchmark/ETTh2/512_64/chronos-bolt/full_ridge_shared/instance/euclidean/10/online/run_0

2026-08-15T19:46:48+02:00 job done kind=baselines output=outputs/adaptation/sota_benchmark

2026-08-15T19:46:48+02:00 job start kind=adaptation_extraction family=sota_benchmark experiment_mode=full skip_complete=true tasks=2 datasets=ETTm1 models=chronos-bolt settings=512:64 distance_spaces=instance distance_metrics=euclidean neighbors=10
2026-08-15T19:46:48+02:00 skip complete family=extraction dataset=ETTm1 model=chronos-bolt lags=512 horizon=64 retrieval=vanilla run=/home/h61084/codes/adapts/outputs/extraction/ETTm1/512_64/chronos-bolt/none/none/0/none/run_0
2026-08-15T19:46:48+02:00 skip complete family=extraction dataset=ETTm1 model=chronos-bolt lags=512 horizon=64 retrieval=instance_euclidean_10_online run=/home/h61084/codes/adapts/outputs/extraction/ETTm1/512_64/chronos-bolt/instance/euclidean/10/online/run_0

2026-08-15T19:46:48+02:00 job done kind=adaptation_extraction output=outputs/extraction

2026-08-15T19:46:48+02:00 job start kind=baselines family=sota_benchmark experiment_mode=full skip_complete=true tasks=1 datasets=ETTm1 models=chronos-bolt settings=512:64 distance_spaces=instance distance_metrics=euclidean neighbors=10 methods=full_ridge_shared results_root=outputs/adaptation/sota_benchmark
2026-08-15 19:46:50,430 INFO [__main__] extraction validation directory=/home/h61084/codes/adapts/outputs/extraction/ETTm1/512_64/chronos-bolt/instance/euclidean/10/online/run_0 status=complete
2026-08-15T19:46:50+02:00 skip complete family=baselines dataset=ETTm1 model=chronos-bolt formula=full_ridge_shared lags=512 horizon=64 retrieval=instance_euclidean_10_online run=/home/h61084/codes/adapts/outputs/adaptation/sota_benchmark/ETTm1/512_64/chronos-bolt/full_ridge_shared/instance/euclidean/10/online/run_0

2026-08-15T19:46:50+02:00 job done kind=baselines output=outputs/adaptation/sota_benchmark

2026-08-15T19:46:50+02:00 job start kind=adaptation_extraction family=sota_benchmark experiment_mode=full skip_complete=true tasks=2 datasets=ETTm2 models=chronos-bolt settings=512:64 distance_spaces=instance distance_metrics=euclidean neighbors=10
2026-08-15T19:46:50+02:00 skip complete family=extraction dataset=ETTm2 model=chronos-bolt lags=512 horizon=64 retrieval=vanilla run=/home/h61084/codes/adapts/outputs/extraction/ETTm2/512_64/chronos-bolt/none/none/0/none/run_0
2026-08-15T19:46:51+02:00 skip complete family=extraction dataset=ETTm2 model=chronos-bolt lags=512 horizon=64 retrieval=instance_euclidean_10_online run=/home/h61084/codes/adapts/outputs/extraction/ETTm2/512_64/chronos-bolt/instance/euclidean/10/online/run_0

2026-08-15T19:46:51+02:00 job done kind=adaptation_extraction output=outputs/extraction

2026-08-15T19:46:51+02:00 job start kind=baselines family=sota_benchmark experiment_mode=full skip_complete=true tasks=1 datasets=ETTm2 models=chronos-bolt settings=512:64 distance_spaces=instance distance_metrics=euclidean neighbors=10 methods=full_ridge_shared results_root=outputs/adaptation/sota_benchmark
2026-08-15 19:46:53,133 INFO [__main__] extraction validation directory=/home/h61084/codes/adapts/outputs/extraction/ETTm2/512_64/chronos-bolt/instance/euclidean/10/online/run_0 status=complete
2026-08-15T19:46:53+02:00 skip complete family=baselines dataset=ETTm2 model=chronos-bolt formula=full_ridge_shared lags=512 horizon=64 retrieval=instance_euclidean_10_online run=/home/h61084/codes/adapts/outputs/adaptation/sota_benchmark/ETTm2/512_64/chronos-bolt/full_ridge_shared/instance/euclidean/10/online/run_0

2026-08-15T19:46:53+02:00 job done kind=baselines output=outputs/adaptation/sota_benchmark

2026-08-15T19:46:53+02:00 job start kind=adaptation_extraction family=sota_benchmark experiment_mode=full skip_complete=true tasks=2 datasets=Weather models=chronos-bolt settings=512:64 distance_spaces=instance distance_metrics=euclidean neighbors=10
2026-08-15T19:46:53+02:00 skip complete family=extraction dataset=Weather model=chronos-bolt lags=512 horizon=64 retrieval=vanilla run=/home/h61084/codes/adapts/outputs/extraction/Weather/512_64/chronos-bolt/none/none/0/none/run_0
2026-08-15T19:46:53+02:00 skip complete family=extraction dataset=Weather model=chronos-bolt lags=512 horizon=64 retrieval=instance_euclidean_10_online run=/home/h61084/codes/adapts/outputs/extraction/Weather/512_64/chronos-bolt/instance/euclidean/10/online/run_0

2026-08-15T19:46:53+02:00 job done kind=adaptation_extraction output=outputs/extraction

2026-08-15T19:46:53+02:00 job start kind=baselines family=sota_benchmark experiment_mode=full skip_complete=true tasks=1 datasets=Weather models=chronos-bolt settings=512:64 distance_spaces=instance distance_metrics=euclidean neighbors=10 methods=full_ridge_shared results_root=outputs/adaptation/sota_benchmark
2026-08-15 19:46:55,830 INFO [__main__] extraction validation directory=/home/h61084/codes/adapts/outputs/extraction/Weather/512_64/chronos-bolt/instance/euclidean/10/online/run_0 status=complete
2026-08-15T19:46:56+02:00 skip complete family=baselines dataset=Weather model=chronos-bolt formula=full_ridge_shared lags=512 horizon=64 retrieval=instance_euclidean_10_online run=/home/h61084/codes/adapts/outputs/adaptation/sota_benchmark/Weather/512_64/chronos-bolt/full_ridge_shared/instance/euclidean/10/online/run_0

2026-08-15T19:46:56+02:00 job done kind=baselines output=outputs/adaptation/sota_benchmark

2026-08-15T19:46:56+02:00 job start kind=adaptation_extraction family=sota_benchmark experiment_mode=full skip_complete=true tasks=2 datasets=Electricity models=chronos-bolt settings=512:64 distance_spaces=instance distance_metrics=euclidean neighbors=10
2026-08-15T19:46:56+02:00 skip complete family=extraction dataset=Electricity model=chronos-bolt lags=512 horizon=64 retrieval=vanilla run=/home/h61084/codes/adapts/outputs/extraction/Electricity/512_64/chronos-bolt/none/none/0/none/run_2

2026-08-15T19:46:56+02:00 extraction start configuration=2/2 dataset=Electricity model=chronos-bolt lags=512 horizon=64 retrieval=instance_euclidean_10_online run=/home/h61084/codes/adapts/outputs/extraction/Electricity/512_64/chronos-bolt/instance/euclidean/10/online/run_0 computation_signature=e36c1091815c98a1a2f99978f8681fb9886bbc1cab6db2e5c38cb8b00d75326e period=24 align_period=false datastore_stride=25 adapt_stride=25 eval_stride=1 max_store_windows=30000 seed=1
2026-08-15 19:46:59,042 INFO [__main__] ========================================================================
2026-08-15 19:46:59,042 INFO [__main__] experiment start kind=extraction dataset=Electricity model=chronos-bolt lags=512 horizon=64 neighbors=10 distance=instance/euclidean
2026-08-15 19:46:59,296 INFO [__main__] dataset load start
2026-08-15 19:46:59,298 INFO [src.data.load_dataset] loaded dataset config path=/home/h61084/codes/datasets/electricity/config.json keys=['aggr', 'date_col', 'drop_users']
2026-08-15 19:47:00,108 INFO [__main__] dataset standardized train_boundary=18412
2026-08-15 19:47:00,109 INFO [__main__] dataset load done dates=26304 users=312
2026-08-15 19:47:00,109 INFO [__main__] model load start
2026-08-15 19:47:11,527 INFO [__main__] model load done name=chronos-bolt device=cuda parameters_total=205,292,928 parameters_trainable=0
2026-08-15 19:47:11,552 INFO [__main__] extraction start split=adapt queries=524
2026-08-15 19:55:34,556 INFO [__main__] extraction done split=adapt
2026-08-15 19:55:34,556 INFO [__main__] extraction start split=eval queries=5198
2026-08-15 21:18:18,857 INFO [__main__] extraction done split=eval
2026-08-15 21:18:19,782 INFO [__main__] completion marker saved path=/home/h61084/codes/adapts/outputs/extraction/Electricity/512_64/chronos-bolt/instance/euclidean/10/online/run_0/extraction_manifest.json
2026-08-15 21:18:19,782 INFO [__main__] outputs saved dir=/home/h61084/codes/adapts/outputs/extraction/Electricity/512_64/chronos-bolt/instance/euclidean/10/online/run_0
2026-08-15 21:18:19,782 INFO [__main__] experiment done seconds=5480.74
2026-08-15 21:18:19,782 INFO [__main__] ========================================================================
2026-08-15 21:18:24,941 INFO [__main__] extraction validation directory=/home/h61084/codes/adapts/outputs/extraction/Electricity/512_64/chronos-bolt/instance/euclidean/10/online/run_0 status=complete
2026-08-15T21:18:25+02:00 extraction done configuration=2/2 dataset=Electricity model=chronos-bolt lags=512 horizon=64 retrieval=instance_euclidean_10_online

2026-08-15T21:18:25+02:00 job done kind=adaptation_extraction output=outputs/extraction

2026-08-15T21:18:25+02:00 job start kind=baselines family=sota_benchmark experiment_mode=full skip_complete=true tasks=1 datasets=Electricity models=chronos-bolt settings=512:64 distance_spaces=instance distance_metrics=euclidean neighbors=10 methods=full_ridge_shared results_root=outputs/adaptation/sota_benchmark
2026-08-15 21:18:27,309 INFO [__main__] extraction validation directory=/home/h61084/codes/adapts/outputs/extraction/Electricity/512_64/chronos-bolt/instance/euclidean/10/online/run_0 status=complete

2026-08-15T21:18:27+02:00 baselines start configuration=1/1 dataset=Electricity model=chronos-bolt formula=full_ridge_shared lags=512 horizon=64 retrieval=instance_euclidean_10_online run=/home/h61084/codes/adapts/outputs/adaptation/sota_benchmark/Electricity/512_64/chronos-bolt/full_ridge_shared/instance/euclidean/10/online/run_0 computation_signature=2743ac09586076c8f7f150bc0773a5f898f28545f39f338d2499e5091738c456 l2_grid=0,1e-6,1e-5,1e-4,1e-3,1e-2,1e-1,1,10 validation_fraction=0.2 fit_baselines_on_eval=false seed=1
2026-08-15 21:18:30,132 INFO [__main__] ========================================================================
2026-08-15 21:18:30,132 INFO [__main__] selected methods=('full_ridge_shared',)
2026-08-15 21:22:46,526 INFO [__main__] baseline selection start l2_grid=(0.0, 1e-06, 1e-05, 0.0001, 0.001, 0.01, 0.1, 1.0, 10.0)
2026-08-15 21:23:05,271 INFO [__main__] baseline selection done
2026-08-15 21:23:05,298 INFO [__main__] experiment done seconds=275.16
2026-08-15 21:23:05,298 INFO [__main__] ========================================================================
2026-08-15T21:23:06+02:00 baselines done configuration=1/1 dataset=Electricity model=chronos-bolt formula=full_ridge_shared lags=512 horizon=64 retrieval=instance_euclidean_10_online

2026-08-15T21:23:06+02:00 job done kind=baselines output=outputs/adaptation/sota_benchmark

2026-08-15T21:23:06+02:00 job start kind=adaptation_extraction family=sota_benchmark experiment_mode=full skip_complete=true tasks=2 datasets=exchange_rate models=chronos-bolt settings=512:64 distance_spaces=instance distance_metrics=euclidean neighbors=10

2026-08-15T21:23:06+02:00 extraction start configuration=1/2 dataset=exchange_rate model=chronos-bolt lags=512 horizon=64 retrieval=vanilla run=/home/h61084/codes/adapts/outputs/extraction/exchange_rate/512_64/chronos-bolt/none/none/0/none/run_2 computation_signature=cd9985661b5bc3e2d077f2b6e05240476b1fd652fe0dc4656eea700956d6b0a6 period=24 align_period=false datastore_stride=25 adapt_stride=25 eval_stride=1 max_store_windows=30000 seed=1
2026-08-15 21:23:09,282 INFO [__main__] ========================================================================
2026-08-15 21:23:09,282 INFO [__main__] experiment start kind=extraction dataset=exchange_rate model=chronos-bolt lags=512 horizon=64 neighbors=0 distance=raw/euclidean
2026-08-15 21:23:09,569 INFO [__main__] dataset load start
2026-08-15 21:23:09,570 INFO [src.data.load_dataset] loaded dataset config path=/home/h61084/codes/datasets/exchange_rate/config.json keys=['aggr', 'date_col', 'drop_users']
2026-08-15 21:23:09,589 INFO [__main__] dataset standardized train_boundary=5311
2026-08-15 21:23:09,589 INFO [__main__] dataset load done dates=7588 users=8
2026-08-15 21:23:09,589 INFO [__main__] model load start
2026-08-15 21:23:20,453 INFO [__main__] model load done name=chronos-bolt device=cuda parameters_total=205,292,928 parameters_trainable=0
2026-08-15 21:23:20,460 INFO [__main__] extraction start split=adapt queries=150
2026-08-15 21:23:23,196 INFO [__main__] extraction done split=adapt
2026-08-15 21:23:23,196 INFO [__main__] extraction start split=eval queries=1455
2026-08-15 21:23:46,337 INFO [__main__] extraction done split=eval
2026-08-15 21:23:46,473 INFO [__main__] vanilla metrics saved path=/home/h61084/codes/adapts/outputs/extraction/exchange_rate/512_64/chronos-bolt/none/none/0/none/run_2/vanilla_metrics.json
2026-08-15 21:23:46,479 INFO [__main__] completion marker saved path=/home/h61084/codes/adapts/outputs/extraction/exchange_rate/512_64/chronos-bolt/none/none/0/none/run_2/extraction_manifest.json
2026-08-15 21:23:46,479 INFO [__main__] outputs saved dir=/home/h61084/codes/adapts/outputs/extraction/exchange_rate/512_64/chronos-bolt/none/none/0/none/run_2
2026-08-15 21:23:46,479 INFO [__main__] experiment done seconds=37.19
2026-08-15 21:23:46,479 INFO [__main__] ========================================================================
2026-08-15 21:23:49,299 INFO [__main__] extraction validation directory=/home/h61084/codes/adapts/outputs/extraction/exchange_rate/512_64/chronos-bolt/none/none/0/none/run_2 status=complete
2026-08-15T21:23:49+02:00 extraction done configuration=1/2 dataset=exchange_rate model=chronos-bolt lags=512 horizon=64 retrieval=vanilla

2026-08-15T21:23:49+02:00 extraction start configuration=2/2 dataset=exchange_rate model=chronos-bolt lags=512 horizon=64 retrieval=instance_euclidean_10_online run=/home/h61084/codes/adapts/outputs/extraction/exchange_rate/512_64/chronos-bolt/instance/euclidean/10/online/run_0 computation_signature=505cd6f7e492a83a84fbc76a70b621f95c65c5f7905ddb7c4967e7bfde7897d0 period=24 align_period=false datastore_stride=25 adapt_stride=25 eval_stride=1 max_store_windows=30000 seed=1
2026-08-15 21:23:52,142 INFO [__main__] ========================================================================
2026-08-15 21:23:52,142 INFO [__main__] experiment start kind=extraction dataset=exchange_rate model=chronos-bolt lags=512 horizon=64 neighbors=10 distance=instance/euclidean
2026-08-15 21:23:52,409 INFO [__main__] dataset load start
2026-08-15 21:23:52,411 INFO [src.data.load_dataset] loaded dataset config path=/home/h61084/codes/datasets/exchange_rate/config.json keys=['aggr', 'date_col', 'drop_users']
2026-08-15 21:23:52,428 INFO [__main__] dataset standardized train_boundary=5311
2026-08-15 21:23:52,428 INFO [__main__] dataset load done dates=7588 users=8
2026-08-15 21:23:52,428 INFO [__main__] model load start
2026-08-15 21:23:59,873 INFO [__main__] model load done name=chronos-bolt device=cuda parameters_total=205,292,928 parameters_trainable=0
2026-08-15 21:23:59,879 INFO [__main__] extraction start split=adapt queries=150
2026-08-15 21:24:15,624 INFO [__main__] extraction done split=adapt
2026-08-15 21:24:15,625 INFO [__main__] extraction start split=eval queries=1455
2026-08-15 21:26:27,008 INFO [__main__] extraction done split=eval
2026-08-15 21:26:27,629 INFO [__main__] completion marker saved path=/home/h61084/codes/adapts/outputs/extraction/exchange_rate/512_64/chronos-bolt/instance/euclidean/10/online/run_0/extraction_manifest.json
2026-08-15 21:26:27,629 INFO [__main__] outputs saved dir=/home/h61084/codes/adapts/outputs/extraction/exchange_rate/512_64/chronos-bolt/instance/euclidean/10/online/run_0
2026-08-15 21:26:27,629 INFO [__main__] experiment done seconds=155.48
2026-08-15 21:26:27,629 INFO [__main__] ========================================================================
2026-08-15 21:26:30,786 INFO [__main__] extraction validation directory=/home/h61084/codes/adapts/outputs/extraction/exchange_rate/512_64/chronos-bolt/instance/euclidean/10/online/run_0 status=complete
2026-08-15T21:26:31+02:00 extraction done configuration=2/2 dataset=exchange_rate model=chronos-bolt lags=512 horizon=64 retrieval=instance_euclidean_10_online

2026-08-15T21:26:31+02:00 job done kind=adaptation_extraction output=outputs/extraction

2026-08-15T21:26:31+02:00 job start kind=baselines family=sota_benchmark experiment_mode=full skip_complete=true tasks=1 datasets=exchange_rate models=chronos-bolt settings=512:64 distance_spaces=instance distance_metrics=euclidean neighbors=10 methods=full_ridge_shared results_root=outputs/adaptation/sota_benchmark
2026-08-15 21:26:33,343 INFO [__main__] extraction validation directory=/home/h61084/codes/adapts/outputs/extraction/exchange_rate/512_64/chronos-bolt/instance/euclidean/10/online/run_0 status=complete

2026-08-15T21:26:33+02:00 baselines start configuration=1/1 dataset=exchange_rate model=chronos-bolt formula=full_ridge_shared lags=512 horizon=64 retrieval=instance_euclidean_10_online run=/home/h61084/codes/adapts/outputs/adaptation/sota_benchmark/exchange_rate/512_64/chronos-bolt/full_ridge_shared/instance/euclidean/10/online/run_0 computation_signature=14784ae5f5c4593a48a305151b963bda61782cfae76182b9449a24e453b66b7f l2_grid=0,1e-6,1e-5,1e-4,1e-3,1e-2,1e-1,1,10 validation_fraction=0.2 fit_baselines_on_eval=false seed=1
2026-08-15 21:26:36,272 INFO [__main__] ========================================================================
2026-08-15 21:26:36,272 INFO [__main__] selected methods=('full_ridge_shared',)
2026-08-15 21:26:40,067 INFO [__main__] baseline selection start l2_grid=(0.0, 1e-06, 1e-05, 0.0001, 0.001, 0.01, 0.1, 1.0, 10.0)
2026-08-15 21:26:40,369 INFO [__main__] baseline selection done
2026-08-15 21:26:40,392 INFO [__main__] experiment done seconds=4.12
2026-08-15 21:26:40,392 INFO [__main__] ========================================================================
2026-08-15T21:26:40+02:00 baselines done configuration=1/1 dataset=exchange_rate model=chronos-bolt formula=full_ridge_shared lags=512 horizon=64 retrieval=instance_euclidean_10_online

2026-08-15T21:26:40+02:00 job done kind=baselines output=outputs/adaptation/sota_benchmark
