
2026-08-14T04:14:09+02:00 job start kind=adaptation_extraction family=sota_benchmark experiment_mode=full skip_complete=true tasks=2 datasets=ETTh1 models=chronos-bolt settings=512:64 distance_spaces=instance distance_metrics=euclidean neighbors=10

2026-08-14T04:14:09+02:00 extraction start configuration=1/2 dataset=ETTh1 model=chronos-bolt lags=512 horizon=64 retrieval=vanilla run=/home/h61084/codes/adapts/outputs/extraction/ETTh1/512_64/chronos-bolt/none/none/0/none/run_0 computation_signature=3b6eba5fd5d5bea4c60508be5d3cb0288c35af03553f06ccb4b0d5776ad7c56b period=24 align_period=false datastore_stride=25 adapt_stride=25 eval_stride=1 max_store_windows=30000 seed=1
2026-08-14 04:14:12,150 INFO [__main__] ========================================================================
2026-08-14 04:14:12,150 INFO [__main__] experiment start kind=extraction dataset=ETTh1 model=chronos-bolt lags=512 horizon=64 neighbors=0 distance=raw/euclidean
2026-08-14 04:14:12,644 INFO [__main__] dataset load start
2026-08-14 04:14:12,646 INFO [src.data.load_dataset] loaded dataset config path=/home/h61084/codes/datasets/ETTh1/config.json keys=['aggr', 'date_col', 'drop_users']
2026-08-14 04:14:12,828 INFO [__main__] dataset standardized train_boundary=8640
2026-08-14 04:14:12,828 INFO [__main__] dataset load done dates=17420 users=7
2026-08-14 04:14:12,829 INFO [__main__] model load start
2026-08-14 04:14:24,337 INFO [__main__] model load done name=chronos-bolt device=cuda parameters_total=205,292,928 parameters_trainable=0
2026-08-14 04:14:24,350 INFO [__main__] extraction start split=adapt queries=286
2026-08-14 04:14:30,750 INFO [__main__] extraction done split=adapt
2026-08-14 04:14:30,750 INFO [__main__] extraction start split=eval queries=2817
2026-08-14 04:15:29,407 INFO [__main__] extraction done split=eval
2026-08-14 04:15:29,497 INFO [__main__] vanilla metrics saved path=/home/h61084/codes/adapts/outputs/extraction/ETTh1/512_64/chronos-bolt/none/none/0/none/run_0/vanilla_metrics.json
2026-08-14 04:15:29,503 INFO [__main__] completion marker saved path=/home/h61084/codes/adapts/outputs/extraction/ETTh1/512_64/chronos-bolt/none/none/0/none/run_0/extraction_manifest.json
2026-08-14 04:15:29,503 INFO [__main__] outputs saved dir=/home/h61084/codes/adapts/outputs/extraction/ETTh1/512_64/chronos-bolt/none/none/0/none/run_0
2026-08-14 04:15:29,503 INFO [__main__] experiment done seconds=77.35
2026-08-14 04:15:29,503 INFO [__main__] ========================================================================
2026-08-14 04:15:32,278 INFO [__main__] extraction validation directory=/home/h61084/codes/adapts/outputs/extraction/ETTh1/512_64/chronos-bolt/none/none/0/none/run_0 status=complete
2026-08-14T04:15:32+02:00 extraction done configuration=1/2 dataset=ETTh1 model=chronos-bolt lags=512 horizon=64 retrieval=vanilla

2026-08-14T04:15:32+02:00 extraction start configuration=2/2 dataset=ETTh1 model=chronos-bolt lags=512 horizon=64 retrieval=instance_euclidean_10_online run=/home/h61084/codes/adapts/outputs/extraction/ETTh1/512_64/chronos-bolt/instance/euclidean/10/online/run_0 computation_signature=8d75f7c0e9d4021b9708549825a1a97a7a08e71e9e9d85bcb688bdbdcf28bb86 period=24 align_period=false datastore_stride=25 adapt_stride=25 eval_stride=1 max_store_windows=30000 seed=1
2026-08-14 04:15:35,206 INFO [__main__] ========================================================================
2026-08-14 04:15:35,206 INFO [__main__] experiment start kind=extraction dataset=ETTh1 model=chronos-bolt lags=512 horizon=64 neighbors=10 distance=instance/euclidean
2026-08-14 04:15:35,424 INFO [__main__] dataset load start
2026-08-14 04:15:35,426 INFO [src.data.load_dataset] loaded dataset config path=/home/h61084/codes/datasets/ETTh1/config.json keys=['aggr', 'date_col', 'drop_users']
2026-08-14 04:15:35,461 INFO [__main__] dataset standardized train_boundary=8640
2026-08-14 04:15:35,461 INFO [__main__] dataset load done dates=17420 users=7
2026-08-14 04:15:35,461 INFO [__main__] model load start
2026-08-14 04:15:49,531 INFO [__main__] model load done name=chronos-bolt device=cuda parameters_total=205,292,928 parameters_trainable=0
2026-08-14 04:15:49,544 INFO [__main__] extraction start split=adapt queries=286
2026-08-14 04:16:33,166 INFO [__main__] extraction done split=adapt
2026-08-14 04:16:33,166 INFO [__main__] extraction start split=eval queries=2817
2026-08-14 04:23:30,898 INFO [__main__] extraction done split=eval
2026-08-14 04:23:31,659 INFO [__main__] completion marker saved path=/home/h61084/codes/adapts/outputs/extraction/ETTh1/512_64/chronos-bolt/instance/euclidean/10/online/run_0/extraction_manifest.json
2026-08-14 04:23:31,659 INFO [__main__] outputs saved dir=/home/h61084/codes/adapts/outputs/extraction/ETTh1/512_64/chronos-bolt/instance/euclidean/10/online/run_0
2026-08-14 04:23:31,659 INFO [__main__] experiment done seconds=476.44
2026-08-14 04:23:31,659 INFO [__main__] ========================================================================
2026-08-14 04:23:34,959 INFO [__main__] extraction validation directory=/home/h61084/codes/adapts/outputs/extraction/ETTh1/512_64/chronos-bolt/instance/euclidean/10/online/run_0 status=complete
2026-08-14T04:23:35+02:00 extraction done configuration=2/2 dataset=ETTh1 model=chronos-bolt lags=512 horizon=64 retrieval=instance_euclidean_10_online

2026-08-14T04:23:35+02:00 job done kind=adaptation_extraction output=outputs/extraction

2026-08-14T04:23:35+02:00 job start kind=baselines family=sota_benchmark experiment_mode=full skip_complete=true tasks=1 datasets=ETTh1 models=chronos-bolt settings=512:64 distance_spaces=instance distance_metrics=euclidean neighbors=10 methods=full_ridge_shared results_root=outputs/adaptation/sota_benchmark
2026-08-14 04:23:37,461 INFO [__main__] extraction validation directory=/home/h61084/codes/adapts/outputs/extraction/ETTh1/512_64/chronos-bolt/instance/euclidean/10/online/run_0 status=complete

2026-08-14T04:23:38+02:00 baselines start configuration=1/1 dataset=ETTh1 model=chronos-bolt formula=full_ridge_shared lags=512 horizon=64 retrieval=instance_euclidean_10_online run=/home/h61084/codes/adapts/outputs/adaptation/sota_benchmark/ETTh1/512_64/chronos-bolt/full_ridge_shared/instance/euclidean/10/online/run_0 computation_signature=0a91c8e85e91fb940bafffb5971705ba53b017d3bf7b66268a7030d04027c353 l2_grid=0,1e-6,1e-5,1e-4,1e-3,1e-2,1e-1,1,10 validation_fraction=0.2 fit_baselines_on_eval=false seed=1
2026-08-14 04:23:40,363 INFO [__main__] ========================================================================
2026-08-14 04:23:40,363 INFO [__main__] selected methods=('full_ridge_shared',)
2026-08-14 04:23:45,431 INFO [__main__] baseline selection start l2_grid=(0.0, 1e-06, 1e-05, 0.0001, 0.001, 0.01, 0.1, 1.0, 10.0)
2026-08-14 04:23:45,850 INFO [__main__] baseline selection done
2026-08-14 04:23:45,886 INFO [__main__] experiment done seconds=5.52
2026-08-14 04:23:45,887 INFO [__main__] ========================================================================
2026-08-14T04:23:46+02:00 baselines done configuration=1/1 dataset=ETTh1 model=chronos-bolt formula=full_ridge_shared lags=512 horizon=64 retrieval=instance_euclidean_10_online

2026-08-14T04:23:46+02:00 job done kind=baselines output=outputs/adaptation/sota_benchmark

2026-08-14T04:23:46+02:00 job start kind=adaptation_extraction family=sota_benchmark experiment_mode=full skip_complete=true tasks=2 datasets=ETTh2 models=chronos-bolt settings=512:64 distance_spaces=instance distance_metrics=euclidean neighbors=10
