
2026-07-26T13:31:52+02:00 job start kind=ts_ifa_training experiment_mode=test skip_complete=false tasks=1 datasets=Electricity models=chronos2 settings=168:24 distance_spaces=raw distance_metrics=euclidean neighbors=3 results_root=outputs/adaptation_results/test
2026-07-26 13:31:54,405 INFO [__main__] extraction validation directory=outputs/adaptation/Electricity/168_24/chronos2/raw_euclidean_3_online/extracted status=complete

2026-07-26T13:31:54+02:00 training start configuration=1/1 dataset=Electricity model=chronos2 lags=168 horizon=24 retrieval=raw_euclidean_3_online validation_fraction=0.2 epochs=2 batch_size=256 learning_rate=0.00001 weight_decay=0.0001 beta=0.01 gamma=0.01 dropout=0.0 attention_heads=4 attention_dim=32 hidden_dim=128 mixture_gate_init=-6.0 seed=1
2026-07-26 13:31:57,217 INFO [__main__] ========================================================================
2026-07-26 13:31:57,728 INFO [__main__] experiment start kind=ts_ifa_train input=outputs/adaptation/Electricity/168_24/chronos2/raw_euclidean_3_online/extracted epochs=2 batch_size=256
2026-07-26 13:31:57,728 INFO [__main__] payload load start
2026-07-26 13:31:59,189 INFO [__main__] payload load done train_samples=32 valid_samples=32 eval_samples=32
2026-07-26 13:31:59,190 INFO [__main__] payload scale split=train samples=32 std_min=1.63272 std_q001=1.66571 std_q01=1.96262 std_q05=6.12216 std_q10=14.9078 std_median=85.25 below_1e-8=0 below_1e-6=0 below_1e-3=0
2026-07-26 13:31:59,191 INFO [__main__] payload scale split=valid samples=32 std_min=1.1749 std_q001=1.37136 std_q01=3.1395 std_q05=9.59955 std_q10=15.8393 std_median=78.7564 below_1e-8=0 below_1e-6=0 below_1e-3=0
2026-07-26 13:31:59,191 INFO [__main__] payload scale split=eval samples=32 std_min=1.32202 std_q001=1.50924 std_q01=3.19419 std_q05=10.6625 std_q10=15.0484 std_median=53.7571 below_1e-8=0 below_1e-6=0 below_1e-3=0
2026-07-26 13:31:59,379 INFO [__main__] model ready name=TS-IFA device=cuda parameters_total=841,704 parameters_trainable=841,704
2026-07-26 13:31:59,379 INFO [__main__] training start epochs=2 steps_per_epoch=1 total_steps=2 valid_eval_freq=1 logging_eval_freq=1
2026-07-26 13:31:59,671 INFO [__main__] training progress step=1/2 epoch=1/2 train_interval_nmse=0.198821 valid_nmse=0.301786
2026-07-26 13:31:59,688 INFO [__main__] training progress step=2/2 epoch=2/2 train_interval_nmse=0.227263 valid_nmse=0.301786
2026-07-26 13:31:59,689 INFO [__main__] best T2 checkpoint restored step=1 valid_nmse=0.301786
2026-07-26 13:31:59,689 INFO [__main__] training done seconds=0.31
2026-07-26 13:31:59,689 INFO [__main__] evaluation start
2026-07-26 13:31:59,692 INFO [__main__] evaluation done adapted_nmse=0.181888
2026-07-26 13:32:00,522 INFO [__main__] outputs saved dir=outputs/adaptation_results/test/Electricity/168_24/chronos2/raw_euclidean_3_online/ts_ifa/TS-IFA
2026-07-26 13:32:00,522 INFO [__main__] experiment done seconds=3.31
2026-07-26 13:32:00,522 INFO [__main__] ========================================================================
2026-07-26T13:32:01+02:00 training done configuration=1/1 dataset=Electricity model=chronos2 lags=168 horizon=24 retrieval=raw_euclidean_3_online

2026-07-26T13:32:01+02:00 job done kind=ts_ifa_training output=outputs/adaptation_results/test
