
2026-08-06T15:26:34+02:00 job start kind=ts_ifa_training variant=joint_ridge experiment_mode=full skip_complete=true tasks=3
2026-08-06 15:27:07,507 INFO [__main__] extraction validation directory=outputs/extractions/Electricity/168_24/chronos2/raw_euclidean_3_online/extracted status=complete

2026-08-06T15:27:18+02:00 training start variant=joint_ridge configuration=1/3 dataset=Electricity model=chronos2 lags=168 horizon=24 retrieval=raw_euclidean_3_online
2026-08-06 15:27:22,036 INFO [__main__] ========================================================================
2026-08-06 15:27:22,582 INFO [__main__] experiment start kind=ts_ifa variant=joint_ridge train_epochs=30000 rooter_epochs=10000
2026-08-06 15:27:31,386 INFO [__main__] payload scale split=T1 samples=136656 std_min=0.28843 std_q001=0.485621 std_q01=4.08462 std_q05=21.4344 std_q10=39.7766 std_median=184.362 below_1e-8=0 below_1e-6=0 below_1e-3=0
2026-08-06 15:27:31,393 INFO [__main__] payload scale split=T2 samples=34320 std_min=0.306533 std_q001=0.471405 std_q01=4.28871 std_q05=22.1471 std_q10=39.1245 std_median=177.6 below_1e-8=0 below_1e-6=0 below_1e-3=0
2026-08-06 15:27:31,411 INFO [__main__] payload scale split=T3 samples=12792 std_min=0.361678 std_q001=0.630142 std_q01=5.04926 std_q05=20.1042 std_q10=36.0183 std_median=181.613 below_1e-8=0 below_1e-6=0 below_1e-3=0
2026-08-06 15:27:54,841 INFO [__main__] stage progress stage=joint step=1000/30000 train_nmse=0.304619 t2_nmse=0.298673
2026-08-06 15:28:06,063 INFO [__main__] stage progress stage=joint step=2000/30000 train_nmse=0.313137 t2_nmse=0.298016
2026-08-06 15:28:17,069 INFO [__main__] stage progress stage=joint step=3000/30000 train_nmse=0.357081 t2_nmse=0.297285
2026-08-06 15:28:28,236 INFO [__main__] stage progress stage=joint step=4000/30000 train_nmse=0.296413 t2_nmse=0.296459
2026-08-06 15:28:39,133 INFO [__main__] stage progress stage=joint step=5000/30000 train_nmse=0.340820 t2_nmse=0.295540
2026-08-06 15:28:49,971 INFO [__main__] stage progress stage=joint step=6000/30000 train_nmse=0.341186 t2_nmse=0.294619
2026-08-06 15:29:00,918 INFO [__main__] stage progress stage=joint step=7000/30000 train_nmse=0.288166 t2_nmse=0.293601
2026-08-06 15:29:11,857 INFO [__main__] stage progress stage=joint step=8000/30000 train_nmse=0.273062 t2_nmse=0.292752
2026-08-06 15:29:22,841 INFO [__main__] stage progress stage=joint step=9000/30000 train_nmse=0.294090 t2_nmse=0.291879
2026-08-06 15:29:33,936 INFO [__main__] stage progress stage=joint step=10000/30000 train_nmse=0.349964 t2_nmse=0.290954
2026-08-06 15:29:44,972 INFO [__main__] stage progress stage=joint step=11000/30000 train_nmse=0.321135 t2_nmse=0.290112
2026-08-06 15:29:56,055 INFO [__main__] stage progress stage=joint step=12000/30000 train_nmse=0.274891 t2_nmse=0.289261
2026-08-06 15:30:07,068 INFO [__main__] stage progress stage=joint step=13000/30000 train_nmse=0.296511 t2_nmse=0.288587
2026-08-06 15:30:18,077 INFO [__main__] stage progress stage=joint step=14000/30000 train_nmse=0.307778 t2_nmse=0.287744
2026-08-06 15:30:29,109 INFO [__main__] stage progress stage=joint step=15000/30000 train_nmse=0.293734 t2_nmse=0.287094
2026-08-06 15:30:40,201 INFO [__main__] stage progress stage=joint step=16000/30000 train_nmse=0.331991 t2_nmse=0.286401
2026-08-06 15:30:51,228 INFO [__main__] stage progress stage=joint step=17000/30000 train_nmse=0.285493 t2_nmse=0.286047
2026-08-06 15:31:02,070 INFO [__main__] stage progress stage=joint step=18000/30000 train_nmse=0.309799 t2_nmse=0.285398
2026-08-06 15:31:13,084 INFO [__main__] stage progress stage=joint step=19000/30000 train_nmse=0.305274 t2_nmse=0.284867
2026-08-06 15:31:24,126 INFO [__main__] stage progress stage=joint step=20000/30000 train_nmse=0.282484 t2_nmse=0.284499
2026-08-06 15:31:35,065 INFO [__main__] stage progress stage=joint step=21000/30000 train_nmse=0.283474 t2_nmse=0.284122
2026-08-06 15:31:45,930 INFO [__main__] stage progress stage=joint step=22000/30000 train_nmse=0.319698 t2_nmse=0.283627
2026-08-06 15:31:56,807 INFO [__main__] stage progress stage=joint step=23000/30000 train_nmse=0.242409 t2_nmse=0.283675
2026-08-06 15:32:07,719 INFO [__main__] stage progress stage=joint step=24000/30000 train_nmse=0.280882 t2_nmse=0.283356
2026-08-06 15:32:18,645 INFO [__main__] stage progress stage=joint step=25000/30000 train_nmse=0.293650 t2_nmse=0.282800
2026-08-06 15:32:29,638 INFO [__main__] stage progress stage=joint step=26000/30000 train_nmse=0.304086 t2_nmse=0.282760
2026-08-06 15:32:40,672 INFO [__main__] stage progress stage=joint step=27000/30000 train_nmse=0.288851 t2_nmse=0.282490
2026-08-06 15:32:51,765 INFO [__main__] stage progress stage=joint step=28000/30000 train_nmse=0.282376 t2_nmse=0.282622
2026-08-06 15:33:02,782 INFO [__main__] stage progress stage=joint step=29000/30000 train_nmse=0.297468 t2_nmse=0.282423
2026-08-06 15:33:13,756 INFO [__main__] stage progress stage=joint step=30000/30000 train_nmse=0.298638 t2_nmse=0.282468
2026-08-06 15:33:19,302 INFO [__main__] outputs saved variant=joint_ridge dir=outputs/adaptation_results/ts_ifa_joint_ridge_raw_30k/Electricity/168_24/chronos2/raw_euclidean_3_online/ts_ifa/joint_ridge
2026-08-06 15:33:19,302 INFO [__main__] experiment done seconds=357.27
2026-08-06 15:33:19,302 INFO [__main__] ========================================================================
2026-08-06T15:33:20+02:00 training done variant=joint_ridge configuration=1/3
2026-08-06 15:33:23,134 INFO [__main__] extraction validation directory=outputs/extractions/Electricity/336_48/chronos2/raw_euclidean_3_online/extracted status=complete

2026-08-06T15:33:23+02:00 training start variant=joint_ridge configuration=2/3 dataset=Electricity model=chronos2 lags=336 horizon=48 retrieval=raw_euclidean_3_online
2026-08-06 15:33:25,946 INFO [__main__] ========================================================================
2026-08-06 15:33:26,315 INFO [__main__] experiment start kind=ts_ifa variant=joint_ridge train_epochs=30000 rooter_epochs=10000
2026-08-06 15:33:30,205 INFO [__main__] payload scale split=T1 samples=136656 std_min=0.333426 std_q001=0.604608 std_q01=4.68589 std_q05=22.2151 std_q10=40.6165 std_median=185.89 below_1e-8=0 below_1e-6=0 below_1e-3=0
2026-08-06 15:33:30,213 INFO [__main__] payload scale split=T2 samples=34008 std_min=0.375413 std_q001=0.581196 std_q01=4.58251 std_q05=23.1815 std_q10=40.6876 std_median=179.161 below_1e-8=0 below_1e-6=0 below_1e-3=0
2026-08-06 15:33:30,216 INFO [__main__] payload scale split=T3 samples=12792 std_min=0.403962 std_q001=1.32202 std_q01=6.05807 std_q05=20.6529 std_q10=36.6447 std_median=183.341 below_1e-8=0 below_1e-6=0 below_1e-3=0
2026-08-06 15:33:42,937 INFO [__main__] stage progress stage=joint step=1000/30000 train_nmse=0.324491 t2_nmse=0.204990
2026-08-06 15:33:54,874 INFO [__main__] stage progress stage=joint step=2000/30000 train_nmse=0.292600 t2_nmse=0.204868
2026-08-06 15:34:06,634 INFO [__main__] stage progress stage=joint step=3000/30000 train_nmse=0.297964 t2_nmse=0.204692
2026-08-06 15:34:18,458 INFO [__main__] stage progress stage=joint step=4000/30000 train_nmse=0.312685 t2_nmse=0.204466
2026-08-06 15:34:30,138 INFO [__main__] stage progress stage=joint step=5000/30000 train_nmse=0.375675 t2_nmse=0.204231
2026-08-06 15:34:41,902 INFO [__main__] stage progress stage=joint step=6000/30000 train_nmse=0.353428 t2_nmse=0.203971
2026-08-06 15:34:53,663 INFO [__main__] stage progress stage=joint step=7000/30000 train_nmse=0.328181 t2_nmse=0.203733
2026-08-06 15:35:05,221 INFO [__main__] stage progress stage=joint step=8000/30000 train_nmse=0.309479 t2_nmse=0.203539
2026-08-06 15:35:16,934 INFO [__main__] stage progress stage=joint step=9000/30000 train_nmse=0.316799 t2_nmse=0.203256
2026-08-06 15:35:28,517 INFO [__main__] stage progress stage=joint step=10000/30000 train_nmse=0.335563 t2_nmse=0.203064
2026-08-06 15:35:40,314 INFO [__main__] stage progress stage=joint step=11000/30000 train_nmse=0.293253 t2_nmse=0.202915
2026-08-06 15:35:51,755 INFO [__main__] stage progress stage=joint step=12000/30000 train_nmse=0.292204 t2_nmse=0.202753
2026-08-06 15:36:03,363 INFO [__main__] stage progress stage=joint step=13000/30000 train_nmse=0.311382 t2_nmse=0.202636
2026-08-06 15:36:14,905 INFO [__main__] stage progress stage=joint step=14000/30000 train_nmse=0.301816 t2_nmse=0.202472
2026-08-06 15:36:26,422 INFO [__main__] stage progress stage=joint step=15000/30000 train_nmse=0.309307 t2_nmse=0.202334
2026-08-06 15:36:37,903 INFO [__main__] stage progress stage=joint step=16000/30000 train_nmse=0.354490 t2_nmse=0.202305
2026-08-06 15:36:49,483 INFO [__main__] stage progress stage=joint step=17000/30000 train_nmse=0.286959 t2_nmse=0.202260
2026-08-06 15:37:01,018 INFO [__main__] stage progress stage=joint step=18000/30000 train_nmse=0.306666 t2_nmse=0.202152
2026-08-06 15:37:12,530 INFO [__main__] stage progress stage=joint step=19000/30000 train_nmse=0.282281 t2_nmse=0.202129
2026-08-06 15:37:24,079 INFO [__main__] stage progress stage=joint step=20000/30000 train_nmse=0.278049 t2_nmse=0.202091
2026-08-06 15:37:35,718 INFO [__main__] stage progress stage=joint step=21000/30000 train_nmse=0.279736 t2_nmse=0.202166
2026-08-06 15:37:47,276 INFO [__main__] stage progress stage=joint step=22000/30000 train_nmse=0.322837 t2_nmse=0.202178
2026-08-06 15:37:58,723 INFO [__main__] stage progress stage=joint step=23000/30000 train_nmse=0.247828 t2_nmse=0.202232
2026-08-06 15:38:10,303 INFO [__main__] stage progress stage=joint step=24000/30000 train_nmse=0.266993 t2_nmse=0.202249
2026-08-06 15:38:21,902 INFO [__main__] stage progress stage=joint step=25000/30000 train_nmse=0.302631 t2_nmse=0.202403
2026-08-06 15:38:33,469 INFO [__main__] stage progress stage=joint step=26000/30000 train_nmse=0.267357 t2_nmse=0.202390
2026-08-06 15:38:44,994 INFO [__main__] stage progress stage=joint step=27000/30000 train_nmse=0.291619 t2_nmse=0.202455
2026-08-06 15:38:56,546 INFO [__main__] stage progress stage=joint step=28000/30000 train_nmse=0.261327 t2_nmse=0.202471
2026-08-06 15:39:08,079 INFO [__main__] stage progress stage=joint step=29000/30000 train_nmse=0.289898 t2_nmse=0.202710
2026-08-06 15:39:19,558 INFO [__main__] stage progress stage=joint step=30000/30000 train_nmse=0.292630 t2_nmse=0.202881
2026-08-06 15:39:21,110 INFO [__main__] outputs saved variant=joint_ridge dir=outputs/adaptation_results/ts_ifa_joint_ridge_raw_30k/Electricity/336_48/chronos2/raw_euclidean_3_online/ts_ifa/joint_ridge
2026-08-06 15:39:21,110 INFO [__main__] experiment done seconds=355.16
2026-08-06 15:39:21,110 INFO [__main__] ========================================================================
2026-08-06T15:39:21+02:00 training done variant=joint_ridge configuration=2/3
2026-08-06 15:39:25,022 INFO [__main__] extraction validation directory=outputs/extractions/Electricity/504_168/chronos2/raw_euclidean_3_online/extracted status=complete

2026-08-06T15:39:25+02:00 training start variant=joint_ridge configuration=3/3 dataset=Electricity model=chronos2 lags=504 horizon=168 retrieval=raw_euclidean_3_online
2026-08-06 15:39:27,902 INFO [__main__] ========================================================================
2026-08-06 15:39:28,264 INFO [__main__] experiment start kind=ts_ifa variant=joint_ridge train_epochs=30000 rooter_epochs=10000
2026-08-06 15:39:33,407 INFO [__main__] payload scale split=T1 samples=135408 std_min=0.351 std_q001=0.681835 std_q01=5.1929 std_q05=22.9299 std_q10=40.942 std_median=187.009 below_1e-8=0 below_1e-6=0 below_1e-3=0
2026-08-06 15:39:33,417 INFO [__main__] payload scale split=T2 samples=33696 std_min=0.411241 std_q001=0.67151 std_q01=4.46421 std_q05=23.9296 std_q10=42.4786 std_median=180.785 below_1e-8=0 below_1e-6=0 below_1e-3=0
2026-08-06 15:39:33,420 INFO [__main__] payload scale split=T3 samples=12480 std_min=0.508119 std_q001=1.32202 std_q01=6.47204 std_q05=20.6262 std_q10=36.5714 std_median=184.723 below_1e-8=0 below_1e-6=0 below_1e-3=0
2026-08-06 15:39:46,420 INFO [__main__] stage progress stage=joint step=1000/30000 train_nmse=0.276870 t2_nmse=0.245593
2026-08-06 15:39:59,746 INFO [__main__] stage progress stage=joint step=2000/30000 train_nmse=0.286613 t2_nmse=0.245094
2026-08-06 15:40:11,963 INFO [__main__] stage progress stage=joint step=3000/30000 train_nmse=0.300086 t2_nmse=0.244590
2026-08-06 15:40:24,520 INFO [__main__] stage progress stage=joint step=4000/30000 train_nmse=0.265720 t2_nmse=0.244080
2026-08-06 15:40:36,960 INFO [__main__] stage progress stage=joint step=5000/30000 train_nmse=0.301524 t2_nmse=0.243406
2026-08-06 15:40:49,361 INFO [__main__] stage progress stage=joint step=6000/30000 train_nmse=0.279050 t2_nmse=0.243109
2026-08-06 15:41:01,715 INFO [__main__] stage progress stage=joint step=7000/30000 train_nmse=0.275967 t2_nmse=0.242602
2026-08-06 15:41:14,097 INFO [__main__] stage progress stage=joint step=8000/30000 train_nmse=0.293124 t2_nmse=0.242077
2026-08-06 15:41:26,290 INFO [__main__] stage progress stage=joint step=9000/30000 train_nmse=0.273201 t2_nmse=0.241690
2026-08-06 15:41:38,716 INFO [__main__] stage progress stage=joint step=10000/30000 train_nmse=0.268242 t2_nmse=0.241371
2026-08-06 15:41:51,170 INFO [__main__] stage progress stage=joint step=11000/30000 train_nmse=0.264233 t2_nmse=0.241173
2026-08-06 15:42:03,586 INFO [__main__] stage progress stage=joint step=12000/30000 train_nmse=0.275144 t2_nmse=0.241117
2026-08-06 15:42:15,736 INFO [__main__] stage progress stage=joint step=13000/30000 train_nmse=0.284352 t2_nmse=0.240993
2026-08-06 15:42:28,026 INFO [__main__] stage progress stage=joint step=14000/30000 train_nmse=0.249002 t2_nmse=0.240973
2026-08-06 15:42:40,288 INFO [__main__] stage progress stage=joint step=15000/30000 train_nmse=0.264219 t2_nmse=0.241018
2026-08-06 15:42:52,765 INFO [__main__] stage progress stage=joint step=16000/30000 train_nmse=0.252207 t2_nmse=0.240921
2026-08-06 15:43:05,014 INFO [__main__] stage progress stage=joint step=17000/30000 train_nmse=0.284685 t2_nmse=0.241019
2026-08-06 15:43:17,292 INFO [__main__] stage progress stage=joint step=18000/30000 train_nmse=0.240984 t2_nmse=0.240949
2026-08-06 15:43:29,460 INFO [__main__] stage progress stage=joint step=19000/30000 train_nmse=0.250812 t2_nmse=0.240990
2026-08-06 15:43:41,709 INFO [__main__] stage progress stage=joint step=20000/30000 train_nmse=0.255453 t2_nmse=0.240789
2026-08-06 15:43:53,953 INFO [__main__] stage progress stage=joint step=21000/30000 train_nmse=0.269349 t2_nmse=0.241345
2026-08-06 15:44:06,175 INFO [__main__] stage progress stage=joint step=22000/30000 train_nmse=0.258259 t2_nmse=0.240930
2026-08-06 15:44:18,276 INFO [__main__] stage progress stage=joint step=23000/30000 train_nmse=0.242940 t2_nmse=0.241329
2026-08-06 15:44:30,446 INFO [__main__] stage progress stage=joint step=24000/30000 train_nmse=0.269489 t2_nmse=0.241568
2026-08-06 15:44:42,561 INFO [__main__] stage progress stage=joint step=25000/30000 train_nmse=0.250494 t2_nmse=0.241745
2026-08-06 15:44:54,728 INFO [__main__] stage progress stage=joint step=26000/30000 train_nmse=0.257018 t2_nmse=0.242076
2026-08-06 15:45:06,866 INFO [__main__] stage progress stage=joint step=27000/30000 train_nmse=0.233649 t2_nmse=0.242124
2026-08-06 15:45:19,042 INFO [__main__] stage progress stage=joint step=28000/30000 train_nmse=0.240108 t2_nmse=0.242458
2026-08-06 15:45:31,171 INFO [__main__] stage progress stage=joint step=29000/30000 train_nmse=0.260668 t2_nmse=0.242817
2026-08-06 15:45:43,335 INFO [__main__] stage progress stage=joint step=30000/30000 train_nmse=0.253612 t2_nmse=0.242806
2026-08-06 15:45:45,375 INFO [__main__] outputs saved variant=joint_ridge dir=outputs/adaptation_results/ts_ifa_joint_ridge_raw_30k/Electricity/504_168/chronos2/raw_euclidean_3_online/ts_ifa/joint_ridge
2026-08-06 15:45:45,376 INFO [__main__] experiment done seconds=377.47
2026-08-06 15:45:45,376 INFO [__main__] ========================================================================
2026-08-06T15:45:46+02:00 training done variant=joint_ridge configuration=3/3

2026-08-06T15:45:46+02:00 job done kind=ts_ifa_training variant=joint_ridge output=outputs/adaptation_results/ts_ifa_joint_ridge_raw_30k
