
2026-07-30T23:08:16+02:00 job start kind=ts_ifa_training experiment_mode=test skip_complete=false tasks=1 datasets=Electricity models=chronos2 settings=168:24 distance_spaces=raw distance_metrics=euclidean neighbors=3 results_root=outputs/adaptation_results/test
2026-07-30 23:08:18,304 INFO [__main__] extraction validation directory=outputs/adaptation/Electricity/168_24/chronos2/raw_euclidean_3_online/extracted status=complete

2026-07-30T23:08:18+02:00 training start configuration=1/1 dataset=Electricity model=chronos2 lags=168 horizon=24 retrieval=raw_euclidean_3_online validation_fraction=0.2 branch_epochs=2 rooter_epochs=2 batch_size=256 branch_lr=0.00001 rooter_lr=0.00001 weight_decay=0.0001 vanilla_anchor=0.01 coefficient_l2=0.01 horizon_smoothness=0.01 ridge_rooter_alpha=0.01 dropout=0.0 attention_heads=4 attention_dim=32 hidden_dim=128 transformed_expert=false learnable_transformed_covariate=false transformed_hidden_dim=128 vanilla_anchoring_init=true seed=1
2026-07-30 23:08:21,121 INFO [__main__] ========================================================================
2026-07-30 23:08:21,417 INFO [__main__] experiment start kind=ts_ifa_train input=outputs/adaptation/Electricity/168_24/chronos2/raw_euclidean_3_online/extracted branch_epochs=2 rooter_epochs=2 batch_size=256
2026-07-30 23:08:24,306 INFO [__main__] payload load done t1_samples=32 t2_samples=32 t3_samples=6552
2026-07-30 23:08:24,307 INFO [__main__] payload scale split=T1 samples=32 std_min=1.63272 std_q001=1.66571 std_q01=1.96262 std_q05=6.12216 std_q10=14.9078 std_median=85.25 below_1e-8=0 below_1e-6=0 below_1e-3=0
2026-07-30 23:08:24,308 INFO [__main__] payload scale split=T2 samples=32 std_min=1.1749 std_q001=1.37136 std_q01=3.1395 std_q05=9.59955 std_q10=15.8393 std_median=78.7564 below_1e-8=0 below_1e-6=0 below_1e-3=0
2026-07-30 23:08:24,309 INFO [__main__] payload scale split=T3 samples=6552 std_min=0.436395 std_q001=0.583212 std_q01=4.84917 std_q05=20.285 std_q10=35.8583 std_median=181.321 below_1e-8=0 below_1e-6=0 below_1e-3=0
2026-07-30 23:08:24,677 INFO [__main__] model ready name=TS-IFA device=cuda parameters_total=846,912 branches=523,256 neural_rooter=323,656 ridge_rooter=96
2026-07-30 23:08:24,678 INFO [__main__] stage start stage=branches epochs=2 total_steps=2 valid_eval_freq=1 logging_eval_freq=1
2026-07-30 23:08:25,161 INFO [__main__] stage progress stage=branches step=1/2 train_interval_loss=0.478135 t2_focus_nmse=0.301919
2026-07-30 23:08:25,176 INFO [__main__] stage progress stage=branches step=2/2 train_interval_loss=0.436812 t2_focus_nmse=0.302022
2026-07-30 23:08:25,191 INFO [__main__] ridge rooter fit start split=T2 alpha=0.01
2026-07-30 23:08:25,747 INFO [__main__] stage start stage=rooter epochs=2 total_steps=2 valid_eval_freq=1 logging_eval_freq=1
2026-07-30 23:08:25,848 INFO [__main__] stage progress stage=rooter step=1/2 train_interval_loss=0.270390 t2_focus_nmse=0.301557
2026-07-30 23:08:25,861 INFO [__main__] stage progress stage=rooter step=2/2 train_interval_loss=0.297087 t2_focus_nmse=0.301310
2026-07-30 23:08:25,861 INFO [__main__] training done seconds=1.18
2026-07-30 23:08:25,862 INFO [__main__] evaluation start split=T3
2026-07-30 23:08:26,091 INFO [__main__] evaluation done neural_nmse=0.227993 ridge_nmse=0.293564 residual_nmse=0.227994 memory_nmse=0.227995 transformed_nmse=disabled
2026-07-30 23:08:27,249 INFO [__main__] outputs saved dir=outputs/adaptation_results/test/Electricity/168_24/chronos2/raw_euclidean_3_online/ts_ifa/TS-IFA
2026-07-30 23:08:27,249 INFO [__main__] experiment done seconds=6.13
2026-07-30 23:08:27,249 INFO [__main__] ========================================================================
2026-07-30T23:08:28+02:00 training done configuration=1/1 dataset=Electricity model=chronos2 lags=168 horizon=24 retrieval=raw_euclidean_3_online

2026-07-30T23:08:28+02:00 job done kind=ts_ifa_training output=outputs/adaptation_results/test
