
2026-08-05T11:06:11+02:00 job start kind=ts_ifa_training variant=joint_neural experiment_mode=full skip_complete=true tasks=6
2026-08-05 11:06:13,876 INFO [__main__] extraction validation directory=outputs/extractions/Electricity/168_24/chronos2/raw_euclidean_3_online/extracted status=complete

2026-08-05T11:06:14+02:00 training start variant=joint_neural configuration=1/6 dataset=Electricity model=chronos2 lags=168 horizon=24 retrieval=raw_euclidean_3_online
2026-08-05 11:06:16,664 INFO [__main__] ========================================================================
2026-08-05 11:06:16,985 INFO [__main__] experiment start kind=ts_ifa variant=joint_neural train_epochs=10000 rooter_epochs=10000
2026-08-05 11:06:20,025 INFO [__main__] payload scale split=T1 samples=136656 std_min=0.28843 std_q001=0.485621 std_q01=4.08462 std_q05=21.4344 std_q10=39.7766 std_median=184.362 below_1e-8=0 below_1e-6=0 below_1e-3=0
2026-08-05 11:06:20,032 INFO [__main__] payload scale split=T2 samples=34320 std_min=0.306533 std_q001=0.471405 std_q01=4.28871 std_q05=22.1471 std_q10=39.1245 std_median=177.6 below_1e-8=0 below_1e-6=0 below_1e-3=0
2026-08-05 11:06:20,035 INFO [__main__] payload scale split=T3 samples=12792 std_min=0.361678 std_q001=0.630142 std_q01=5.04926 std_q05=20.1042 std_q10=36.0183 std_median=181.613 below_1e-8=0 below_1e-6=0 below_1e-3=0
2026-08-05 11:06:34,410 INFO [__main__] stage progress stage=joint step=1000/10000 train_nmse=0.310262 t2_nmse=0.286148
2026-08-05 11:06:47,841 INFO [__main__] stage progress stage=joint step=2000/10000 train_nmse=0.335013 t2_nmse=0.284228
2026-08-05 11:07:01,144 INFO [__main__] stage progress stage=joint step=3000/10000 train_nmse=0.294399 t2_nmse=0.283503
2026-08-05 11:07:14,526 INFO [__main__] stage progress stage=joint step=4000/10000 train_nmse=0.283161 t2_nmse=0.282730
2026-08-05 11:07:27,701 INFO [__main__] stage progress stage=joint step=5000/10000 train_nmse=0.396692 t2_nmse=0.281897
2026-08-05 11:07:40,915 INFO [__main__] stage progress stage=joint step=6000/10000 train_nmse=0.253527 t2_nmse=0.281133
2026-08-05 11:07:54,029 INFO [__main__] stage progress stage=joint step=7000/10000 train_nmse=0.289830 t2_nmse=0.280307
2026-08-05 11:08:07,249 INFO [__main__] stage progress stage=joint step=8000/10000 train_nmse=0.254718 t2_nmse=0.279899
2026-08-05 11:08:20,287 INFO [__main__] stage progress stage=joint step=9000/10000 train_nmse=0.306031 t2_nmse=0.279500
2026-08-05 11:08:33,451 INFO [__main__] stage progress stage=joint step=10000/10000 train_nmse=0.309683 t2_nmse=0.279096
2026-08-05 11:08:34,804 INFO [__main__] outputs saved variant=joint_neural dir=outputs/adaptation_results/full/Electricity/168_24/chronos2/raw_euclidean_3_online/ts_ifa/joint_neural
2026-08-05 11:08:34,804 INFO [__main__] experiment done seconds=138.14
2026-08-05 11:08:34,804 INFO [__main__] ========================================================================
2026-08-05T11:08:35+02:00 training done variant=joint_neural configuration=1/6
2026-08-05 11:08:37,719 INFO [__main__] extraction validation directory=outputs/extractions/Electricity/168_24/chronos2/instance_euclidean_3_online/extracted status=complete

2026-08-05T11:08:38+02:00 training start variant=joint_neural configuration=2/6 dataset=Electricity model=chronos2 lags=168 horizon=24 retrieval=instance_euclidean_3_online
2026-08-05 11:08:40,329 INFO [__main__] ========================================================================
2026-08-05 11:08:40,702 INFO [__main__] experiment start kind=ts_ifa variant=joint_neural train_epochs=10000 rooter_epochs=10000
2026-08-05 11:08:43,684 INFO [__main__] payload scale split=T1 samples=136656 std_min=0.28843 std_q001=0.485621 std_q01=4.08462 std_q05=21.4344 std_q10=39.7766 std_median=184.362 below_1e-8=0 below_1e-6=0 below_1e-3=0
2026-08-05 11:08:43,691 INFO [__main__] payload scale split=T2 samples=34320 std_min=0.306533 std_q001=0.471405 std_q01=4.28871 std_q05=22.1471 std_q10=39.1245 std_median=177.6 below_1e-8=0 below_1e-6=0 below_1e-3=0
2026-08-05 11:08:43,693 INFO [__main__] payload scale split=T3 samples=12792 std_min=0.361678 std_q001=0.630142 std_q01=5.04926 std_q05=20.1042 std_q10=36.0183 std_median=181.613 below_1e-8=0 below_1e-6=0 below_1e-3=0
2026-08-05 11:08:57,788 INFO [__main__] stage progress stage=joint step=1000/10000 train_nmse=0.310261 t2_nmse=0.284684
2026-08-05 11:09:11,462 INFO [__main__] stage progress stage=joint step=2000/10000 train_nmse=0.334542 t2_nmse=0.282848
2026-08-05 11:09:24,892 INFO [__main__] stage progress stage=joint step=3000/10000 train_nmse=0.294197 t2_nmse=0.282049
2026-08-05 11:09:38,392 INFO [__main__] stage progress stage=joint step=4000/10000 train_nmse=0.282194 t2_nmse=0.281297
2026-08-05 11:09:51,801 INFO [__main__] stage progress stage=joint step=5000/10000 train_nmse=0.395104 t2_nmse=0.280433
2026-08-05 11:10:05,227 INFO [__main__] stage progress stage=joint step=6000/10000 train_nmse=0.252492 t2_nmse=0.279757
2026-08-05 11:10:18,514 INFO [__main__] stage progress stage=joint step=7000/10000 train_nmse=0.290002 t2_nmse=0.278959
2026-08-05 11:10:31,845 INFO [__main__] stage progress stage=joint step=8000/10000 train_nmse=0.253428 t2_nmse=0.278814
2026-08-05 11:10:45,027 INFO [__main__] stage progress stage=joint step=9000/10000 train_nmse=0.305011 t2_nmse=0.278154
2026-08-05 11:10:58,242 INFO [__main__] stage progress stage=joint step=10000/10000 train_nmse=0.309856 t2_nmse=0.278440
2026-08-05 11:10:59,522 INFO [__main__] outputs saved variant=joint_neural dir=outputs/adaptation_results/full/Electricity/168_24/chronos2/instance_euclidean_3_online/ts_ifa/joint_neural
2026-08-05 11:10:59,522 INFO [__main__] experiment done seconds=139.19
2026-08-05 11:10:59,522 INFO [__main__] ========================================================================
2026-08-05T11:11:00+02:00 training done variant=joint_neural configuration=2/6
2026-08-05 11:11:02,369 INFO [__main__] extraction validation directory=outputs/extractions/Electricity/336_48/chronos2/raw_euclidean_3_online/extracted status=complete

2026-08-05T11:11:02+02:00 training start variant=joint_neural configuration=3/6 dataset=Electricity model=chronos2 lags=336 horizon=48 retrieval=raw_euclidean_3_online
2026-08-05 11:11:04,978 INFO [__main__] ========================================================================
2026-08-05 11:11:05,252 INFO [__main__] experiment start kind=ts_ifa variant=joint_neural train_epochs=10000 rooter_epochs=10000
2026-08-05 11:11:08,949 INFO [__main__] payload scale split=T1 samples=136656 std_min=0.333426 std_q001=0.604608 std_q01=4.68589 std_q05=22.2151 std_q10=40.6165 std_median=185.89 below_1e-8=0 below_1e-6=0 below_1e-3=0
2026-08-05 11:11:08,957 INFO [__main__] payload scale split=T2 samples=34008 std_min=0.375413 std_q001=0.581196 std_q01=4.58251 std_q05=23.1815 std_q10=40.6876 std_median=179.161 below_1e-8=0 below_1e-6=0 below_1e-3=0
2026-08-05 11:11:08,960 INFO [__main__] payload scale split=T3 samples=12792 std_min=0.403962 std_q001=1.32202 std_q01=6.05807 std_q05=20.6529 std_q10=36.6447 std_median=183.341 below_1e-8=0 below_1e-6=0 below_1e-3=0
2026-08-05 11:11:23,164 INFO [__main__] stage progress stage=joint step=1000/10000 train_nmse=0.303628 t2_nmse=0.203497
2026-08-05 11:11:37,530 INFO [__main__] stage progress stage=joint step=2000/10000 train_nmse=0.295824 t2_nmse=0.202466
2026-08-05 11:11:51,117 INFO [__main__] stage progress stage=joint step=3000/10000 train_nmse=0.294217 t2_nmse=0.201549
2026-08-05 11:12:04,660 INFO [__main__] stage progress stage=joint step=4000/10000 train_nmse=0.344187 t2_nmse=0.200961
2026-08-05 11:12:18,154 INFO [__main__] stage progress stage=joint step=5000/10000 train_nmse=0.371271 t2_nmse=0.200583
2026-08-05 11:12:31,670 INFO [__main__] stage progress stage=joint step=6000/10000 train_nmse=0.310197 t2_nmse=0.200695
2026-08-05 11:12:45,278 INFO [__main__] stage progress stage=joint step=7000/10000 train_nmse=0.286286 t2_nmse=0.200880
2026-08-05 11:12:58,965 INFO [__main__] stage progress stage=joint step=8000/10000 train_nmse=0.291652 t2_nmse=0.200658
2026-08-05 11:13:12,562 INFO [__main__] stage progress stage=joint step=9000/10000 train_nmse=0.330692 t2_nmse=0.201750
2026-08-05 11:13:26,281 INFO [__main__] stage progress stage=joint step=10000/10000 train_nmse=0.268670 t2_nmse=0.202129
2026-08-05 11:13:27,563 INFO [__main__] outputs saved variant=joint_neural dir=outputs/adaptation_results/full/Electricity/336_48/chronos2/raw_euclidean_3_online/ts_ifa/joint_neural
2026-08-05 11:13:27,563 INFO [__main__] experiment done seconds=142.58
2026-08-05 11:13:27,563 INFO [__main__] ========================================================================
2026-08-05T11:13:28+02:00 training done variant=joint_neural configuration=3/6
2026-08-05 11:13:30,676 INFO [__main__] extraction validation directory=outputs/extractions/Electricity/336_48/chronos2/instance_euclidean_3_online/extracted status=complete

2026-08-05T11:13:30+02:00 training start variant=joint_neural configuration=4/6 dataset=Electricity model=chronos2 lags=336 horizon=48 retrieval=instance_euclidean_3_online
2026-08-05 11:13:33,479 INFO [__main__] ========================================================================
2026-08-05 11:13:33,756 INFO [__main__] experiment start kind=ts_ifa variant=joint_neural train_epochs=10000 rooter_epochs=10000
2026-08-05 11:13:36,924 INFO [__main__] payload scale split=T1 samples=136656 std_min=0.333426 std_q001=0.604608 std_q01=4.68589 std_q05=22.2151 std_q10=40.6165 std_median=185.89 below_1e-8=0 below_1e-6=0 below_1e-3=0
2026-08-05 11:13:36,932 INFO [__main__] payload scale split=T2 samples=34008 std_min=0.375413 std_q001=0.581196 std_q01=4.58251 std_q05=23.1815 std_q10=40.6876 std_median=179.161 below_1e-8=0 below_1e-6=0 below_1e-3=0
2026-08-05 11:13:36,935 INFO [__main__] payload scale split=T3 samples=12792 std_min=0.403962 std_q001=1.32202 std_q01=6.05807 std_q05=20.6529 std_q10=36.6447 std_median=183.341 below_1e-8=0 below_1e-6=0 below_1e-3=0
2026-08-05 11:13:51,513 INFO [__main__] stage progress stage=joint step=1000/10000 train_nmse=0.303254 t2_nmse=0.202937
2026-08-05 11:14:05,383 INFO [__main__] stage progress stage=joint step=2000/10000 train_nmse=0.295331 t2_nmse=0.201991
2026-08-05 11:14:19,299 INFO [__main__] stage progress stage=joint step=3000/10000 train_nmse=0.293383 t2_nmse=0.201236
2026-08-05 11:14:33,149 INFO [__main__] stage progress stage=joint step=4000/10000 train_nmse=0.344018 t2_nmse=0.200740
2026-08-05 11:14:46,864 INFO [__main__] stage progress stage=joint step=5000/10000 train_nmse=0.369189 t2_nmse=0.200524
2026-08-05 11:15:00,640 INFO [__main__] stage progress stage=joint step=6000/10000 train_nmse=0.311259 t2_nmse=0.200846
2026-08-05 11:15:14,444 INFO [__main__] stage progress stage=joint step=7000/10000 train_nmse=0.285191 t2_nmse=0.200937
2026-08-05 11:15:28,281 INFO [__main__] stage progress stage=joint step=8000/10000 train_nmse=0.290577 t2_nmse=0.201158
2026-08-05 11:15:42,022 INFO [__main__] stage progress stage=joint step=9000/10000 train_nmse=0.329794 t2_nmse=0.202097
2026-08-05 11:15:55,683 INFO [__main__] stage progress stage=joint step=10000/10000 train_nmse=0.270104 t2_nmse=0.202207
2026-08-05 11:15:57,009 INFO [__main__] outputs saved variant=joint_neural dir=outputs/adaptation_results/full/Electricity/336_48/chronos2/instance_euclidean_3_online/ts_ifa/joint_neural
2026-08-05 11:15:57,009 INFO [__main__] experiment done seconds=143.53
2026-08-05 11:15:57,009 INFO [__main__] ========================================================================
2026-08-05T11:15:57+02:00 training done variant=joint_neural configuration=4/6
2026-08-05 11:16:00,012 INFO [__main__] extraction validation directory=outputs/extractions/Electricity/504_168/chronos2/raw_euclidean_3_online/extracted status=complete

2026-08-05T11:16:00+02:00 training start variant=joint_neural configuration=5/6 dataset=Electricity model=chronos2 lags=504 horizon=168 retrieval=raw_euclidean_3_online
2026-08-05 11:16:02,711 INFO [__main__] ========================================================================
2026-08-05 11:16:02,978 INFO [__main__] experiment start kind=ts_ifa variant=joint_neural train_epochs=10000 rooter_epochs=10000
2026-08-05 11:16:08,025 INFO [__main__] payload scale split=T1 samples=135408 std_min=0.351 std_q001=0.681835 std_q01=5.1929 std_q05=22.9299 std_q10=40.942 std_median=187.009 below_1e-8=0 below_1e-6=0 below_1e-3=0
2026-08-05 11:16:08,034 INFO [__main__] payload scale split=T2 samples=33696 std_min=0.411241 std_q001=0.67151 std_q01=4.46421 std_q05=23.9296 std_q10=42.4786 std_median=180.785 below_1e-8=0 below_1e-6=0 below_1e-3=0
2026-08-05 11:16:08,038 INFO [__main__] payload scale split=T3 samples=12480 std_min=0.508119 std_q001=1.32202 std_q01=6.47204 std_q05=20.6262 std_q10=36.5714 std_median=184.723 below_1e-8=0 below_1e-6=0 below_1e-3=0
2026-08-05 11:16:23,263 INFO [__main__] stage progress stage=joint step=1000/10000 train_nmse=0.284804 t2_nmse=0.242054
2026-08-05 11:16:37,888 INFO [__main__] stage progress stage=joint step=2000/10000 train_nmse=0.291518 t2_nmse=0.239505
2026-08-05 11:16:52,591 INFO [__main__] stage progress stage=joint step=3000/10000 train_nmse=0.258135 t2_nmse=0.238320
2026-08-05 11:17:07,820 INFO [__main__] stage progress stage=joint step=4000/10000 train_nmse=0.290980 t2_nmse=0.238176
2026-08-05 11:17:22,443 INFO [__main__] stage progress stage=joint step=5000/10000 train_nmse=0.268872 t2_nmse=0.238731
2026-08-05 11:17:37,073 INFO [__main__] stage progress stage=joint step=6000/10000 train_nmse=0.262458 t2_nmse=0.240700
2026-08-05 11:17:51,598 INFO [__main__] stage progress stage=joint step=7000/10000 train_nmse=0.278753 t2_nmse=0.240957
2026-08-05 11:18:05,892 INFO [__main__] stage progress stage=joint step=8000/10000 train_nmse=0.256039 t2_nmse=0.242170
2026-08-05 11:18:20,236 INFO [__main__] stage progress stage=joint step=9000/10000 train_nmse=0.248927 t2_nmse=0.242451
2026-08-05 11:18:34,594 INFO [__main__] stage progress stage=joint step=10000/10000 train_nmse=0.240684 t2_nmse=0.243875
2026-08-05 11:18:36,326 INFO [__main__] outputs saved variant=joint_neural dir=outputs/adaptation_results/full/Electricity/504_168/chronos2/raw_euclidean_3_online/ts_ifa/joint_neural
2026-08-05 11:18:36,326 INFO [__main__] experiment done seconds=153.61
2026-08-05 11:18:36,326 INFO [__main__] ========================================================================
2026-08-05T11:18:37+02:00 training done variant=joint_neural configuration=5/6
2026-08-05 11:18:39,349 INFO [__main__] extraction validation directory=outputs/extractions/Electricity/504_168/chronos2/instance_euclidean_3_online/extracted status=complete

2026-08-05T11:18:39+02:00 training start variant=joint_neural configuration=6/6 dataset=Electricity model=chronos2 lags=504 horizon=168 retrieval=instance_euclidean_3_online
2026-08-05 11:18:42,050 INFO [__main__] ========================================================================
2026-08-05 11:18:42,339 INFO [__main__] experiment start kind=ts_ifa variant=joint_neural train_epochs=10000 rooter_epochs=10000
2026-08-05 11:18:47,431 INFO [__main__] payload scale split=T1 samples=135408 std_min=0.351 std_q001=0.681835 std_q01=5.1929 std_q05=22.9299 std_q10=40.942 std_median=187.009 below_1e-8=0 below_1e-6=0 below_1e-3=0
2026-08-05 11:18:47,441 INFO [__main__] payload scale split=T2 samples=33696 std_min=0.411241 std_q001=0.67151 std_q01=4.46421 std_q05=23.9296 std_q10=42.4786 std_median=180.785 below_1e-8=0 below_1e-6=0 below_1e-3=0
2026-08-05 11:18:47,444 INFO [__main__] payload scale split=T3 samples=12480 std_min=0.508119 std_q001=1.32202 std_q01=6.47204 std_q05=20.6262 std_q10=36.5714 std_median=184.723 below_1e-8=0 below_1e-6=0 below_1e-3=0
2026-08-05 11:19:03,134 INFO [__main__] stage progress stage=joint step=1000/10000 train_nmse=0.284655 t2_nmse=0.241247
2026-08-05 11:19:17,942 INFO [__main__] stage progress stage=joint step=2000/10000 train_nmse=0.291110 t2_nmse=0.239139
2026-08-05 11:19:32,709 INFO [__main__] stage progress stage=joint step=3000/10000 train_nmse=0.258027 t2_nmse=0.238457
2026-08-05 11:19:48,091 INFO [__main__] stage progress stage=joint step=4000/10000 train_nmse=0.290683 t2_nmse=0.238702
2026-08-05 11:20:02,825 INFO [__main__] stage progress stage=joint step=5000/10000 train_nmse=0.268929 t2_nmse=0.239295
2026-08-05 11:20:17,638 INFO [__main__] stage progress stage=joint step=6000/10000 train_nmse=0.262977 t2_nmse=0.240995
2026-08-05 11:20:32,881 INFO [__main__] stage progress stage=joint step=7000/10000 train_nmse=0.279681 t2_nmse=0.240703
2026-08-05 11:20:47,622 INFO [__main__] stage progress stage=joint step=8000/10000 train_nmse=0.257658 t2_nmse=0.240916
2026-08-05 11:21:02,258 INFO [__main__] stage progress stage=joint step=9000/10000 train_nmse=0.252206 t2_nmse=0.241794
2026-08-05 11:21:16,700 INFO [__main__] stage progress stage=joint step=10000/10000 train_nmse=0.243109 t2_nmse=0.243017
2026-08-05 11:21:18,398 INFO [__main__] outputs saved variant=joint_neural dir=outputs/adaptation_results/full/Electricity/504_168/chronos2/instance_euclidean_3_online/ts_ifa/joint_neural
2026-08-05 11:21:18,398 INFO [__main__] experiment done seconds=156.35
2026-08-05 11:21:18,398 INFO [__main__] ========================================================================
2026-08-05T11:21:19+02:00 training done variant=joint_neural configuration=6/6

2026-08-05T11:21:19+02:00 job done kind=ts_ifa_training variant=joint_neural output=outputs/adaptation_results/full
