2026-08-18 10:36:57,610 INFO [__main__] extraction validation directory=/home/h61084/codes/adapts/outputs/extraction/Electricity/504_168/chronos2/raw/euclidean/3/online/run_0 status=complete
2026-08-18T10:36:57+02:00 skip complete family=ts_ifa method=joint_ridge_shared_unconstrained_cov dataset=Electricity setting=504:168 retrieval=raw_euclidean_3_online run=/home/h61084/codes/adapts/outputs/adaptation/ts_ifa/Electricity/504_168/chronos2/joint_ridge/shared/unconstrained/cov/raw/euclidean/3/online/run_1
2026-08-18 10:37:01,193 INFO [__main__] extraction validation directory=/home/h61084/codes/adapts/outputs/extraction/Electricity/504_168/chronos2/raw/euclidean/3/online/run_0 status=complete
2026-08-18T10:37:01+02:00 skip complete family=ts_ifa method=joint_ridge_shared_unconstrained_residual dataset=Electricity setting=504:168 retrieval=raw_euclidean_3_online run=/home/h61084/codes/adapts/outputs/adaptation/ts_ifa/Electricity/504_168/chronos2/joint_ridge/shared/unconstrained/residual/raw/euclidean/3/online/run_1
2026-08-18 10:37:04,592 INFO [__main__] extraction validation directory=/home/h61084/codes/adapts/outputs/extraction/Electricity/504_168/chronos2/raw/euclidean/3/online/run_0 status=complete
2026-08-18T10:37:05+02:00 skip complete family=ts_ifa method=joint_ridge_shared_unconstrained_memory dataset=Electricity setting=504:168 retrieval=raw_euclidean_3_online run=/home/h61084/codes/adapts/outputs/adaptation/ts_ifa/Electricity/504_168/chronos2/joint_ridge/shared/unconstrained/memory/raw/euclidean/3/online/run_1
2026-08-18 10:37:07,723 INFO [__main__] extraction validation directory=/home/h61084/codes/adapts/outputs/extraction/Electricity/504_168/chronos2/raw/euclidean/3/online/run_0 status=complete
2026-08-18T10:37:08+02:00 skip complete family=ts_ifa method=joint_ridge_shared_unconstrained_full dataset=Electricity setting=504:168 retrieval=raw_euclidean_3_online run=/home/h61084/codes/adapts/outputs/adaptation/ts_ifa/Electricity/504_168/chronos2/joint_ridge/shared/unconstrained/full/raw/euclidean/3/online/run_1
2026-08-18 10:37:10,336 INFO [__main__] extraction validation directory=/home/h61084/codes/adapts/outputs/extraction/Electricity/504_168/chronos2/raw/euclidean/3/online/run_0 status=complete
2026-08-18T10:37:10+02:00 skip complete family=ts_ifa method=joint_ridge_shared_softmax_cov dataset=Electricity setting=504:168 retrieval=raw_euclidean_3_online run=/home/h61084/codes/adapts/outputs/adaptation/ts_ifa/Electricity/504_168/chronos2/joint_ridge/shared/softmax/cov/raw/euclidean/3/online/run_1
2026-08-18 10:37:13,010 INFO [__main__] extraction validation directory=/home/h61084/codes/adapts/outputs/extraction/Electricity/504_168/chronos2/raw/euclidean/3/online/run_0 status=complete
2026-08-18T10:37:13+02:00 skip complete family=ts_ifa method=joint_ridge_shared_softmax_residual dataset=Electricity setting=504:168 retrieval=raw_euclidean_3_online run=/home/h61084/codes/adapts/outputs/adaptation/ts_ifa/Electricity/504_168/chronos2/joint_ridge/shared/softmax/residual/raw/euclidean/3/online/run_1
2026-08-18 10:37:16,215 INFO [__main__] extraction validation directory=/home/h61084/codes/adapts/outputs/extraction/Electricity/504_168/chronos2/raw/euclidean/3/online/run_0 status=complete
2026-08-18T10:37:16+02:00 skip complete family=ts_ifa method=joint_ridge_shared_softmax_memory dataset=Electricity setting=504:168 retrieval=raw_euclidean_3_online run=/home/h61084/codes/adapts/outputs/adaptation/ts_ifa/Electricity/504_168/chronos2/joint_ridge/shared/softmax/memory/raw/euclidean/3/online/run_1
2026-08-18 10:37:18,979 INFO [__main__] extraction validation directory=/home/h61084/codes/adapts/outputs/extraction/Electricity/504_168/chronos2/raw/euclidean/3/online/run_0 status=complete
2026-08-18T10:37:19+02:00 skip complete family=ts_ifa method=joint_ridge_shared_softmax_full dataset=Electricity setting=504:168 retrieval=raw_euclidean_3_online run=/home/h61084/codes/adapts/outputs/adaptation/ts_ifa/Electricity/504_168/chronos2/joint_ridge/shared/softmax/full/raw/euclidean/3/online/run_1
2026-08-18 10:37:22,390 INFO [__main__] extraction validation directory=/home/h61084/codes/adapts/outputs/extraction/Electricity/504_168/chronos2/raw/euclidean/3/online/run_0 status=complete
2026-08-18T10:37:22+02:00 skip complete family=ts_ifa method=joint_ridge_horizon_unconstrained_cov dataset=Electricity setting=504:168 retrieval=raw_euclidean_3_online run=/home/h61084/codes/adapts/outputs/adaptation/ts_ifa/Electricity/504_168/chronos2/joint_ridge/horizon/unconstrained/cov/raw/euclidean/3/online/run_1
2026-08-18 10:37:25,617 INFO [__main__] extraction validation directory=/home/h61084/codes/adapts/outputs/extraction/Electricity/504_168/chronos2/raw/euclidean/3/online/run_0 status=complete
2026-08-18T10:37:26+02:00 skip complete family=ts_ifa method=joint_ridge_horizon_unconstrained_residual dataset=Electricity setting=504:168 retrieval=raw_euclidean_3_online run=/home/h61084/codes/adapts/outputs/adaptation/ts_ifa/Electricity/504_168/chronos2/joint_ridge/horizon/unconstrained/residual/raw/euclidean/3/online/run_1
2026-08-18 10:37:28,575 INFO [__main__] extraction validation directory=/home/h61084/codes/adapts/outputs/extraction/Electricity/504_168/chronos2/raw/euclidean/3/online/run_0 status=complete
2026-08-18T10:37:28+02:00 skip complete family=ts_ifa method=joint_ridge_horizon_unconstrained_memory dataset=Electricity setting=504:168 retrieval=raw_euclidean_3_online run=/home/h61084/codes/adapts/outputs/adaptation/ts_ifa/Electricity/504_168/chronos2/joint_ridge/horizon/unconstrained/memory/raw/euclidean/3/online/run_1
2026-08-18 10:37:31,490 INFO [__main__] extraction validation directory=/home/h61084/codes/adapts/outputs/extraction/Electricity/504_168/chronos2/raw/euclidean/3/online/run_0 status=complete
2026-08-18T10:37:31+02:00 skip complete family=ts_ifa method=joint_ridge_horizon_unconstrained_full dataset=Electricity setting=504:168 retrieval=raw_euclidean_3_online run=/home/h61084/codes/adapts/outputs/adaptation/ts_ifa/Electricity/504_168/chronos2/joint_ridge/horizon/unconstrained/full/raw/euclidean/3/online/run_1
2026-08-18 10:37:34,465 INFO [__main__] extraction validation directory=/home/h61084/codes/adapts/outputs/extraction/Electricity/504_168/chronos2/raw/euclidean/3/online/run_0 status=complete
2026-08-18T10:37:34+02:00 skip complete family=ts_ifa method=joint_ridge_horizon_softmax_cov dataset=Electricity setting=504:168 retrieval=raw_euclidean_3_online run=/home/h61084/codes/adapts/outputs/adaptation/ts_ifa/Electricity/504_168/chronos2/joint_ridge/horizon/softmax/cov/raw/euclidean/3/online/run_1
2026-08-18 10:37:37,276 INFO [__main__] extraction validation directory=/home/h61084/codes/adapts/outputs/extraction/Electricity/504_168/chronos2/raw/euclidean/3/online/run_0 status=complete
2026-08-18T10:37:37+02:00 skip complete family=ts_ifa method=joint_ridge_horizon_softmax_residual dataset=Electricity setting=504:168 retrieval=raw_euclidean_3_online run=/home/h61084/codes/adapts/outputs/adaptation/ts_ifa/Electricity/504_168/chronos2/joint_ridge/horizon/softmax/residual/raw/euclidean/3/online/run_1
2026-08-18 10:37:40,284 INFO [__main__] extraction validation directory=/home/h61084/codes/adapts/outputs/extraction/Electricity/504_168/chronos2/raw/euclidean/3/online/run_0 status=complete
2026-08-18T10:37:40+02:00 skip complete family=ts_ifa method=joint_ridge_horizon_softmax_memory dataset=Electricity setting=504:168 retrieval=raw_euclidean_3_online run=/home/h61084/codes/adapts/outputs/adaptation/ts_ifa/Electricity/504_168/chronos2/joint_ridge/horizon/softmax/memory/raw/euclidean/3/online/run_1
2026-08-18 10:37:43,086 INFO [__main__] extraction validation directory=/home/h61084/codes/adapts/outputs/extraction/Electricity/504_168/chronos2/raw/euclidean/3/online/run_0 status=complete
2026-08-18T10:37:43+02:00 skip complete family=ts_ifa method=joint_ridge_horizon_softmax_full dataset=Electricity setting=504:168 retrieval=raw_euclidean_3_online run=/home/h61084/codes/adapts/outputs/adaptation/ts_ifa/Electricity/504_168/chronos2/joint_ridge/horizon/softmax/full/raw/euclidean/3/online/run_1
2026-08-18 10:37:46,001 INFO [__main__] extraction validation directory=/home/h61084/codes/adapts/outputs/extraction/Electricity/504_168/chronos2/raw/euclidean/3/online/run_0 status=complete
2026-08-18T10:37:46+02:00 skip complete family=ts_ifa method=joint_neural_shared_unconstrained_cov dataset=Electricity setting=504:168 retrieval=raw_euclidean_3_online run=/home/h61084/codes/adapts/outputs/adaptation/ts_ifa/Electricity/504_168/chronos2/joint_neural/shared/unconstrained/cov/raw/euclidean/3/online/run_1
2026-08-18 10:37:48,752 INFO [__main__] extraction validation directory=/home/h61084/codes/adapts/outputs/extraction/Electricity/504_168/chronos2/raw/euclidean/3/online/run_0 status=complete
2026-08-18T10:37:49+02:00 skip complete family=ts_ifa method=joint_neural_shared_unconstrained_residual dataset=Electricity setting=504:168 retrieval=raw_euclidean_3_online run=/home/h61084/codes/adapts/outputs/adaptation/ts_ifa/Electricity/504_168/chronos2/joint_neural/shared/unconstrained/residual/raw/euclidean/3/online/run_0
2026-08-18 10:37:51,527 INFO [__main__] extraction validation directory=/home/h61084/codes/adapts/outputs/extraction/Electricity/504_168/chronos2/raw/euclidean/3/online/run_0 status=complete
2026-08-18T10:37:52+02:00 skip complete family=ts_ifa method=joint_neural_shared_unconstrained_memory dataset=Electricity setting=504:168 retrieval=raw_euclidean_3_online run=/home/h61084/codes/adapts/outputs/adaptation/ts_ifa/Electricity/504_168/chronos2/joint_neural/shared/unconstrained/memory/raw/euclidean/3/online/run_0
2026-08-18 10:37:54,383 INFO [__main__] extraction validation directory=/home/h61084/codes/adapts/outputs/extraction/Electricity/504_168/chronos2/raw/euclidean/3/online/run_0 status=complete
2026-08-18T10:37:54+02:00 skip complete family=ts_ifa method=joint_neural_shared_unconstrained_full dataset=Electricity setting=504:168 retrieval=raw_euclidean_3_online run=/home/h61084/codes/adapts/outputs/adaptation/ts_ifa/Electricity/504_168/chronos2/joint_neural/shared/unconstrained/full/raw/euclidean/3/online/run_0
2026-08-18 10:37:57,533 INFO [__main__] extraction validation directory=/home/h61084/codes/adapts/outputs/extraction/Electricity/504_168/chronos2/raw/euclidean/3/online/run_0 status=complete
2026-08-18T10:37:57+02:00 skip complete family=ts_ifa method=joint_neural_shared_softmax_cov dataset=Electricity setting=504:168 retrieval=raw_euclidean_3_online run=/home/h61084/codes/adapts/outputs/adaptation/ts_ifa/Electricity/504_168/chronos2/joint_neural/shared/softmax/cov/raw/euclidean/3/online/run_0
2026-08-18 10:38:00,252 INFO [__main__] extraction validation directory=/home/h61084/codes/adapts/outputs/extraction/Electricity/504_168/chronos2/raw/euclidean/3/online/run_0 status=complete
2026-08-18T10:38:00+02:00 skip complete family=ts_ifa method=joint_neural_shared_softmax_residual dataset=Electricity setting=504:168 retrieval=raw_euclidean_3_online run=/home/h61084/codes/adapts/outputs/adaptation/ts_ifa/Electricity/504_168/chronos2/joint_neural/shared/softmax/residual/raw/euclidean/3/online/run_0
2026-08-18 10:38:03,807 INFO [__main__] extraction validation directory=/home/h61084/codes/adapts/outputs/extraction/Electricity/504_168/chronos2/raw/euclidean/3/online/run_0 status=complete
2026-08-18T10:38:04+02:00 skip complete family=ts_ifa method=joint_neural_shared_softmax_memory dataset=Electricity setting=504:168 retrieval=raw_euclidean_3_online run=/home/h61084/codes/adapts/outputs/adaptation/ts_ifa/Electricity/504_168/chronos2/joint_neural/shared/softmax/memory/raw/euclidean/3/online/run_0
2026-08-18 10:38:06,562 INFO [__main__] extraction validation directory=/home/h61084/codes/adapts/outputs/extraction/Electricity/504_168/chronos2/raw/euclidean/3/online/run_0 status=complete
2026-08-18T10:38:06+02:00 skip complete family=ts_ifa method=joint_neural_shared_softmax_full dataset=Electricity setting=504:168 retrieval=raw_euclidean_3_online run=/home/h61084/codes/adapts/outputs/adaptation/ts_ifa/Electricity/504_168/chronos2/joint_neural/shared/softmax/full/raw/euclidean/3/online/run_0
2026-08-18 10:38:09,167 INFO [__main__] extraction validation directory=/home/h61084/codes/adapts/outputs/extraction/Electricity/504_168/chronos2/raw/euclidean/3/online/run_0 status=complete
2026-08-18T10:38:09+02:00 skip complete family=ts_ifa method=joint_neural_horizon_unconstrained_cov dataset=Electricity setting=504:168 retrieval=raw_euclidean_3_online run=/home/h61084/codes/adapts/outputs/adaptation/ts_ifa/Electricity/504_168/chronos2/joint_neural/horizon/unconstrained/cov/raw/euclidean/3/online/run_0
2026-08-18 10:38:11,886 INFO [__main__] extraction validation directory=/home/h61084/codes/adapts/outputs/extraction/Electricity/504_168/chronos2/raw/euclidean/3/online/run_0 status=complete
2026-08-18T10:38:12+02:00 skip complete family=ts_ifa method=joint_neural_horizon_unconstrained_residual dataset=Electricity setting=504:168 retrieval=raw_euclidean_3_online run=/home/h61084/codes/adapts/outputs/adaptation/ts_ifa/Electricity/504_168/chronos2/joint_neural/horizon/unconstrained/residual/raw/euclidean/3/online/run_0
2026-08-18 10:38:14,800 INFO [__main__] extraction validation directory=/home/h61084/codes/adapts/outputs/extraction/Electricity/504_168/chronos2/raw/euclidean/3/online/run_0 status=complete
2026-08-18T10:38:15+02:00 skip complete family=ts_ifa method=joint_neural_horizon_unconstrained_memory dataset=Electricity setting=504:168 retrieval=raw_euclidean_3_online run=/home/h61084/codes/adapts/outputs/adaptation/ts_ifa/Electricity/504_168/chronos2/joint_neural/horizon/unconstrained/memory/raw/euclidean/3/online/run_0
2026-08-18 10:38:17,431 INFO [__main__] extraction validation directory=/home/h61084/codes/adapts/outputs/extraction/Electricity/504_168/chronos2/raw/euclidean/3/online/run_0 status=complete
2026-08-18T10:38:17+02:00 skip complete family=ts_ifa method=joint_neural_horizon_unconstrained_full dataset=Electricity setting=504:168 retrieval=raw_euclidean_3_online run=/home/h61084/codes/adapts/outputs/adaptation/ts_ifa/Electricity/504_168/chronos2/joint_neural/horizon/unconstrained/full/raw/euclidean/3/online/run_0
2026-08-18 10:38:19,993 INFO [__main__] extraction validation directory=/home/h61084/codes/adapts/outputs/extraction/Electricity/504_168/chronos2/raw/euclidean/3/online/run_0 status=complete
2026-08-18T10:38:20+02:00 skip complete family=ts_ifa method=joint_neural_horizon_softmax_cov dataset=Electricity setting=504:168 retrieval=raw_euclidean_3_online run=/home/h61084/codes/adapts/outputs/adaptation/ts_ifa/Electricity/504_168/chronos2/joint_neural/horizon/softmax/cov/raw/euclidean/3/online/run_0
2026-08-18 10:38:22,827 INFO [__main__] extraction validation directory=/home/h61084/codes/adapts/outputs/extraction/Electricity/504_168/chronos2/raw/euclidean/3/online/run_0 status=complete
2026-08-18T10:38:23+02:00 skip complete family=ts_ifa method=joint_neural_horizon_softmax_residual dataset=Electricity setting=504:168 retrieval=raw_euclidean_3_online run=/home/h61084/codes/adapts/outputs/adaptation/ts_ifa/Electricity/504_168/chronos2/joint_neural/horizon/softmax/residual/raw/euclidean/3/online/run_0
2026-08-18 10:38:25,501 INFO [__main__] extraction validation directory=/home/h61084/codes/adapts/outputs/extraction/Electricity/504_168/chronos2/raw/euclidean/3/online/run_0 status=complete
2026-08-18T10:38:25+02:00 skip complete family=ts_ifa method=joint_neural_horizon_softmax_memory dataset=Electricity setting=504:168 retrieval=raw_euclidean_3_online run=/home/h61084/codes/adapts/outputs/adaptation/ts_ifa/Electricity/504_168/chronos2/joint_neural/horizon/softmax/memory/raw/euclidean/3/online/run_0
2026-08-18 10:38:28,090 INFO [__main__] extraction validation directory=/home/h61084/codes/adapts/outputs/extraction/Electricity/504_168/chronos2/raw/euclidean/3/online/run_0 status=complete
2026-08-18T10:38:28+02:00 skip complete family=ts_ifa method=joint_neural_horizon_softmax_full dataset=Electricity setting=504:168 retrieval=raw_euclidean_3_online run=/home/h61084/codes/adapts/outputs/adaptation/ts_ifa/Electricity/504_168/chronos2/joint_neural/horizon/softmax/full/raw/euclidean/3/online/run_0

2026-08-18T10:38:28+02:00 job done kind=ts_ifa_training family=ts_ifa experiment_mode=test tasks=32 output=outputs/adaptation/ts_ifa
