
2026-08-04T19:14:28+02:00 job start kind=ts_ifa_training variant=joint_ridge experiment_mode=full skip_complete=true tasks=3
2026-08-04 19:14:31,724 INFO [__main__] extraction validation directory=outputs/extractions/Electricity/168_24/chronos2/raw_euclidean_3_online/extracted status=complete

2026-08-04T19:14:32+02:00 training start variant=joint_ridge configuration=1/3 dataset=Electricity model=chronos2 lags=168 horizon=24 retrieval=raw_euclidean_3_online
2026-08-04 19:14:34,449 INFO [__main__] ========================================================================
2026-08-04 19:14:34,848 INFO [__main__] experiment start kind=ts_ifa variant=joint_ridge train_epochs=10000 rooter_epochs=10000
2026-08-04 19:14:42,174 INFO [__main__] payload scale split=T1 samples=136656 std_min=0.28843 std_q001=0.485621 std_q01=4.08462 std_q05=21.4344 std_q10=39.7766 std_median=184.362 below_1e-8=0 below_1e-6=0 below_1e-3=0
2026-08-04 19:14:42,182 INFO [__main__] payload scale split=T2 samples=34320 std_min=0.306533 std_q001=0.471405 std_q01=4.28871 std_q05=22.1471 std_q10=39.1245 std_median=177.6 below_1e-8=0 below_1e-6=0 below_1e-3=0
2026-08-04 19:14:42,184 INFO [__main__] payload scale split=T3 samples=12792 std_min=0.361678 std_q001=0.630142 std_q01=5.04926 std_q05=20.1042 std_q10=36.0183 std_median=181.613 below_1e-8=0 below_1e-6=0 below_1e-3=0
2026-08-04 19:14:54,224 INFO [__main__] stage progress stage=joint step=1000/10000 train_nmse=0.304619 t2_nmse=0.298673
2026-08-04 19:15:05,583 INFO [__main__] stage progress stage=joint step=2000/10000 train_nmse=0.313137 t2_nmse=0.298016
2026-08-04 19:15:16,735 INFO [__main__] stage progress stage=joint step=3000/10000 train_nmse=0.357081 t2_nmse=0.297285
2026-08-04 19:15:27,911 INFO [__main__] stage progress stage=joint step=4000/10000 train_nmse=0.296413 t2_nmse=0.296459
2026-08-04 19:15:39,137 INFO [__main__] stage progress stage=joint step=5000/10000 train_nmse=0.340820 t2_nmse=0.295540
2026-08-04 19:15:50,328 INFO [__main__] stage progress stage=joint step=6000/10000 train_nmse=0.341186 t2_nmse=0.294619
2026-08-04 19:16:01,394 INFO [__main__] stage progress stage=joint step=7000/10000 train_nmse=0.288166 t2_nmse=0.293601
2026-08-04 19:16:12,583 INFO [__main__] stage progress stage=joint step=8000/10000 train_nmse=0.273062 t2_nmse=0.292752
2026-08-04 19:16:23,611 INFO [__main__] stage progress stage=joint step=9000/10000 train_nmse=0.294090 t2_nmse=0.291879
2026-08-04 19:16:34,841 INFO [__main__] stage progress stage=joint step=10000/10000 train_nmse=0.349964 t2_nmse=0.290954
2026-08-04 19:16:36,503 INFO [__main__] outputs saved variant=joint_ridge dir=outputs/adaptation_results/full/Electricity/168_24/chronos2/raw_euclidean_3_online/ts_ifa/joint_ridge
2026-08-04 19:16:36,503 INFO [__main__] experiment done seconds=122.05
2026-08-04 19:16:36,503 INFO [__main__] ========================================================================
2026-08-04T19:16:37+02:00 training done variant=joint_ridge configuration=1/3
2026-08-04 19:16:39,765 INFO [__main__] extraction validation directory=outputs/extractions/Electricity/336_48/chronos2/raw_euclidean_3_online/extracted status=complete

2026-08-04T19:16:40+02:00 training start variant=joint_ridge configuration=2/3 dataset=Electricity model=chronos2 lags=336 horizon=48 retrieval=raw_euclidean_3_online
2026-08-04 19:16:42,467 INFO [__main__] ========================================================================
2026-08-04 19:16:42,832 INFO [__main__] experiment start kind=ts_ifa variant=joint_ridge train_epochs=10000 rooter_epochs=10000
2026-08-04 19:16:52,895 INFO [__main__] payload scale split=T1 samples=136656 std_min=0.333426 std_q001=0.604608 std_q01=4.68589 std_q05=22.2151 std_q10=40.6165 std_median=185.89 below_1e-8=0 below_1e-6=0 below_1e-3=0
2026-08-04 19:16:52,906 INFO [__main__] payload scale split=T2 samples=34008 std_min=0.375413 std_q001=0.581196 std_q01=4.58251 std_q05=23.1815 std_q10=40.6876 std_median=179.161 below_1e-8=0 below_1e-6=0 below_1e-3=0
2026-08-04 19:16:52,909 INFO [__main__] payload scale split=T3 samples=12792 std_min=0.403962 std_q001=1.32202 std_q01=6.05807 std_q05=20.6529 std_q10=36.6447 std_median=183.341 below_1e-8=0 below_1e-6=0 below_1e-3=0
2026-08-04 19:17:05,792 INFO [__main__] stage progress stage=joint step=1000/10000 train_nmse=0.324491 t2_nmse=0.204990
2026-08-04 19:17:17,818 INFO [__main__] stage progress stage=joint step=2000/10000 train_nmse=0.292600 t2_nmse=0.204868
2026-08-04 19:17:29,523 INFO [__main__] stage progress stage=joint step=3000/10000 train_nmse=0.297964 t2_nmse=0.204692
2026-08-04 19:17:41,259 INFO [__main__] stage progress stage=joint step=4000/10000 train_nmse=0.312685 t2_nmse=0.204466
2026-08-04 19:17:52,879 INFO [__main__] stage progress stage=joint step=5000/10000 train_nmse=0.375675 t2_nmse=0.204231
2026-08-04 19:18:04,423 INFO [__main__] stage progress stage=joint step=6000/10000 train_nmse=0.353428 t2_nmse=0.203971
2026-08-04 19:18:16,033 INFO [__main__] stage progress stage=joint step=7000/10000 train_nmse=0.328181 t2_nmse=0.203733
2026-08-04 19:18:27,483 INFO [__main__] stage progress stage=joint step=8000/10000 train_nmse=0.309479 t2_nmse=0.203539
2026-08-04 19:18:38,859 INFO [__main__] stage progress stage=joint step=9000/10000 train_nmse=0.316799 t2_nmse=0.203256
2026-08-04 19:18:50,363 INFO [__main__] stage progress stage=joint step=10000/10000 train_nmse=0.335563 t2_nmse=0.203064
2026-08-04 19:18:51,715 INFO [__main__] outputs saved variant=joint_ridge dir=outputs/adaptation_results/full/Electricity/336_48/chronos2/raw_euclidean_3_online/ts_ifa/joint_ridge
2026-08-04 19:18:51,715 INFO [__main__] experiment done seconds=129.25
2026-08-04 19:18:51,715 INFO [__main__] ========================================================================
2026-08-04T19:18:52+02:00 training done variant=joint_ridge configuration=2/3
2026-08-04 19:18:54,981 INFO [__main__] extraction validation directory=outputs/extractions/Electricity/504_168/chronos2/raw_euclidean_3_online/extracted status=complete

2026-08-04T19:18:55+02:00 training start variant=joint_ridge configuration=3/3 dataset=Electricity model=chronos2 lags=504 horizon=168 retrieval=raw_euclidean_3_online
2026-08-04 19:18:57,685 INFO [__main__] ========================================================================
2026-08-04 19:18:58,030 INFO [__main__] experiment start kind=ts_ifa variant=joint_ridge train_epochs=10000 rooter_epochs=10000
2026-08-04 19:19:15,881 INFO [__main__] payload scale split=T1 samples=135408 std_min=0.351 std_q001=0.681835 std_q01=5.1929 std_q05=22.9299 std_q10=40.942 std_median=187.009 below_1e-8=0 below_1e-6=0 below_1e-3=0
2026-08-04 19:19:15,972 INFO [__main__] payload scale split=T2 samples=33696 std_min=0.411241 std_q001=0.67151 std_q01=4.46421 std_q05=23.9296 std_q10=42.4786 std_median=180.785 below_1e-8=0 below_1e-6=0 below_1e-3=0
2026-08-04 19:19:15,976 INFO [__main__] payload scale split=T3 samples=12480 std_min=0.508119 std_q001=1.32202 std_q01=6.47204 std_q05=20.6262 std_q10=36.5714 std_median=184.723 below_1e-8=0 below_1e-6=0 below_1e-3=0
2026-08-04 19:19:29,206 INFO [__main__] stage progress stage=joint step=1000/10000 train_nmse=0.276870 t2_nmse=0.245593
2026-08-04 19:19:42,476 INFO [__main__] stage progress stage=joint step=2000/10000 train_nmse=0.286613 t2_nmse=0.245094
2026-08-04 19:19:54,956 INFO [__main__] stage progress stage=joint step=3000/10000 train_nmse=0.300086 t2_nmse=0.244590
2026-08-04 19:20:07,481 INFO [__main__] stage progress stage=joint step=4000/10000 train_nmse=0.265720 t2_nmse=0.244080
2026-08-04 19:20:20,025 INFO [__main__] stage progress stage=joint step=5000/10000 train_nmse=0.301524 t2_nmse=0.243406
2026-08-04 19:20:32,261 INFO [__main__] stage progress stage=joint step=6000/10000 train_nmse=0.279050 t2_nmse=0.243109
2026-08-04 19:20:44,592 INFO [__main__] stage progress stage=joint step=7000/10000 train_nmse=0.275967 t2_nmse=0.242602
2026-08-04 19:20:57,043 INFO [__main__] stage progress stage=joint step=8000/10000 train_nmse=0.293124 t2_nmse=0.242077
2026-08-04 19:21:09,221 INFO [__main__] stage progress stage=joint step=9000/10000 train_nmse=0.273201 t2_nmse=0.241690
2026-08-04 19:21:21,647 INFO [__main__] stage progress stage=joint step=10000/10000 train_nmse=0.268242 t2_nmse=0.241371
2026-08-04 19:21:23,434 INFO [__main__] outputs saved variant=joint_ridge dir=outputs/adaptation_results/full/Electricity/504_168/chronos2/raw_euclidean_3_online/ts_ifa/joint_ridge
2026-08-04 19:21:23,434 INFO [__main__] experiment done seconds=145.75
2026-08-04 19:21:23,434 INFO [__main__] ========================================================================
2026-08-04T19:21:24+02:00 training done variant=joint_ridge configuration=3/3

2026-08-04T19:21:24+02:00 job done kind=ts_ifa_training variant=joint_ridge output=outputs/adaptation_results/full
